03-24 21:50:24.138  1822  1822 E RichInputConnection: Unable to connect to the editor to retrieve text.
03-24 21:50:24.138  1822  1822 D RichInputConnection: Will try to retrieve text later.
03-24 21:50:24.139  1822  1822 E RichInputConnection: Unable to connect to the editor to retrieve text.
03-24 21:50:24.139  1822  1822 D RichInputConnection: Will try to retrieve text later.
03-24 21:50:24.139  1822  1822 E RichInputConnection: Unable to connect to the editor to retrieve text.
03-24 21:50:24.139  1822  1822 D RichInputConnection: Will try to retrieve text later.
03-24 21:50:24.141  1822  1822 E RichInputConnection: Unable to connect to the editor to retrieve text.
03-24 21:50:24.141  1822  1822 D RichInputConnection: Will try to retrieve text later.
03-24 21:50:24.142  1822  1822 E RichInputConnection: Unable to connect to the editor to retrieve text.
03-24 21:50:24.142  1822  1822 D RichInputConnection: Will try to retrieve text later.
03-24 21:50:24.142  1822  1822 E RichInputConnection: Unable to connect to the editor to retrieve text.
03-24 21:50:24.142  1822  1822 W RichInputConnection: Unable to connect to the editor. Setting caps mode without knowing text.
03-24 21:50:24.168  1822  1822 I LatinIME: Starting input. Cursor position = -1,-1
03-24 21:50:24.168  1822  1822 E RichInputConnection: Unable to connect to the editor to retrieve text.
03-24 21:50:24.168  1822  1822 D RichInputConnection: Will try to retrieve text later.
03-24 21:50:24.168  1822  1822 I InputAttributes: InputType.TYPE_NULL is specified
03-24 21:50:24.175  1822  1822 E RichInputConnection: Unable to connect to the editor to retrieve text.
03-24 21:50:24.175  1822  1822 W RichInputConnection: Unable to connect to the editor. Setting caps mode without knowing text.
03-24 21:50:24.183  1700  1757 I ActivityManager: START u0 {act=android.intent.action.MAIN cat=[android.intent.category.HOME] flg=0x10200000 cmp=com.google.android.apps.nexuslauncher/.NexusLauncherActivity (has extras)} from uid 1000 on display 0
03-24 21:50:24.185  1822  1822 E RichInputConnection: Unable to connect to the editor to retrieve text.
03-24 21:50:24.185  1822  1822 D RichInputConnection: Will try to retrieve text later.
03-24 21:50:24.186  1850  2111 D EGL_emulation: eglMakeCurrent: 0xb1b057e0: ver 3 0 (tinfo 0x9580e030)
03-24 21:50:24.187  1822  1822 E RichInputConnection: Unable to connect to the editor to retrieve text.
03-24 21:50:24.187  1822  1822 D RichInputConnection: Will try to retrieve text later.
03-24 21:50:24.191  1850  2111 D EGL_emulation: eglMakeCurrent: 0xb1b057e0: ver 3 0 (tinfo 0x9580e030)
03-24 21:50:24.194  1822  1822 E RichInputConnection: Unable to connect to the editor to retrieve text.
03-24 21:50:24.194  1822  1822 D RichInputConnection: Will try to retrieve text later.
03-24 21:50:24.200  1850  1850 I vol.Events: writeEvent touch_level_changed STREAM_RING 0
03-24 21:50:24.216  1700  3977 D ZenLog  : config: ringerModeInternal,ZenModeConfig[user=0,allowCalls=true,allowRepeatCallers=false,allowMessages=false,allowCallsFrom=contacts,allowMessagesFrom=contacts,allowReminders=true,allowEvents=true,allowWhenScreenOff=true,allowWhenScreenOn=true,automaticRules={90068a5e3c50480abe12adf23dc2c946=ZenRule[enabled=false,snoozing=false,name=Weeknight,zenMode=ZEN_MODE_ALARMS,conditionId=condition://android/schedule?days=1.2.3.4.5&start=22.0&end=7.0&exitAtAlarm=false,condition=Condition[id=condition://android/schedule?days=1.2.3.4.5&start=22.0&end=7.0&exitAtAlarm=false,summary=...,line1=...,line2=...,icon=0,state=STATE_FALSE,flags=2],component=ComponentInfo{android/com.android.server.notification.ScheduleConditionProvider},id=90068a5e3c50480abe12adf23dc2c946,creationTime=1553489291927,enabler=null], 0552376dfe8f4d5293f56ad02185f5fe=ZenRule[enabled=false,snoozing=false,name=Weekend,zenMode=ZEN_MODE_ALARMS,conditionId=condition://android/schedule?days=6.7&start=23.30&end=10.0&exitAtAlarm=false,condition=Condition[id=condition://android/schedule?days=6.7&start=23.30&end=10.0&exitAtAlarm=false,summary=...,line1=...,line2=...,icon=0,state=STATE_FALSE,flags=2],component=ComponentInfo{android/com.android.server.notification.ScheduleConditionProvider},id=0552376dfe8f4d5293f56ad02185f5fe,creationTime=1553489291927,enabler=null], 0fbdda0767d64a73abaf59122b09dbd1=ZenRule[enabled=false,snoozing=false,name=Event,zenMode=ZEN_MODE_ALARMS,conditionId=condition://android/event?userId=-10000&calendar=&reply=1,condition=Condition[id=condition://android/event?userId=-10000&calendar=&reply=1,summary=...,line1=...,line2=...,icon=0,state=STATE_FALSE,flags=2],component=ComponentInfo{android/com.android.server.notification.EventConditionProvider},id=0fbdda0767d64a73abaf59122b09dbd1,creationTime=1553489291927,enabler=null]},manualRule=ZenRule[enabled=true,snoozing=false,name=null,zenMode=ZEN_MODE_ALARMS,conditionId=null,condition=null,component=null,id=null,creationTime=0,enabler=null]],Diff[manualRule:insert]
03-24 21:50:24.216  1700  3977 D ZenLog  : set_ringer_mode_internal: AudioService.onSetStreamVolume,i:normal->silent,e:normal->silent
03-24 21:50:24.216  1850  2074 I vol.Events: writeEvent level_changed STREAM_SYSTEM 0
03-24 21:50:24.216  1850  2074 I vol.Events: writeEvent level_changed STREAM_RING 0
03-24 21:50:24.216  1850  2074 I vol.Events: writeEvent internal_ringer_mode_changed silent
03-24 21:50:24.216  1850  2074 I vol.Events: writeEvent mute_changed STREAM_RING true
03-24 21:50:24.217  1850  2074 I vol.Events: writeEvent mute_changed STREAM_SYSTEM true
03-24 21:50:24.217  1850  2074 I vol.Events: writeEvent external_ringer_mode_changed silent
03-24 21:50:24.220  1822  1822 I LatinIME: Starting input. Cursor position = -1,-1
03-24 21:50:24.221  1822  1822 E RichInputConnection: Unable to connect to the editor to retrieve text.
03-24 21:50:24.221  1822  1822 D RichInputConnection: Will try to retrieve text later.
03-24 21:50:24.221  1822  1822 I InputAttributes: InputType.TYPE_NULL is specified
03-24 21:50:24.226  1822  1822 E RichInputConnection: Unable to connect to the editor to retrieve text.
03-24 21:50:24.226  1822  1822 W RichInputConnection: Unable to connect to the editor. Setting caps mode without knowing text.
03-24 21:50:24.230  1700  1700 D ZenLog  : set_zen_mode: alarms,ringerModeInternal
03-24 21:50:24.231  1850  1850 I vol.Events: writeEvent touch_level_done STREAM_RING 0
03-24 21:50:24.233  1850  2074 I vol.Events: writeEvent zen_mode_changed alarms
03-24 21:50:24.234  1822  1822 E RichInputConnection: Unable to connect to the editor to retrieve text.
03-24 21:50:24.234  1822  1822 D RichInputConnection: Will try to retrieve text later.
03-24 21:50:24.234  1822  1822 E RichInputConnection: Unable to connect to the editor to retrieve text.
03-24 21:50:24.234  1822  1822 D RichInputConnection: Will try to retrieve text later.
03-24 21:50:24.235  1822  1822 E RichInputConnection: Unable to connect to the editor to retrieve text.
03-24 21:50:24.235  1822  1822 D RichInputConnection: Will try to retrieve text later.
03-24 21:50:24.235  1822  1822 E RichInputConnection: Unable to connect to the editor to retrieve text.
03-24 21:50:24.235  1822  1822 D RichInputConnection: Will try to retrieve text later.
03-24 21:50:24.236  1822  1822 E RichInputConnection: Unable to connect to the editor to retrieve text.
03-24 21:50:24.236  1822  1822 D RichInputConnection: Will try to retrieve text later.
03-24 21:50:24.236  1822  1822 E RichInputConnection: Unable to connect to the editor to retrieve text.
03-24 21:50:24.236  1822  1822 D RichInputConnection: Will try to retrieve text later.
03-24 21:50:24.236  1822  1822 E RichInputConnection: Unable to connect to the editor to retrieve text.
03-24 21:50:24.236  1822  1822 W RichInputConnection: Unable to connect to the editor. Setting caps mode without knowing text.
03-24 21:50:24.277  1850  2111 D EGL_emulation: eglMakeCurrent: 0xb1b057e0: ver 3 0 (tinfo 0x9580e030)
03-24 21:50:24.280  1989  2797 I OmtpVvmCarrierCfgHlpr: OmtpEvent:CONFIG_STATUS_SMS_TIME_OUT
03-24 21:50:24.280  1989  1989 I RetryPolicy: discarding deferred status: configuration_state=4
03-24 21:50:24.282  1822  1822 E RichInputConnection: Unable to connect to the editor to retrieve text.
03-24 21:50:24.282  1822  1822 W RichInputConnection: Unable to connect to the editor. Setting caps mode without knowing text.
03-24 21:50:24.283  1989  1989 D VvmTaskScheduler: No more tasks, stopping service if no task are added in 5000 millis
03-24 21:50:24.283  1989  1989 D VvmTaskScheduler: create task:com.android.phone.vvm.omtp.ActivationTask
03-24 21:50:24.283  1989  1989 D RetryPolicy: retry #2 for com.android.phone.vvm.omtp.ActivationTask@f2836ca queued, executing in 5000
03-24 21:50:24.285  1989  1989 D VvmTaskScheduler: minimal wait time:4999
03-24 21:50:24.292  1989  1989 D VvmTaskScheduler: minimal wait time:4991
03-24 21:50:24.296  1850  2111 D EGL_emulation: eglMakeCurrent: 0xb1b057e0: ver 3 0 (tinfo 0x9580e030)
03-24 21:50:24.299  1822  1822 E RichInputConnection: Unable to connect to the editor to retrieve text.
03-24 21:50:24.299  1822  1822 W RichInputConnection: Unable to connect to the editor. Setting caps mode without knowing text.
03-24 21:50:24.299  1822  1822 E RichInputConnection: Unable to connect to the editor to retrieve text.
03-24 21:50:24.299  1822  1822 W RichInputConnection: Unable to connect to the editor. Setting caps mode without knowing text.
03-24 21:50:24.305  1850  2111 D EGL_emulation: eglMakeCurrent: 0xb1b057e0: ver 3 0 (tinfo 0x9580e030)
03-24 21:50:24.309  1850  2111 D EGL_emulation: eglMakeCurrent: 0xb1b057e0: ver 3 0 (tinfo 0x9580e030)
03-24 21:50:24.318  1700  2413 I ActivityManager: START u0 {act=android.intent.action.CALL_BUTTON flg=0x10000000 cmp=com.google.android.dialer/com.google.android.apps.dialer.extensions.GoogleDialtactsActivity} from uid 10084 on display 0
03-24 21:50:24.342  1850  2111 D EGL_emulation: eglMakeCurrent: 0xb1b057e0: ver 3 0 (tinfo 0x9580e030)
03-24 21:50:24.345  5026  5052 I chatty  : uid=10084(com.esoxjem.movieguide) RxCachedThreadS expire 3 lines
03-24 21:50:24.347  5026  5046 I chatty  : uid=10084(com.esoxjem.movieguide) RxCachedThreadS expire 3 lines
03-24 21:50:24.348  1850  2111 D EGL_emulation: eglMakeCurrent: 0xb1b057e0: ver 3 0 (tinfo 0x9580e030)
03-24 21:50:24.366  5026  5052 I chatty  : uid=10084(com.esoxjem.movieguide) RxCachedThreadS expire 3 lines
03-24 21:50:24.372  5026  5031 I chatty  : uid=10084(com.esoxjem.movieguide) Jit thread pool expire 3 lines
03-24 21:50:24.410  1850  1850 I vol.Events: writeEvent dismiss_dialog touch_outside
03-24 21:50:24.411  1850  2074 I vol.Events: writeEvent active_stream_changed UNKNOWN_STREAM_-1
03-24 21:50:24.415  1822  1822 I LatinIME: Starting input. Cursor position = -1,-1
03-24 21:50:24.415  1822  1822 E RichInputConnection: Unable to connect to the editor to retrieve text.
03-24 21:50:24.415  1822  1822 D RichInputConnection: Will try to retrieve text later.
03-24 21:50:24.415  1822  1822 I InputAttributes: InputType.TYPE_NULL is specified
03-24 21:50:24.415  1822  1822 E RichInputConnection: Unable to connect to the editor to retrieve text.
03-24 21:50:24.415  1822  1822 W RichInputConnection: Unable to connect to the editor. Setting caps mode without knowing text.
03-24 21:50:24.434  1822  1822 E RichInputConnection: Unable to connect to the editor to retrieve text.
03-24 21:50:24.435  1822  1822 D RichInputConnection: Will try to retrieve text later.
03-24 21:50:24.435  1822  1822 E RichInputConnection: Unable to connect to the editor to retrieve text.
03-24 21:50:24.435  1822  1822 D RichInputConnection: Will try to retrieve text later.
03-24 21:50:24.435  1822  1822 E RichInputConnection: Unable to connect to the editor to retrieve text.
03-24 21:50:24.435  1822  1822 D RichInputConnection: Will try to retrieve text later.
03-24 21:50:24.435  1822  1822 E RichInputConnection: Unable to connect to the editor to retrieve text.
03-24 21:50:24.435  1822  1822 D RichInputConnection: Will try to retrieve text later.
03-24 21:50:24.435  1822  1822 E RichInputConnection: Unable to connect to the editor to retrieve text.
03-24 21:50:24.436  1822  1822 D RichInputConnection: Will try to retrieve text later.
03-24 21:50:24.436  1822  1822 E RichInputConnection: Unable to connect to the editor to retrieve text.
03-24 21:50:24.436  1822  1822 D RichInputConnection: Will try to retrieve text later.
03-24 21:50:24.436  1822  1822 E RichInputConnection: Unable to connect to the editor to retrieve text.
03-24 21:50:24.436  1822  1822 W RichInputConnection: Unable to connect to the editor. Setting caps mode without knowing text.
03-24 21:50:24.450  1700  3975 D MediaSessionService: Sending KeyEvent { action=ACTION_DOWN, keyCode=KEYCODE_MEDIA_RECORD, scanCode=0, metaState=0, flags=0x8, repeatCount=0, eventTime=153195, downTime=153195, deviceId=-1, source=0x101 } to com.google.android.music/Google Play Music (uid=0)
03-24 21:50:24.450  4272  4304 I MusicPlaybackService: onMediaButtonEvent: Intent { act=android.intent.action.MEDIA_BUTTON (has extras) }
03-24 21:50:24.450  4272  4304 V MediaButton: v1 ACTION_MEDIA_BUTTON: keycode=130, action=0
03-24 21:50:24.451  1700  3974 D MediaSessionService: Sending KeyEvent { action=ACTION_UP, keyCode=KEYCODE_MEDIA_RECORD, scanCode=0, metaState=0, flags=0x8, repeatCount=0, eventTime=153212, downTime=153212, deviceId=-1, source=0x101 } to com.google.android.music/Google Play Music (uid=0)
03-24 21:50:24.451  4272  4304 I MusicPlaybackService: onMediaButtonEvent: Intent { act=android.intent.action.MEDIA_BUTTON (has extras) }
03-24 21:50:24.451  4272  4304 V MediaButton: v1 ACTION_MEDIA_BUTTON: keycode=130, action=1
03-24 21:50:24.466  1822  1822 W InputMethodService: Window size has been changed. This may cause jankiness of resizing window: -1 -> -2
03-24 21:50:24.469  1700  2537 I ActivityManager: START u0 {act=android.intent.action.MAIN cat=[android.intent.category.LAUNCHER] flg=0x10200000 cmp=com.esoxjem.movieguide/.listing.MoviesListingActivity} from uid 2000 on display 0
03-24 21:50:24.473  1850  2111 D EGL_emulation: eglMakeCurrent: 0xb1b057e0: ver 3 0 (tinfo 0x9580e030)
03-24 21:50:24.478  1850  2111 D EGL_emulation: eglMakeCurrent: 0xb1b057e0: ver 3 0 (tinfo 0x9580e030)
03-24 21:50:24.482  1700  3979 D MediaSessionService: Sending KeyEvent { action=ACTION_DOWN, keyCode=KEYCODE_MEDIA_PAUSE, scanCode=0, metaState=0, flags=0x8, repeatCount=0, eventTime=153244, downTime=153244, deviceId=-1, source=0x101 } to com.google.android.music/Google Play Music (uid=0)
03-24 21:50:24.483  4272  4304 I MusicPlaybackService: onMediaButtonEvent: Intent { act=android.intent.action.MEDIA_BUTTON (has extras) }
03-24 21:50:24.483  4272  4304 V MediaButton: v1 ACTION_MEDIA_BUTTON: keycode=127, action=0
03-24 21:50:24.489  4272  4272 I MusicPlaybackService: onStartCommand com.android.music.musicservicecommand / pause
03-24 21:50:24.493  1822  4917 D EGL_emulation: eglMakeCurrent: 0xb1b05000: ver 3 0 (tinfo 0xb1b03db0)
03-24 21:50:24.498  4272  4272 I DevicePlayback: pause: transient=false, currentPos=-1
03-24 21:50:24.503  1700  1712 D MediaSessionService: Sending KeyEvent { action=ACTION_UP, keyCode=KEYCODE_MEDIA_PAUSE, scanCode=0, metaState=0, flags=0x8, repeatCount=0, eventTime=153245, downTime=153245, deviceId=-1, source=0x101 } to com.google.android.music/Google Play Music (uid=0)
03-24 21:50:24.507  4272  4304 I MusicPlaybackService: onMediaButtonEvent: Intent { act=android.intent.action.MEDIA_BUTTON (has extras) }
03-24 21:50:24.507  4272  4304 V MediaButton: v1 ACTION_MEDIA_BUTTON: keycode=127, action=1
03-24 21:50:24.514  1700  3974 I ActivityManager: START u0 {act=android.intent.action.CALL_BUTTON flg=0x10000000 cmp=com.google.android.dialer/com.google.android.apps.dialer.extensions.GoogleDialtactsActivity} from uid 10084 on display 0
03-24 21:50:24.520  1850  2111 D EGL_emulation: eglMakeCurrent: 0xb1b057e0: ver 3 0 (tinfo 0x9580e030)
03-24 21:50:24.526  1850  2111 D EGL_emulation: eglMakeCurrent: 0xb1b057e0: ver 3 0 (tinfo 0x9580e030)
03-24 21:50:24.530  1700  3970 I ActivityManager: START u0 {act=android.intent.action.MAIN cat=[android.intent.category.LAUNCHER] flg=0x10200000 cmp=com.esoxjem.movieguide/.listing.MoviesListingActivity} from uid 2000 on display 0
03-24 21:50:24.551  5026  5046 I chatty  : uid=10084(com.esoxjem.movieguide) RxCachedThreadS expire 2 lines
03-24 21:50:24.551  5026  5046 D OkHttp  : <-- HTTP FAILED: java.net.UnknownHostException: Unable to resolve host "api.themoviedb.org": No address associated with hostname
03-24 21:50:24.555  1822  1822 W InputMethodService: Window size has been changed. This may cause jankiness of resizing window: -1 -> -2
03-24 21:50:24.562  5026  5052 D OkHttp  : --> GET http://api.themoviedb.org/3/discover/movie?language=en&sort_by=popularity.desc&page=15&api_key=00042a6d8549506b772708ee4e4c9637
03-24 21:50:24.562  5026  5052 D OkHttp  : --> END GET
03-24 21:50:24.563  5026  5052 D OkHttp  : <-- HTTP FAILED: java.net.UnknownHostException: Unable to resolve host "api.themoviedb.org": No address associated with hostname
03-24 21:50:24.579  1822  1822 I LatinIME: Starting input. Cursor position = 0,0
03-24 21:50:24.617  1700  1711 D WindowManager: relayoutVisibleWindow: Window{f2c828a u0 InputMethod EXITING} mAnimatingExit=true, mRemoveOnExit=false, mDestroying=false
03-24 21:50:24.621  1850  2111 D EGL_emulation: eglMakeCurrent: 0xb1b057e0: ver 3 0 (tinfo 0x9580e030)
03-24 21:50:24.625  1850  2111 D EGL_emulation: eglMakeCurrent: 0xb1b057e0: ver 3 0 (tinfo 0x9580e030)
03-24 21:50:24.645  1700  3987 D MediaSessionService: Sending KeyEvent { action=ACTION_DOWN, keyCode=KEYCODE_MEDIA_REWIND, scanCode=0, metaState=0, flags=0x8, repeatCount=0, eventTime=153328, downTime=153328, deviceId=-1, source=0x101 } to com.google.android.music/Google Play Music (uid=0)
03-24 21:50:24.646  4272  4304 I MusicPlaybackService: onMediaButtonEvent: Intent { act=android.intent.action.MEDIA_BUTTON (has extras) }
03-24 21:50:24.646  4272  4304 V MediaButton: v1 ACTION_MEDIA_BUTTON: keycode=89, action=0
03-24 21:50:24.646  1700  3992 D MediaSessionService: Sending KeyEvent { action=ACTION_UP, keyCode=KEYCODE_MEDIA_REWIND, scanCode=0, metaState=0, flags=0x8, repeatCount=0, eventTime=153382, downTime=153382, deviceId=-1, source=0x101 } to com.google.android.music/Google Play Music (uid=0)
03-24 21:50:24.647  4272  4304 I MusicPlaybackService: onMediaButtonEvent: Intent { act=android.intent.action.MEDIA_BUTTON (has extras) }
03-24 21:50:24.647  4272  4304 V MediaButton: v1 ACTION_MEDIA_BUTTON: keycode=89, action=1
03-24 21:50:24.660  1822  4917 D EGL_emulation: eglMakeCurrent: 0xb1b05000: ver 3 0 (tinfo 0xb1b03db0)
03-24 21:50:24.684  1700  1757 I InputDispatcher: Dropped event because of pending overdue app switch.
03-24 21:50:24.684  1700  3974 W InputManager: Input event injection from pid 4853 failed.
03-24 21:50:24.696  5026  5026 W IInputConnectionWrapper: beginBatchEdit on inactive InputConnection
03-24 21:50:24.696  5026  5026 W IInputConnectionWrapper: commitText on inactive InputConnection
03-24 21:50:24.696  5026  5026 W IInputConnectionWrapper: getTextBeforeCursor on inactive InputConnection
03-24 21:50:24.704  5026  5026 W IInputConnectionWrapper: getTextAfterCursor on inactive InputConnection
03-24 21:50:24.709  5026  5026 W IInputConnectionWrapper: endBatchEdit on inactive InputConnection
03-24 21:50:24.709  5026  5026 W IInputConnectionWrapper: finishComposingText on inactive InputConnection
03-24 21:50:24.716  1822  1822 I LatinIME: Starting input. Cursor position = -1,-1
03-24 21:50:24.716  1822  1822 E RichInputConnection: Unable to connect to the editor to retrieve text.
03-24 21:50:24.716  1822  1822 D RichInputConnection: Will try to retrieve text later.
03-24 21:50:24.716  1822  1822 I InputAttributes: InputType.TYPE_NULL is specified
03-24 21:50:24.717  1822  1822 E RichInputConnection: Unable to connect to the editor to retrieve text.
03-24 21:50:24.717  1822  1822 W RichInputConnection: Unable to connect to the editor. Setting caps mode without knowing text.
03-24 21:50:24.721  1850  2111 D EGL_emulation: eglMakeCurrent: 0xb1b057e0: ver 3 0 (tinfo 0x9580e030)
03-24 21:50:24.731  1822  1822 E RichInputConnection: Unable to connect to the editor to retrieve text.
03-24 21:50:24.731  1822  1822 D RichInputConnection: Will try to retrieve text later.
03-24 21:50:24.765  1822  1822 I LatinIME: Starting input. Cursor position = -1,-1
03-24 21:50:24.765  1822  1822 E RichInputConnection: Unable to connect to the editor to retrieve text.
03-24 21:50:24.765  1822  1822 D RichInputConnection: Will try to retrieve text later.
03-24 21:50:24.765  1822  1822 I InputAttributes: InputType.TYPE_NULL is specified
03-24 21:50:24.766  1822  1822 E RichInputConnection: Unable to connect to the editor to retrieve text.
03-24 21:50:24.766  1822  1822 W RichInputConnection: Unable to connect to the editor. Setting caps mode without knowing text.
03-24 21:50:24.776  1822  1822 E RichInputConnection: Unable to connect to the editor to retrieve text.
03-24 21:50:24.776  1822  1822 D RichInputConnection: Will try to retrieve text later.
03-24 21:50:24.777  1822  1822 E RichInputConnection: Unable to connect to the editor to retrieve text.
03-24 21:50:24.777  1822  1822 D RichInputConnection: Will try to retrieve text later.
03-24 21:50:24.778  1822  1822 E RichInputConnection: Unable to connect to the editor to retrieve text.
03-24 21:50:24.778  1822  1822 D RichInputConnection: Will try to retrieve text later.
03-24 21:50:24.778  1822  1822 E RichInputConnection: Unable to connect to the editor to retrieve text.
03-24 21:50:24.778  1822  1822 D RichInputConnection: Will try to retrieve text later.
03-24 21:50:24.778  1822  1822 E RichInputConnection: Unable to connect to the editor to retrieve text.
03-24 21:50:24.778  1822  1822 D RichInputConnection: Will try to retrieve text later.
03-24 21:50:24.778  1822  1822 E RichInputConnection: Unable to connect to the editor to retrieve text.
03-24 21:50:24.778  1822  1822 D RichInputConnection: Will try to retrieve text later.
03-24 21:50:24.778  1822  1822 E RichInputConnection: Unable to connect to the editor to retrieve text.
03-24 21:50:24.778  1822  1822 W RichInputConnection: Unable to connect to the editor. Setting caps mode without knowing text.
03-24 21:50:24.795  1822  1822 I LatinIME: Starting input. Cursor position = 0,0
03-24 21:50:24.883  5026  5046 D OkHttp  : --> GET http://api.themoviedb.org/3/discover/movie?language=en&sort_by=popularity.desc&page=16&api_key=00042a6d8549506b772708ee4e4c9637
03-24 21:50:24.883  5026  5046 D OkHttp  : --> END GET
03-24 21:50:24.883  5026  5046 D OkHttp  : <-- HTTP FAILED: java.net.UnknownHostException: Unable to resolve host "api.themoviedb.org": No address associated with hostname
03-24 21:50:24.884  5026  5052 D OkHttp  : --> GET http://api.themoviedb.org/3/discover/movie?language=en&sort_by=popularity.desc&page=17&api_key=00042a6d8549506b772708ee4e4c9637
03-24 21:50:24.884  5026  5052 D OkHttp  : --> END GET
03-24 21:50:24.884  5026  5052 D OkHttp  : <-- HTTP FAILED: java.net.UnknownHostException: Unable to resolve host "api.themoviedb.org": No address associated with hostname
03-24 21:50:24.894  5026  5046 D OkHttp  : --> GET http://api.themoviedb.org/3/discover/movie?language=en&sort_by=popularity.desc&page=18&api_key=00042a6d8549506b772708ee4e4c9637
03-24 21:50:24.894  5026  5046 D OkHttp  : --> END GET
03-24 21:50:24.895  5026  5046 D OkHttp  : <-- HTTP FAILED: java.net.UnknownHostException: Unable to resolve host "api.themoviedb.org": No address associated with hostname
03-24 21:50:24.897  5026  5026 W IInputConnectionWrapper: finishComposingText on inactive InputConnection
03-24 21:50:24.901  1822  1822 I LatinIME: Starting input. Cursor position = -1,-1
03-24 21:50:24.901  1822  1822 E RichInputConnection: Unable to connect to the editor to retrieve text.
03-24 21:50:24.901  1822  1822 D RichInputConnection: Will try to retrieve text later.
03-24 21:50:24.901  1822  1822 I InputAttributes: InputType.TYPE_NULL is specified
03-24 21:50:24.902  1822  1822 E RichInputConnection: Unable to connect to the editor to retrieve text.
03-24 21:50:24.902  1822  1822 W RichInputConnection: Unable to connect to the editor. Setting caps mode without knowing text.
03-24 21:50:24.914  1822  1822 E RichInputConnection: Unable to connect to the editor to retrieve text.
03-24 21:50:24.914  1822  1822 D RichInputConnection: Will try to retrieve text later.
03-24 21:50:24.921  1822  1822 I LatinIME: Starting input. Cursor position = 1,1
03-24 21:50:25.008  5026  5026 W IInputConnectionWrapper: beginBatchEdit on inactive InputConnection
03-24 21:50:25.008  5026  5026 W IInputConnectionWrapper: commitText on inactive InputConnection
03-24 21:50:25.008  5026  5026 W IInputConnectionWrapper: getTextBeforeCursor on inactive InputConnection
03-24 21:50:25.009  5026  5026 W IInputConnectionWrapper: getTextAfterCursor on inactive InputConnection
03-24 21:50:25.009  5026  5026 W IInputConnectionWrapper: endBatchEdit on inactive InputConnection
03-24 21:50:25.011  5026  5026 W IInputConnectionWrapper: finishComposingText on inactive InputConnection
03-24 21:50:25.015  1822  1822 I LatinIME: Starting input. Cursor position = -1,-1
03-24 21:50:25.016  1822  1822 E RichInputConnection: Unable to connect to the editor to retrieve text.
03-24 21:50:25.016  1822  1822 D RichInputConnection: Will try to retrieve text later.
03-24 21:50:25.016  1822  1822 I InputAttributes: InputType.TYPE_NULL is specified
03-24 21:50:25.017  1822  1822 E RichInputConnection: Unable to connect to the editor to retrieve text.
03-24 21:50:25.017  1822  1822 W RichInputConnection: Unable to connect to the editor. Setting caps mode without knowing text.
03-24 21:50:25.031  1822  1822 E RichInputConnection: Unable to connect to the editor to retrieve text.
03-24 21:50:25.031  1822  1822 W RichInputConnection: Unable to connect to the editor. Setting caps mode without knowing text.
03-24 21:50:25.033  1822  1822 E RichInputConnection: Unable to connect to the editor to retrieve text.
03-24 21:50:25.033  1822  1822 D RichInputConnection: Will try to retrieve text later.
03-24 21:50:25.050  1822  1822 I LatinIME: Starting input. Cursor position = 0,0
03-24 21:50:25.055  5026  5052 D OkHttp  : --> GET http://api.themoviedb.org/3/discover/movie?language=en&sort_by=popularity.desc&page=19&api_key=00042a6d8549506b772708ee4e4c9637
03-24 21:50:25.055  5026  5052 D OkHttp  : --> END GET
03-24 21:50:25.056  5026  5046 D OkHttp  : --> GET http://api.themoviedb.org/3/discover/movie?language=en&sort_by=popularity.desc&page=20&api_key=00042a6d8549506b772708ee4e4c9637
03-24 21:50:25.056  5026  5046 D OkHttp  : --> END GET
03-24 21:50:25.056  5026  5046 D OkHttp  : <-- HTTP FAILED: java.net.UnknownHostException: Unable to resolve host "api.themoviedb.org": No address associated with hostname
03-24 21:50:25.057  5026  5052 D OkHttp  : <-- HTTP FAILED: java.net.UnknownHostException: Unable to resolve host "api.themoviedb.org": No address associated with hostname
03-24 21:50:25.062  5026  5046 D OkHttp  : --> GET http://api.themoviedb.org/3/discover/movie?language=en&sort_by=popularity.desc&page=21&api_key=00042a6d8549506b772708ee4e4c9637
03-24 21:50:25.062  5026  5046 D OkHttp  : --> END GET
03-24 21:50:25.063  5026  5046 D OkHttp  : <-- HTTP FAILED: java.net.UnknownHostException: Unable to resolve host "api.themoviedb.org": No address associated with hostname
03-24 21:50:25.068  5026  5052 D OkHttp  : --> GET http://api.themoviedb.org/3/discover/movie?language=en&sort_by=popularity.desc&page=22&api_key=00042a6d8549506b772708ee4e4c9637
03-24 21:50:25.068  5026  5052 D OkHttp  : --> END GET
03-24 21:50:25.068  5026  5052 D OkHttp  : <-- HTTP FAILED: java.net.UnknownHostException: Unable to resolve host "api.themoviedb.org": No address associated with hostname
03-24 21:50:25.073  5026  5046 D OkHttp  : --> GET http://api.themoviedb.org/3/discover/movie?language=en&sort_by=popularity.desc&page=23&api_key=00042a6d8549506b772708ee4e4c9637
03-24 21:50:25.073  5026  5046 D OkHttp  : --> END GET
03-24 21:50:25.078  5026  5046 D OkHttp  : <-- HTTP FAILED: java.net.UnknownHostException: Unable to resolve host "api.themoviedb.org": No address associated with hostname
03-24 21:50:25.161  5026  5026 W IInputConnectionWrapper: getTextBeforeCursor on inactive InputConnection
03-24 21:50:25.161  1822  1822 E RichInputConnection: Unable to connect to the editor to retrieve text.
03-24 21:50:25.161  1822  1822 D RichInputConnection: Will try to retrieve text later.
03-24 21:50:25.171  5026  5026 W IInputConnectionWrapper: getTextBeforeCursor on inactive InputConnection
03-24 21:50:25.172  1822  1822 E RichInputConnection: Unable to connect to the editor to retrieve text.
03-24 21:50:25.172  1822  1822 W RichInputConnection: Unable to connect to the editor. Setting caps mode without knowing text.
03-24 21:50:25.175  1700  2014 D MediaSessionService: Sending KeyEvent { action=ACTION_DOWN, keyCode=KEYCODE_MEDIA_PREVIOUS, scanCode=0, metaState=0, flags=0x8, repeatCount=0, eventTime=153917, downTime=153917, deviceId=-1, source=0x101 } to com.google.android.music/Google Play Music (uid=0)
03-24 21:50:25.179  1700  3977 D MediaSessionService: Sending KeyEvent { action=ACTION_UP, keyCode=KEYCODE_MEDIA_PREVIOUS, scanCode=0, metaState=0, flags=0x8, repeatCount=0, eventTime=153927, downTime=153927, deviceId=-1, source=0x101 } to com.google.android.music/Google Play Music (uid=0)
03-24 21:50:25.180  5026  5026 W IInputConnectionWrapper: finishComposingText on inactive InputConnection
03-24 21:50:25.182  4272  4304 I MusicPlaybackService: onMediaButtonEvent: Intent { act=android.intent.action.MEDIA_BUTTON (has extras) }
03-24 21:50:25.182  4272  4304 V MediaButton: v1 ACTION_MEDIA_BUTTON: keycode=88, action=0
03-24 21:50:25.187  1822  1822 I LatinIME: Starting input. Cursor position = -1,-1
03-24 21:50:25.188  1822  1822 E RichInputConnection: Unable to connect to the editor to retrieve text.
03-24 21:50:25.188  1822  1822 D RichInputConnection: Will try to retrieve text later.
03-24 21:50:25.188  1822  1822 I InputAttributes: InputType.TYPE_NULL is specified
03-24 21:50:25.192  1822  1822 E RichInputConnection: Unable to connect to the editor to retrieve text.
03-24 21:50:25.192  1822  1822 W RichInputConnection: Unable to connect to the editor. Setting caps mode without knowing text.
03-24 21:50:25.193  4272  4272 I MusicPlaybackService: onStartCommand com.android.music.musicservicecommand / previous
03-24 21:50:25.193  4272  4272 I DevicePlayback: prev: currentPos=-1, pendingMediaButtonSeekCount=-1
03-24 21:50:25.195  4272  4304 I MusicPlaybackService: onMediaButtonEvent: Intent { act=android.intent.action.MEDIA_BUTTON (has extras) }
03-24 21:50:25.196  4272  4304 V MediaButton: v1 ACTION_MEDIA_BUTTON: keycode=88, action=1
03-24 21:50:25.196  4272  4304 V DevicePlayback: apply pending media button seek events. count=-1
03-24 21:50:25.196  4272  4304 E DevicePlayback: No play queue
03-24 21:50:25.196  4272  4304 I DevicePlayback: stop: willPlay=true, currentPos=-1
03-24 21:50:25.198  1700  3985 I ActivityManager: Setting hasTopUi=true for pid=1850
03-24 21:50:25.199  1850  1850 D PhoneStatusBar: disable: < expand ICONS* alerts SYSTEM_INFO* back home recent clock search quick_settings >
03-24 21:50:25.206  1822  1822 E RichInputConnection: Unable to connect to the editor to retrieve text.
03-24 21:50:25.206  1822  1822 D RichInputConnection: Will try to retrieve text later.
03-24 21:50:25.208  1822  1822 E RichInputConnection: Unable to connect to the editor to retrieve text.
03-24 21:50:25.208  1822  1822 D RichInputConnection: Will try to retrieve text later.
03-24 21:50:25.208  1822  1822 E RichInputConnection: Unable to connect to the editor to retrieve text.
03-24 21:50:25.208  1822  1822 D RichInputConnection: Will try to retrieve text later.
03-24 21:50:25.209  1822  1822 E RichInputConnection: Unable to connect to the editor to retrieve text.
03-24 21:50:25.209  1822  1822 D RichInputConnection: Will try to retrieve text later.
03-24 21:50:25.209  1822  1822 E RichInputConnection: Unable to connect to the editor to retrieve text.
03-24 21:50:25.209  1822  1822 D RichInputConnection: Will try to retrieve text later.
03-24 21:50:25.209  1822  1822 E RichInputConnection: Unable to connect to the editor to retrieve text.
03-24 21:50:25.209  1822  1822 D RichInputConnection: Will try to retrieve text later.
03-24 21:50:25.209  1822  1822 E RichInputConnection: Unable to connect to the editor to retrieve text.
03-24 21:50:25.209  1822  1822 W RichInputConnection: Unable to connect to the editor. Setting caps mode without knowing text.
03-24 21:50:25.222  1850  2111 D EGL_emulation: eglMakeCurrent: 0xb1b057e0: ver 3 0 (tinfo 0x9580e030)
03-24 21:50:25.228  1700  3987 I ActivityManager: START u0 {flg=0x10800000 cmp=com.android.inputmethod.latin/.permissions.PermissionsActivity (has extras)} from uid 10053 on display 0
03-24 21:50:25.230  1850  2111 D EGL_emulation: eglMakeCurrent: 0xb1b057e0: ver 3 0 (tinfo 0x9580e030)
03-24 21:50:25.244  1822  1822 I LatinIME: Starting input. Cursor position = 1,1
03-24 21:50:25.247  1700  2485 W VibratorService: Tried to stop vibrating but there is no vibrator device.
03-24 21:50:25.263  1850  1850 W ViewRootImpl[StatusBar]: Cancelling event due to no window focus: KeyEvent { action=ACTION_UP, keyCode=KEYCODE_DPAD_CENTER, scanCode=0, metaState=0, flags=0x28, repeatCount=0, eventTime=153997, downTime=153997, deviceId=-1, source=0x101 }
03-24 21:50:25.263  1850  1850 W ViewRootImpl[StatusBar]: Cancelling event due to no window focus: KeyEvent { action=ACTION_UP, keyCode=KEYCODE_DPAD_CENTER, scanCode=0, metaState=0, flags=0x28, repeatCount=0, eventTime=153997, downTime=153997, deviceId=-1, source=0x101 }
03-24 21:50:25.263  1850  1850 W ViewRootImpl[StatusBar]: Cancelling event due to no window focus: KeyEvent { action=ACTION_UP, keyCode=KEYCODE_DPAD_CENTER, scanCode=0, metaState=0, flags=0x28, repeatCount=0, eventTime=153997, downTime=153997, deviceId=-1, source=0x101 }
03-24 21:50:25.263  1850  1850 W ViewRootImpl[StatusBar]: Cancelling event due to no window focus: KeyEvent { action=ACTION_UP, keyCode=KEYCODE_DPAD_CENTER, scanCode=0, metaState=0, flags=0x28, repeatCount=0, eventTime=153997, downTime=153997, deviceId=-1, source=0x101 }
03-24 21:50:25.263  1850  1850 W ViewRootImpl[StatusBar]: Cancelling event due to no window focus: KeyEvent { action=ACTION_UP, keyCode=KEYCODE_DPAD_CENTER, scanCode=0, metaState=0, flags=0x28, repeatCount=0, eventTime=153997, downTime=153997, deviceId=-1, source=0x101 }
03-24 21:50:25.263  1850  1850 W ViewRootImpl[StatusBar]: Cancelling event due to no window focus: KeyEvent { action=ACTION_UP, keyCode=KEYCODE_DPAD_CENTER, scanCode=0, metaState=0, flags=0x28, repeatCount=0, eventTime=153997, downTime=153997, deviceId=-1, source=0x101 }
03-24 21:50:25.263  1850  1850 W ViewRootImpl[StatusBar]: Cancelling event due to no window focus: KeyEvent { action=ACTION_UP, keyCode=KEYCODE_DPAD_CENTER, scanCode=0, metaState=0, flags=0x28, repeatCount=0, eventTime=153997, downTime=153997, deviceId=-1, source=0x101 }
03-24 21:50:25.263  1850  1850 W ViewRootImpl[StatusBar]: Cancelling event due to no window focus: KeyEvent { action=ACTION_UP, keyCode=KEYCODE_DPAD_CENTER, scanCode=0, metaState=0, flags=0x28, repeatCount=0, eventTime=153997, downTime=153997, deviceId=-1, source=0x101 }
03-24 21:50:25.263  1850  1850 W ViewRootImpl[StatusBar]: Cancelling event due to no window focus: KeyEvent { action=ACTION_UP, keyCode=KEYCODE_DPAD_CENTER, scanCode=0, metaState=0, flags=0x28, repeatCount=0, eventTime=153997, downTime=153997, deviceId=-1, source=0x101 }
03-24 21:50:25.284  5026  5026 W ViewRootImpl[MoviesListingActivity]: Dropping event due to no window focus: KeyEvent { action=ACTION_DOWN, keyCode=KEYCODE_DPAD_CENTER, scanCode=0, metaState=0, flags=0x8, repeatCount=0, eventTime=153995, downTime=153995, deviceId=-1, source=0x101 }
03-24 21:50:25.284  5026  5026 W ViewRootImpl[MoviesListingActivity]: Cancelling event due to no window focus: KeyEvent { action=ACTION_UP, keyCode=KEYCODE_DPAD_CENTER, scanCode=0, metaState=0, flags=0x28, repeatCount=0, eventTime=154025, downTime=153995, deviceId=-1, source=0x101 }
03-24 21:50:25.284  5026  5026 W ViewRootImpl[MoviesListingActivity]: Cancelling event due to no window focus: KeyEvent { action=ACTION_UP, keyCode=KEYCODE_DPAD_CENTER, scanCode=0, metaState=0, flags=0x28, repeatCount=0, eventTime=154025, downTime=153995, deviceId=-1, source=0x101 }
03-24 21:50:25.284  5026  5026 W ViewRootImpl[MoviesListingActivity]: Cancelling event due to no window focus: KeyEvent { action=ACTION_UP, keyCode=KEYCODE_DPAD_CENTER, scanCode=0, metaState=0, flags=0x28, repeatCount=0, eventTime=154025, downTime=153995, deviceId=-1, source=0x101 }
03-24 21:50:25.284  5026  5026 W ViewRootImpl[MoviesListingActivity]: Cancelling event due to no window focus: KeyEvent { action=ACTION_UP, keyCode=KEYCODE_DPAD_CENTER, scanCode=0, metaState=0, flags=0x28, repeatCount=0, eventTime=154025, downTime=153995, deviceId=-1, source=0x101 }
03-24 21:50:25.284  5026  5026 W ViewRootImpl[MoviesListingActivity]: Cancelling event due to no window focus: KeyEvent { action=ACTION_UP, keyCode=KEYCODE_DPAD_CENTER, scanCode=0, metaState=0, flags=0x28, repeatCount=0, eventTime=154025, downTime=153995, deviceId=-1, source=0x101 }
03-24 21:50:25.284  5026  5026 W ViewRootImpl[MoviesListingActivity]: Cancelling event due to no window focus: KeyEvent { action=ACTION_UP, keyCode=KEYCODE_DPAD_CENTER, scanCode=0, metaState=0, flags=0x28, repeatCount=0, eventTime=154025, downTime=153995, deviceId=-1, source=0x101 }
03-24 21:50:25.299  1700  3987 I ActivityManager: START u0 {act=android.intent.action.MAIN cat=[android.intent.category.LAUNCHER] flg=0x10200000 cmp=com.esoxjem.movieguide/.listing.MoviesListingActivity} from uid 2000 on display 0
03-24 21:50:25.309  1700  2485 D WifiService: setWifiEnabled: true pid=1850, uid=10028
03-24 21:50:25.312  1405  1697 D SoftapController: Softap fwReload - Ok
03-24 21:50:25.316  1405  1697 D CommandListener: Setting iface cfg
03-24 21:50:25.316  1405  1697 D CommandListener: Trying to bring down wlan0
03-24 21:50:25.316  1405  1697 D CommandListener: Clearing all IP addresses on wlan0
03-24 21:50:25.317  1700  1795 E WifiMonitor: killSupplicant p2pfalse init.svc.wpa_supplicant=unknown init.svc.p2p_supplicant=unknown
03-24 21:50:25.317  1700  1795 E wifi    : Can not initialize the vendor function pointer table
03-24 21:50:25.318  1700  1795 E WifiNative-HAL: Could not start hal
03-24 21:50:25.318  1700  1795 E WifiStateMachine: Failed to start HAL
03-24 21:50:25.345  5058  5058 I wpa_supplicant: Successfully initialized wpa_supplicant
03-24 21:50:25.347  5058  5058 I wpa_supplicant: rfkill: Cannot open RFKILL control device
03-24 21:50:25.351  5058  5058 I wpa_supplicant: nl80211: Could not re-add multicast membership for vendor events: -2 (No such file or directory)
03-24 21:50:25.355  5026  5052 D OkHttp  : --> GET http://api.themoviedb.org/3/search/movie?language=en-US&page=1&query=1&api_key=00042a6d8549506b772708ee4e4c9637
03-24 21:50:25.356  5026  5052 D OkHttp  : --> END GET
03-24 21:50:25.356  5026  5052 D OkHttp  : <-- HTTP FAILED: java.net.UnknownHostException: Unable to resolve host "api.themoviedb.org": No address associated with hostname
03-24 21:50:25.425  1700  1795 D WifiMonitor: startMonitoring(wlan0) with mConnected = false
03-24 21:50:25.460  5058  5058 E wpa_supplicant: global ctrl interface @android:wpa_wlan0 matches ctrl interface wlan0 - do not open per-interface ctrl interface
03-24 21:50:25.463  1700  1795 I WifiConnectivityManager: User band preference: 0
03-24 21:50:25.463  1700  1795 D WifiConfigManager: Loading config and enabling all networks 
03-24 21:50:25.466  1700  1795 W WifiNetworkHistory: Upgrading network 0 to android.uid.system:1000
03-24 21:50:25.466  1700  1795 D WifiConfigManager: loaded 0 passpoint configs
03-24 21:50:25.466  1700  1795 E IpConfigStore: Error parsing configuration: java.io.FileNotFoundException: /data/misc/wifi/ipconfig.txt (No such file or directory)
03-24 21:50:25.468  1700  1795 D WifiNative-HAL: Setting external_sim to 1
03-24 21:50:25.468  1700  1795 D WifiStateMachine: Setting OUI to DA-A1-19
03-24 21:50:25.468  1700  1795 D WifiCountryCode: Succeeded to set country code to: US
03-24 21:50:25.468  1700  1795 E WifiLogger: no ring buffers found
03-24 21:50:25.468  1700  1795 E WifiLogger: Failed to start packet fate monitoring
03-24 21:50:25.479  1700  1700 D RttService: SCAN_AVAILABLE : 3
03-24 21:50:25.479  1700  1797 I WifiScanningService: wifi driver loaded with scan capabilities: max buckets=16
03-24 21:50:25.479  1700  1798 D RttService: DefaultState got{ when=-1ms what=160512 target=com.android.internal.util.StateMachine$SmHandler }
03-24 21:50:25.479  1700  1795 I WifiConnectivityManager: Set WiFi enabled
03-24 21:50:25.479  1700  1795 I WifiConnectivityManager: scheduleWatchdogTimer
03-24 21:50:25.480  1700  1795 D WifiNative-HAL: Failing getSupportedFeatureset because HAL isn't started
03-24 21:50:25.480  1700  1717 E BatteryStatsService: no controller energy info supplied
03-24 21:50:25.480  1700  1717 E KernelCpuSpeedReader: Failed to read cpu-freq: /sys/devices/system/cpu/cpu0/cpufreq/stats/time_in_state (No such file or directory)
03-24 21:50:25.480  1700  1717 E KernelUidCpuTimeReader: Failed to read uid_cputime: /proc/uid_cputime/show_uid_stat (No such file or directory)
03-24 21:50:25.495  1989  1989 I PhoneApp: Turning radio off - airplane
03-24 21:50:25.497  2259  2713 W Settings: Setting airplane_mode_on has moved from android.provider.Settings.System to android.provider.Settings.Global, returning read-only value.
03-24 21:50:25.499  1700  1714 I ActivityManager: Start proc 5060:com.android.cellbroadcastreceiver/u0a4 for broadcast com.android.cellbroadcastreceiver/.CellBroadcastReceiver
03-24 21:50:25.499  1700  1700 D WifiService: resetting country code because Airplane mode is ON
03-24 21:50:25.500  5060  5060 W art     : Unexpected CPU variant for X86 using defaults: x86
03-24 21:50:25.502  1700  1700 D WifiService: resetting country code because Airplane mode is ON
03-24 21:50:25.514  1700  1795 D WifiNative-HAL: Failing getSupportedFeatureset because HAL isn't started
03-24 21:50:25.514  1700  1717 E BatteryStatsService: no controller energy info supplied
03-24 21:50:25.514  1700  1717 E KernelCpuSpeedReader: Failed to read cpu-freq: /sys/devices/system/cpu/cpu0/cpufreq/stats/time_in_state (No such file or directory)
03-24 21:50:25.514  1700  1717 E KernelUidCpuTimeReader: Failed to read uid_cputime: /proc/uid_cputime/show_uid_stat (No such file or directory)
03-24 21:50:25.515  1700  1795 I WifiConnectivityManager: Set WiFi disabled
03-24 21:50:25.516  2259  2713 W Settings: Setting airplane_mode_on has moved from android.provider.Settings.System to android.provider.Settings.Global, returning read-only value.
03-24 21:50:25.524  1700  1795 D WifiNative-HAL: stopRssiMonitoring, cmdId 0
03-24 21:50:25.524  1700  1700 D RttService: SCAN_AVAILABLE : 1
03-24 21:50:25.524  1700  1797 I WifiScanningService: wifi driver unloaded
03-24 21:50:25.524  1700  1797 W AlarmManager: Unrecognized alarm listener com.android.server.wifi.scanner.SupplicantWifiScannerImpl$2@8e9cb18
03-24 21:50:25.524  1700  1798 D RttService: EnabledState got{ when=0 what=160513 target=com.android.internal.util.StateMachine$SmHandler }
03-24 21:50:25.526  1700  1795 D WifiStateMachine: SupplicantStoppingState: stopSupplicant  init.svc.wpa_supplicant=unknown init.svc.p2p_supplicant=unknown
03-24 21:50:25.528  1700  1795 D WifiNative-HAL: Failing getSupportedFeatureset because HAL isn't started
03-24 21:50:25.528  1700  1717 E BatteryStatsService: no controller energy info supplied
03-24 21:50:25.528  1700  1717 E KernelCpuSpeedReader: Failed to read cpu-freq: /sys/devices/system/cpu/cpu0/cpufreq/stats/time_in_state (No such file or directory)
03-24 21:50:25.529  1700  1717 E KernelUidCpuTimeReader: Failed to read uid_cputime: /proc/uid_cputime/show_uid_stat (No such file or directory)
03-24 21:50:25.529  1700  1795 E WifiConnectivityManager: SingleScanListener onFailure: reason: -1 description: Scan was interrupted
03-24 21:50:25.534  1700  1795 D WifiNative-HAL: Failing getSupportedFeatureset because HAL isn't started
03-24 21:50:25.534  1700  1711 E BluetoothAdapter: Bluetooth binder is null
03-24 21:50:25.534  1700  1711 E BatteryStatsService: no controller energy info supplied
03-24 21:50:25.564  1700  1711 E KernelCpuSpeedReader: Failed to read cpu-freq: /sys/devices/system/cpu/cpu0/cpufreq/stats/time_in_state (No such file or directory)
03-24 21:50:25.565  1700  1711 E KernelUidCpuTimeReader: Failed to read uid_cputime: /proc/uid_cputime/show_uid_stat (No such file or directory)
03-24 21:50:25.565  1700  1711 E BatteryStatsService: modem info is invalid: ModemActivityInfo{ mTimestamp=0 mSleepTimeMs=0 mIdleTimeMs=0 mTxTimeMs[]=[0, 0, 0, 0, 0] mRxTimeMs=0 mEnergyUsed=0}
03-24 21:50:25.582  1700  1794 D WifiController: WifiController msg { when=0 what=155657 target=com.android.internal.util.StateMachine$SmHandler } deferred for 417ms
03-24 21:50:25.582  1989  1989 I PhoneApp: Turning radio on - airplane
03-24 21:50:25.584  2259  2713 W Settings: Setting airplane_mode_on has moved from android.provider.Settings.System to android.provider.Settings.Global, returning read-only value.
03-24 21:50:25.596  5058  5058 I wpa_supplicant: nl80211: deinit ifname=wlan0 disabled_11b_rates=0
03-24 21:50:25.630  1989  1989 D MccTable: updateMccMncConfiguration mccmnc='310260' fromServiceState=false
03-24 21:50:25.630  1989  1989 D MccTable: updateMccMncConfiguration defaultMccMnc=310260
03-24 21:50:25.630  1989  1989 D MccTable: updateMccMncConfiguration: mcc=310, mnc=260
03-24 21:50:25.630  1989  1989 D MccTable: updateMccMncConfiguration updateConfig config={1.0 310mcc260mnc ?localeList ?layoutDir ?swdp ?wdp ?hdp ?density ?lsize ?long ?orien ?uimode ?night ?touch ?keyb/?/? ?nav/?}
03-24 21:50:25.646  5060  5060 W System  : ClassLoader referenced unknown path: /system/priv-app/CellBroadcastReceiver/lib/x86
03-24 21:50:25.652  1989  1989 I MmsService: MmsConfigManager receiver action: android.intent.action.SIM_STATE_CHANGED
03-24 21:50:25.658  1989  1989 D MccTable: updateMccMncConfiguration mccmnc='310260' fromServiceState=false
03-24 21:50:25.659  1989  1989 D MccTable: updateMccMncConfiguration defaultMccMnc=310260
03-24 21:50:25.659  1989  1989 D MccTable: updateMccMncConfiguration: mcc=310, mnc=260
03-24 21:50:25.659  1989  1989 D MccTable: updateMccMncConfiguration updateConfig config={1.0 310mcc260mnc ?localeList ?layoutDir ?swdp ?wdp ?hdp ?density ?lsize ?long ?orien ?uimode ?night ?touch ?keyb/?/? ?nav/?}
03-24 21:50:25.666  1989  5081 I MmsService: MmsConfigManager loads in background mcc/mnc: 310/260
03-24 21:50:25.699  1700  1713 W GnssLocationProvider: Could not open GPS configuration file /etc/gps.conf
03-24 21:50:25.699  1700  1713 E GnssLocationProvider: no AGPS interface in set_agps_server
03-24 21:50:25.700  1700  1700 I GnssLocationProvider: WakeLock acquired by sendMessage(12, 0, null)
03-24 21:50:25.730  5060  5060 W CellBroadcastReceiver: onReceive() unexpected action android.intent.action.AIRPLANE_MODE
03-24 21:50:25.730  5060  5060 W CellBroadcastReceiver: onReceive() unexpected action android.intent.action.AIRPLANE_MODE
03-24 21:50:25.731  5060  5060 W CellBroadcastReceiver: onReceive() unexpected action android.intent.action.AIRPLANE_MODE
03-24 21:50:25.732  1700  2248 I ActivityManager: Killing 4442:com.google.android.apps.docs/u0a41 (adj 906): empty #17
03-24 21:50:25.738  1700  1713 W GnssLocationProvider: Could not open GPS configuration file /etc/gps.conf
03-24 21:50:25.738  1700  1713 E GnssLocationProvider: no AGPS interface in set_agps_server
03-24 21:50:25.739  1700  1713 I GnssLocationProvider: WakeLock released by handleMessage(12, 0, null)
03-24 21:50:25.742  1989  1989 I Telephony: PstnIncomingCallNotifier: Unregistering: Handler (com.android.internal.telephony.GsmCdmaPhone) {15425b0}
03-24 21:50:25.767  1700  2194 I Telecom : PhoneAccountRegistrar: [ComponentInfo{com.android.phone/com.android.services.telephony.TelephonyConnectionService}, [e2f7d48dd2b5ca523e7313cf4ba0f6ea830b6281], UserHandle{0}(icon: Icon(typ=BITMAP size=50x63) -> Icon(typ=BITMAP size=50x63))]: TSI.rPA@AHg
03-24 21:50:25.767  1700  2413 D WifiService: setWifiEnabled: true pid=1850, uid=10028
03-24 21:50:25.767  1700  1794 D WifiController: WifiController msg { when=0 what=155656 target=com.android.internal.util.StateMachine$SmHandler } deferred for 232ms
03-24 21:50:25.775  5058  5058 I wpa_supplicant: wlan0: CTRL-EVENT-TERMINATING 
03-24 21:50:25.779  1700  2194 I Telecom : : Sending phone-account registered intent as user: TSI.rPA@AHg
03-24 21:50:25.780  1989  1989 I Telephony: AccountEntry: Registered phoneAccount: [[ ] PhoneAccount: ComponentInfo{com.android.phone/com.android.services.telephony.TelephonyConnectionService}, [e2f7d48dd2b5ca523e7313cf4ba0f6ea830b6281], UserHandle{0} Capabilities: CallProvider MultiUser PlaceEmerg SimSub  Schemes: tel voicemail  Extras: null GroupId: [da39a3ee5e6b4b0d3255bfef95601890afd80709]] with handle: ComponentInfo{com.android.phone/com.android.services.telephony.TelephonyConnectionService}, [e2f7d48dd2b5ca523e7313cf4ba0f6ea830b6281], UserHandle{0}
03-24 21:50:25.780  1989  1989 I Telephony: PstnIncomingCallNotifier: Registering: Handler (com.android.internal.telephony.GsmCdmaPhone) {15425b0}
03-24 21:50:25.782  2259  2713 W Settings: Setting airplane_mode_on has moved from android.provider.Settings.System to android.provider.Settings.Global, returning read-only value.
