03-24 21:50:12.146  1700  2413 W InputManager: Input event injection from pid 4853 failed.
03-24 21:50:12.172  1700  1711 W InputMethodManagerService: Focus gain on non-focused client com.android.internal.view.IInputMethodClient$Stub$Proxy@a6e7a64 (uid=10084 pid=4865)
03-24 21:50:12.355  1700  2537 W InputMethodManagerService: Window already focused, ignoring focus gain of: com.android.internal.view.IInputMethodClient$Stub$Proxy@665a48e attribute=android.view.inputmethod.EditorInfo@53e84af, token = android.os.BinderProxy@7700451
03-24 21:50:12.841  1700  2399 I ActivityManager: START u0 {cmp=com.esoxjem.movieguide/.details.MovieDetailsActivity (has extras)} from uid 10084 on display 0
03-24 21:50:13.081  1700  3970 I ActivityManager: START u0 {act=android.intent.action.MAIN cat=[android.intent.category.LAUNCHER] flg=0x10200000 cmp=com.esoxjem.movieguide/.listing.MoviesListingActivity} from uid 2000 on display 0
03-24 21:50:13.111  1700  2194 D WindowManager: relayoutVisibleWindow: Window{2570f88 u0 com.esoxjem.movieguide/com.esoxjem.movieguide.listing.MoviesListingActivity EXITING} mAnimatingExit=true, mRemoveOnExit=false, mDestroying=false
03-24 21:50:13.172  1700  3520 I ActivityManager: START u0 {cmp=com.esoxjem.movieguide/.details.MovieDetailsActivity (has extras)} from uid 10084 on display 0
03-24 21:50:13.182  1700  3972 W InputMethodManagerService: Starting input on non-focused client com.android.internal.view.IInputMethodClient$Stub$Proxy@a6e7a64 (uid=10084 pid=4865)
03-24 21:50:13.363  1700  3979 I ActivityManager: START u0 {act=android.intent.action.MAIN cat=[android.intent.category.LAUNCHER] flg=0x10200000 cmp=com.esoxjem.movieguide/.listing.MoviesListingActivity} from uid 2000 on display 0
03-24 21:50:13.411  1700  3974 D WindowManager: relayoutVisibleWindow: Window{2570f88 u0 com.esoxjem.movieguide/com.esoxjem.movieguide.listing.MoviesListingActivity EXITING} mAnimatingExit=true, mRemoveOnExit=false, mDestroying=false
03-24 21:50:13.488  1700  3975 I ActivityManager: START u0 {cmp=com.esoxjem.movieguide/.details.MovieDetailsActivity (has extras)} from uid 10084 on display 0
03-24 21:50:13.814  1700  3983 W ActivityManager: Duplicate finish request for ActivityRecord{799ff4a u0 com.esoxjem.movieguide/.details.MovieDetailsActivity t10 f}
03-24 21:50:13.814  1700  3983 W ActivityManager: Duplicate finish request for ActivityRecord{66600bc u0 com.esoxjem.movieguide/.details.MovieDetailsActivity t10 f}
03-24 21:50:13.816  1700  1711 W ActivityManager: Duplicate finish request for ActivityRecord{a58cefa u0 com.esoxjem.movieguide/.details.MovieDetailsActivity t10 f}
03-24 21:50:13.816  1700  1711 W ActivityManager: Duplicate finish request for ActivityRecord{799ff4a u0 com.esoxjem.movieguide/.details.MovieDetailsActivity t10 f}
03-24 21:50:13.816  1700  1711 W ActivityManager: Duplicate finish request for ActivityRecord{66600bc u0 com.esoxjem.movieguide/.details.MovieDetailsActivity t10 f}
03-24 21:50:13.825  1700  3970 W InputManager: Input event injection from pid 4853 failed.
03-24 21:50:13.827  1700  2194 W InputManager: Input event injection from pid 4853 failed.
03-24 21:50:13.830  1700  2413 W InputManager: Input event injection from pid 4853 failed.
03-24 21:50:13.830  1700  1729 W InputManager: Input event injection from pid 4853 failed.
03-24 21:50:13.831  1700  1712 W InputManager: Input event injection from pid 4853 failed.
03-24 21:50:13.831  1700  3976 W InputManager: Input event injection from pid 4853 failed.
03-24 21:50:13.831  1700  3986 W InputManager: Input event injection from pid 4853 failed.
03-24 21:50:13.832  1700  3984 W InputManager: Input event injection from pid 4853 failed.
03-24 21:50:13.833  1700  3975 W InputManager: Input event injection from pid 4853 failed.
03-24 21:50:13.833  1700  3978 W InputManager: Input event injection from pid 4853 failed.
03-24 21:50:13.834  1700  2536 W InputManager: Input event injection from pid 4853 failed.
03-24 21:50:13.835  1700  2246 W InputManager: Input event injection from pid 4853 failed.
03-24 21:50:13.873  1700  3986 D WindowManager: relayoutVisibleWindow: Window{2570f88 u0 com.esoxjem.movieguide/com.esoxjem.movieguide.listing.MoviesListingActivity EXITING} mAnimatingExit=true, mRemoveOnExit=false, mDestroying=false
03-24 21:50:13.992  1700  3992 I ActivityManager: START u0 {cmp=com.esoxjem.movieguide/.details.MovieDetailsActivity (has extras)} from uid 10084 on display 0
03-24 21:50:14.229  1700  3994 W ActivityManager: Duplicate finish request for ActivityRecord{a58cefa u0 com.esoxjem.movieguide/.details.MovieDetailsActivity t10 f}
03-24 21:50:14.229  1700  3994 W ActivityManager: Duplicate finish request for ActivityRecord{799ff4a u0 com.esoxjem.movieguide/.details.MovieDetailsActivity t10 f}
03-24 21:50:14.229  1700  3994 W ActivityManager: Duplicate finish request for ActivityRecord{66600bc u0 com.esoxjem.movieguide/.details.MovieDetailsActivity t10 f}
03-24 21:50:14.231  1700  2194 W ActivityManager: Duplicate finish request for ActivityRecord{1e24995 u0 com.esoxjem.movieguide/.details.MovieDetailsActivity t10 f}
03-24 21:50:14.231  1700  2194 W ActivityManager: Duplicate finish request for ActivityRecord{a58cefa u0 com.esoxjem.movieguide/.details.MovieDetailsActivity t10 f}
03-24 21:50:14.231  1700  2194 W ActivityManager: Duplicate finish request for ActivityRecord{799ff4a u0 com.esoxjem.movieguide/.details.MovieDetailsActivity t10 f}
03-24 21:50:14.232  1700  2194 W ActivityManager: Duplicate finish request for ActivityRecord{66600bc u0 com.esoxjem.movieguide/.details.MovieDetailsActivity t10 f}
03-24 21:50:14.250  1700  2536 W InputManager: Input event injection from pid 4853 failed.
03-24 21:50:14.251  1700  2248 W InputManager: Input event injection from pid 4853 failed.
03-24 21:50:14.251  1700  2014 W InputManager: Input event injection from pid 4853 failed.
03-24 21:50:14.257  1700  3982 D WindowManager: relayoutVisibleWindow: Window{2570f88 u0 com.esoxjem.movieguide/com.esoxjem.movieguide.listing.MoviesListingActivity EXITING} mAnimatingExit=true, mRemoveOnExit=false, mDestroying=false
03-24 21:50:14.261  1700  2246 W InputManager: Input event injection from pid 4853 failed.
03-24 21:50:14.262  1700  2485 W InputManager: Input event injection from pid 4853 failed.
03-24 21:50:14.327  1700  3984 I ActivityManager: START u0 {cmp=com.esoxjem.movieguide/.details.MovieDetailsActivity (has extras)} from uid 10084 on display 0
03-24 21:50:14.580  1700  3978 W ActivityManager: Duplicate finish request for ActivityRecord{1e24995 u0 com.esoxjem.movieguide/.details.MovieDetailsActivity t10 f}
03-24 21:50:14.580  1700  3978 W ActivityManager: Duplicate finish request for ActivityRecord{a58cefa u0 com.esoxjem.movieguide/.details.MovieDetailsActivity t10 f}
03-24 21:50:14.580  1700  3978 W ActivityManager: Duplicate finish request for ActivityRecord{799ff4a u0 com.esoxjem.movieguide/.details.MovieDetailsActivity t10 f}
03-24 21:50:14.580  1700  3978 W ActivityManager: Duplicate finish request for ActivityRecord{66600bc u0 com.esoxjem.movieguide/.details.MovieDetailsActivity t10 f}
03-24 21:50:14.582  1700  3977 W ActivityManager: Duplicate finish request for ActivityRecord{de8c97c u0 com.esoxjem.movieguide/.details.MovieDetailsActivity t10 f}
03-24 21:50:14.582  1700  3977 W ActivityManager: Duplicate finish request for ActivityRecord{1e24995 u0 com.esoxjem.movieguide/.details.MovieDetailsActivity t10 f}
03-24 21:50:14.582  1700  3977 W ActivityManager: Duplicate finish request for ActivityRecord{a58cefa u0 com.esoxjem.movieguide/.details.MovieDetailsActivity t10 f}
03-24 21:50:14.582  1700  3977 W ActivityManager: Duplicate finish request for ActivityRecord{799ff4a u0 com.esoxjem.movieguide/.details.MovieDetailsActivity t10 f}
03-24 21:50:14.582  1700  3977 W ActivityManager: Duplicate finish request for ActivityRecord{66600bc u0 com.esoxjem.movieguide/.details.MovieDetailsActivity t10 f}
03-24 21:50:14.598  1700  3986 W InputManager: Input event injection from pid 4853 failed.
03-24 21:50:14.599  1700  3970 W InputManager: Input event injection from pid 4853 failed.
03-24 21:50:14.622  1700  3978 D WindowManager: relayoutVisibleWindow: Window{2570f88 u0 com.esoxjem.movieguide/com.esoxjem.movieguide.listing.MoviesListingActivity EXITING} mAnimatingExit=true, mRemoveOnExit=false, mDestroying=false
03-24 21:50:14.738  1700  3992 I ActivityManager: START u0 {cmp=com.esoxjem.movieguide/.details.MovieDetailsActivity (has extras)} from uid 10084 on display 0
03-24 21:50:15.008  1700  3975 I ActivityManager: START u0 {act=android.intent.action.MAIN cat=[android.intent.category.LAUNCHER] flg=0x10200000 cmp=com.esoxjem.movieguide/.listing.MoviesListingActivity} from uid 2000 on display 0
03-24 21:50:15.014  1700  2537 W InputManager: Input event injection from pid 4853 failed.
03-24 21:50:15.015  1700  3983 W InputManager: Input event injection from pid 4853 failed.
03-24 21:50:15.016  1700  3979 W InputManager: Input event injection from pid 4853 failed.
03-24 21:50:15.017  1700  3992 W InputManager: Input event injection from pid 4853 failed.
03-24 21:50:15.018  1700  3994 W InputManager: Input event injection from pid 4853 failed.
03-24 21:50:15.018  1700  3986 W InputManager: Input event injection from pid 4853 failed.
03-24 21:50:15.021  1700  3970 W InputManager: Input event injection from pid 4853 failed.
03-24 21:50:15.023  1700  2194 W InputManager: Input event injection from pid 4853 failed.
03-24 21:50:15.023  1700  3991 W InputMethodManagerService: Starting input on non-focused client com.android.internal.view.IInputMethodClient$Stub$Proxy@a6e7a64 (uid=10084 pid=4865)
03-24 21:50:15.024  1700  3985 W InputManager: Input event injection from pid 4853 failed.
03-24 21:50:15.025  1700  2413 W InputManager: Input event injection from pid 4853 failed.
03-24 21:50:15.025  1700  2399 W InputManager: Input event injection from pid 4853 failed.
03-24 21:50:15.026  1700  3976 W InputManager: Input event injection from pid 4853 failed.
03-24 21:50:15.027  1700  1712 W InputManager: Input event injection from pid 4853 failed.
03-24 21:50:15.060  1700  3977 D WindowManager: relayoutVisibleWindow: Window{2570f88 u0 com.esoxjem.movieguide/com.esoxjem.movieguide.listing.MoviesListingActivity EXITING} mAnimatingExit=true, mRemoveOnExit=false, mDestroying=false
03-24 21:50:15.081  4865  4865 I chatty  : uid=10084(com.esoxjem.movieguide) expire 185 lines
03-24 21:50:15.157  1700  2413 I ActivityManager: START u0 {cmp=com.esoxjem.movieguide/.details.MovieDetailsActivity (has extras)} from uid 10084 on display 0
03-24 21:50:15.267  1700  1757 I ActivityManager: START u0 {act=android.intent.action.MAIN cat=[android.intent.category.HOME] flg=0x10200000 cmp=com.google.android.apps.nexuslauncher/.NexusLauncherActivity (has extras)} from uid 1000 on display 0
03-24 21:50:15.333  1700  3979 I ActivityManager: Setting hasTopUi=true for pid=1850
03-24 21:50:15.386  1700  3987 W ActivityManager: Duplicate finish request for ActivityRecord{965db5f u0 com.esoxjem.movieguide/.details.MovieDetailsActivity t10 f}
03-24 21:50:15.386  1700  3987 W ActivityManager: Duplicate finish request for ActivityRecord{de8c97c u0 com.esoxjem.movieguide/.details.MovieDetailsActivity t10 f}
03-24 21:50:15.386  1700  3987 W ActivityManager: Duplicate finish request for ActivityRecord{1e24995 u0 com.esoxjem.movieguide/.details.MovieDetailsActivity t10 f}
03-24 21:50:15.386  1700  3987 W ActivityManager: Duplicate finish request for ActivityRecord{a58cefa u0 com.esoxjem.movieguide/.details.MovieDetailsActivity t10 f}
03-24 21:50:15.386  1700  3987 W ActivityManager: Duplicate finish request for ActivityRecord{799ff4a u0 com.esoxjem.movieguide/.details.MovieDetailsActivity t10 f}
03-24 21:50:15.386  1700  3987 W ActivityManager: Duplicate finish request for ActivityRecord{66600bc u0 com.esoxjem.movieguide/.details.MovieDetailsActivity t10 f}
03-24 21:50:15.387  1700  3987 W ActivityManager: Duplicate finish request for ActivityRecord{9625a4f u0 com.esoxjem.movieguide/.details.MovieDetailsActivity t10 f}
03-24 21:50:15.388  1700  3987 W ActivityManager: Duplicate finish request for ActivityRecord{965db5f u0 com.esoxjem.movieguide/.details.MovieDetailsActivity t10 f}
03-24 21:50:15.388  1700  3987 W ActivityManager: Duplicate finish request for ActivityRecord{de8c97c u0 com.esoxjem.movieguide/.details.MovieDetailsActivity t10 f}
03-24 21:50:15.388  1700  3987 W ActivityManager: Duplicate finish request for ActivityRecord{1e24995 u0 com.esoxjem.movieguide/.details.MovieDetailsActivity t10 f}
03-24 21:50:15.388  1700  3987 W ActivityManager: Duplicate finish request for ActivityRecord{a58cefa u0 com.esoxjem.movieguide/.details.MovieDetailsActivity t10 f}
03-24 21:50:15.388  1700  3987 W ActivityManager: Duplicate finish request for ActivityRecord{799ff4a u0 com.esoxjem.movieguide/.details.MovieDetailsActivity t10 f}
03-24 21:50:15.388  1700  3987 W ActivityManager: Duplicate finish request for ActivityRecord{66600bc u0 com.esoxjem.movieguide/.details.MovieDetailsActivity t10 f}
03-24 21:50:15.420  1850  1850 W ViewRootImpl[StatusBar]: Cancelling event due to no window focus: KeyEvent { action=ACTION_UP, keyCode=KEYCODE_DPAD_DOWN, scanCode=0, metaState=0, flags=0x28, repeatCount=0, eventTime=144167, downTime=144167, deviceId=-1, source=0x101 }
03-24 21:50:15.420  1850  1850 W ViewRootImpl[StatusBar]: Cancelling event due to no window focus: KeyEvent { action=ACTION_UP, keyCode=KEYCODE_DPAD_DOWN, scanCode=0, metaState=0, flags=0x28, repeatCount=0, eventTime=144167, downTime=144167, deviceId=-1, source=0x101 }
03-24 21:50:15.420  1850  1850 W ViewRootImpl[StatusBar]: Cancelling event due to no window focus: KeyEvent { action=ACTION_UP, keyCode=KEYCODE_DPAD_DOWN, scanCode=0, metaState=0, flags=0x28, repeatCount=0, eventTime=144167, downTime=144167, deviceId=-1, source=0x101 }
03-24 21:50:15.420  1850  1850 W ViewRootImpl[StatusBar]: Cancelling event due to no window focus: KeyEvent { action=ACTION_UP, keyCode=KEYCODE_DPAD_DOWN, scanCode=0, metaState=0, flags=0x28, repeatCount=0, eventTime=144167, downTime=144167, deviceId=-1, source=0x101 }
03-24 21:50:15.420  1850  1850 W ViewRootImpl[StatusBar]: Cancelling event due to no window focus: KeyEvent { action=ACTION_UP, keyCode=KEYCODE_DPAD_DOWN, scanCode=0, metaState=0, flags=0x28, repeatCount=0, eventTime=144167, downTime=144167, deviceId=-1, source=0x101 }
03-24 21:50:15.420  1850  1850 W ViewRootImpl[StatusBar]: Cancelling event due to no window focus: KeyEvent { action=ACTION_UP, keyCode=KEYCODE_DPAD_DOWN, scanCode=0, metaState=0, flags=0x28, repeatCount=0, eventTime=144167, downTime=144167, deviceId=-1, source=0x101 }
03-24 21:50:15.420  1850  1850 W ViewRootImpl[StatusBar]: Cancelling event due to no window focus: KeyEvent { action=ACTION_UP, keyCode=KEYCODE_DPAD_DOWN, scanCode=0, metaState=0, flags=0x28, repeatCount=0, eventTime=144167, downTime=144167, deviceId=-1, source=0x101 }
03-24 21:50:15.420  1850  1850 W ViewRootImpl[StatusBar]: Cancelling event due to no window focus: KeyEvent { action=ACTION_UP, keyCode=KEYCODE_DPAD_DOWN, scanCode=0, metaState=0, flags=0x28, repeatCount=0, eventTime=144167, downTime=144167, deviceId=-1, source=0x101 }
03-24 21:50:15.420  1850  1850 W ViewRootImpl[StatusBar]: Cancelling event due to no window focus: KeyEvent { action=ACTION_UP, keyCode=KEYCODE_DPAD_DOWN, scanCode=0, metaState=0, flags=0x28, repeatCount=0, eventTime=144167, downTime=144167, deviceId=-1, source=0x101 }
03-24 21:50:15.420  1850  1850 W ViewRootImpl[StatusBar]: Dropping event due to no window focus: KeyEvent { action=ACTION_DOWN, keyCode=KEYCODE_DPAD_CENTER, scanCode=0, metaState=0, flags=0x8, repeatCount=0, eventTime=144182, downTime=144182, deviceId=-1, source=0x101 }
03-24 21:50:15.421  1700  2014 D WindowManager: relayoutVisibleWindow: Window{2570f88 u0 com.esoxjem.movieguide/com.esoxjem.movieguide.listing.MoviesListingActivity EXITING} mAnimatingExit=true, mRemoveOnExit=false, mDestroying=false
03-24 21:50:15.428  1850  1850 W ViewRootImpl[StatusBar]: Cancelling event due to no window focus: KeyEvent { action=ACTION_UP, keyCode=KEYCODE_DPAD_CENTER, scanCode=0, metaState=0, flags=0x28, repeatCount=0, eventTime=144185, downTime=144185, deviceId=-1, source=0x101 }
03-24 21:50:15.428  1850  1850 W ViewRootImpl[StatusBar]: Cancelling event due to no window focus: KeyEvent { action=ACTION_UP, keyCode=KEYCODE_DPAD_CENTER, scanCode=0, metaState=0, flags=0x28, repeatCount=0, eventTime=144185, downTime=144185, deviceId=-1, source=0x101 }
03-24 21:50:15.428  1850  1850 W ViewRootImpl[StatusBar]: Cancelling event due to no window focus: KeyEvent { action=ACTION_UP, keyCode=KEYCODE_DPAD_CENTER, scanCode=0, metaState=0, flags=0x28, repeatCount=0, eventTime=144185, downTime=144185, deviceId=-1, source=0x101 }
03-24 21:50:15.428  1850  1850 W ViewRootImpl[StatusBar]: Cancelling event due to no window focus: KeyEvent { action=ACTION_UP, keyCode=KEYCODE_DPAD_CENTER, scanCode=0, metaState=0, flags=0x28, repeatCount=0, eventTime=144185, downTime=144185, deviceId=-1, source=0x101 }
03-24 21:50:15.428  1850  1850 W ViewRootImpl[StatusBar]: Cancelling event due to no window focus: KeyEvent { action=ACTION_UP, keyCode=KEYCODE_DPAD_CENTER, scanCode=0, metaState=0, flags=0x28, repeatCount=0, eventTime=144185, downTime=144185, deviceId=-1, source=0x101 }
03-24 21:50:15.428  1850  1850 W ViewRootImpl[StatusBar]: Cancelling event due to no window focus: KeyEvent { action=ACTION_UP, keyCode=KEYCODE_DPAD_CENTER, scanCode=0, metaState=0, flags=0x28, repeatCount=0, eventTime=144185, downTime=144185, deviceId=-1, source=0x101 }
03-24 21:50:15.428  1850  1850 W ViewRootImpl[StatusBar]: Cancelling event due to no window focus: KeyEvent { action=ACTION_UP, keyCode=KEYCODE_DPAD_CENTER, scanCode=0, metaState=0, flags=0x28, repeatCount=0, eventTime=144185, downTime=144185, deviceId=-1, source=0x101 }
03-24 21:50:15.428  1850  1850 W ViewRootImpl[StatusBar]: Cancelling event due to no window focus: KeyEvent { action=ACTION_UP, keyCode=KEYCODE_DPAD_CENTER, scanCode=0, metaState=0, flags=0x28, repeatCount=0, eventTime=144185, downTime=144185, deviceId=-1, source=0x101 }
03-24 21:50:15.428  1850  1850 W ViewRootImpl[StatusBar]: Cancelling event due to no window focus: KeyEvent { action=ACTION_UP, keyCode=KEYCODE_DPAD_CENTER, scanCode=0, metaState=0, flags=0x28, repeatCount=0, eventTime=144185, downTime=144185, deviceId=-1, source=0x101 }
03-24 21:50:15.500  4272  4304 I MusicPlaybackService: onMediaButtonEvent: Intent { act=android.intent.action.MEDIA_BUTTON (has extras) }
03-24 21:50:15.500  4272  4304 V MediaButton: v1 ACTION_MEDIA_BUTTON: keycode=86, action=0
03-24 21:50:15.516  4272  4272 I MusicPlaybackService: onStartCommand com.android.music.musicservicecommand / stop
03-24 21:50:15.517  4272  4304 I MusicPlaybackService: onMediaButtonEvent: Intent { act=android.intent.action.MEDIA_BUTTON (has extras) }
03-24 21:50:15.533  4272  4304 V MediaButton: v1 ACTION_MEDIA_BUTTON: keycode=86, action=1
03-24 21:50:15.534  4272  4304 I DevicePlayback: stop: willPlay=false, currentPos=-1
03-24 21:50:15.549  4272  4304 D DevicePlayback: cancelTryNext
03-24 21:50:15.551  4272  4304 V MusicPlaybackService: notifyChange: com.android.music.playstatechanged
03-24 21:50:15.551  4272  4304 W MusicPlaybackService: Song is not loaded. Ignoring.
03-24 21:50:15.561  4272  4943 D LocalAsyncMediaPlayer: resetBuffering
03-24 21:50:15.566  4272  4304 D MusicPlaybackService: cancelNotification id=1
03-24 21:50:15.566  4272  4304 V MusicPlaybackService: setting should show notification to true
03-24 21:50:15.607  1700  1711 I ActivityManager: START u0 {act=android.intent.action.MAIN cat=[android.intent.category.LAUNCHER] flg=0x10200000 cmp=com.esoxjem.movieguide/.listing.MoviesListingActivity} from uid 2000 on display 0
03-24 21:50:15.620  1700  2536 D WifiService: setWifiEnabled: true pid=1850, uid=10028
03-24 21:50:15.621  1405  1697 D SoftapController: Softap fwReload - Ok
03-24 21:50:15.622  1405  1697 D CommandListener: Setting iface cfg
03-24 21:50:15.622  1405  1697 D CommandListener: Trying to bring down wlan0
03-24 21:50:15.622  1405  1697 D CommandListener: Clearing all IP addresses on wlan0
03-24 21:50:15.663  4990  4990 I wpa_supplicant: Successfully initialized wpa_supplicant
03-24 21:50:15.665  4990  4990 I wpa_supplicant: rfkill: Cannot open RFKILL control device
03-24 21:50:15.678  4990  4990 I wpa_supplicant: nl80211: Could not re-add multicast membership for vendor events: -2 (No such file or directory)
03-24 21:50:15.781  4990  4990 E wpa_supplicant: global ctrl interface @android:wpa_wlan0 matches ctrl interface wlan0 - do not open per-interface ctrl interface
03-24 21:50:15.834  1700  1717 E BatteryStatsService: no controller energy info supplied
03-24 21:50:15.834  1700  1717 E KernelCpuSpeedReader: Failed to read cpu-freq: /sys/devices/system/cpu/cpu0/cpufreq/stats/time_in_state (No such file or directory)
03-24 21:50:15.834  1700  1717 E KernelUidCpuTimeReader: Failed to read uid_cputime: /proc/uid_cputime/show_uid_stat (No such file or directory)
03-24 21:50:15.835  1700  1717 E BatteryStatsService: no controller energy info supplied
03-24 21:50:15.836  1700  1717 E KernelCpuSpeedReader: Failed to read cpu-freq: /sys/devices/system/cpu/cpu0/cpufreq/stats/time_in_state (No such file or directory)
03-24 21:50:15.836  1700  1717 E KernelUidCpuTimeReader: Failed to read uid_cputime: /proc/uid_cputime/show_uid_stat (No such file or directory)
03-24 21:50:15.982  1700  1711 D WifiService: setWifiEnabled: false pid=1850, uid=10028
03-24 21:50:15.983  1700  1700 D RttService: SCAN_AVAILABLE : 1
03-24 21:50:15.983  1700  1797 I WifiScanningService: wifi driver unloaded
03-24 21:50:15.983  1700  1797 W AlarmManager: Unrecognized alarm listener com.android.server.wifi.scanner.SupplicantWifiScannerImpl$2@8e9cb18
03-24 21:50:15.983  1700  1798 D RttService: EnabledState got{ when=0 what=160513 target=com.android.internal.util.StateMachine$SmHandler }
03-24 21:50:15.983  1700  1795 D WifiNative-HAL: stopRssiMonitoring, cmdId 0
03-24 21:50:15.989  1700  1795 D WifiStateMachine: SupplicantStoppingState: stopSupplicant  init.svc.wpa_supplicant=unknown init.svc.p2p_supplicant=unknown
03-24 21:50:15.991  1700  1795 D WifiNative-HAL: Failing getSupportedFeatureset because HAL isn't started
03-24 21:50:15.992  1700  1717 E BatteryStatsService: no controller energy info supplied
03-24 21:50:15.992  1700  1717 E KernelCpuSpeedReader: Failed to read cpu-freq: /sys/devices/system/cpu/cpu0/cpufreq/stats/time_in_state (No such file or directory)
03-24 21:50:15.992  1700  1717 E KernelUidCpuTimeReader: Failed to read uid_cputime: /proc/uid_cputime/show_uid_stat (No such file or directory)
03-24 21:50:15.998  1700  1795 E WifiConnectivityManager: SingleScanListener onFailure: reason: -1 description: Scan was interrupted
03-24 21:50:16.068  4990  4990 I wpa_supplicant: nl80211: deinit ifname=wlan0 disabled_11b_rates=0
03-24 21:50:16.180  1700  3970 I ActivityManager: START u0 {act=android.intent.action.MAIN cat=[android.intent.category.LAUNCHER] flg=0x10200000 cmp=com.esoxjem.movieguide/.listing.MoviesListingActivity} from uid 2000 on display 0
03-24 21:50:16.196  4990  4990 I wpa_supplicant: wlan0: CTRL-EVENT-TERMINATING 
03-24 21:50:16.224  1700  3970 I ActivityManager: START u0 {act=android.intent.action.CALL_BUTTON flg=0x10000000 cmp=com.google.android.dialer/com.google.android.apps.dialer.extensions.GoogleDialtactsActivity} from uid 10028 on display 0
03-24 21:50:16.300  2259  2713 W Settings: Setting airplane_mode_on has moved from android.provider.Settings.System to android.provider.Settings.Global, returning read-only value.
03-24 21:50:16.330  1700  3994 I ActivityManager: START u0 {act=android.intent.action.MAIN cat=[android.intent.category.LAUNCHER] flg=0x10200000 cmp=com.esoxjem.movieguide/.listing.MoviesListingActivity} from uid 2000 on display 0
03-24 21:50:16.363  1700  2014 I ActivityManager: START u0 {act=android.intent.action.MAIN cat=[android.intent.category.LAUNCHER] flg=0x10200000 cmp=com.esoxjem.movieguide/.listing.MoviesListingActivity} from uid 2000 on display 0
03-24 21:50:16.396  1989  1989 D TelephonyProvider: subIdString = 1 subId = 1
03-24 21:50:16.438  1700  3970 D ConnectivityService: registerNetworkAgent NetworkAgentInfo{ ni{[type: MOBILE[LTE], state: CONNECTED/CONNECTED, reason: connected, extra: epc.tmobile.com, failover: false, available: true, roaming: false, metered: true]}  network{102}  nethandle{438103100126}  lp{{InterfaceName: radio0 LinkAddresses: [192.168.200.2/24,]  Routes: [0.0.0.0/0 -> 192.168.200.1 radio0,] DnsAddresses: [10.0.2.3,] Domains: null MTU: 1500 TcpBufferSizes: 524288,1048576,2097152,262144,524288,1048576}}  nc{[ Transports: CELLULAR Capabilities: MMS&SUPL&FOTA&IMS&CBS&IA&INTERNET&NOT_RESTRICTED&TRUSTED&NOT_VPN LinkUpBandwidth>=51200Kbps LinkDnBandwidth>=102400Kbps Specifier: <1>]}  Score{10}  everValidated{false}  lastValidated{false}  created{false} lingering{false} explicitlySelected{false} acceptUnvalidated{false} everCaptivePortalDetected{false} lastCaptivePortalDetected{false} }
03-24 21:50:16.438  1700  1799 D ConnectivityService: NetworkAgentInfo [MOBILE (LTE) - 102] EVENT_NETWORK_INFO_CHANGED, going from null to CONNECTED
03-24 21:50:16.440  1700  1799 D ConnectivityService: Adding iface radio0 to network 102
03-24 21:50:16.451  1700  3976 D NetworkNotificationManager: clearNotification id=65537
03-24 21:50:16.471  1700  3978 I ActivityManager: START u0 {act=android.intent.action.MAIN cat=[android.intent.category.LAUNCHER] flg=0x10200000 cmp=com.esoxjem.movieguide/.listing.MoviesListingActivity} from uid 2000 on display 0
03-24 21:50:16.479  1405  1697 E Netd    : netlink response contains error (Network is unreachable)
03-24 21:50:16.482  1700  1799 E ConnectivityService: Exception in addRoute for gateway: java.lang.IllegalStateException: command '82 network route add 102 radio0 0.0.0.0/0 192.168.200.1' failed with '400 82 addRoute() failed (Network is unreachable)'
03-24 21:50:16.483  1700  1799 D ConnectivityService: Setting DNS servers for network 102 to [/10.0.2.3]
03-24 21:50:16.500  1700  1795 D WifiNative-HAL: Failing getSupportedFeatureset because HAL isn't started
03-24 21:50:16.501  1700  1717 E BatteryStatsService: no controller energy info supplied
03-24 21:50:16.501  1700  1717 E KernelCpuSpeedReader: Failed to read cpu-freq: /sys/devices/system/cpu/cpu0/cpufreq/stats/time_in_state (No such file or directory)
03-24 21:50:16.501  1700  1717 E KernelUidCpuTimeReader: Failed to read uid_cputime: /proc/uid_cputime/show_uid_stat (No such file or directory)
03-24 21:50:16.513  1700  1799 D ConnectivityService: Switching to new default network: NetworkAgentInfo{ ni{[type: MOBILE[LTE], state: CONNECTED/CONNECTED, reason: connected, extra: epc.tmobile.com, failover: false, available: true, roaming: false, metered: true]}  network{102}  nethandle{438103100126}  lp{{InterfaceName: radio0 LinkAddresses: [192.168.200.2/24,]  Routes: [0.0.0.0/0 -> 192.168.200.1 radio0,] DnsAddresses: [10.0.2.3,] Domains: null MTU: 1500 TcpBufferSizes: 524288,1048576,2097152,262144,524288,1048576}}  nc{[ Transports: CELLULAR Capabilities: MMS&SUPL&FOTA&IMS&CBS&IA&INTERNET&NOT_RESTRICTED&TRUSTED&NOT_VPN&FOREGROUND LinkUpBandwidth>=51200Kbps LinkDnBandwidth>=102400Kbps Specifier: <1>]}  Score{10}  everValidated{false}  lastValidated{false}  created{true} lingering{false} explicitlySelected{false} acceptUnvalidated{false} everCaptivePortalDetected{false} lastCaptivePortalDetected{false} }
03-24 21:50:16.515  1700  1799 D ConnectivityService: Sending CONNECTED broadcast for type 0 NetworkAgentInfo [MOBILE (LTE) - 102] isDefaultNetwork=true
03-24 21:50:16.515  1700  1815 I GnssLocationProvider: WakeLock acquired by sendMessage(6, 0, null)
03-24 21:50:16.517  1700  1714 W BroadcastQueue: Skipping deliver [background] BroadcastRecord{93dc240 u-1 android.net.conn.CONNECTIVITY_CHANGE} to ReceiverList{12b897d 4853 (unknown name)/2000/u-1 remote:f5ddbe6}: process crashing
03-24 21:50:16.519  1700  1713 D GnssLocationProvider: handleDownloadXtraData() called when Xtra not supported
03-24 21:50:16.519  1700  1799 D ConnectivityService: NetworkAgentInfo [MOBILE (LTE) - 102] EVENT_NETWORK_INFO_CHANGED, going from CONNECTED to DISCONNECTED
03-24 21:50:16.519  1700  1799 D ConnectivityService: NetworkAgentInfo [MOBILE (LTE) - 102] got DISCONNECTED, was satisfying 5
03-24 21:50:16.519  1989  2135 D DcNetworkAgent: NetworkAgent: NetworkAgent channel lost
03-24 21:50:16.519  1989  2135 D DcNetworkAgent: NetworkAgent: DcNetworkAgent: unwanted found mNetworkAgent=null, which isn't me.  Aborting unwanted
03-24 21:50:16.528  2259  2259 W GCM     : ACTIVE NETWORK NOT CONNECTED
03-24 21:50:16.532  2259  2259 D Backup  : [BackupScheduler] Setting backup scheduler enabled=false due to desired state 4
03-24 21:50:16.532  1700  1799 D ConnectivityService: Sending DISCONNECTED broadcast for type 0 NetworkAgentInfo [MOBILE (LTE) - 102] isDefaultNetwork=true
03-24 21:50:16.532  2259  2259 V Backup  : [BackupTransportCS] no backup now: [OperationScheduler: enabledState=false moratoriumSet=2019-03-24/21:48:23 moratorium=1969-12-31/16:00:00]
03-24 21:50:16.533  1700  1714 W BroadcastQueue: Skipping deliver [background] BroadcastRecord{dfb6579 u-1 android.net.conn.CONNECTIVITY_CHANGE} to ReceiverList{12b897d 4853 (unknown name)/2000/u-1 remote:f5ddbe6}: process crashing
03-24 21:50:16.533  2259  2259 D Backup  : [BackupScheduler] Setting backup scheduler enabled=false due to desired state 4
03-24 21:50:16.533  2259  2259 V Backup  : [BackupTransportCS] no backup now: [OperationScheduler: enabledState=false moratoriumSet=2019-03-24/21:48:23 moratorium=1969-12-31/16:00:00]
03-24 21:50:16.534  4272  4272 D MusicLifecycle: com.google.android.music.net.NetworkConnectivityMonitor$NetworkChangedReceiver generated event: Broadcast received with context com.google.android.music.MusicApplication@363615a and intent Intent { act=android.net.conn.CONNECTIVITY_CHANGE flg=0x4000010 (has extras) }
03-24 21:50:16.534  2259  5006 E WakeLock: GCM_HB_ALARM release without a matched acquire!
03-24 21:50:16.543  1700  1713 I GnssLocationProvider: WakeLock released by handleMessage(6, 0, null)
03-24 21:50:16.577  4272  4272 I NetworkConnectivity: Network state changed: null
03-24 21:50:16.580  4272  4272 I DevicePlayback: Got network change: mobile=falsewifi=false
03-24 21:50:16.580  4272  4272 I DevicePlayback: Disabling Woodstock in 200000ms
03-24 21:50:16.581  4272  4272 D MusicLifecycle: com.google.android.music.net.NetworkConnectivityMonitor$NetworkChangedReceiver generated event: Broadcast received with context com.google.android.music.MusicApplication@363615a and intent Intent { act=android.net.conn.CONNECTIVITY_CHANGE flg=0x4000010 (has extras) }
03-24 21:50:16.581  4272  4272 I NetworkConnectivity: Network state changed: null
03-24 21:50:16.581  4272  4272 I DevicePlayback: Got network change: mobile=falsewifi=false
03-24 21:50:16.581  4272  4272 I DevicePlayback: Disabling Woodstock in 200000ms
03-24 21:50:16.628  1822  1822 W InputMethodService: Window size has been changed. This may cause jankiness of resizing window: -1 -> -2
03-24 21:50:16.629  1405  1697 E Netd    : netlink response contains error (No such file or directory)
03-24 21:50:16.644  1700  1799 D NetworkNotificationManager: clearNotification id=102
03-24 21:50:16.644  1822  1822 I LatinIME: Starting input. Cursor position = 0,0
03-24 21:50:16.646  1822  1822 E RichInputConnection: Unable to connect to the editor to retrieve text.
03-24 21:50:16.646  1822  1822 D RichInputConnection: Will try to retrieve text later.
03-24 21:50:16.648  1822  1822 E RichInputConnection: Unable to connect to the editor to retrieve text.
03-24 21:50:16.648  1822  1822 W RichInputConnection: Unable to connect to the editor. Setting caps mode without knowing text.
03-24 21:50:16.679  1822  1822 I LatinIME: Starting input. Cursor position = -1,-1
03-24 21:50:16.693  1822  1822 I InputAttributes: InputType.TYPE_NULL is specified
03-24 21:50:16.705  1700  3994 D MediaSessionService: Sending KeyEvent { action=ACTION_DOWN, keyCode=KEYCODE_MEDIA_PLAY_PAUSE, scanCode=0, metaState=0, flags=0x8, repeatCount=0, eventTime=145444, downTime=145444, deviceId=-1, source=0x101 } to com.google.android.music/Google Play Music (uid=0)
03-24 21:50:16.711  4272  4304 I MusicPlaybackService: onMediaButtonEvent: Intent { act=android.intent.action.MEDIA_BUTTON (has extras) }
03-24 21:50:16.712  4272  4304 V MediaButton: v1 ACTION_MEDIA_BUTTON: keycode=85, action=0
03-24 21:50:16.713  4272  4272 I MusicPlaybackService: onStartCommand com.android.music.musicservicecommand / togglepause
03-24 21:50:16.713  4272  4272 V MusicPlaybackService: notifyChange: com.google.android.music.shufflemodechanged
03-24 21:50:16.714  4272  4304 D DevicePlayback: Current route null, CQ mode: false
03-24 21:50:16.714  4272  4272 I MusicPlaybackService: Sending out broadcast: com.google.android.music.shufflemodechanged Extras: Bundle[{shuffle=1}]
03-24 21:50:16.714  4272  4304 D MusicPlaybackService: new playback state: PlaybackState {state=2, position=0, buffered position=0, speed=1.0, updated=145479, actions=7607, error=null, custom actions=[], active item id=-1}
03-24 21:50:16.715  4272  4304 D DevicePlayback: Current route null, CQ mode: false
03-24 21:50:16.715  4272  4304 D DevicePlayback: open: medialist=AllSongsList: [0] position=-1 play=true 
03-24 21:50:16.715  4272  4304 V MusicPlaybackService: setting should show notification to true
03-24 21:50:16.715  4272  4304 D DevicePlayback: Current route null, CQ mode: false
03-24 21:50:16.717  4272  4304 V MusicPlaybackService: notifyChange: com.android.music.queuechanged
03-24 21:50:16.718  4272  4304 I MusicPlaybackService: Sending out broadcast: com.android.music.queuechanged Extras: Bundle[{hasValidPlaylist=false, woodstock=false, isPodcast=false, queueLoading=false, isDoubleclickAd=false, ListSize=0, isSoundAd=false, isSkipLimitReached=false}]
03-24 21:50:16.719  4272  4272 D MusicLifecycle: com.android.music.MediaAppWidgetProvider generated event: Broadcast received with context android.app.ReceiverRestrictedContext@37691e8 and intent Intent { act=com.google.android.music.playback.FORCE_WIDGET_PROVIDER_REFRESH flg=0x10 cmp=com.google.android.music/com.android.music.MediaAppWidgetProvider (has extras) }
03-24 21:50:16.721  4272  4304 D DevicePlayback: onSongChanged: isFromUserAction=false
03-24 21:50:16.721  4272  4304 V MusicPlaybackService: notifyChange: com.android.music.metachanged
03-24 21:50:16.721  4272  4304 W MusicPlaybackService: Song is not loaded. Ignoring.
03-24 21:50:16.722  4272  4304 D MusicPlaybackService: cancelNotification id=1
03-24 21:50:16.722  4272  4304 V MusicPlaybackService: setting should show notification to true
03-24 21:50:16.722  4272  4304 D DevicePlayback: mMixGenerationState=null
03-24 21:50:16.722  4272  4304 D DevicePlayback: Current route null, CQ mode: false
03-24 21:50:16.728  4272  4304 D DevicePlayback: Current route null, CQ mode: false
03-24 21:50:16.729  4272  4304 I MusicStore: caqPlay: descriptor=[13, 42, All%20songs, <null>, <null>]
03-24 21:50:16.729  4272  4304 E MusicStore: Invalid request size=0
03-24 21:50:16.738  4272  4304 V MusicPlaybackService: Updating notification + media session metadata due to completed art request: ArtRequest{mState=30, mDescriptor=DocumentArtDescriptor{artType=NOTIFICATION, sizeHandling=com.google.android.music.art.ArtDescriptor$SizeHandling@5e71c, width=1024, height=1024, identifier=[mArtUrl=null, mTitle=null, mSubTitle=null, mDescription=null, mReason1=null, mExplicitType=UNKNOWN, mDuration=0, mPlayPositionMillis=0, mPublicationTimestamp=0, mId=-1, mAlbumId=-1, mPodcastEpisodeId=null, mPodcastSeriesId=null, mPodcastSeriesTitle=null, mAlbumName=null, mArtistId=-1, mArtistName=null, mType=ALBUM, mIsNautilus=false, mTrackMetajamId=null, mAlbumMetajamId=null, mArtistMetajamId=null, mPlaylistName=null, mPlaylistType=-1, mPlaylistShareToken=null, mPlaylistOwnerName=null, mProfilePhotoUrl=null, mPlaylistSharedState=1, mPlaylistMemberId=-1, mSongStoreId=null, mGenreId=null, mParentGenreId=null, mSubgenreCount=0, mHasLocal=false, mCanAddtoLibrary=false, mQueueItemId=-1, mQueueItemState=0, mQueueItemContainerId=-1, mQueueItemContainerType=0, mQueueItemContainerName=null, mIsFromSearch=false, mSearchString=null, mPosition=-1, mAdapterPosition=-1, mRadioSourceType=0, mRadioSourceId=null, mRadioBylineText=null, mRadioTrackSeedMetajamId=null, mMainstageReason=-1, mRadioRemoteId=null, mSourceAccount=0, mVideoId=null, mVideoThumbnailUrl=null, mPlaylistEditorArtwork=null, mRadioHighlightColor=null, mSituationId=null, mIsTopLevelSituation=false, mHasSubSituations=false, mSituationWideArtUrl=null, mCategoryId=null, mDontModifyRadioDisplayTitle=false, mCanDismiss=false, mCompositeWideArtUrl=null, mCompositeSquareArtUrl=null, mNavBarSection=0, mCollectionId=null, mCollectionPos=-1, mIsFromSoundSearch=false, mAvailableForPurchase=true, mAvailableForSubscription=true, mPodcastPodlistId=null, mSituationContainsPodlists=false, mDismissalKey=null, mDismissalText=null, mDismissalToken=null, mLogToken=null, mSearchEntryContext=null], useDefaultIfMissing=true, aspectRatio=1.0, config=RGB_565}, mItems={}}
03-24 21:50:16.738  4272  4304 D MusicPlaybackService: cancelNotification id=1
03-24 21:50:16.741  1700  3993 D MediaSessionService: Sending KeyEvent { action=ACTION_UP, keyCode=KEYCODE_MEDIA_PLAY_PAUSE, scanCode=0, metaState=0, flags=0x8, repeatCount=0, eventTime=145465, downTime=145465, deviceId=-1, source=0x101 } to com.google.android.music/Google Play Music (uid=0)
03-24 21:50:16.747  4272  4304 V MusicPlaybackService: setting should show notification to true
03-24 21:50:16.748  4272  4304 I MusicPlaybackService: onMediaButtonEvent: Intent { act=android.intent.action.MEDIA_BUTTON (has extras) }
03-24 21:50:16.748  4272  4304 V MediaButton: v1 ACTION_MEDIA_BUTTON: keycode=85, action=1
03-24 21:50:16.749  4272  4304 V MusicPlaybackService: Updating notification + media session metadata due to completed art request: ArtRequest{mState=30, mDescriptor=DocumentArtDescriptor{artType=NOTIFICATION, sizeHandling=com.google.android.music.art.ArtDescriptor$SizeHandling@5e71c, width=1024, height=1024, identifier=[mArtUrl=null, mTitle=null, mSubTitle=null, mDescription=null, mReason1=null, mExplicitType=UNKNOWN, mDuration=0, mPlayPositionMillis=0, mPublicationTimestamp=0, mId=-1, mAlbumId=-1, mPodcastEpisodeId=null, mPodcastSeriesId=null, mPodcastSeriesTitle=null, mAlbumName=null, mArtistId=-1, mArtistName=null, mType=ALBUM, mIsNautilus=false, mTrackMetajamId=null, mAlbumMetajamId=null, mArtistMetajamId=null, mPlaylistName=null, mPlaylistType=-1, mPlaylistShareToken=null, mPlaylistOwnerName=null, mProfilePhotoUrl=null, mPlaylistSharedState=1, mPlaylistMemberId=-1, mSongStoreId=null, mGenreId=null, mParentGenreId=null, mSubgenreCount=0, mHasLocal=false, mCanAddtoLibrary=false, mQueueItemId=-1, mQueueItemState=0, mQueueItemContainerId=-1, mQueueItemContainerType=0, mQueueItemContainerName=null, mIsFromSearch=false, mSearchString=null, mPosition=-1, mAdapterPosition=-1, mRadioSourceType=0, mRadioSourceId=null, mRadioBylineText=null, mRadioTrackSeedMetajamId=null, mMainstageReason=-1, mRadioRemoteId=null, mSourceAccount=0, mVideoId=null, mVideoThumbnailUrl=null, mPlaylistEditorArtwork=null, mRadioHighlightColor=null, mSituationId=null, mIsTopLevelSituation=false, mHasSubSituations=false, mSituationWideArtUrl=null, mCategoryId=null, mDontModifyRadioDisplayTitle=false, mCanDismiss=false, mCompositeWideArtUrl=null, mCompositeSquareArtUrl=null, mNavBarSection=0, mCollectionId=null, mCollectionPos=-1, mIsFromSoundSearch=false, mAvailableForPurchase=true, mAvailableForSubscription=true, mPodcastPodlistId=null, mSituationContainsPodlists=false, mDismissalKey=null, mDismissalText=null, mDismissalToken=null, mLogToken=null, mSearchEntryContext=null], useDefaultIfMissing=true, aspectRatio=1.0, config=RGB_565}, mItems={}}
03-24 21:50:16.756  4272  4304 D MusicPlaybackService: cancelNotification id=1
03-24 21:50:16.756  4272  4304 V MusicPlaybackService: setting should show notification to true
03-24 21:50:16.788  1822  1822 I LatinIME: Starting input. Cursor position = 0,0
03-24 21:50:16.790  1822  1822 E RichInputConnection: Unable to connect to the editor to retrieve text.
03-24 21:50:16.790  1822  1822 D RichInputConnection: Will try to retrieve text later.
03-24 21:50:16.791  1822  1822 E RichInputConnection: Unable to connect to the editor to retrieve text.
03-24 21:50:16.791  1822  1822 W RichInputConnection: Unable to connect to the editor. Setting caps mode without knowing text.
03-24 21:50:16.792  1850  2111 I chatty  : uid=10028(com.android.systemui) RenderThread expire 11 lines
03-24 21:50:16.805  1822  4917 D EGL_emulation: eglMakeCurrent: 0xb1b05000: ver 3 0 (tinfo 0xb1b03db0)
03-24 21:50:16.837  1822  1822 I LatinIME: Starting input. Cursor position = -1,-1
03-24 21:50:16.850  1822  1822 I InputAttributes: InputType.TYPE_NULL is specified
03-24 21:50:16.892  1850  1850 I chatty  : uid=10028(com.android.systemui) expire 1 line
03-24 21:50:16.900  1850  2074 I chatty  : uid=10028(com.android.systemui) VolumeDialogCon expire 2 lines
03-24 21:50:16.903  1850  1850 I chatty  : uid=10028(com.android.systemui) expire 1 line
03-24 21:50:16.921  1850  2111 I chatty  : uid=10028(com.android.systemui) RenderThread expire 11 lines
03-24 21:50:16.928  1822  1822 I LatinIME: Starting input. Cursor position = 0,0
03-24 21:50:16.932  1822  1822 E RichInputConnection: Unable to connect to the editor to retrieve text.
03-24 21:50:16.932  1822  1822 D RichInputConnection: Will try to retrieve text later.
03-24 21:50:16.933  1822  1822 E RichInputConnection: Unable to connect to the editor to retrieve text.
03-24 21:50:16.933  1822  1822 W RichInputConnection: Unable to connect to the editor. Setting caps mode without knowing text.
03-24 21:50:16.956  1822  1822 I LatinIME: Starting input. Cursor position = -1,-1
03-24 21:50:16.960  1822  1822 I InputAttributes: InputType.TYPE_NULL is specified
03-24 21:50:17.014  1822  1822 I LatinIME: Starting input. Cursor position = -1,-1
03-24 21:50:17.017  1822  1822 I InputAttributes: InputType.TYPE_NULL is specified
03-24 21:50:17.064  1850  1850 I chatty  : uid=10028(com.android.systemui) expire 1 line
03-24 21:50:17.065  1850  2074 I chatty  : uid=10028(com.android.systemui) VolumeDialogCon expire 1 line
03-24 21:50:17.073  1850  2111 I chatty  : uid=10028(com.android.systemui) RenderThread expire 28 lines
03-24 21:50:17.076  1822  1822 I LatinIME: Starting input. Cursor position = 0,0
03-24 21:50:17.188  1822  1822 I LatinIME: Starting input. Cursor position = -1,-1
03-24 21:50:17.193  1822  1822 I InputAttributes: InputType.TYPE_NULL is specified
03-24 21:50:17.232  1822  1822 I LatinIME: Starting input. Cursor position = -1,-1
03-24 21:50:17.235  1822  1822 I InputAttributes: InputType.TYPE_NULL is specified
03-24 21:50:17.363  2259  5014 E WakeLock: GCM_HB_ALARM release without a matched acquire!
03-24 21:50:17.379  1850  2074 I chatty  : uid=10028(com.android.systemui) VolumeDialogCon expire 2 lines
03-24 21:50:17.404  1850  1850 I chatty  : uid=10028(com.android.systemui) expire 1 line
03-24 21:50:17.414  1822  1822 I LatinIME: Starting input. Cursor position = -1,-1
03-24 21:50:17.416  1822  1822 I InputAttributes: InputType.TYPE_NULL is specified
03-24 21:50:17.468  1822  1822 I LatinIME: Starting input. Cursor position = 1,1
03-24 21:50:17.472  1850  2111 I chatty  : uid=10028(com.android.systemui) RenderThread expire 21 lines
03-24 21:50:17.540  1822  1822 E RichInputConnection: Unable to connect to the editor to retrieve text.
03-24 21:50:17.540  1822  1822 D RichInputConnection: Will try to retrieve text later.
03-24 21:50:17.556  1822  1822 E RichInputConnection: Unable to connect to the editor to retrieve text.
03-24 21:50:17.556  1822  1822 W RichInputConnection: Unable to connect to the editor. Setting caps mode without knowing text.
03-24 21:50:17.580  1822  1822 I LatinIME: Starting input. Cursor position = -1,-1
03-24 21:50:17.583  1822  1822 I InputAttributes: InputType.TYPE_NULL is specified
03-24 21:50:17.606  4865  4885 I chatty  : uid=10084(com.esoxjem.movieguide) expire 6 lines
03-24 21:50:17.626  1822  1822 I LatinIME: Starting input. Cursor position = 1,1
03-24 21:50:17.643  1850  2111 D EGL_emulation: eglMakeCurrent: 0xb1b057e0: ver 3 0 (tinfo 0x9580e030)
03-24 21:50:17.653  1850  2111 D EGL_emulation: eglMakeCurrent: 0xb1b057e0: ver 3 0 (tinfo 0x9580e030)
03-24 21:50:17.707  1822  1822 E RichInputConnection: Unable to connect to the editor to retrieve text.
03-24 21:50:17.707  1822  1822 D RichInputConnection: Will try to retrieve text later.
03-24 21:50:17.722  1822  1822 E RichInputConnection: Unable to connect to the editor to retrieve text.
03-24 21:50:17.722  1822  1822 W RichInputConnection: Unable to connect to the editor. Setting caps mode without knowing text.
03-24 21:50:17.734  1822  1822 I LatinIME: Starting input. Cursor position = -1,-1
03-24 21:50:17.739  1822  1822 I InputAttributes: InputType.TYPE_NULL is specified
03-24 21:50:17.749  1822  1822 W InputMethodService: Window size has been changed. This may cause jankiness of resizing window: -1 -> -2
03-24 21:50:17.753  1850  2111 D EGL_emulation: eglMakeCurrent: 0xb1b057e0: ver 3 0 (tinfo 0x9580e030)
03-24 21:50:17.754  1822  4917 D EGL_emulation: eglMakeCurrent: 0xb1b05000: ver 3 0 (tinfo 0xb1b03db0)
03-24 21:50:17.760  1850  2111 D EGL_emulation: eglMakeCurrent: 0xb1b057e0: ver 3 0 (tinfo 0x9580e030)
03-24 21:50:17.895  4865  4886 I chatty  : uid=10084(com.esoxjem.movieguide) expire 4 lines
03-24 21:50:17.897  1850  1850 I vol.Events: writeEvent dismiss_dialog touch_outside
03-24 21:50:17.898  1850  2074 I vol.Events: writeEvent active_stream_changed UNKNOWN_STREAM_-1
03-24 21:50:17.942  1850  2111 D EGL_emulation: eglMakeCurrent: 0xb1b057e0: ver 3 0 (tinfo 0x9580e030)
03-24 21:50:17.960  1850  2111 D EGL_emulation: eglMakeCurrent: 0xb1b057e0: ver 3 0 (tinfo 0x9580e030)
03-24 21:50:17.971  1850  2111 D EGL_emulation: eglMakeCurrent: 0xb1b057e0: ver 3 0 (tinfo 0x9580e030)
03-24 21:50:17.976  1850  2111 D EGL_emulation: eglMakeCurrent: 0xb1b057e0: ver 3 0 (tinfo 0x9580e030)
03-24 21:50:17.990  1850  2111 D EGL_emulation: eglMakeCurrent: 0xb1b057e0: ver 3 0 (tinfo 0x9580e030)
03-24 21:50:17.999  1850  2111 D EGL_emulation: eglMakeCurrent: 0xb1b057e0: ver 3 0 (tinfo 0x9580e030)
03-24 21:50:18.006  1850  2111 D EGL_emulation: eglMakeCurrent: 0xb1b057e0: ver 3 0 (tinfo 0x9580e030)
03-24 21:50:18.020  1850  2111 D EGL_emulation: eglMakeCurrent: 0xb1b057e0: ver 3 0 (tinfo 0x9580e030)
03-24 21:50:18.029  1850  2111 D EGL_emulation: eglMakeCurrent: 0xb1b057e0: ver 3 0 (tinfo 0x9580e030)
03-24 21:50:18.040  1850  2111 D EGL_emulation: eglMakeCurrent: 0xb1b057e0: ver 3 0 (tinfo 0x9580e030)
03-24 21:50:18.047  1850  2111 D EGL_emulation: eglMakeCurrent: 0xb1b057e0: ver 3 0 (tinfo 0x9580e030)
03-24 21:50:18.057  1850  2111 D EGL_emulation: eglMakeCurrent: 0xb1b057e0: ver 3 0 (tinfo 0x9580e030)
03-24 21:50:18.089  1850  2111 D EGL_emulation: eglMakeCurrent: 0xb1b057e0: ver 3 0 (tinfo 0x9580e030)
03-24 21:50:18.107  1850  2111 D EGL_emulation: eglMakeCurrent: 0xb1b057e0: ver 3 0 (tinfo 0x9580e030)
03-24 21:50:18.112  4865  4919 I chatty  : uid=10084(com.esoxjem.movieguide) expire 3 lines
03-24 21:50:18.122  1850  2111 D EGL_emulation: eglMakeCurrent: 0xb1b057e0: ver 3 0 (tinfo 0x9580e030)
03-24 21:50:18.127  1850  2111 D EGL_emulation: eglMakeCurrent: 0xb1b057e0: ver 3 0 (tinfo 0x9580e030)
03-24 21:50:18.139  1850  2111 D EGL_emulation: eglMakeCurrent: 0xb1b057e0: ver 3 0 (tinfo 0x9580e030)
03-24 21:50:18.148  1850  2111 D EGL_emulation: eglMakeCurrent: 0xb1b057e0: ver 3 0 (tinfo 0x9580e030)
03-24 21:50:18.156  1850  2111 D EGL_emulation: eglMakeCurrent: 0xb1b057e0: ver 3 0 (tinfo 0x9580e030)
03-24 21:50:18.164  1850  2111 D EGL_emulation: eglMakeCurrent: 0xb1b057e0: ver 3 0 (tinfo 0x9580e030)
03-24 21:50:18.173  1850  2111 D EGL_emulation: eglMakeCurrent: 0xb1b057e0: ver 3 0 (tinfo 0x9580e030)
03-24 21:50:18.179  1850  2111 D EGL_emulation: eglMakeCurrent: 0xb1b057e0: ver 3 0 (tinfo 0x9580e030)
03-24 21:50:18.191  1850  2111 D EGL_emulation: eglMakeCurrent: 0xb1b057e0: ver 3 0 (tinfo 0x9580e030)
03-24 21:50:18.238  4865  4889 I chatty  : uid=10084(com.esoxjem.movieguide) expire 36 lines
03-24 21:50:18.312  1700  1757 I ActivityManager: START u0 {act=android.intent.action.MAIN cat=[android.intent.category.HOME] flg=0x10200000 cmp=com.google.android.apps.nexuslauncher/.NexusLauncherActivity (has extras)} from uid 1000 on display 0
03-24 21:50:18.440  1700  2248 I ActivityManager: Setting hasTopUi=false for pid=1850
03-24 21:50:18.440  1850  1850 D PhoneStatusBar: disable: < expand icons* alerts system_info* back home recent clock search quick_settings >
03-24 21:50:18.503  1850  2111 D EGL_emulation: eglMakeCurrent: 0xb1b057e0: ver 3 0 (tinfo 0x9580e030)
03-24 21:50:18.511  1850  2111 D EGL_emulation: eglMakeCurrent: 0xb1b057e0: ver 3 0 (tinfo 0x9580e030)
03-24 21:50:18.639  1700  3977 I ActivityManager: START u0 {cmp=com.esoxjem.movieguide/.details.MovieDetailsActivity (has extras)} from uid 10084 on display 0
03-24 21:50:18.660  4865  4886 I chatty  : uid=10084(com.esoxjem.movieguide) expire 2 lines
03-24 21:50:18.789  4865  4889 I chatty  : uid=10084(com.esoxjem.movieguide) expire 12 lines
03-24 21:50:18.793  1700  1721 I ActivityManager: Displayed com.esoxjem.movieguide/.details.MovieDetailsActivity: +147ms
03-24 21:50:18.809  1700  1757 I InputDispatcher: Dropped event because of pending overdue app switch.
03-24 21:50:18.809  1700  3991 W InputManager: Input event injection from pid 4853 failed.
