03-24 21:50:27.318  1700  1700 W ViewRootImpl[Select input method]: Cancelling event due to no window focus: KeyEvent { action=ACTION_UP, keyCode=KEYCODE_MENU, scanCode=0, metaState=0, flags=0x28, repeatCount=0, eventTime=156038, downTime=156038, deviceId=-1, source=0x101 }
03-24 21:50:27.318  1700  1700 W ViewRootImpl[Select input method]: Cancelling event due to no window focus: KeyEvent { action=ACTION_UP, keyCode=KEYCODE_MENU, scanCode=0, metaState=0, flags=0x28, repeatCount=0, eventTime=156038, downTime=156038, deviceId=-1, source=0x101 }
03-24 21:50:27.318  1700  1700 W ViewRootImpl[Select input method]: Cancelling event due to no window focus: KeyEvent { action=ACTION_UP, keyCode=KEYCODE_MENU, scanCode=0, metaState=0, flags=0x28, repeatCount=0, eventTime=156038, downTime=156038, deviceId=-1, source=0x101 }
03-24 21:50:27.318  1700  1700 W ViewRootImpl[Select input method]: Cancelling event due to no window focus: KeyEvent { action=ACTION_UP, keyCode=KEYCODE_MENU, scanCode=0, metaState=0, flags=0x28, repeatCount=0, eventTime=156038, downTime=156038, deviceId=-1, source=0x101 }
03-24 21:50:27.318  1700  1700 W ViewRootImpl[Select input method]: Cancelling event due to no window focus: KeyEvent { action=ACTION_UP, keyCode=KEYCODE_MENU, scanCode=0, metaState=0, flags=0x28, repeatCount=0, eventTime=156038, downTime=156038, deviceId=-1, source=0x101 }
03-24 21:50:27.318  1700  1700 W ViewRootImpl[Select input method]: Dropping event due to no window focus: KeyEvent { action=ACTION_DOWN, keyCode=KEYCODE_DPAD_LEFT, scanCode=0, metaState=0, flags=0x8, repeatCount=0, eventTime=156082, downTime=156082, deviceId=-1, source=0x101 }
03-24 21:50:27.325  5026  5048 D EGL_emulation: eglMakeCurrent: 0xb1b054e0: ver 3 0 (tinfo 0xb1b03740)
03-24 21:50:27.332  1402  1415 W WVCdm   : Could not load liboemcrypto.so. Falling back to L3.  dlopen failed: library "liboemcrypto.so" not found
03-24 21:50:27.340  5026  5048 D EGL_emulation: eglMakeCurrent: 0xb1b054e0: ver 3 0 (tinfo 0xb1b03740)
03-24 21:50:27.343  4798  4798 W Binder:4798_2: type=1400 audit(0.0:27): avc: denied { search } for name="run" dev="dm-0" ino=29322 scontext=u:r:priv_app:s0:c512,c768 tcontext=u:object_r:varrun_file:s0 tclass=dir permissive=0
03-24 21:50:27.348  1402  1415 I WVCdm   : CdmEngine::QueryKeyControlInfo
03-24 21:50:27.348  1402  1415 I WVCdm   : CdmEngine::GenerateKeyRequest
03-24 21:50:27.348  1402  1415 D WVCdm   : PrepareKeyRequest: nonce=2797678689
03-24 21:50:27.373  4798  4798 W Binder:4798_2: type=1400 audit(0.0:28): avc: denied { read } for name="/" dev="tmpfs" ino=3952 scontext=u:r:priv_app:s0:c512,c768 tcontext=u:object_r:device:s0 tclass=dir permissive=0
03-24 21:50:27.392  1700  4584 I OpenGLRenderer: Initialized EGL, version 1.4
03-24 21:50:27.392  1700  4584 D OpenGLRenderer: Swap behavior 1
03-24 21:50:27.392  1700  4584 W OpenGLRenderer: Failed to choose config with EGL_SWAP_BEHAVIOR_PRESERVED, retrying without...
03-24 21:50:27.392  1700  4584 D OpenGLRenderer: Swap behavior 0
03-24 21:50:27.395  1700  4584 D EGL_emulation: eglCreateContext: 0x8fc3ef60: maj 3 min 0 rcv 3
03-24 21:50:27.399  4798  4811 D         : HostConnection::get() New Host Connection established 0xb1b6f0c0, tid 4811
03-24 21:50:27.399  1700  4584 D EGL_emulation: eglMakeCurrent: 0x8fc3ef60: ver 3 0 (tinfo 0x8d65a1d0)
03-24 21:50:27.404  4798  4811 D EGL_emulation: eglCreateContext: 0xb1b05960: maj 3 min 0 rcv 3
03-24 21:50:27.405  1700  1700 W ViewRootImpl[Select input method]: Cancelling event due to no window focus: KeyEvent { action=ACTION_UP, keyCode=KEYCODE_DPAD_LEFT, scanCode=0, metaState=0, flags=0x28, repeatCount=0, eventTime=156083, downTime=156083, deviceId=-1, source=0x101 }
03-24 21:50:27.405  1700  1700 W ViewRootImpl[Select input method]: Cancelling event due to no window focus: KeyEvent { action=ACTION_UP, keyCode=KEYCODE_DPAD_LEFT, scanCode=0, metaState=0, flags=0x28, repeatCount=0, eventTime=156083, downTime=156083, deviceId=-1, source=0x101 }
03-24 21:50:27.405  1700  1700 W ViewRootImpl[Select input method]: Cancelling event due to no window focus: KeyEvent { action=ACTION_UP, keyCode=KEYCODE_DPAD_LEFT, scanCode=0, metaState=0, flags=0x28, repeatCount=0, eventTime=156083, downTime=156083, deviceId=-1, source=0x101 }
03-24 21:50:27.405  1700  1700 W ViewRootImpl[Select input method]: Cancelling event due to no window focus: KeyEvent { action=ACTION_UP, keyCode=KEYCODE_DPAD_LEFT, scanCode=0, metaState=0, flags=0x28, repeatCount=0, eventTime=156083, downTime=156083, deviceId=-1, source=0x101 }
03-24 21:50:27.406  1700  1700 W ViewRootImpl[Select input method]: Cancelling event due to no window focus: KeyEvent { action=ACTION_UP, keyCode=KEYCODE_DPAD_LEFT, scanCode=0, metaState=0, flags=0x28, repeatCount=0, eventTime=156083, downTime=156083, deviceId=-1, source=0x101 }
03-24 21:50:27.406  1700  1700 W ViewRootImpl[Select input method]: Cancelling event due to no window focus: KeyEvent { action=ACTION_UP, keyCode=KEYCODE_DPAD_LEFT, scanCode=0, metaState=0, flags=0x28, repeatCount=0, eventTime=156083, downTime=156083, deviceId=-1, source=0x101 }
03-24 21:50:27.406  1700  1700 W ViewRootImpl[Select input method]: Cancelling event due to no window focus: KeyEvent { action=ACTION_UP, keyCode=KEYCODE_DPAD_LEFT, scanCode=0, metaState=0, flags=0x28, repeatCount=0, eventTime=156083, downTime=156083, deviceId=-1, source=0x101 }
03-24 21:50:27.406  1700  1700 W ViewRootImpl[Select input method]: Cancelling event due to no window focus: KeyEvent { action=ACTION_UP, keyCode=KEYCODE_DPAD_LEFT, scanCode=0, metaState=0, flags=0x28, repeatCount=0, eventTime=156083, downTime=156083, deviceId=-1, source=0x101 }
03-24 21:50:27.406  1700  1700 W ViewRootImpl[Select input method]: Cancelling event due to no window focus: KeyEvent { action=ACTION_UP, keyCode=KEYCODE_DPAD_LEFT, scanCode=0, metaState=0, flags=0x28, repeatCount=0, eventTime=156083, downTime=156083, deviceId=-1, source=0x101 }
03-24 21:50:27.408  1700  1700 W ViewRootImpl[Select input method]: Dropping event due to no window focus: KeyEvent { action=ACTION_DOWN, keyCode=KEYCODE_DPAD_CENTER, scanCode=0, metaState=0, flags=0x8, repeatCount=0, eventTime=156099, downTime=156099, deviceId=-1, source=0x101 }
03-24 21:50:27.410  1700  1700 W ViewRootImpl[Select input method]: Cancelling event due to no window focus: KeyEvent { action=ACTION_UP, keyCode=KEYCODE_DPAD_CENTER, scanCode=0, metaState=0, flags=0x28, repeatCount=0, eventTime=156171, downTime=156171, deviceId=-1, source=0x101 }
03-24 21:50:27.410  1700  1700 W ViewRootImpl[Select input method]: Cancelling event due to no window focus: KeyEvent { action=ACTION_UP, keyCode=KEYCODE_DPAD_CENTER, scanCode=0, metaState=0, flags=0x28, repeatCount=0, eventTime=156171, downTime=156171, deviceId=-1, source=0x101 }
03-24 21:50:27.410  1700  1700 W ViewRootImpl[Select input method]: Cancelling event due to no window focus: KeyEvent { action=ACTION_UP, keyCode=KEYCODE_DPAD_CENTER, scanCode=0, metaState=0, flags=0x28, repeatCount=0, eventTime=156171, downTime=156171, deviceId=-1, source=0x101 }
03-24 21:50:27.410  1700  1700 W ViewRootImpl[Select input method]: Cancelling event due to no window focus: KeyEvent { action=ACTION_UP, keyCode=KEYCODE_DPAD_CENTER, scanCode=0, metaState=0, flags=0x28, repeatCount=0, eventTime=156171, downTime=156171, deviceId=-1, source=0x101 }
03-24 21:50:27.410  1700  1700 W ViewRootImpl[Select input method]: Cancelling event due to no window focus: KeyEvent { action=ACTION_UP, keyCode=KEYCODE_DPAD_CENTER, scanCode=0, metaState=0, flags=0x28, repeatCount=0, eventTime=156171, downTime=156171, deviceId=-1, source=0x101 }
03-24 21:50:27.410  1700  1700 W ViewRootImpl[Select input method]: Cancelling event due to no window focus: KeyEvent { action=ACTION_UP, keyCode=KEYCODE_DPAD_CENTER, scanCode=0, metaState=0, flags=0x28, repeatCount=0, eventTime=156171, downTime=156171, deviceId=-1, source=0x101 }
03-24 21:50:27.411  1700  1700 W ViewRootImpl[Select input method]: Cancelling event due to no window focus: KeyEvent { action=ACTION_UP, keyCode=KEYCODE_DPAD_CENTER, scanCode=0, metaState=0, flags=0x28, repeatCount=0, eventTime=156171, downTime=156171, deviceId=-1, source=0x101 }
03-24 21:50:27.411  1700  1700 W ViewRootImpl[Select input method]: Cancelling event due to no window focus: KeyEvent { action=ACTION_UP, keyCode=KEYCODE_DPAD_CENTER, scanCode=0, metaState=0, flags=0x28, repeatCount=0, eventTime=156171, downTime=156171, deviceId=-1, source=0x101 }
03-24 21:50:27.411  1700  1700 W ViewRootImpl[Select input method]: Cancelling event due to no window focus: KeyEvent { action=ACTION_UP, keyCode=KEYCODE_DPAD_CENTER, scanCode=0, metaState=0, flags=0x28, repeatCount=0, eventTime=156171, downTime=156171, deviceId=-1, source=0x101 }
03-24 21:50:27.411  5026  5026 W InputEventReceiver: Attempted to finish an input event but the input event receiver has already been disposed.
03-24 21:50:27.411  5026  5026 W ViewRootImpl[Sort By]: Dropping event due to root view being removed: MotionEvent { action=ACTION_UP, actionButton=0, id[0]=0, x[0]=378.0395, y[0]=881.5415, toolType[0]=TOOL_TYPE_UNKNOWN, buttonState=0, metaState=0, flags=0x0, edgeFlags=0x0, pointerCount=1, historySize=0, eventTime=156090, downTime=156087, deviceId=0, source=0x1002 }
03-24 21:50:27.411  5026  5026 W InputEventReceiver: Attempted to finish an input event but the input event receiver has already been disposed.
03-24 21:50:27.411  5026  5026 W ViewRootImpl[Sort By]: Dropping event due to root view being removed: MotionEvent { action=ACTION_DOWN, actionButton=0, id[0]=0, x[0]=100.0, y[0]=701.0, toolType[0]=TOOL_TYPE_UNKNOWN, buttonState=0, metaState=0, flags=0x0, edgeFlags=0x0, pointerCount=1, historySize=0, eventTime=156091, downTime=156091, deviceId=0, source=0x1002 }
03-24 21:50:27.411  5026  5026 W InputEventReceiver: Attempted to finish an input event but the input event receiver has already been disposed.
03-24 21:50:27.411  5026  5026 W ViewRootImpl[Sort By]: Dropping event due to root view being removed: MotionEvent { action=ACTION_UP, actionButton=0, id[0]=0, x[0]=103.216156, y[0]=703.7739, toolType[0]=TOOL_TYPE_UNKNOWN, buttonState=0, metaState=0, flags=0x0, edgeFlags=0x0, pointerCount=1, historySize=0, eventTime=156092, downTime=156091, deviceId=0, source=0x1002 }
03-24 21:50:27.411  5026  5026 W InputEventReceiver: Attempted to finish an input event but the input event receiver has already been disposed.
03-24 21:50:27.411  5026  5026 W ViewRootImpl[Sort By]: Dropping event due to root view being removed: MotionEvent { action=ACTION_DOWN, actionButton=0, id[0]=0, x[0]=206.0, y[0]=1039.0, toolType[0]=TOOL_TYPE_UNKNOWN, buttonState=0, metaState=0, flags=0x0, edgeFlags=0x0, pointerCount=1, historySize=0, eventTime=156093, downTime=156093, deviceId=0, source=0x1002 }
03-24 21:50:27.411  5026  5026 W InputEventReceiver: Attempted to finish an input event but the input event receiver has already been disposed.
03-24 21:50:27.411  5026  5026 W ViewRootImpl[Sort By]: Dropping event due to root view being removed: MotionEvent { action=ACTION_UP, actionButton=0, id[0]=0, x[0]=208.26935, y[0]=1040.2076, toolType[0]=TOOL_TYPE_UNKNOWN, buttonState=0, metaState=0, flags=0x0, edgeFlags=0x0, pointerCount=1, historySize=0, eventTime=156094, downTime=156093, deviceId=0, source=0x1002 }
03-24 21:50:27.411  5026  5026 W InputEventReceiver: Attempted to finish an input event but the input event receiver has already been disposed.
03-24 21:50:27.411  5026  5026 W ViewRootImpl[Sort By]: Dropping event due to root view being removed: MotionEvent { action=ACTION_DOWN, actionButton=0, id[0]=0, x[0]=470.0, y[0]=736.0, toolType[0]=TOOL_TYPE_UNKNOWN, buttonState=0, metaState=0, flags=0x0, edgeFlags=0x0, pointerCount=1, historySize=0, eventTime=156095, downTime=156095, deviceId=0, source=0x1002 }
03-24 21:50:27.411  5026  5026 W InputEventReceiver: Attempted to finish an input event but the input event receiver has already been disposed.
03-24 21:50:27.411  5026  5026 W ViewRootImpl[Sort By]: Dropping event due to root view being removed: MotionEvent { action=ACTION_UP, actionButton=0, id[0]=0, x[0]=471.44196, y[0]=739.8541, toolType[0]=TOOL_TYPE_UNKNOWN, buttonState=0, metaState=0, flags=0x0, edgeFlags=0x0, pointerCount=1, historySize=0, eventTime=156096, downTime=156095, deviceId=0, source=0x1002 }
03-24 21:50:27.411  5026  5026 W InputEventReceiver: Attempted to finish an input event but the input event receiver has already been disposed.
03-24 21:50:27.411  5026  5026 W ViewRootImpl[Sort By]: Dropping event due to root view being removed: MotionEvent { action=ACTION_DOWN, actionButton=0, id[0]=0, x[0]=796.0, y[0]=33.0, toolType[0]=TOOL_TYPE_UNKNOWN, buttonState=0, metaState=0, flags=0x0, edgeFlags=0x0, pointerCount=1, historySize=0, eventTime=156097, downTime=156097, deviceId=0, source=0x1002 }
03-24 21:50:27.411  5026  5026 W InputEventReceiver: Attempted to finish an input event but the input event receiver has already been disposed.
03-24 21:50:27.411  5026  5026 W ViewRootImpl[Sort By]: Dropping event due to root view being removed: MotionEvent { action=ACTION_UP, actionButton=0, id[0]=0, x[0]=798.90515, y[0]=30.019226, toolType[0]=TOOL_TYPE_UNKNOWN, buttonState=0, metaState=0, flags=0x0, edgeFlags=0x0, pointerCount=1, historySize=0, eventTime=156098, downTime=156097, deviceId=0, source=0x1002 }
03-24 21:50:27.411  5026  5026 W InputEventReceiver: Attempted to finish an input event but the input event receiver has already been disposed.
03-24 21:50:27.412  4798  4811 D EGL_emulation: eglMakeCurrent: 0xb1b05960: ver 3 0 (tinfo 0x8b951220)
03-24 21:50:27.424  1700  1700 W ViewRootImpl[Select input method]: Dropping event due to no window focus: KeyEvent { action=ACTION_DOWN, keyCode=KEYCODE_DPAD_LEFT, scanCode=0, metaState=0, flags=0x8, repeatCount=0, eventTime=156174, downTime=156174, deviceId=-1, source=0x101 }
03-24 21:50:27.424  5026  5026 W ViewRootImpl[Sort By]: Dropping event due to root view being removed: KeyEvent { action=ACTION_UP, keyCode=KEYCODE_MENU, scanCode=0, metaState=0, flags=0x28, repeatCount=0, eventTime=156082, downTime=156024, deviceId=-1, source=0x101 }
03-24 21:50:27.424  5026  5026 W InputEventReceiver: Attempted to finish an input event but the input event receiver has already been disposed.
03-24 21:50:27.437  1700  4584 D EGL_emulation: eglMakeCurrent: 0x8fc3ef60: ver 3 0 (tinfo 0x8d65a1d0)
03-24 21:50:27.448  1402  3483 I WVCdm   : CdmEngine::CloseSession
03-24 21:50:27.504  4798  4811 D EGL_emulation: eglCreateContext: 0xb1b05ba0: maj 3 min 0 rcv 3
03-24 21:50:27.517  4798  4811 D EGL_emulation: eglMakeCurrent: 0xb1b05ba0: ver 3 0 (tinfo 0x8b951220)
03-24 21:50:27.638  1700  4584 D EGL_emulation: eglMakeCurrent: 0x8fc3ef60: ver 3 0 (tinfo 0x8d65a1d0)
03-24 21:50:27.687  1700  1700 W InputEventReceiver: Attempted to finish an input event but the input event receiver has already been disposed.
03-24 21:50:27.688  5026  5026 W ViewRootImpl[MoviesListingActivity]: Dropping event due to no window focus: KeyEvent { action=ACTION_DOWN, keyCode=KEYCODE_VOICE_ASSIST, scanCode=0, metaState=0, flags=0x8, repeatCount=0, eventTime=156389, downTime=156389, deviceId=-1, source=0x101 }
03-24 21:50:27.689  1700  1757 I ActivityManager: START u0 {act=android.speech.action.WEB_SEARCH cmp=com.google.android.googlequicksearchbox/.SearchActivity} from uid 1000 on display 0
03-24 21:50:27.706  2563  3331 I CheckinUtil: Classify the device as Phone.
03-24 21:50:27.712  2563  3331 I CheckinConnFactory: Get token from PseudonymousIdApi: 179=MSKFWDdunkwq3enZl4KnJRe_fvSi1HcpC1Dh9J94WHlDFAMlEyAwanxqPmTbI36FQWGy0BzlKkmZoEQh6TK88vLLFVv3Z1htAQhSLt0QEdCcU9KWT5oedEGINY3qR7pvv84zXzxwCQNgNmVuPSCXnaEPE3FmufGZrYUWIaOo6CU
03-24 21:50:27.750  2563  3331 I CheckinRequestProcessor: set cookie as: NID=179=MSKFWDdunkwq3enZl4KnJRe_fvSi1HcpC1Dh9J94WHlDFAMlEyAwanxqPmTbI36FQWGy0BzlKkmZoEQh6TK88vLLFVv3Z1htAQhSLt0QEdCcU9KWT5oedEGINY3qR7pvv84zXzxwCQNgNmVuPSCXnaEPE3FmufGZrYUWIaOo6CU
03-24 21:50:27.758  2563  3331 E CheckinRequestProcessor: CheckinNowTaskTag : Checkin failed: https://android.clients.google.com/checkin (fragment #0): java.net.UnknownHostException: Unable to resolve host "android.clients.google.com": No address associated with hostname
03-24 21:50:27.761  1700  1711 I ActivityManager: START u0 {act=android.intent.action.MAIN cat=[android.intent.category.LAUNCHER] flg=0x10200000 cmp=com.esoxjem.movieguide/.listing.MoviesListingActivity} from uid 2000 on display 0
03-24 21:50:27.769  2563  3331 I CheckinChimeraService: Checkin result code: 0 will be retried.
03-24 21:50:27.830  1700  3986 I ActivityManager: Setting hasTopUi=true for pid=1850
03-24 21:50:27.831  1850  1850 D PhoneStatusBar: disable: < expand ICONS* alerts SYSTEM_INFO* back home recent clock search quick_settings >
03-24 21:50:27.847  2259  2669 E NetworkScheduler: Invalid component specified.
03-24 21:50:27.870  1850  2111 D EGL_emulation: eglMakeCurrent: 0xb1b057e0: ver 3 0 (tinfo 0x9580e030)
03-24 21:50:27.871  5108  5126 W Bugle   : canonicalizeMccMnc: invalid mccmnc:null ,null
03-24 21:50:27.876  1700  1711 D MmsServiceBroker: getCarrierConfigValues() by com.google.android.apps.messaging
03-24 21:50:27.876  1989  4952 D MmsService: getCarrierConfigValues
03-24 21:50:27.877  1989  4952 I MmsService: mms config for sub 1: Bundle[{httpSocketTimeout=60000, aliasMinChars=2, smsToMmsTextThreshold=-1, enableSMSDeliveryReports=true, maxMessageTextSize=-1, supportMmsContentDisposition=true, enabledTransID=false, aliasEnabled=false, supportHttpCharsetHeader=false, allowAttachAudio=true, smsToMmsTextLengthThreshold=-1, recipientLimit=2147483647, uaProfTagName=x-wap-profile, aliasMaxChars=48, maxImageHeight=1944, enableMMSDeliveryReports=false, userAgent=, mmsCloseConnection=false, config_cellBroadcastAppLinks=true, maxSubjectLength=40, httpParams=, enableGroupMms=true, emailGatewayNumber=, maxMessageSize=1048576, naiSuffix=, enableMMSReadReports=false, maxImageWidth=2592, uaProfUrl=, enabledMMS=false, enabledNotifyWapMMSC=false, sendMultipartSmsAsSeparateMessages=false, enableMultipartSMS=true}]
03-24 21:50:27.877  5108  5126 I Bugle   : Carrier configs loaded: Bundle[{httpSocketTimeout=60000, aliasMinChars=2, smsToMmsTextThreshold=-1, enableSMSDeliveryReports=true, maxMessageTextSize=-1, supportMmsContentDisposition=true, enabledTransID=false, aliasEnabled=false, supportHttpCharsetHeader=false, allowAttachAudio=true, spamForwardingNumber=7726, smsToMmsTextLengthThreshold=-1, recipientLimit=2147483647, uaProfTagName=x-wap-profile, aliasMaxChars=48, maxImageHeight=1944, enableMMSDeliveryReports=false, userAgent=, mmsCloseConnection=false, config_cellBroadcastAppLinks=true, maxSubjectLength=40, httpParams=, enableGroupMms=true, emailGatewayNumber=, maxMessageSize=1048576, naiSuffix=, enableMMSReadReports=false, maxImageWidth=2592, uaProfUrl=, enabledMMS=false, enabledNotifyWapMMSC=false, sendMultipartSmsAsSeparateMessages=false, enableMultipartSMS=true}] from resources+system for subId=1
03-24 21:50:27.878  2563  3331 I Icing   : IndexChimeraService.getServiceInterface callingPackage=com.google.android.apps.messaging componentName=null serviceId=36
03-24 21:50:27.879  1850  2111 D EGL_emulation: eglMakeCurrent: 0xb1b057e0: ver 3 0 (tinfo 0x9580e030)
03-24 21:50:27.916  1700  1757 I ActivityManager: START u0 {act=android.intent.action.MAIN cat=[android.intent.category.HOME] flg=0x10200000 cmp=com.google.android.apps.nexuslauncher/.NexusLauncherActivity (has extras)} from uid 1000 on display 0
03-24 21:50:27.931  5026  5046 D OkHttp  : --> GET http://api.themoviedb.org/3/discover/movie?language=en&sort_by=popularity.desc&page=1&api_key=00042a6d8549506b772708ee4e4c9637
03-24 21:50:27.931  5026  5046 D OkHttp  : --> END GET
03-24 21:50:27.932  5026  5046 D OkHttp  : <-- HTTP FAILED: java.net.UnknownHostException: Unable to resolve host "api.themoviedb.org": No address associated with hostname
03-24 21:50:27.942  1700  3987 I ActivityManager: Setting hasTopUi=false for pid=1850
03-24 21:50:27.943  1850  1850 D PhoneStatusBar: disable: < expand icons* alerts system_info* back home recent clock search quick_settings >
03-24 21:50:27.949  5026  5026 W ViewRootImpl[Sort By]: Dropping event due to no window focus: KeyEvent { action=ACTION_DOWN, keyCode=KEYCODE_APOSTROPHE, scanCode=0, metaState=0, flags=0x8, repeatCount=0, eventTime=156714, downTime=156714, deviceId=-1, source=0x101 }
03-24 21:50:27.950  5026  5026 W ViewRootImpl[Sort By]: Cancelling event due to no window focus: KeyEvent { action=ACTION_UP, keyCode=KEYCODE_APOSTROPHE, scanCode=0, metaState=0, flags=0x28, repeatCount=0, eventTime=156714, downTime=156714, deviceId=-1, source=0x101 }
03-24 21:50:27.950  5026  5026 W ViewRootImpl[Sort By]: Cancelling event due to no window focus: KeyEvent { action=ACTION_UP, keyCode=KEYCODE_APOSTROPHE, scanCode=0, metaState=0, flags=0x28, repeatCount=0, eventTime=156714, downTime=156714, deviceId=-1, source=0x101 }
03-24 21:50:27.950  5026  5026 W ViewRootImpl[Sort By]: Cancelling event due to no window focus: KeyEvent { action=ACTION_UP, keyCode=KEYCODE_APOSTROPHE, scanCode=0, metaState=0, flags=0x28, repeatCount=0, eventTime=156714, downTime=156714, deviceId=-1, source=0x101 }
03-24 21:50:27.950  5026  5026 W ViewRootImpl[Sort By]: Cancelling event due to no window focus: KeyEvent { action=ACTION_UP, keyCode=KEYCODE_APOSTROPHE, scanCode=0, metaState=0, flags=0x28, repeatCount=0, eventTime=156714, downTime=156714, deviceId=-1, source=0x101 }
03-24 21:50:27.950  5026  5026 W ViewRootImpl[Sort By]: Cancelling event due to no window focus: KeyEvent { action=ACTION_UP, keyCode=KEYCODE_APOSTROPHE, scanCode=0, metaState=0, flags=0x28, repeatCount=0, eventTime=156714, downTime=156714, deviceId=-1, source=0x101 }
03-24 21:50:27.950  5026  5026 W ViewRootImpl[Sort By]: Cancelling event due to no window focus: KeyEvent { action=ACTION_UP, keyCode=KEYCODE_APOSTROPHE, scanCode=0, metaState=0, flags=0x28, repeatCount=0, eventTime=156714, downTime=156714, deviceId=-1, source=0x101 }
03-24 21:50:27.950  5026  5026 W ViewRootImpl[Sort By]: Cancelling event due to no window focus: KeyEvent { action=ACTION_UP, keyCode=KEYCODE_APOSTROPHE, scanCode=0, metaState=0, flags=0x28, repeatCount=0, eventTime=156714, downTime=156714, deviceId=-1, source=0x101 }
03-24 21:50:27.950  5026  5026 W ViewRootImpl[Sort By]: Cancelling event due to no window focus: KeyEvent { action=ACTION_UP, keyCode=KEYCODE_APOSTROPHE, scanCode=0, metaState=0, flags=0x28, repeatCount=0, eventTime=156714, downTime=156714, deviceId=-1, source=0x101 }
03-24 21:50:27.950  5026  5026 W ViewRootImpl[Sort By]: Cancelling event due to no window focus: KeyEvent { action=ACTION_UP, keyCode=KEYCODE_APOSTROPHE, scanCode=0, metaState=0, flags=0x28, repeatCount=0, eventTime=156714, downTime=156714, deviceId=-1, source=0x101 }
03-24 21:50:27.967  2563  3331 I Icing   : IndexChimeraService.getServiceInterface callingPackage=com.google.android.apps.messaging componentName=null serviceId=36
03-24 21:50:27.976  1850  2111 D EGL_emulation: eglMakeCurrent: 0xb1b057e0: ver 3 0 (tinfo 0x9580e030)
03-24 21:50:27.993  1850  2111 D EGL_emulation: eglMakeCurrent: 0xb1b057e0: ver 3 0 (tinfo 0x9580e030)
03-24 21:50:27.999  2563  3331 I Icing   : IndexChimeraService.getServiceInterface callingPackage=com.google.android.apps.messaging componentName=null serviceId=36
03-24 21:50:28.015  2563  3347 I Icing   : Usage reports ok 1, Failed Usage reports 0, indexed 0, rejected 0, imm upload false
03-24 21:50:28.026  5026  5026 W ViewRootImpl[Sort By]: Dropping event due to no window focus: KeyEvent { action=ACTION_DOWN, keyCode=KEYCODE_DPAD_RIGHT, scanCode=0, metaState=0, flags=0x8, repeatCount=0, eventTime=156716, downTime=156716, deviceId=-1, source=0x101 }
03-24 21:50:28.028  5026  5026 W ViewRootImpl[Sort By]: Cancelling event due to no window focus: KeyEvent { action=ACTION_UP, keyCode=KEYCODE_DPAD_RIGHT, scanCode=0, metaState=0, flags=0x28, repeatCount=0, eventTime=156723, downTime=156723, deviceId=-1, source=0x101 }
03-24 21:50:28.028  5026  5026 W ViewRootImpl[Sort By]: Cancelling event due to no window focus: KeyEvent { action=ACTION_UP, keyCode=KEYCODE_DPAD_RIGHT, scanCode=0, metaState=0, flags=0x28, repeatCount=0, eventTime=156723, downTime=156723, deviceId=-1, source=0x101 }
03-24 21:50:28.028  5026  5026 W ViewRootImpl[Sort By]: Cancelling event due to no window focus: KeyEvent { action=ACTION_UP, keyCode=KEYCODE_DPAD_RIGHT, scanCode=0, metaState=0, flags=0x28, repeatCount=0, eventTime=156723, downTime=156723, deviceId=-1, source=0x101 }
03-24 21:50:28.028  5026  5026 W ViewRootImpl[Sort By]: Cancelling event due to no window focus: KeyEvent { action=ACTION_UP, keyCode=KEYCODE_DPAD_RIGHT, scanCode=0, metaState=0, flags=0x28, repeatCount=0, eventTime=156723, downTime=156723, deviceId=-1, source=0x101 }
03-24 21:50:28.028  5026  5026 W ViewRootImpl[Sort By]: Cancelling event due to no window focus: KeyEvent { action=ACTION_UP, keyCode=KEYCODE_DPAD_RIGHT, scanCode=0, metaState=0, flags=0x28, repeatCount=0, eventTime=156723, downTime=156723, deviceId=-1, source=0x101 }
03-24 21:50:28.028  5026  5026 W ViewRootImpl[Sort By]: Cancelling event due to no window focus: KeyEvent { action=ACTION_UP, keyCode=KEYCODE_DPAD_RIGHT, scanCode=0, metaState=0, flags=0x28, repeatCount=0, eventTime=156723, downTime=156723, deviceId=-1, source=0x101 }
03-24 21:50:28.028  5026  5026 W ViewRootImpl[Sort By]: Cancelling event due to no window focus: KeyEvent { action=ACTION_UP, keyCode=KEYCODE_DPAD_RIGHT, scanCode=0, metaState=0, flags=0x28, repeatCount=0, eventTime=156723, downTime=156723, deviceId=-1, source=0x101 }
03-24 21:50:28.028  5026  5026 W ViewRootImpl[Sort By]: Cancelling event due to no window focus: KeyEvent { action=ACTION_UP, keyCode=KEYCODE_DPAD_RIGHT, scanCode=0, metaState=0, flags=0x28, repeatCount=0, eventTime=156723, downTime=156723, deviceId=-1, source=0x101 }
03-24 21:50:28.028  5026  5026 W ViewRootImpl[Sort By]: Cancelling event due to no window focus: KeyEvent { action=ACTION_UP, keyCode=KEYCODE_DPAD_RIGHT, scanCode=0, metaState=0, flags=0x28, repeatCount=0, eventTime=156723, downTime=156723, deviceId=-1, source=0x101 }
03-24 21:50:28.034  2563  3347 I Icing   : Usage reports ok 0, Failed Usage reports 0, indexed 0, rejected 0, imm upload false
03-24 21:50:28.035  2563  3331 I Icing   : IndexChimeraService.getServiceInterface callingPackage=com.google.android.apps.messaging componentName=null serviceId=36
03-24 21:50:28.052  2563  3347 I Icing   : Usage reports ok 0, Failed Usage reports 0, indexed 0, rejected 0, imm upload false
03-24 21:50:28.054  5026  5048 D EGL_emulation: eglMakeCurrent: 0xb1b054e0: ver 3 0 (tinfo 0xb1b03740)
03-24 21:50:28.064  2563  3331 I Icing   : IndexChimeraService.getServiceInterface callingPackage=com.google.android.apps.messaging componentName=null serviceId=36
03-24 21:50:28.068  2563  3347 I Icing   : Usage reports ok 0, Failed Usage reports 0, indexed 0, rejected 0, imm upload false
03-24 21:50:28.070  5026  5048 D EGL_emulation: eglMakeCurrent: 0xb1b054e0: ver 3 0 (tinfo 0xb1b03740)
03-24 21:50:28.086  5026  5048 D EGL_emulation: eglMakeCurrent: 0xb1b054e0: ver 3 0 (tinfo 0xb1b03740)
03-24 21:50:28.092  5026  5048 D EGL_emulation: eglMakeCurrent: 0xb1b054e0: ver 3 0 (tinfo 0xb1b03740)
03-24 21:50:28.095  2563  3331 I Icing   : IndexChimeraService.getServiceInterface callingPackage=com.google.android.apps.messaging componentName=null serviceId=36
03-24 21:50:28.103  5026  5048 D EGL_emulation: eglMakeCurrent: 0xb1b054e0: ver 3 0 (tinfo 0xb1b03740)
03-24 21:50:28.108  5026  5048 D EGL_emulation: eglMakeCurrent: 0xb1b054e0: ver 3 0 (tinfo 0xb1b03740)
03-24 21:50:28.122  5026  5048 D EGL_emulation: eglMakeCurrent: 0xb1b054e0: ver 3 0 (tinfo 0xb1b03740)
03-24 21:50:28.127  5026  5048 D EGL_emulation: eglMakeCurrent: 0xb1b054e0: ver 3 0 (tinfo 0xb1b03740)
03-24 21:50:28.138  5026  5048 D EGL_emulation: eglMakeCurrent: 0xb1b054e0: ver 3 0 (tinfo 0xb1b03740)
03-24 21:50:28.144  5026  5048 D EGL_emulation: eglMakeCurrent: 0xb1b054e0: ver 3 0 (tinfo 0xb1b03740)
03-24 21:50:28.148  2563  3347 I Icing   : Usage reports ok 0, Failed Usage reports 0, indexed 0, rejected 0, imm upload false
03-24 21:50:28.188  5026  5048 D OpenGLRenderer: endAllActiveAnimators on 0x94beb100 (RippleDrawable) with handle 0x9545bd00
03-24 21:50:28.193  1700  3520 I ActivityManager: Setting hasTopUi=true for pid=1850
03-24 21:50:28.194  1850  1850 D PhoneStatusBar: disable: < expand ICONS* alerts SYSTEM_INFO* back home recent clock search quick_settings >
03-24 21:50:28.199  2563  3347 I Icing   : Usage reports ok 0, Failed Usage reports 0, indexed 0, rejected 0, imm upload false
03-24 21:50:28.205  5026  5026 W InputEventReceiver: Attempted to finish an input event but the input event receiver has already been disposed.
03-24 21:50:28.205  5026  5026 W ViewRootImpl[Sort By]: Dropping event due to root view being removed: MotionEvent { action=ACTION_MOVE, actionButton=0, id[0]=0, x[0]=527.0186, y[0]=-251.36246, toolType[0]=TOOL_TYPE_UNKNOWN, buttonState=0, metaState=0, flags=0x0, edgeFlags=0x0, pointerCount=1, historySize=0, eventTime=156949, downTime=156948, deviceId=0, source=0x1002 }
03-24 21:50:28.205  5026  5026 W InputEventReceiver: Attempted to finish an input event but the input event receiver has already been disposed.
03-24 21:50:28.215  1700  1729 W InputManager: Input event injection from pid 4853 failed.
03-24 21:50:28.244  1850  2111 D EGL_emulation: eglMakeCurrent: 0xb1b057e0: ver 3 0 (tinfo 0x9580e030)
03-24 21:50:28.258  1850  2111 D EGL_emulation: eglMakeCurrent: 0xb1b057e0: ver 3 0 (tinfo 0x9580e030)
03-24 21:50:28.274  1700  3995 I ActivityManager: Setting hasTopUi=false for pid=1850
03-24 21:50:28.274  1850  1850 D PhoneStatusBar: disable: < expand icons* alerts system_info* back home recent clock search quick_settings >
03-24 21:50:28.309  1850  2111 D EGL_emulation: eglMakeCurrent: 0xb1b057e0: ver 3 0 (tinfo 0x9580e030)
03-24 21:50:28.316  5026  5052 D OkHttp  : --> GET http://api.themoviedb.org/3/discover/movie?language=en&sort_by=popularity.desc&page=2&api_key=00042a6d8549506b772708ee4e4c9637
03-24 21:50:28.316  5026  5052 D OkHttp  : --> END GET
03-24 21:50:28.316  5026  5052 D OkHttp  : <-- HTTP FAILED: java.net.UnknownHostException: Unable to resolve host "api.themoviedb.org": No address associated with hostname
03-24 21:50:28.330  5026  5046 D OkHttp  : --> GET http://api.themoviedb.org/3/discover/movie?language=en&sort_by=popularity.desc&page=3&api_key=00042a6d8549506b772708ee4e4c9637
03-24 21:50:28.330  5026  5046 D OkHttp  : --> END GET
03-24 21:50:28.330  5026  5046 D OkHttp  : <-- HTTP FAILED: java.net.UnknownHostException: Unable to resolve host "api.themoviedb.org": No address associated with hostname
03-24 21:50:28.337  1850  2111 D EGL_emulation: eglMakeCurrent: 0xb1b057e0: ver 3 0 (tinfo 0x9580e030)
03-24 21:50:28.343  5026  5052 D OkHttp  : --> GET http://api.themoviedb.org/3/discover/movie?language=en&sort_by=popularity.desc&page=1&api_key=00042a6d8549506b772708ee4e4c9637
03-24 21:50:28.343  5026  5052 D OkHttp  : --> END GET
03-24 21:50:28.343  5026  5052 D OkHttp  : <-- HTTP FAILED: java.net.UnknownHostException: Unable to resolve host "api.themoviedb.org": No address associated with hostname
03-24 21:50:28.359  1700  3985 I ActivityManager: Setting hasTopUi=true for pid=1850
03-24 21:50:28.360  5026  5026 W ViewRootImpl[Sort By]: Dropping event due to no window focus: KeyEvent { action=ACTION_DOWN, keyCode=KEYCODE_MENU, scanCode=0, metaState=0, flags=0x8, repeatCount=0, eventTime=157111, downTime=157111, deviceId=-1, source=0x101 }
03-24 21:50:28.362  1850  1850 D PhoneStatusBar: disable: < expand ICONS* alerts SYSTEM_INFO* back home recent clock search quick_settings >
03-24 21:50:28.362  5026  5026 W ViewRootImpl[Sort By]: Cancelling event due to no window focus: KeyEvent { action=ACTION_UP, keyCode=KEYCODE_MENU, scanCode=0, metaState=0, flags=0x28, repeatCount=0, eventTime=157119, downTime=157119, deviceId=-1, source=0x101 }
03-24 21:50:28.362  5026  5026 W ViewRootImpl[Sort By]: Cancelling event due to no window focus: KeyEvent { action=ACTION_UP, keyCode=KEYCODE_MENU, scanCode=0, metaState=0, flags=0x28, repeatCount=0, eventTime=157119, downTime=157119, deviceId=-1, source=0x101 }
03-24 21:50:28.362  5026  5026 W ViewRootImpl[Sort By]: Cancelling event due to no window focus: KeyEvent { action=ACTION_UP, keyCode=KEYCODE_MENU, scanCode=0, metaState=0, flags=0x28, repeatCount=0, eventTime=157119, downTime=157119, deviceId=-1, source=0x101 }
03-24 21:50:28.362  5026  5026 W ViewRootImpl[Sort By]: Cancelling event due to no window focus: KeyEvent { action=ACTION_UP, keyCode=KEYCODE_MENU, scanCode=0, metaState=0, flags=0x28, repeatCount=0, eventTime=157119, downTime=157119, deviceId=-1, source=0x101 }
03-24 21:50:28.362  5026  5026 W ViewRootImpl[Sort By]: Cancelling event due to no window focus: KeyEvent { action=ACTION_UP, keyCode=KEYCODE_MENU, scanCode=0, metaState=0, flags=0x28, repeatCount=0, eventTime=157119, downTime=157119, deviceId=-1, source=0x101 }
03-24 21:50:28.362  5026  5026 W ViewRootImpl[Sort By]: Cancelling event due to no window focus: KeyEvent { action=ACTION_UP, keyCode=KEYCODE_MENU, scanCode=0, metaState=0, flags=0x28, repeatCount=0, eventTime=157119, downTime=157119, deviceId=-1, source=0x101 }
03-24 21:50:28.412  1700  1757 I InputDispatcher: Dropped event because of pending overdue app switch.
03-24 21:50:28.413  1700  3986 W InputManager: Input event injection from pid 4853 failed.
03-24 21:50:28.415  5026  5026 W ViewRootImpl[Sort By]: Dropping event due to no window focus: KeyEvent { action=ACTION_DOWN, keyCode=KEYCODE_12, scanCode=0, metaState=0, flags=0x8, repeatCount=0, eventTime=157131, downTime=157131, deviceId=-1, source=0x101 }
03-24 21:50:28.415  5026  5026 W ViewRootImpl[Sort By]: Cancelling event due to no window focus: KeyEvent { action=ACTION_UP, keyCode=KEYCODE_12, scanCode=0, metaState=0, flags=0x28, repeatCount=0, eventTime=157177, downTime=157131, deviceId=-1, source=0x101 }
03-24 21:50:28.415  5026  5026 W ViewRootImpl[Sort By]: Cancelling event due to no window focus: KeyEvent { action=ACTION_UP, keyCode=KEYCODE_12, scanCode=0, metaState=0, flags=0x28, repeatCount=0, eventTime=157177, downTime=157131, deviceId=-1, source=0x101 }
03-24 21:50:28.415  5026  5026 W ViewRootImpl[Sort By]: Cancelling event due to no window focus: KeyEvent { action=ACTION_UP, keyCode=KEYCODE_12, scanCode=0, metaState=0, flags=0x28, repeatCount=0, eventTime=157177, downTime=157131, deviceId=-1, source=0x101 }
03-24 21:50:28.415  5026  5026 W ViewRootImpl[Sort By]: Cancelling event due to no window focus: KeyEvent { action=ACTION_UP, keyCode=KEYCODE_12, scanCode=0, metaState=0, flags=0x28, repeatCount=0, eventTime=157177, downTime=157131, deviceId=-1, source=0x101 }
03-24 21:50:28.415  5026  5026 W ViewRootImpl[Sort By]: Cancelling event due to no window focus: KeyEvent { action=ACTION_UP, keyCode=KEYCODE_12, scanCode=0, metaState=0, flags=0x28, repeatCount=0, eventTime=157177, downTime=157131, deviceId=-1, source=0x101 }
03-24 21:50:28.415  5026  5026 W ViewRootImpl[Sort By]: Cancelling event due to no window focus: KeyEvent { action=ACTION_UP, keyCode=KEYCODE_12, scanCode=0, metaState=0, flags=0x28, repeatCount=0, eventTime=157177, downTime=157131, deviceId=-1, source=0x101 }
03-24 21:50:28.415  5026  5026 W ViewRootImpl[Sort By]: Cancelling event due to no window focus: KeyEvent { action=ACTION_UP, keyCode=KEYCODE_12, scanCode=0, metaState=0, flags=0x28, repeatCount=0, eventTime=157177, downTime=157131, deviceId=-1, source=0x101 }
03-24 21:50:28.415  5026  5026 W ViewRootImpl[Sort By]: Cancelling event due to no window focus: KeyEvent { action=ACTION_UP, keyCode=KEYCODE_12, scanCode=0, metaState=0, flags=0x28, repeatCount=0, eventTime=157177, downTime=157131, deviceId=-1, source=0x101 }
03-24 21:50:28.415  5026  5026 W ViewRootImpl[Sort By]: Cancelling event due to no window focus: KeyEvent { action=ACTION_UP, keyCode=KEYCODE_12, scanCode=0, metaState=0, flags=0x28, repeatCount=0, eventTime=157177, downTime=157131, deviceId=-1, source=0x101 }
03-24 21:50:28.416  1850  2111 D EGL_emulation: eglMakeCurrent: 0xb1b057e0: ver 3 0 (tinfo 0x9580e030)
03-24 21:50:28.424  5026  5048 D EGL_emulation: eglMakeCurrent: 0xb1b054e0: ver 3 0 (tinfo 0xb1b03740)
03-24 21:50:28.426  1850  2111 D EGL_emulation: eglMakeCurrent: 0xb1b057e0: ver 3 0 (tinfo 0x9580e030)
03-24 21:50:28.443  5026  5048 D EGL_emulation: eglMakeCurrent: 0xb1b054e0: ver 3 0 (tinfo 0xb1b03740)
03-24 21:50:28.448  1700  3974 W VibratorService: Tried to stop vibrating but there is no vibrator device.
03-24 21:50:28.457  5026  5048 D EGL_emulation: eglMakeCurrent: 0xb1b054e0: ver 3 0 (tinfo 0xb1b03740)
03-24 21:50:28.466  1850  1850 W ViewRootImpl[StatusBar]: Dropping event due to no window focus: KeyEvent { action=ACTION_DOWN, keyCode=KEYCODE_STAR, scanCode=0, metaState=0, flags=0x8, repeatCount=0, eventTime=157213, downTime=157213, deviceId=-1, source=0x101 }
03-24 21:50:28.466  5026  5048 D EGL_emulation: eglMakeCurrent: 0xb1b054e0: ver 3 0 (tinfo 0xb1b03740)
03-24 21:50:28.477  1850  1850 W ViewRootImpl[StatusBar]: Cancelling event due to no window focus: KeyEvent { action=ACTION_UP, keyCode=KEYCODE_STAR, scanCode=0, metaState=0, flags=0x28, repeatCount=0, eventTime=157229, downTime=157229, deviceId=-1, source=0x101 }
03-24 21:50:28.477  1850  1850 W ViewRootImpl[StatusBar]: Cancelling event due to no window focus: KeyEvent { action=ACTION_UP, keyCode=KEYCODE_STAR, scanCode=0, metaState=0, flags=0x28, repeatCount=0, eventTime=157229, downTime=157229, deviceId=-1, source=0x101 }
03-24 21:50:28.477  1850  1850 W ViewRootImpl[StatusBar]: Cancelling event due to no window focus: KeyEvent { action=ACTION_UP, keyCode=KEYCODE_STAR, scanCode=0, metaState=0, flags=0x28, repeatCount=0, eventTime=157229, downTime=157229, deviceId=-1, source=0x101 }
03-24 21:50:28.477  1850  1850 W ViewRootImpl[StatusBar]: Cancelling event due to no window focus: KeyEvent { action=ACTION_UP, keyCode=KEYCODE_STAR, scanCode=0, metaState=0, flags=0x28, repeatCount=0, eventTime=157229, downTime=157229, deviceId=-1, source=0x101 }
03-24 21:50:28.477  1850  1850 W ViewRootImpl[StatusBar]: Cancelling event due to no window focus: KeyEvent { action=ACTION_UP, keyCode=KEYCODE_STAR, scanCode=0, metaState=0, flags=0x28, repeatCount=0, eventTime=157229, downTime=157229, deviceId=-1, source=0x101 }
03-24 21:50:28.477  1850  1850 W ViewRootImpl[StatusBar]: Cancelling event due to no window focus: KeyEvent { action=ACTION_UP, keyCode=KEYCODE_STAR, scanCode=0, metaState=0, flags=0x28, repeatCount=0, eventTime=157229, downTime=157229, deviceId=-1, source=0x101 }
03-24 21:50:28.477  1850  1850 W ViewRootImpl[StatusBar]: Cancelling event due to no window focus: KeyEvent { action=ACTION_UP, keyCode=KEYCODE_STAR, scanCode=0, metaState=0, flags=0x28, repeatCount=0, eventTime=157229, downTime=157229, deviceId=-1, source=0x101 }
03-24 21:50:28.477  1850  1850 W ViewRootImpl[StatusBar]: Cancelling event due to no window focus: KeyEvent { action=ACTION_UP, keyCode=KEYCODE_STAR, scanCode=0, metaState=0, flags=0x28, repeatCount=0, eventTime=157229, downTime=157229, deviceId=-1, source=0x101 }
03-24 21:50:28.477  1850  1850 W ViewRootImpl[StatusBar]: Cancelling event due to no window focus: KeyEvent { action=ACTION_UP, keyCode=KEYCODE_STAR, scanCode=0, metaState=0, flags=0x28, repeatCount=0, eventTime=157229, downTime=157229, deviceId=-1, source=0x101 }
03-24 21:50:28.528  5026  5026 W ViewRootImpl[Sort By]: Dropping event due to no window focus: KeyEvent { action=ACTION_DOWN, keyCode=KEYCODE_DPAD_DOWN, scanCode=0, metaState=0, flags=0x400, repeatCount=0, eventTime=157292, downTime=157292, deviceId=-1, source=0x101 }
03-24 21:50:28.528  5026  5026 W ViewRootImpl[Sort By]: Cancelling event due to no window focus: KeyEvent { action=ACTION_UP, keyCode=KEYCODE_DPAD_DOWN, scanCode=0, metaState=0, flags=0x420, repeatCount=0, eventTime=157292, downTime=157292, deviceId=-1, source=0x101 }
03-24 21:50:28.528  5026  5026 W ViewRootImpl[Sort By]: Cancelling event due to no window focus: KeyEvent { action=ACTION_UP, keyCode=KEYCODE_DPAD_DOWN, scanCode=0, metaState=0, flags=0x420, repeatCount=0, eventTime=157292, downTime=157292, deviceId=-1, source=0x101 }
03-24 21:50:28.528  5026  5026 W ViewRootImpl[Sort By]: Cancelling event due to no window focus: KeyEvent { action=ACTION_UP, keyCode=KEYCODE_DPAD_DOWN, scanCode=0, metaState=0, flags=0x420, repeatCount=0, eventTime=157292, downTime=157292, deviceId=-1, source=0x101 }
03-24 21:50:28.528  5026  5026 W ViewRootImpl[Sort By]: Dropping event due to no window focus: KeyEvent { action=ACTION_DOWN, keyCode=KEYCODE_DPAD_DOWN, scanCode=0, metaState=0, flags=0x400, repeatCount=0, eventTime=157292, downTime=157292, deviceId=-1, source=0x101 }
03-24 21:50:28.528  5026  5026 W ViewRootImpl[Sort By]: Cancelling event due to no window focus: KeyEvent { action=ACTION_UP, keyCode=KEYCODE_DPAD_DOWN, scanCode=0, metaState=0, flags=0x420, repeatCount=0, eventTime=157292, downTime=157292, deviceId=-1, source=0x101 }
03-24 21:50:28.528  5026  5026 W ViewRootImpl[Sort By]: Cancelling event due to no window focus: KeyEvent { action=ACTION_UP, keyCode=KEYCODE_DPAD_DOWN, scanCode=0, metaState=0, flags=0x420, repeatCount=0, eventTime=157292, downTime=157292, deviceId=-1, source=0x101 }
03-24 21:50:28.528  5026  5026 W ViewRootImpl[Sort By]: Cancelling event due to no window focus: KeyEvent { action=ACTION_UP, keyCode=KEYCODE_DPAD_DOWN, scanCode=0, metaState=0, flags=0x420, repeatCount=0, eventTime=157292, downTime=157292, deviceId=-1, source=0x101 }
03-24 21:50:28.533  1700  3986 D WifiService: setWifiEnabled: true pid=1850, uid=10028
03-24 21:50:28.537  1405  1697 D SoftapController: Softap fwReload - Ok
03-24 21:50:28.538  5026  5048 D EGL_emulation: eglMakeCurrent: 0xb1b054e0: ver 3 0 (tinfo 0xb1b03740)
03-24 21:50:28.543  5026  5048 D EGL_emulation: eglMakeCurrent: 0xb1b054e0: ver 3 0 (tinfo 0xb1b03740)
03-24 21:50:28.544  5026  5026 W ViewRootImpl[Sort By]: Cancelling event due to no window focus: KeyEvent { action=ACTION_UP, keyCode=KEYCODE_DPAD_DOWN, scanCode=0, metaState=0, flags=0x420, repeatCount=0, eventTime=157292, downTime=157292, deviceId=-1, source=0x101 }
03-24 21:50:28.544  5026  5026 W ViewRootImpl[Sort By]: Cancelling event due to no window focus: KeyEvent { action=ACTION_UP, keyCode=KEYCODE_DPAD_DOWN, scanCode=0, metaState=0, flags=0x420, repeatCount=0, eventTime=157292, downTime=157292, deviceId=-1, source=0x101 }
03-24 21:50:28.544  5026  5026 W ViewRootImpl[Sort By]: Cancelling event due to no window focus: KeyEvent { action=ACTION_UP, keyCode=KEYCODE_DPAD_DOWN, scanCode=0, metaState=0, flags=0x420, repeatCount=0, eventTime=157292, downTime=157292, deviceId=-1, source=0x101 }
03-24 21:50:28.544  5026  5026 W ViewRootImpl[Sort By]: Cancelling event due to no window focus: KeyEvent { action=ACTION_UP, keyCode=KEYCODE_DPAD_DOWN, scanCode=0, metaState=0, flags=0x420, repeatCount=0, eventTime=157292, downTime=157292, deviceId=-1, source=0x101 }
03-24 21:50:28.544  5026  5026 W ViewRootImpl[Sort By]: Cancelling event due to no window focus: KeyEvent { action=ACTION_UP, keyCode=KEYCODE_DPAD_DOWN, scanCode=0, metaState=0, flags=0x420, repeatCount=0, eventTime=157292, downTime=157292, deviceId=-1, source=0x101 }
03-24 21:50:28.544  5026  5026 W ViewRootImpl[Sort By]: Cancelling event due to no window focus: KeyEvent { action=ACTION_UP, keyCode=KEYCODE_DPAD_DOWN, scanCode=0, metaState=0, flags=0x420, repeatCount=0, eventTime=157292, downTime=157292, deviceId=-1, source=0x101 }
03-24 21:50:28.544  5026  5026 W ViewRootImpl[Sort By]: Cancelling event due to no window focus: KeyEvent { action=ACTION_UP, keyCode=KEYCODE_DPAD_DOWN, scanCode=0, metaState=0, flags=0x420, repeatCount=0, eventTime=157292, downTime=157292, deviceId=-1, source=0x101 }
03-24 21:50:28.544  5026  5026 W ViewRootImpl[Sort By]: Cancelling event due to no window focus: KeyEvent { action=ACTION_UP, keyCode=KEYCODE_DPAD_DOWN, scanCode=0, metaState=0, flags=0x420, repeatCount=0, eventTime=157292, downTime=157292, deviceId=-1, source=0x101 }
03-24 21:50:28.544  5026  5026 W ViewRootImpl[Sort By]: Cancelling event due to no window focus: KeyEvent { action=ACTION_UP, keyCode=KEYCODE_DPAD_DOWN, scanCode=0, metaState=0, flags=0x420, repeatCount=0, eventTime=157292, downTime=157292, deviceId=-1, source=0x101 }
03-24 21:50:28.544  5026  5026 W ViewRootImpl[Sort By]: Cancelling event due to no window focus: KeyEvent { action=ACTION_UP, keyCode=KEYCODE_DPAD_DOWN, scanCode=0, metaState=0, flags=0x420, repeatCount=0, eventTime=157292, downTime=157292, deviceId=-1, source=0x101 }
03-24 21:50:28.544  5026  5026 W ViewRootImpl[Sort By]: Cancelling event due to no window focus: KeyEvent { action=ACTION_UP, keyCode=KEYCODE_DPAD_DOWN, scanCode=0, metaState=0, flags=0x420, repeatCount=0, eventTime=157292, downTime=157292, deviceId=-1, source=0x101 }
03-24 21:50:28.544  5026  5026 W ViewRootImpl[Sort By]: Cancelling event due to no window focus: KeyEvent { action=ACTION_UP, keyCode=KEYCODE_DPAD_DOWN, scanCode=0, metaState=0, flags=0x420, repeatCount=0, eventTime=157292, downTime=157292, deviceId=-1, source=0x101 }
03-24 21:50:28.546  1405  1697 D CommandListener: Setting iface cfg
03-24 21:50:28.546  1405  1697 D CommandListener: Trying to bring down wlan0
03-24 21:50:28.546  1405  1697 D CommandListener: Clearing all IP addresses on wlan0
03-24 21:50:28.550  1700  1795 E WifiMonitor: killSupplicant p2pfalse init.svc.wpa_supplicant=unknown init.svc.p2p_supplicant=unknown
03-24 21:50:28.550  1700  1795 E wifi    : Can not initialize the vendor function pointer table
03-24 21:50:28.550  1700  1795 E WifiNative-HAL: Could not start hal
03-24 21:50:28.550  1700  1795 E WifiStateMachine: Failed to start HAL
03-24 21:50:28.555  5026  5048 D EGL_emulation: eglMakeCurrent: 0xb1b054e0: ver 3 0 (tinfo 0xb1b03740)
03-24 21:50:28.560  1700  1795 D WifiMonitor: startMonitoring(wlan0) with mConnected = false
03-24 21:50:28.561  5026  5048 D EGL_emulation: eglMakeCurrent: 0xb1b054e0: ver 3 0 (tinfo 0xb1b03740)
03-24 21:50:28.571  5026  5048 D EGL_emulation: eglMakeCurrent: 0xb1b054e0: ver 3 0 (tinfo 0xb1b03740)
03-24 21:50:28.575  1700  1795 E WifiHW  : Unable to open connection to supplicant on "@android:wpa_wlan0": No such file or directory
03-24 21:50:28.576  5026  5048 D EGL_emulation: eglMakeCurrent: 0xb1b054e0: ver 3 0 (tinfo 0xb1b03740)
03-24 21:50:28.589  5026  5048 D EGL_emulation: eglMakeCurrent: 0xb1b054e0: ver 3 0 (tinfo 0xb1b03740)
03-24 21:50:28.595  5026  5048 D EGL_emulation: eglMakeCurrent: 0xb1b054e0: ver 3 0 (tinfo 0xb1b03740)
03-24 21:50:28.601  5153  5153 I wpa_supplicant: Successfully initialized wpa_supplicant
03-24 21:50:28.605  5026  5048 D EGL_emulation: eglMakeCurrent: 0xb1b054e0: ver 3 0 (tinfo 0xb1b03740)
03-24 21:50:28.612  5026  5048 D EGL_emulation: eglMakeCurrent: 0xb1b054e0: ver 3 0 (tinfo 0xb1b03740)
03-24 21:50:28.614  5153  5153 I wpa_supplicant: rfkill: Cannot open RFKILL control device
03-24 21:50:28.618  5153  5153 I wpa_supplicant: nl80211: Could not re-add multicast membership for vendor events: -2 (No such file or directory)
03-24 21:50:28.638  5026  5048 D EGL_emulation: eglMakeCurrent: 0xb1b054e0: ver 3 0 (tinfo 0xb1b03740)
03-24 21:50:28.645  5026  5048 D EGL_emulation: eglMakeCurrent: 0xb1b054e0: ver 3 0 (tinfo 0xb1b03740)
03-24 21:50:28.658  5026  5048 D EGL_emulation: eglMakeCurrent: 0xb1b054e0: ver 3 0 (tinfo 0xb1b03740)
03-24 21:50:28.666  5026  5048 D EGL_emulation: eglMakeCurrent: 0xb1b054e0: ver 3 0 (tinfo 0xb1b03740)
03-24 21:50:28.679  5026  5048 D EGL_emulation: eglMakeCurrent: 0xb1b054e0: ver 3 0 (tinfo 0xb1b03740)
03-24 21:50:28.685  5026  5048 D EGL_emulation: eglMakeCurrent: 0xb1b054e0: ver 3 0 (tinfo 0xb1b03740)
03-24 21:50:28.686  5153  5153 E wpa_supplicant: global ctrl interface @android:wpa_wlan0 matches ctrl interface wlan0 - do not open per-interface ctrl interface
03-24 21:50:28.881  1700  2014 I ActivityManager: START u0 {act=android.intent.action.MAIN cat=[android.intent.category.LAUNCHER] flg=0x10200000 cmp=com.esoxjem.movieguide/.listing.MoviesListingActivity} from uid 2000 on display 0
03-24 21:50:28.902  1700  2246 I ActivityManager: START u0 {act=android.intent.action.MAIN cat=[android.intent.category.LAUNCHER] flg=0x10200000 cmp=com.esoxjem.movieguide/.listing.MoviesListingActivity} from uid 2000 on display 0
03-24 21:50:29.005  1700  1712 I ActivityManager: START u0 {act=android.intent.action.MAIN cat=[android.intent.category.LAUNCHER] flg=0x10200000 cmp=com.esoxjem.movieguide/.listing.MoviesListingActivity} from uid 2000 on display 0
03-24 21:50:29.290  1989  2797 V VvmTaskScheduler: executing task com.android.phone.vvm.omtp.ActivationTask@f2836ca
03-24 21:50:29.325  1989  2797 I VvmActivationTask: VVM content provider configured - vvm_type_cvvm
03-24 21:50:29.325  1989  2797 I OmtpVvmCarrierCfgHlpr: OmtpEvent:CONFIG_ACTIVATING
03-24 21:50:29.354  1989  2797 V OmtpMessageSender: Sending BINARY sms 'Activate:dt=15' to 122:1808
03-24 21:50:29.371  1989  1989 D VvmStatusSmsFetcher: Request SMS successfully sent
