03-24 21:50:32.459  2428  2589 W sb.r.GsaCSCon: 	at com.google.android.apps.gsa.shared.util.concurrent.a.ad$1.run(SourceFile:85)
03-24 21:50:32.459  2428  2589 W sb.r.GsaCSCon: Caused by: com.google.android.apps.gsa.shared.exception.GsaIOException: Error code: 262160
03-24 21:50:32.459  2428  2589 W sb.r.GsaCSCon: 	at com.google.android.apps.gsa.shared.io.a.c(SourceFile:129)
03-24 21:50:32.459  2428  2589 W sb.r.GsaCSCon: 	at com.google.android.apps.gsa.search.core.k.d.a(SourceFile:114)
03-24 21:50:32.459  2428  2589 W sb.r.GsaCSCon: 	at com.google.android.apps.gsa.search.core.k.d$1.call(SourceFile:2044)
03-24 21:50:32.459  2428  2589 W sb.r.GsaCSCon: 	at java.util.concurrent.FutureTask.run(FutureTask.java:237)
03-24 21:50:32.459  2428  2589 W sb.r.GsaCSCon: 	at com.google.android.apps.gsa.search.core.k.ad$1.run(SourceFile:41)
03-24 21:50:32.459  2428  2589 W sb.r.GsaCSCon: 	at java.util.concurrent.Executors$RunnableAdapter.call(Executors.java:428)
03-24 21:50:32.459  2428  2589 W sb.r.GsaCSCon: 	... 8 more
03-24 21:50:32.516  2563  5152 W Icing   : isOptedInForAppHistory: empty Account Name encountered
03-24 21:50:32.531  1850  1850 I vol.Events: writeEvent dismiss_dialog touch_outside
03-24 21:50:32.532  1850  2074 I vol.Events: writeEvent active_stream_changed UNKNOWN_STREAM_-1
03-24 21:50:32.535  1822  1822 W InputMethodService: Window size has been changed. This may cause jankiness of resizing window: -1 -> -2
03-24 21:50:32.553  1850  2111 D EGL_emulation: eglMakeCurrent: 0xb1b057e0: ver 3 0 (tinfo 0x9580e030)
03-24 21:50:32.556  1850  2111 D EGL_emulation: eglMakeCurrent: 0xb1b057e0: ver 3 0 (tinfo 0x9580e030)
03-24 21:50:32.581  2428  5182 W Search.SearchUrlHelper: Auth token not ready, no auth header set.
03-24 21:50:32.583  2428  5182 W HFPelletExtrasConsumer: Chunk processing should not be complete before the fetch task is.
03-24 21:50:32.583  2428  5183 W sb.r.GsaCSCon: Could not fetch suggestions
03-24 21:50:32.583  2428  5183 W sb.r.GsaCSCon: java.util.concurrent.ExecutionException: com.google.android.apps.gsa.shared.exception.GsaIOException: Error code: 262160
03-24 21:50:32.583  2428  5183 W sb.r.GsaCSCon: 	at com.google.common.util.concurrent.c.ct(SourceFile:500)
03-24 21:50:32.583  2428  5183 W sb.r.GsaCSCon: 	at com.google.common.util.concurrent.c.get(SourceFile:479)
03-24 21:50:32.583  2428  5183 W sb.r.GsaCSCon: 	at com.google.common.util.concurrent.k.get(SourceFile:76)
03-24 21:50:32.583  2428  5183 W sb.r.GsaCSCon: 	at com.google.android.apps.gsa.extradex.searchboxroot.a.e.e.a(SourceFile:228)
03-24 21:50:32.583  2428  5183 W sb.r.GsaCSCon: 	at com.google.android.apps.gsa.extradex.searchboxroot.a.e.e.d(SourceFile:6121)
03-24 21:50:32.583  2428  5183 W sb.r.GsaCSCon: 	at com.google.android.apps.gsa.searchbox.root.sources.completeserver.c$1.call(SourceFile:1131)
03-24 21:50:32.583  2428  5183 W sb.r.GsaCSCon: 	at java.util.concurrent.FutureTask.run(FutureTask.java:237)
03-24 21:50:32.583  2428  5183 W sb.r.GsaCSCon: 	at com.google.android.apps.gsa.shared.util.concurrent.a.ak.run(SourceFile:66)
03-24 21:50:32.583  2428  5183 W sb.r.GsaCSCon: 	at com.google.android.apps.gsa.shared.util.concurrent.a.ax.run(SourceFile:139)
03-24 21:50:32.583  2428  5183 W sb.r.GsaCSCon: 	at com.google.android.apps.gsa.shared.util.concurrent.a.ax.run(SourceFile:139)
03-24 21:50:32.583  2428  5183 W sb.r.GsaCSCon: 	at java.util.concurrent.ThreadPoolExecutor.runWorker(ThreadPoolExecutor.java:1133)
03-24 21:50:32.583  2428  5183 W sb.r.GsaCSCon: 	at java.util.concurrent.ThreadPoolExecutor$Worker.run(ThreadPoolExecutor.java:607)
03-24 21:50:32.583  2428  5183 W sb.r.GsaCSCon: 	at java.lang.Thread.run(Thread.java:761)
03-24 21:50:32.583  2428  5183 W sb.r.GsaCSCon: 	at com.google.android.apps.gsa.shared.util.concurrent.a.ad$1.run(SourceFile:85)
03-24 21:50:32.583  2428  5183 W sb.r.GsaCSCon: Caused by: com.google.android.apps.gsa.shared.exception.GsaIOException: Error code: 262160
03-24 21:50:32.583  2428  5183 W sb.r.GsaCSCon: 	at com.google.android.apps.gsa.shared.io.a.c(SourceFile:129)
03-24 21:50:32.583  2428  5183 W sb.r.GsaCSCon: 	at com.google.android.apps.gsa.search.core.k.d.a(SourceFile:114)
03-24 21:50:32.583  2428  5183 W sb.r.GsaCSCon: 	at com.google.android.apps.gsa.search.core.k.d$1.call(SourceFile:2044)
03-24 21:50:32.583  2428  5183 W sb.r.GsaCSCon: 	at java.util.concurrent.FutureTask.run(FutureTask.java:237)
03-24 21:50:32.583  2428  5183 W sb.r.GsaCSCon: 	at com.google.android.apps.gsa.search.core.k.ad$1.run(SourceFile:41)
03-24 21:50:32.583  2428  5183 W sb.r.GsaCSCon: 	at java.util.concurrent.Executors$RunnableAdapter.call(Executors.java:428)
03-24 21:50:32.583  2428  5183 W sb.r.GsaCSCon: 	... 8 more
03-24 21:50:32.583  2428  5182 W ErrorReporter: reportError [type: 211, code: 262160]: Error code: 262160
03-24 21:50:32.612  2563  2982 I Icing   : Query global start 0 num 10 
03-24 21:50:32.645  1822  4917 D EGL_emulation: eglMakeCurrent: 0xb1b05000: ver 3 0 (tinfo 0xb1b03db0)
03-24 21:50:32.732  1850  1850 I vol.Events: writeEvent expand true
03-24 21:50:32.749  1822  1822 W InputMethodService: Window size has been changed. This may cause jankiness of resizing window: -1 -> -2
03-24 21:50:32.762  2522  2522 W ViewRootImpl[NexusLauncherActivity]: Cancelling event due to no window focus: KeyEvent { action=ACTION_UP, keyCode=KEYCODE_BUTTON_MODE, scanCode=0, metaState=0, flags=0x28, repeatCount=0, eventTime=161514, downTime=161514, deviceId=-1, source=0x101 }
03-24 21:50:32.762  2522  2522 W ViewRootImpl[NexusLauncherActivity]: Cancelling event due to no window focus: KeyEvent { action=ACTION_UP, keyCode=KEYCODE_BUTTON_MODE, scanCode=0, metaState=0, flags=0x28, repeatCount=0, eventTime=161514, downTime=161514, deviceId=-1, source=0x101 }
03-24 21:50:32.762  2522  2522 W ViewRootImpl[NexusLauncherActivity]: Cancelling event due to no window focus: KeyEvent { action=ACTION_UP, keyCode=KEYCODE_BUTTON_MODE, scanCode=0, metaState=0, flags=0x28, repeatCount=0, eventTime=161514, downTime=161514, deviceId=-1, source=0x101 }
03-24 21:50:32.762  2522  2522 W ViewRootImpl[NexusLauncherActivity]: Cancelling event due to no window focus: KeyEvent { action=ACTION_UP, keyCode=KEYCODE_BUTTON_MODE, scanCode=0, metaState=0, flags=0x28, repeatCount=0, eventTime=161514, downTime=161514, deviceId=-1, source=0x101 }
03-24 21:50:32.762  2522  2522 W ViewRootImpl[NexusLauncherActivity]: Cancelling event due to no window focus: KeyEvent { action=ACTION_UP, keyCode=KEYCODE_BUTTON_MODE, scanCode=0, metaState=0, flags=0x28, repeatCount=0, eventTime=161514, downTime=161514, deviceId=-1, source=0x101 }
03-24 21:50:32.762  2522  2522 W ViewRootImpl[NexusLauncherActivity]: Cancelling event due to no window focus: KeyEvent { action=ACTION_UP, keyCode=KEYCODE_BUTTON_MODE, scanCode=0, metaState=0, flags=0x28, repeatCount=0, eventTime=161514, downTime=161514, deviceId=-1, source=0x101 }
03-24 21:50:32.762  2522  2522 W ViewRootImpl[NexusLauncherActivity]: Cancelling event due to no window focus: KeyEvent { action=ACTION_UP, keyCode=KEYCODE_BUTTON_MODE, scanCode=0, metaState=0, flags=0x28, repeatCount=0, eventTime=161514, downTime=161514, deviceId=-1, source=0x101 }
03-24 21:50:32.762  2522  2522 W ViewRootImpl[NexusLauncherActivity]: Cancelling event due to no window focus: KeyEvent { action=ACTION_UP, keyCode=KEYCODE_BUTTON_MODE, scanCode=0, metaState=0, flags=0x28, repeatCount=0, eventTime=161514, downTime=161514, deviceId=-1, source=0x101 }
03-24 21:50:32.762  2522  2522 W ViewRootImpl[NexusLauncherActivity]: Cancelling event due to no window focus: KeyEvent { action=ACTION_UP, keyCode=KEYCODE_BUTTON_MODE, scanCode=0, metaState=0, flags=0x28, repeatCount=0, eventTime=161514, downTime=161514, deviceId=-1, source=0x101 }
03-24 21:50:32.766  1700  3975 W InputMethodManagerService: Starting input on non-focused client com.android.internal.view.IInputMethodClient$Stub$Proxy@4061f34 (uid=10029 pid=2428)
03-24 21:50:32.767  2428  2428 W ViewRootImpl[NexusLauncherActivity]: Dropping event due to no window focus: KeyEvent { action=ACTION_DOWN, keyCode=KEYCODE_BUTTON_MODE, scanCode=0, metaState=0, flags=0x8, repeatCount=0, eventTime=161499, downTime=161499, deviceId=-1, source=0x101 }
03-24 21:50:32.767  2428  2428 W ViewRootImpl[NexusLauncherActivity]: Cancelling event due to no window focus: KeyEvent { action=ACTION_UP, keyCode=KEYCODE_BUTTON_MODE, scanCode=0, metaState=0, flags=0x28, repeatCount=0, eventTime=161526, downTime=161499, deviceId=-1, source=0x101 }
03-24 21:50:32.767  2428  2428 W ViewRootImpl[NexusLauncherActivity]: Cancelling event due to no window focus: KeyEvent { action=ACTION_UP, keyCode=KEYCODE_BUTTON_MODE, scanCode=0, metaState=0, flags=0x28, repeatCount=0, eventTime=161526, downTime=161499, deviceId=-1, source=0x101 }
03-24 21:50:32.767  2428  2428 W ViewRootImpl[NexusLauncherActivity]: Cancelling event due to no window focus: KeyEvent { action=ACTION_UP, keyCode=KEYCODE_BUTTON_MODE, scanCode=0, metaState=0, flags=0x28, repeatCount=0, eventTime=161526, downTime=161499, deviceId=-1, source=0x101 }
03-24 21:50:32.767  2428  2428 W ViewRootImpl[NexusLauncherActivity]: Cancelling event due to no window focus: KeyEvent { action=ACTION_UP, keyCode=KEYCODE_BUTTON_MODE, scanCode=0, metaState=0, flags=0x28, repeatCount=0, eventTime=161526, downTime=161499, deviceId=-1, source=0x101 }
03-24 21:50:32.767  2428  2428 W ViewRootImpl[NexusLauncherActivity]: Cancelling event due to no window focus: KeyEvent { action=ACTION_UP, keyCode=KEYCODE_BUTTON_MODE, scanCode=0, metaState=0, flags=0x28, repeatCount=0, eventTime=161526, downTime=161499, deviceId=-1, source=0x101 }
03-24 21:50:32.767  2428  2428 W ViewRootImpl[NexusLauncherActivity]: Cancelling event due to no window focus: KeyEvent { action=ACTION_UP, keyCode=KEYCODE_BUTTON_MODE, scanCode=0, metaState=0, flags=0x28, repeatCount=0, eventTime=161526, downTime=161499, deviceId=-1, source=0x101 }
03-24 21:50:32.767  2428  2428 W ViewRootImpl[NexusLauncherActivity]: Dropping event due to no window focus: KeyEvent { action=ACTION_DOWN, keyCode=KEYCODE_MENU, scanCode=0, metaState=0, flags=0x8, repeatCount=0, eventTime=161499, downTime=161499, deviceId=-1, source=0x101 }
03-24 21:50:32.784  1822  1822 I LatinIME: Starting input. Cursor position = 0,0
03-24 21:50:32.784  1822  1822 W LatinIME: Deprecated private IME option specified: nm
03-24 21:50:32.784  1822  1822 W LatinIME: Use com.android.inputmethod.latin.noMicrophoneKey instead
03-24 21:50:32.794  1850  2111 D EGL_emulation: eglMakeCurrent: 0xb1b057e0: ver 3 0 (tinfo 0x9580e030)
03-24 21:50:32.801  2428  2428 I MicroDetectionWorker: Micro detection mode: [mDetectionMode: [1]].
03-24 21:50:32.801  2428  2428 I AudioController: Using mInputStreamFactoryBuilder
03-24 21:50:32.809  2428  5186 I MicroRecognitionRunner: Starting detection.
03-24 21:50:32.812  2428  2619 I MicrophoneInputStream: mic_starting com.google.android.apps.gsa.staticplugins.z.c@6057ef7
03-24 21:50:32.816  2428  2428 W IInputConnectionWrapper: getSelectedText on inactive InputConnection
03-24 21:50:32.850  2428  2619 I MicrophoneInputStream: mic_started com.google.android.apps.gsa.staticplugins.z.c@6057ef7
03-24 21:50:32.855  2428  2619 E ActivityThread: Failed to find provider info for com.google.android.apps.gsa.testing.ui.audio.recorded
03-24 21:50:32.861  1396  5189 I AudioFlinger: AudioFlinger's thread 0xa3c83380 ready to run
03-24 21:50:32.882  2428  2743 W OpenGLRenderer: Incorrectly called buildLayer on View: CoreSuggestionView, destroying layer...
03-24 21:50:32.890  2428  2428 I MicroDetectionWorker: onReady
03-24 21:50:32.895  2522  2594 W OpenGLRenderer: Incorrectly called buildLayer on View: Hotseat, destroying layer...
03-24 21:50:32.895  2522  2594 W OpenGLRenderer: Incorrectly called buildLayer on View: SuperGContainerView, destroying layer...
03-24 21:50:32.895  2522  2594 W OpenGLRenderer: Incorrectly called buildLayer on View: PageIndicatorLineCaret, destroying layer...
03-24 21:50:32.902  2428  2619 I MicrophoneInputStream: mic_close com.google.android.apps.gsa.staticplugins.z.c@6057ef7
03-24 21:50:32.905  2428  5186 I MicroRecognitionRunner: Detection finished
03-24 21:50:32.905  2428  5186 W ErrorReporter: reportError [type: 211, code: 524300]: Error reading from input stream
03-24 21:50:32.906  2428  2873 I MicroRecognitionRunner: Stopping hotword detection.
03-24 21:50:32.915  2428  5186 W ErrorProcessor: onFatalError, processing error from engine(4)
03-24 21:50:32.915  2428  5186 W ErrorProcessor: com.google.android.apps.gsa.shared.speech.a.g: Error reading from input stream
03-24 21:50:32.915  2428  5186 W ErrorProcessor: 	at com.google.android.apps.gsa.staticplugins.recognizer.i.a.a(SourceFile:342)
03-24 21:50:32.915  2428  5186 W ErrorProcessor: 	at com.google.android.apps.gsa.staticplugins.recognizer.i.a$1.run(SourceFile:1367)
03-24 21:50:32.915  2428  5186 W ErrorProcessor: 	at java.util.concurrent.Executors$RunnableAdapter.call(Executors.java:428)
03-24 21:50:32.915  2428  5186 W ErrorProcessor: 	at java.util.concurrent.FutureTask.run(FutureTask.java:237)
03-24 21:50:32.915  2428  5186 W ErrorProcessor: 	at com.google.android.apps.gsa.shared.util.concurrent.a.ak.run(SourceFile:66)
03-24 21:50:32.915  2428  5186 W ErrorProcessor: 	at java.util.concurrent.ThreadPoolExecutor.runWorker(ThreadPoolExecutor.java:1133)
03-24 21:50:32.915  2428  5186 W ErrorProcessor: 	at java.util.concurrent.ThreadPoolExecutor$Worker.run(ThreadPoolExecutor.java:607)
03-24 21:50:32.915  2428  5186 W ErrorProcessor: 	at java.lang.Thread.run(Thread.java:761)
03-24 21:50:32.915  2428  5186 W ErrorProcessor: 	at com.google.android.apps.gsa.shared.util.concurrent.a.ad$1.run(SourceFile:85)
03-24 21:50:32.915  2428  5186 W ErrorProcessor: Caused by: com.google.android.apps.gsa.shared.exception.GsaIOException: Error code: 393238 | Buffer overflow, no available space.
03-24 21:50:32.915  2428  5186 W ErrorProcessor: 	at com.google.android.apps.gsa.speech.audio.Tee.g(SourceFile:2531)
03-24 21:50:32.915  2428  5186 W ErrorProcessor: 	at com.google.android.apps.gsa.speech.audio.ap.read(SourceFile:555)
03-24 21:50:32.915  2428  5186 W ErrorProcessor: 	at java.io.InputStream.read(InputStream.java:101)
03-24 21:50:32.915  2428  5186 W ErrorProcessor: 	at com.google.android.apps.gsa.speech.audio.al.run(SourceFile:362)
03-24 21:50:32.915  2428  5186 W ErrorProcessor: 	at com.google.android.apps.gsa.speech.audio.ak$1.run(SourceFile:471)
03-24 21:50:32.915  2428  5186 W ErrorProcessor: 	at java.util.concurrent.Executors$RunnableAdapter.call(Executors.java:428)
03-24 21:50:32.915  2428  5186 W ErrorProcessor: 	at java.util.concurrent.FutureTask.run(FutureTask.java:237)
03-24 21:50:32.915  2428  5186 W ErrorProcessor: 	at com.google.android.apps.gsa.shared.util.concurrent.a.ak.run(SourceFile:66)
03-24 21:50:32.915  2428  5186 W ErrorProcessor: 	at com.google.android.apps.gsa.shared.util.concurrent.a.ax.run(SourceFile:139)
03-24 21:50:32.915  2428  5186 W ErrorProcessor: 	at com.google.android.apps.gsa.shared.util.concurrent.a.ax.run(SourceFile:139)
03-24 21:50:32.915  2428  5186 W ErrorProcessor: 	... 4 more
03-24 21:50:32.915  2428  5186 I AudioController: internalShutdown
03-24 21:50:32.928  2428  2743 W OpenGLRenderer: Incorrectly called buildLayer on View: CoreSuggestionView, destroying layer...
03-24 21:50:32.928  2428  2743 W OpenGLRenderer: Incorrectly called buildLayer on View: CoreSuggestionView, destroying layer...
03-24 21:50:32.942  2428  2743 W OpenGLRenderer: Incorrectly called buildLayer on View: CoreSuggestionView, destroying layer...
03-24 21:50:32.943  2428  2428 I MicroDetector: Keeping mic open: false
03-24 21:50:32.943  2428  2428 I MicroDetectionWorker: #onError(false)
03-24 21:50:32.951  2428  5185 I DeviceStateChecker: DeviceStateChecker cancelled
03-24 21:50:32.977  2428  2743 W OpenGLRenderer: Incorrectly called buildLayer on View: CoreSuggestionView, destroying layer...
03-24 21:50:33.051  2428  2428 W IInputConnectionWrapper: requestCursorAnchorInfo on inactive InputConnection
03-24 21:50:33.053  2428  2428 W IInputConnectionWrapper: getTextBeforeCursor on inactive InputConnection
03-24 21:50:33.058  1822  1822 E RichInputConnection: Unable to connect to the editor to retrieve text.
03-24 21:50:33.059  1822  1822 D RichInputConnection: Will try to retrieve text later.
03-24 21:50:33.064  2428  2428 W IInputConnectionWrapper: getTextBeforeCursor on inactive InputConnection
03-24 21:50:33.064  1822  1822 E RichInputConnection: Unable to connect to the editor to retrieve text.
03-24 21:50:33.065  1822  1822 W RichInputConnection: Unable to connect to the editor. Setting caps mode without knowing text.
03-24 21:50:33.071  1850  2111 D EGL_emulation: eglMakeCurrent: 0xb1b057e0: ver 3 0 (tinfo 0x9580e030)
03-24 21:50:33.304  2428  2428 W IInputConnectionWrapper: finishComposingText on inactive InputConnection
03-24 21:50:33.305  1822  1822 W InputMethodService: Window size has been changed. This may cause jankiness of resizing window: -1 -> -2
03-24 21:50:33.305  2428  2428 W IInputConnectionWrapper: reportFullscreenMode on inexistent InputConnection
03-24 21:50:33.306  2428  2428 W IInputConnectionWrapper: finishComposingText on inactive InputConnection
03-24 21:50:33.334  1850  2111 D EGL_emulation: eglMakeCurrent: 0xb1b057e0: ver 3 0 (tinfo 0x9580e030)
03-24 21:50:33.507  1700  1795 D WifiStateMachine: CMD_AUTO_CONNECT sup state DisconnectedState my state DisconnectedState nid=0 roam=false
03-24 21:50:33.507  1700  1795 D WifiStateMachine: CMD_AUTO_CONNECT will save config -> "AndroidWifi" nid=0
03-24 21:50:33.635  1700  5190 D WifiNetworkHistory: saving network history: "AndroidWifi"NONE gw: null Network Selection-status: NETWORK_SELECTION_ENABLED ephemeral=false choice:null link:0 status:1 nid:0 hasEverConnected: true
03-24 21:50:33.641  1700  1795 D WifiStateMachine: CMD_AUTO_CONNECT did save config ->  nid=0
03-24 21:50:33.645  5153  5153 I wpa_supplicant: wlan0: SME: Trying to authenticate with 02:00:00:00:01:00 (SSID='AndroidWifi' freq=2447 MHz)
03-24 21:50:33.664  1700  5190 V WifiNetworkHistory: writeKnownNetworkHistory write config "AndroidWifi"NONE
03-24 21:50:33.666  1602  1602 I hostapd : wlan1: STA 02:00:00:44:55:66 IEEE 802.11: authenticated
03-24 21:50:33.666  1602  1602 I hostapd : wlan1: STA 02:00:00:44:55:66 IEEE 802.11: authenticated
03-24 21:50:33.676  5153  5153 I wpa_supplicant: wlan0: Trying to associate with 02:00:00:00:01:00 (SSID='AndroidWifi' freq=2447 MHz)
03-24 21:50:33.681  1700  5190 D WifiNetworkHistory: saving network history: "AndroidWifi"NONE gw: null Network Selection-status: NETWORK_SELECTION_ENABLED ephemeral=false choice:null link:0 status:1 nid:0 hasEverConnected: true
03-24 21:50:33.681  1700  5190 V WifiNetworkHistory: writeKnownNetworkHistory write config "AndroidWifi"NONE
03-24 21:50:33.697  1602  1602 I hostapd : wlan1: STA 02:00:00:44:55:66 IEEE 802.11: associated (aid 1)
03-24 21:50:33.697  1602  1602 I hostapd : wlan1: STA 02:00:00:44:55:66 IEEE 802.11: associated (aid 1)
03-24 21:50:33.697  1602  1602 I hostapd : wlan1: AP-STA-CONNECTED 02:00:00:44:55:66
03-24 21:50:33.700  1700  3991 I ActivityManager: START u0 {act=android.intent.action.MAIN cat=[android.intent.category.LAUNCHER] flg=0x10200000 cmp=com.google.android.dialer/.extensions.GoogleDialtactsActivity bnds=[23,1584][230,1794] (has extras)} from uid 10022 on display 0
03-24 21:50:33.728  5153  5153 I wpa_supplicant: wlan0: Associated with 02:00:00:00:01:00
03-24 21:50:33.728  5153  5153 I wpa_supplicant: wlan0: CTRL-EVENT-CONNECTED - Connection to 02:00:00:00:01:00 completed [id=0 id_str=%7B%22creatorUid%22%3A%22-1%22%2C%22configKey%22%3A%22%5C%22AndroidWifi%5C%22NONE%22%7D]
03-24 21:50:33.728  5153  5153 I wpa_supplicant: wlan0: CTRL-EVENT-SUBNET-STATUS-UPDATE status=0
03-24 21:50:33.810  1700  1795 D ConnectivityService: registerNetworkAgent NetworkAgentInfo{ ni{[type: WIFI[], state: CONNECTING/CONNECTING, reason: (unspecified), extra: "AndroidWifi", failover: false, available: true, roaming: false, metered: false]}  network{103}  nethandle{442398067422}  lp{{LinkAddresses: []  Routes: [] DnsAddresses: [] Domains: null MTU: 0}}  nc{[ Transports: WIFI Capabilities: NOT_METERED&INTERNET&NOT_RESTRICTED&TRUSTED&NOT_VPN LinkUpBandwidth>=1048576Kbps LinkDnBandwidth>=1048576Kbps]}  Score{20}  everValidated{false}  lastValidated{false}  created{false} lingering{false} explicitlySelected{false} acceptUnvalidated{false} everCaptivePortalDetected{false} lastCaptivePortalDetected{false} }
03-24 21:50:33.811  1700  1799 D ConnectivityService: NetworkAgentInfo [WIFI () - 103] EVENT_NETWORK_INFO_CHANGED, going from null to CONNECTING
03-24 21:50:33.832  1700  1795 D WifiStateMachine: Start Dhcp Watchdog 2
03-24 21:50:33.898  1700  1795 D WifiNative-wlan0: configureNeighborDiscoveryOffload(true)
03-24 21:50:33.929  1700  5192 D DhcpClient: Broadcasting DHCPDISCOVER
03-24 21:50:33.933  1700  5194 D DhcpClient: Receive thread started
03-24 21:50:33.934  1700  5194 D DhcpClient: Received packet: 02:00:00:44:55:66 OFFER, ip /192.168.232.2, mask /255.255.248.0, DNS servers: /10.0.2.3 , gateways [/192.168.232.1] lease time 1476526080, domain null
03-24 21:50:33.934  1700  5192 D DhcpClient: Got pending lease: IP address 192.168.232.2/21 Gateway 192.168.232.1  DNS servers: [ 10.0.2.3 ] Domains  DHCP server /192.168.232.1 Vendor info null lease 1476526080 seconds
03-24 21:50:33.951  1700  5192 D DhcpClient: Broadcasting DHCPREQUEST ciaddr=0.0.0.0 request=192.168.232.2 serverid=192.168.232.1
03-24 21:50:33.952  1700  5194 D DhcpClient: Received packet: 02:00:00:44:55:66 ACK: your new IP /192.168.232.2, netmask /255.255.248.0, gateways [/192.168.232.1] DNS servers: /10.0.2.3 , lease time 1476526080
03-24 21:50:33.958  1700  5192 D DhcpClient: Confirmed lease: IP address 192.168.232.2/21 Gateway 192.168.232.1  DNS servers: [ 10.0.2.3 ] Domains  DHCP server /192.168.232.1 Vendor info null lease 1476526080 seconds
03-24 21:50:33.983  1405  1697 D CommandListener: Setting iface cfg
03-24 21:50:33.999  1700  5192 D DhcpClient: Scheduling renewal in 738263039s
03-24 21:50:34.000  1700  5192 D DhcpClient: Scheduling rebind in 1291960319s
03-24 21:50:34.000  1700  5192 D DhcpClient: Scheduling expiry in 1476526079s
03-24 21:50:34.002  1700  1795 E WifiNative-HAL: setBssidBlacklist cmd 0 size 0
03-24 21:50:34.004  1700  1799 D ConnectivityService: NetworkAgentInfo [WIFI () - 103] EVENT_NETWORK_INFO_CHANGED, going from CONNECTING to CONNECTED
03-24 21:50:34.007  1700  1799 D ConnectivityService: Adding iface wlan0 to network 103
03-24 21:50:34.046  2259  2259 I GeofencerStateMachine: sendWifiConnectivityChanged: connectivity=true
03-24 21:50:34.048  1700  1795 E WifiStateMachine: Did not find remoteAddress {192.168.232.1} in /proc/net/arp
03-24 21:50:34.077  2522  2533 I art     : Background sticky concurrent mark sweep GC freed 2928(247KB) AllocSpace objects, 15(1604KB) LOS objects, 9% free, 12MB/14MB, paused 973us total 145.722ms
03-24 21:50:34.146  1700  3982 I GnssLocationProvider: WakeLock acquired by sendMessage(3, 0, com.android.server.location.GnssLocationProvider$GpsRequest@ba1ed0d)
03-24 21:50:34.149  1850  2111 D EGL_emulation: eglMakeCurrent: 0xb1b057e0: ver 3 0 (tinfo 0x9580e030)
03-24 21:50:34.162  1700  3993 I ActivityManager: Setting hasTopUi=true for pid=1850
03-24 21:50:34.170  1850  1850 D PhoneStatusBar: disable: < expand ICONS* alerts SYSTEM_INFO* back home recent clock search quick_settings >
03-24 21:50:34.195  1850  2111 D EGL_emulation: eglMakeCurrent: 0xb1b057e0: ver 3 0 (tinfo 0x9580e030)
03-24 21:50:34.206  1850  2111 D EGL_emulation: eglMakeCurrent: 0xb1b057e0: ver 3 0 (tinfo 0x9580e030)
03-24 21:50:34.213  1700  1799 D ConnectivityService: Setting DNS servers for network 103 to [/10.0.2.3]
03-24 21:50:34.246  1700  3991 W VibratorService: Tried to stop vibrating but there is no vibrator device.
03-24 21:50:34.294  1850  1850 W ViewRootImpl[StatusBar]: Dropping event due to no window focus: KeyEvent { action=ACTION_DOWN, keyCode=KEYCODE_BUTTON_3, scanCode=0, metaState=0, flags=0x8, repeatCount=0, eventTime=163044, downTime=163044, deviceId=-1, source=0x101 }
03-24 21:50:34.301  2522  2522 W ViewRootImpl[NexusLauncherActivity]: Cancelling event due to no window focus: KeyEvent { action=ACTION_UP, keyCode=KEYCODE_DPAD_CENTER, scanCode=0, metaState=0, flags=0x28, repeatCount=0, eventTime=162898, downTime=162898, deviceId=-1, source=0x101 }
03-24 21:50:34.302  2522  2522 W ViewRootImpl[NexusLauncherActivity]: Cancelling event due to no window focus: KeyEvent { action=ACTION_UP, keyCode=KEYCODE_DPAD_CENTER, scanCode=0, metaState=0, flags=0x28, repeatCount=0, eventTime=162898, downTime=162898, deviceId=-1, source=0x101 }
03-24 21:50:34.302  2522  2522 W ViewRootImpl[NexusLauncherActivity]: Cancelling event due to no window focus: KeyEvent { action=ACTION_UP, keyCode=KEYCODE_DPAD_CENTER, scanCode=0, metaState=0, flags=0x28, repeatCount=0, eventTime=162898, downTime=162898, deviceId=-1, source=0x101 }
03-24 21:50:34.302  2522  2522 W ViewRootImpl[NexusLauncherActivity]: Cancelling event due to no window focus: KeyEvent { action=ACTION_UP, keyCode=KEYCODE_DPAD_CENTER, scanCode=0, metaState=0, flags=0x28, repeatCount=0, eventTime=162898, downTime=162898, deviceId=-1, source=0x101 }
03-24 21:50:34.302  2522  2522 W ViewRootImpl[NexusLauncherActivity]: Cancelling event due to no window focus: KeyEvent { action=ACTION_UP, keyCode=KEYCODE_DPAD_CENTER, scanCode=0, metaState=0, flags=0x28, repeatCount=0, eventTime=162898, downTime=162898, deviceId=-1, source=0x101 }
03-24 21:50:34.302  2522  2522 W ViewRootImpl[NexusLauncherActivity]: Cancelling event due to no window focus: KeyEvent { action=ACTION_UP, keyCode=KEYCODE_DPAD_CENTER, scanCode=0, metaState=0, flags=0x28, repeatCount=0, eventTime=162898, downTime=162898, deviceId=-1, source=0x101 }
03-24 21:50:34.310  2522  2522 W ViewRootImpl[NexusLauncherActivity]: Dropping event due to no window focus: MotionEvent { action=ACTION_MOVE, actionButton=0, id[0]=0, x[0]=2.0, y[0]=1.0, toolType[0]=TOOL_TYPE_UNKNOWN, buttonState=0, metaState=0, flags=0x0, edgeFlags=0x0, pointerCount=1, historySize=2, eventTime=162944, downTime=-1, deviceId=0, source=0x10004 }
03-24 21:50:34.313  2522  2522 W ViewRootImpl[NexusLauncherActivity]: Dropping event due to no window focus: MotionEvent { action=ACTION_MOVE, actionButton=0, id[0]=0, x[0]=-4.0, y[0]=-5.0, toolType[0]=TOOL_TYPE_UNKNOWN, buttonState=0, metaState=0, flags=0x0, edgeFlags=0x0, pointerCount=1, historySize=2, eventTime=162950, downTime=-1, deviceId=0, source=0x10004 }
03-24 21:50:34.313  2522  2522 W ViewRootImpl[NexusLauncherActivity]: Dropping event due to no window focus: MotionEvent { action=ACTION_MOVE, actionButton=0, id[0]=0, x[0]=2.0, y[0]=0.0, toolType[0]=TOOL_TYPE_UNKNOWN, buttonState=0, metaState=0, flags=0x0, edgeFlags=0x0, pointerCount=1, historySize=0, eventTime=162963, downTime=-1, deviceId=0, source=0x10004 }
03-24 21:50:34.314  2522  2522 W ViewRootImpl[NexusLauncherActivity]: Dropping event due to no window focus: MotionEvent { action=ACTION_MOVE, actionButton=0, id[0]=0, x[0]=-1.0, y[0]=3.0, toolType[0]=TOOL_TYPE_UNKNOWN, buttonState=0, metaState=0, flags=0x0, edgeFlags=0x0, pointerCount=1, historySize=2, eventTime=163006, downTime=-1, deviceId=0, source=0x10004 }
03-24 21:50:34.401  1700  1799 D ConnectivityService: Switching to new default network: NetworkAgentInfo{ ni{[type: WIFI[], state: CONNECTED/CONNECTED, reason: (unspecified), extra: "AndroidWifi", failover: false, available: true, roaming: false, metered: false]}  network{103}  nethandle{442398067422}  lp{{InterfaceName: wlan0 LinkAddresses: [fe80::ff:fe44:5566/64,192.168.232.2/21,]  Routes: [fe80::/64 -> :: wlan0,192.168.232.0/21 -> 0.0.0.0 wlan0,0.0.0.0/0 -> 192.168.232.1 wlan0,] DnsAddresses: [10.0.2.3,] Domains: null MTU: 0 TcpBufferSizes: 524288,1048576,2097152,262144,524288,1048576}}  nc{[ Transports: WIFI Capabilities: NOT_METERED&INTERNET&NOT_RESTRICTED&TRUSTED&NOT_VPN&FOREGROUND LinkUpBandwidth>=1048576Kbps LinkDnBandwidth>=1048576Kbps SignalStrength: -50]}  Score{20}  everValidated{false}  lastValidated{false}  created{true} lingering{false} explicitlySelected{false} acceptUnvalidated{false} everCaptivePortalDetected{false} lastCaptivePortalDetected{false} }
03-24 21:50:34.402  1700  1795 D WifiNetworkAgent: NetworkAgent: Received signal strength thresholds: []
03-24 21:50:34.402  1700  1795 D WifiNative-HAL: stopRssiMonitoring, cmdId 0
03-24 21:50:34.500  1700  1710 I art     : Background sticky concurrent mark sweep GC freed 56683(2MB) AllocSpace objects, 4(80KB) LOS objects, 22% free, 12MB/15MB, paused 712us total 161.759ms
03-24 21:50:34.652  1700  3987 W art     : Long monitor contention with owner android.bg (1713) at void com.android.server.LocationManagerService.handleLocationChanged(android.location.Location, boolean)(LocationManagerService.java:2399) waiters=0 in void com.android.server.LocationManagerService.locationCallbackFinished(android.location.ILocationListener) for 348ms
03-24 21:50:34.652  1700  2248 W art     : Long monitor contention with owner android.bg (1713) at void com.android.server.LocationManagerService.handleLocationChanged(android.location.Location, boolean)(LocationManagerService.java:2399) waiters=1 in void com.android.server.LocationManagerService.locationCallbackFinished(android.location.ILocationListener) for 237ms
03-24 21:50:34.664  1700  1713 I GnssLocationProvider: WakeLock released by handleMessage(3, 0, com.android.server.location.GnssLocationProvider$GpsRequest@ba1ed0d)
03-24 21:50:34.665  1700  1795 D WifiNative-HAL: Failing getSupportedFeatureset because HAL isn't started
03-24 21:50:34.667  1700  2537 E BluetoothAdapter: Bluetooth binder is null
03-24 21:50:34.668  1700  2537 E BatteryStatsService: no controller energy info supplied
03-24 21:50:34.684  1700  2537 E KernelCpuSpeedReader: Failed to read cpu-freq: /sys/devices/system/cpu/cpu0/cpufreq/stats/time_in_state (No such file or directory)
03-24 21:50:34.694  1700  2537 E KernelUidCpuTimeReader: Failed to read uid_cputime: /proc/uid_cputime/show_uid_stat (No such file or directory)
03-24 21:50:34.700  1700  2537 E BatteryStatsService: modem info is invalid: ModemActivityInfo{ mTimestamp=0 mSleepTimeMs=0 mIdleTimeMs=0 mTxTimeMs[]=[0, 0, 0, 0, 0] mRxTimeMs=0 mEnergyUsed=0}
03-24 21:50:34.716  1405  1697 V IdletimerController: runCmd(/system/bin/ip6tables -w -t raw -A idletimer_raw_PREROUTING -i wlan0 -j IDLETIMER --timeout 15 --label 1 --send_nl_msg 1) res_ipv4=0, res_ipv6=0
03-24 21:50:34.825  1405  1697 V IdletimerController: runCmd(/system/bin/ip6tables -w -t mangle -A idletimer_mangle_POSTROUTING -o wlan0 -j IDLETIMER --timeout 15 --label 1 --send_nl_msg 1) res_ipv4=0, res_ipv6=0
03-24 21:50:34.881  1700  1815 I GnssLocationProvider: WakeLock acquired by sendMessage(6, 0, null)
03-24 21:50:34.881  1700  1799 D ConnectivityService: Sending CONNECTED broadcast for type 1 NetworkAgentInfo [WIFI () - 103] isDefaultNetwork=true
03-24 21:50:34.886  1700  1714 W BroadcastQueue: Skipping deliver [background] BroadcastRecord{1b4b0c5 u-1 android.net.conn.CONNECTIVITY_CHANGE} to ReceiverList{12b897d 4853 (unknown name)/2000/u-1 remote:f5ddbe6}: process crashing
03-24 21:50:34.889  1700  1799 D NetworkNotificationManager: clearNotification id=103
03-24 21:50:34.889  1700  1799 D ConnectivityService: NetworkAgentInfo [WIFI () - 103] validation passed
03-24 21:50:34.925  4272  4272 D MusicLifecycle: com.google.android.music.net.NetworkConnectivityMonitor$NetworkChangedReceiver generated event: Broadcast received with context com.google.android.music.MusicApplication@363615a and intent Intent { act=android.net.conn.CONNECTIVITY_CHANGE flg=0x4000010 (has extras) }
03-24 21:50:34.931  1405  1697 E Netd    : netlink response contains error (File exists)
03-24 21:50:34.933  2428  2428 D NetworkChangeNotifierAutoDetect: Network connectivity changed, type is: 2
03-24 21:50:34.947  2259  2259 D Backup  : [BackupScheduler] Setting backup scheduler enabled=true due to desired state 1
03-24 21:50:34.964  1700  1700 W WindowManager: Attempted to remove non-existing token: android.os.Binder@77d9602
03-24 21:50:34.968  2259  2259 V Backup  : [BackupTransportCS] no backup now: [OperationScheduler: enabledState=true moratoriumSet=2019-03-24/21:48:23 moratorium=1969-12-31/16:00:00]
03-24 21:50:34.976  4272  4272 I NetworkConnectivity: Network state changed: [type: WIFI[], state: CONNECTED/CONNECTED, reason: (unspecified), extra: "AndroidWifi", failover: false, available: true, roaming: false, metered: false]
03-24 21:50:34.981  1700  5207 D WifiNetworkHistory: saving network history: "AndroidWifi"NONE gw: null Network Selection-status: NETWORK_SELECTION_ENABLED ephemeral=false choice:null link:0 status:0 nid:0 hasEverConnected: true
03-24 21:50:34.981  1700  5207 V WifiNetworkHistory: writeKnownNetworkHistory write config "AndroidWifi"NONE
03-24 21:50:34.981  1700  1713 D GnssLocationProvider: handleDownloadXtraData() called when Xtra not supported
03-24 21:50:34.982  1700  1713 I GnssLocationProvider: WakeLock released by handleMessage(6, 0, null)
03-24 21:50:34.993  1700  1799 D ConnectivityService: Setting DNS servers for network 103 to [/fec0::3, /10.0.2.3]
03-24 21:50:35.014  1590  1590 E ipv6proxy: Failed to forward Neighbor Advertisement for fec0::3 from eth0 to radio0-peer: Network is unreachable
03-24 21:50:35.032  4272  4272 I NetworkPolicyMonitor: Download-ability status changed to (true) unmetered wifi/eth: true mobileOrMetered: false
03-24 21:50:35.035  3912  4115 I Babel_ConcService: Acquired partial wake lock to keep ConcurrentService alive
03-24 21:50:35.038  3912  4115 I Babel_ConcService: Released partial wake lock as ConcurrentService became idle
03-24 21:50:35.065  4272  4272 I NetworkPolicyMonitor: Stream-ability status changed to (true) unmetered wifi/eth: true mobileOrMetered: false
03-24 21:50:35.079  4272  4304 D DevicePlayback: Current route null, CQ mode: false
03-24 21:50:35.097  4272  4272 I DevicePlayback: Got network change: mobile=falsewifi=true
03-24 21:50:35.097  4272  4272 I DevicePlayback: Connectivity restored - clearing all queued disable runnables
03-24 21:50:35.146  1700  1757 I ActivityManager: START u0 {act=android.intent.action.MAIN cat=[android.intent.category.HOME] flg=0x10200000 cmp=com.google.android.apps.nexuslauncher/.NexusLauncherActivity (has extras)} from uid 1000 on display 0
03-24 21:50:35.179  2522  2522 W ViewRootImpl[NexusLauncherActivity]: Dropping event due to no window focus: KeyEvent { action=ACTION_DOWN, keyCode=KEYCODE_DPAD_DOWN, scanCode=0, metaState=0, flags=0x8, repeatCount=0, eventTime=163939, downTime=163939, deviceId=-1, source=0x101 }
03-24 21:50:35.181  2522  2522 W ViewRootImpl[NexusLauncherActivity]: Cancelling event due to no window focus: KeyEvent { action=ACTION_UP, keyCode=KEYCODE_DPAD_DOWN, scanCode=0, metaState=0, flags=0x28, repeatCount=0, eventTime=163944, downTime=163944, deviceId=-1, source=0x101 }
03-24 21:50:35.181  2522  2522 W ViewRootImpl[NexusLauncherActivity]: Cancelling event due to no window focus: KeyEvent { action=ACTION_UP, keyCode=KEYCODE_DPAD_DOWN, scanCode=0, metaState=0, flags=0x28, repeatCount=0, eventTime=163944, downTime=163944, deviceId=-1, source=0x101 }
03-24 21:50:35.181  2522  2522 W ViewRootImpl[NexusLauncherActivity]: Cancelling event due to no window focus: KeyEvent { action=ACTION_UP, keyCode=KEYCODE_DPAD_DOWN, scanCode=0, metaState=0, flags=0x28, repeatCount=0, eventTime=163944, downTime=163944, deviceId=-1, source=0x101 }
03-24 21:50:35.184  1700  2536 W InputMethodManagerService: Window already focused, ignoring focus gain of: com.android.internal.view.IInputMethodClient$Stub$Proxy@dc6cf28 attribute=android.view.inputmethod.EditorInfo@1b49441, token = android.os.BinderProxy@559454c
03-24 21:50:35.185  4272  4304 D DevicePlayback: Current route null, CQ mode: false
03-24 21:50:35.198  4272  4304 D DevicePlayback: Current route null, CQ mode: false
03-24 21:50:35.213  4272  4304 D DevicePlayback: Current route null, CQ mode: false
03-24 21:50:35.213  4272  4304 I DevicePlayback: Allowing woodstock playback due to restored connection
03-24 21:50:35.213  4272  4304 D DevicePlayback: Current route null, CQ mode: false
03-24 21:50:35.263  1700  3975 I ActivityManager: START u0 {act=android.intent.action.MAIN cat=[android.intent.category.LAUNCHER] flg=0x10200000 cmp=com.google.android.dialer/.extensions.GoogleDialtactsActivity bnds=[23,1584][230,1794] (has extras)} from uid 10022 on display 0
03-24 21:50:35.466  2259  2660 W art     : Long monitor contention with owner netscheduler-queue-handler (3072) at void xno.a(xnk, xla)(:com.google.android.gms@13280022@13.2.80 (040700-211705629):113) waiters=0 in boolean xno.d() for 345ms
03-24 21:50:35.494  2428  5175 W Search.SearchUrlHelper: Auth token not ready, no auth header set.
03-24 21:50:35.632  1700  3992 W InputMethodManagerService: Starting input on non-focused client com.android.internal.view.IInputMethodClient$Stub$Proxy@889eb6c (uid=10022 pid=2522)
03-24 21:50:35.633  2428  2428 W View    : couldn't find view with id 1
03-24 21:50:35.648  1700  3985 I ActivityManager: Setting hasTopUi=false for pid=1850
03-24 21:50:35.649  1850  1850 D PhoneStatusBar: disable: < expand icons* alerts system_info* back home recent clock search quick_settings >
03-24 21:50:35.666  2428  2428 E NowDoodleController: Failed to receive DoodleData
03-24 21:50:35.666  2428  2428 E NowDoodleController: java.util.concurrent.CancellationException: Task was cancelled.
03-24 21:50:35.666  2428  2428 E NowDoodleController: 	at com.google.common.util.concurrent.c.ct(SourceFile:2112)
03-24 21:50:35.666  2428  2428 E NowDoodleController: 	at com.google.common.util.concurrent.c.get(SourceFile:459)
03-24 21:50:35.666  2428  2428 E NowDoodleController: 	at com.google.common.util.concurrent.k.get(SourceFile:76)
03-24 21:50:35.666  2428  2428 E NowDoodleController: 	at com.google.common.util.concurrent.bu.n(SourceFile:142)
03-24 21:50:35.666  2428  2428 E NowDoodleController: 	at com.google.common.util.concurrent.aq.l(SourceFile:1171)
03-24 21:50:35.666  2428  2428 E NowDoodleController: 	at com.google.common.util.concurrent.aq$2.run(SourceFile:1121)
03-24 21:50:35.666  2428  2428 E NowDoodleController: 	at com.google.android.apps.gsa.shared.util.concurrent.a.ao$1.run(SourceFile:284)
03-24 21:50:35.666  2428  2428 E NowDoodleController: 	at android.os.Handler.handleCallback(Handler.java:751)
03-24 21:50:35.666  2428  2428 E NowDoodleController: 	at android.os.Handler.dispatchMessage(Handler.java:95)
03-24 21:50:35.666  2428  2428 E NowDoodleController: 	at android.os.Looper.loop(Looper.java:154)
03-24 21:50:35.666  2428  2428 E NowDoodleController: 	at android.app.ActivityThread.main(ActivityThread.java:6119)
03-24 21:50:35.666  2428  2428 E NowDoodleController: 	at java.lang.reflect.Method.invoke(Native Method)
03-24 21:50:35.666  2428  2428 E NowDoodleController: 	at com.android.internal.os.ZygoteInit$MethodAndArgsCaller.run(ZygoteInit.java:886)
03-24 21:50:35.666  2428  2428 E NowDoodleController: 	at com.android.internal.os.ZygoteInit.main(ZygoteInit.java:776)
03-24 21:50:35.684  2428  2428 W View    : couldn't find view with id 1
03-24 21:50:35.684  2428  2428 W View    : couldn't find view with id 1
03-24 21:50:35.684  2428  2428 W View    : couldn't find view with id 1
03-24 21:50:35.687  1850  2111 D EGL_emulation: eglMakeCurrent: 0xb1b057e0: ver 3 0 (tinfo 0x9580e030)
03-24 21:50:35.696  1850  2111 D EGL_emulation: eglMakeCurrent: 0xb1b057e0: ver 3 0 (tinfo 0x9580e030)
03-24 21:50:35.702  1822  1822 W InputMethodService: Window size has been changed. This may cause jankiness of resizing window: -1 -> -2
03-24 21:50:35.731  1822  1822 I LatinIME: Starting input. Cursor position = 0,0
03-24 21:50:35.731  1822  1822 W LatinIME: Deprecated private IME option specified: nm
03-24 21:50:35.731  1822  1822 W LatinIME: Use com.android.inputmethod.latin.noMicrophoneKey instead
03-24 21:50:35.831  1822  1822 W InputMethodService: Window size has been changed. This may cause jankiness of resizing window: -1 -> -2
03-24 21:50:35.835  1822  1822 W InputMethodService: Window size has been changed. This may cause jankiness of resizing window: -1 -> -2
03-24 21:50:35.837  1850  2111 D EGL_emulation: eglMakeCurrent: 0xb1b057e0: ver 3 0 (tinfo 0x9580e030)
03-24 21:50:35.849  1850  2111 D EGL_emulation: eglMakeCurrent: 0xb1b057e0: ver 3 0 (tinfo 0x9580e030)
03-24 21:50:35.850  2428  2428 W IInputConnectionWrapper: finishComposingText on inactive InputConnection
03-24 21:50:35.885  1822  1822 I LatinIME: Starting input. Cursor position = 0,0
03-24 21:50:35.885  1822  1822 W LatinIME: Deprecated private IME option specified: nm
03-24 21:50:35.885  1822  1822 W LatinIME: Use com.android.inputmethod.latin.noMicrophoneKey instead
03-24 21:50:35.887  1850  2111 D EGL_emulation: eglMakeCurrent: 0xb1b057e0: ver 3 0 (tinfo 0x9580e030)
03-24 21:50:35.899  1850  2111 D EGL_emulation: eglMakeCurrent: 0xb1b057e0: ver 3 0 (tinfo 0x9580e030)
03-24 21:50:35.912  2428  2428 W IInputConnectionWrapper: getSelectedText on inactive InputConnection
03-24 21:50:35.912  2428  2428 I SearchGraphWorker: Started search with TaskGraph
03-24 21:50:35.912  2428  2428 I SearchGraphWorker: Starting search graph
03-24 21:50:35.931  2428  2442 I art     : Background sticky concurrent mark sweep GC freed 32891(1621KB) AllocSpace objects, 16(928KB) LOS objects, 20% free, 12MB/15MB, paused 7.083ms total 49.743ms
03-24 21:50:35.947  2428  5183 W Search.SearchUrlHelper: Auth token not ready, no auth header set.
03-24 21:50:35.952  2428  2620 W ThreadPoolDumper: Queue length for executor TaskGraph-Producer is now 16. Perhaps some tasks are too long, or the pool is too small.
03-24 21:50:35.989  1700  1711 I ActivityManager: Start proc 5217:com.google.android.partnersetup/u0a19 for content provider com.google.android.partnersetup/.RlzAppProvider
03-24 21:50:35.995  2428  2428 W IInputConnectionWrapper: requestCursorAnchorInfo on inactive InputConnection
03-24 21:50:36.002  5217  5217 W art     : Unexpected CPU variant for X86 using defaults: x86
03-24 21:50:36.013  2428  2428 I cr_LibraryLoader: Expected native library version number "55.0.2883.91", actual native library version number "55.0.2883.91"
03-24 21:50:36.066  5217  5217 W System  : ClassLoader referenced unknown path: /system/priv-app/GooglePartnerSetup/lib/x86
03-24 21:50:36.158  2428  2428 I chromium: [INFO:library_loader_hooks.cc(163)] Chromium logging enabled: level = 0, default verbosity = 0
03-24 21:50:36.185  2428  2428 I cr_BrowserStartup: Initializing chromium process, singleProcess=true
03-24 21:50:36.322  2428  2428 D EGL_emulation: eglCreateContext: 0xa24374e0: maj 3 min 0 rcv 3
03-24 21:50:36.323  2428  2428 D EGL_emulation: eglMakeCurrent: 0xa24374e0: ver 3 0 (tinfo 0x8f57f7d0)
03-24 21:50:36.578  2428  2428 I cr_Ime  : ImeThread is enabled.
03-24 21:50:36.591  2428  5241 E BluetoothAdapter: Bluetooth binder is null
03-24 21:50:36.607  2428  2428 I Choreographer: Skipped 36 frames!  The application may be doing too much work on its main thread.
03-24 21:50:36.610  1700  1712 I ActivityManager: START u0 {act=android.intent.action.MAIN flg=0x1400a000 cmp=com.google.android.googlequicksearchbox/com.google.android.apps.gsa.legacyui.VelvetActivity (has extras)} from uid 10029 on display 0
03-24 21:50:36.613  2428  2428 W IInputConnectionWrapper: getTextBeforeCursor on inactive InputConnection
03-24 21:50:36.614  1822  1822 E RichInputConnection: Unable to connect to the editor to retrieve text.
03-24 21:50:36.614  1822  1822 D RichInputConnection: Will try to retrieve text later.
03-24 21:50:36.633  2428  2428 D GsaWebView: Loading URL, hash=474093447
03-24 21:50:36.646  2428  2428 W IInputConnectionWrapper: getTextBeforeCursor on inactive InputConnection
03-24 21:50:36.647  1822  1822 E RichInputConnection: Unable to connect to the editor to retrieve text.
03-24 21:50:36.647  1822  1822 W RichInputConnection: Unable to connect to the editor. Setting caps mode without knowing text.
03-24 21:50:36.655  2428  2428 W View    : couldn't find view with id 2131035277
03-24 21:50:36.658  1822  1822 I Choreographer: Skipped 49 frames!  The application may be doing too much work on its main thread.
03-24 21:50:36.662  1850  2111 D EGL_emulation: eglMakeCurrent: 0xb1b057e0: ver 3 0 (tinfo 0x9580e030)
03-24 21:50:36.737  2428  2428 W IInputConnectionWrapper: finishComposingText on inactive InputConnection
03-24 21:50:36.739  1822  1822 I LatinIME: Starting input. Cursor position = -1,-1
03-24 21:50:36.744  1822  1822 I InputAttributes: InputType.TYPE_NULL is specified
03-24 21:50:36.834  2428  2428 I MicroDetectionWorker: Micro detection mode: [mDetectionMode: [1]].
03-24 21:50:36.834  2428  2428 I AudioController: Using mInputStreamFactoryBuilder
03-24 21:50:36.859  2428  5249 I MicroRecognitionRunner: Starting detection.
03-24 21:50:36.860  1700  1729 I ActivityManager: START u0 {act=android.intent.action.CALL_BUTTON flg=0x10000000 cmp=com.google.android.dialer/com.google.android.apps.dialer.extensions.GoogleDialtactsActivity} from uid 10029 on display 0
03-24 21:50:36.863  2428  2589 I MicrophoneInputStream: mic_starting com.google.android.apps.gsa.staticplugins.z.c@a3c4682
03-24 21:50:36.875  1850  2111 D EGL_emulation: eglMakeCurrent: 0xb1b057e0: ver 3 0 (tinfo 0x9580e030)
03-24 21:50:36.877  2428  2589 I MicrophoneInputStream: mic_started com.google.android.apps.gsa.staticplugins.z.c@a3c4682
03-24 21:50:36.878  2428  2589 E ActivityThread: Failed to find provider info for com.google.android.apps.gsa.testing.ui.audio.recorded
03-24 21:50:36.893  2428  2428 I MicroDetectionWorker: onReady
03-24 21:50:36.918  1396  5253 I AudioFlinger: AudioFlinger's thread 0xa41124c0 ready to run
03-24 21:50:36.931  2428  2589 I MicrophoneInputStream: mic_close com.google.android.apps.gsa.staticplugins.z.c@a3c4682
03-24 21:50:36.938  2428  5249 I MicroRecognitionRunner: Detection finished
03-24 21:50:36.940  2428  5249 W ErrorReporter: reportError [type: 211, code: 524300]: Error reading from input stream
03-24 21:50:36.942  2428  2873 I MicroRecognitionRunner: Stopping hotword detection.
03-24 21:50:36.944  2428  5249 W ErrorProcessor: onFatalError, processing error from engine(4)
03-24 21:50:36.944  2428  5249 W ErrorProcessor: com.google.android.apps.gsa.shared.speech.a.g: Error reading from input stream
03-24 21:50:36.944  2428  5249 W ErrorProcessor: 	at com.google.android.apps.gsa.staticplugins.recognizer.i.a.a(SourceFile:342)
03-24 21:50:36.944  2428  5249 W ErrorProcessor: 	at com.google.android.apps.gsa.staticplugins.recognizer.i.a$1.run(SourceFile:1367)
03-24 21:50:36.944  2428  5249 W ErrorProcessor: 	at java.util.concurrent.Executors$RunnableAdapter.call(Executors.java:428)
03-24 21:50:36.944  2428  5249 W ErrorProcessor: 	at java.util.concurrent.FutureTask.run(FutureTask.java:237)
03-24 21:50:36.944  2428  5249 W ErrorProcessor: 	at com.google.android.apps.gsa.shared.util.concurrent.a.ak.run(SourceFile:66)
03-24 21:50:36.944  2428  5249 W ErrorProcessor: 	at java.util.concurrent.ThreadPoolExecutor.runWorker(ThreadPoolExecutor.java:1133)
03-24 21:50:36.944  2428  5249 W ErrorProcessor: 	at java.util.concurrent.ThreadPoolExecutor$Worker.run(ThreadPoolExecutor.java:607)
03-24 21:50:36.944  2428  5249 W ErrorProcessor: 	at java.lang.Thread.run(Thread.java:761)
03-24 21:50:36.944  2428  5249 W ErrorProcessor: 	at com.google.android.apps.gsa.shared.util.concurrent.a.ad$1.run(SourceFile:85)
03-24 21:50:36.944  2428  5249 W ErrorProcessor: Caused by: com.google.android.apps.gsa.shared.exception.GsaIOException: Error code: 393238 | Buffer overflow, no available space.
03-24 21:50:36.944  2428  5249 W ErrorProcessor: 	at com.google.android.apps.gsa.speech.audio.Tee.g(SourceFile:2531)
03-24 21:50:36.944  2428  5249 W ErrorProcessor: 	at com.google.android.apps.gsa.speech.audio.ap.read(SourceFile:555)
03-24 21:50:36.944  2428  5249 W ErrorProcessor: 	at java.io.InputStream.read(InputStream.java:101)
03-24 21:50:36.944  2428  5249 W ErrorProcessor: 	at com.google.android.apps.gsa.speech.audio.al.run(SourceFile:362)
03-24 21:50:36.944  2428  5249 W ErrorProcessor: 	at com.google.android.apps.gsa.speech.audio.ak$1.run(SourceFile:471)
03-24 21:50:36.944  2428  5249 W ErrorProcessor: 	at java.util.concurrent.Executors$RunnableAdapter.call(Executors.java:428)
03-24 21:50:36.944  2428  5249 W ErrorProcessor: 	at java.util.concurrent.FutureTask.run(FutureTask.java:237)
03-24 21:50:36.944  2428  5249 W ErrorProcessor: 	at com.google.android.apps.gsa.shared.util.concurrent.a.ak.run(SourceFile:66)
03-24 21:50:36.944  2428  5249 W ErrorProcessor: 	at com.google.android.apps.gsa.shared.util.concurrent.a.ax.run(SourceFile:139)
03-24 21:50:36.944  2428  5249 W ErrorProcessor: 	at com.google.android.apps.gsa.shared.util.concurrent.a.ax.run(SourceFile:139)
03-24 21:50:36.944  2428  5249 W ErrorProcessor: 	... 4 more
03-24 21:50:36.944  2428  5249 I AudioController: internalShutdown
03-24 21:50:36.946  2428  2428 I MicroDetector: Keeping mic open: false
03-24 21:50:36.946  2428  2428 I MicroDetectionWorker: #onError(false)
03-24 21:50:36.946  2428  5250 I DeviceStateChecker: DeviceStateChecker cancelled
03-24 21:50:36.956  1822  1822 I LatinIME: Starting input. Cursor position = -1,-1
03-24 21:50:36.985  1822  1822 I InputAttributes: InputType.TYPE_NULL is specified
03-24 21:50:36.986  2259  2660 W Icing   : isOptedInForAppHistory: empty Account Name encountered
03-24 21:50:37.038  1822  1822 I LatinIME: Starting input. Cursor position = -1,-1
03-24 21:50:37.046  1822  1822 I InputAttributes: InputType.TYPE_NULL is specified
03-24 21:50:37.101  1822  1822 W InputMethodService: Window size has been changed. This may cause jankiness of resizing window: -1 -> -2
