03-24 21:48:39.238  1700  2537 I dvm_lock_sample: [system_server,1,Binder:1700_C,523,PackageManagerService.java,3732,-,1469,100]
03-24 21:48:39.238  1700  1711 I dvm_lock_sample: [system_server,1,Binder:1700_1,528,ActivityManagerService.java,17308,-,17308,100]
03-24 21:48:39.238  1700  3974 I dvm_lock_sample: [system_server,0,Binder:1700_10,497,PackageManagerService.java,3732,-,1469,99]
03-24 21:48:39.239  1700  3978 I dvm_lock_sample: [system_server,1,Binder:1700_14,480,PackageManagerService.java,3610,-,1469,96]
03-24 21:48:39.239  1700  3982 I dvm_lock_sample: [system_server,1,Binder:1700_16,477,PackageManagerService.java,4657,-,1469,95]
03-24 21:48:39.239  1700  3984 I dvm_lock_sample: [system_server,1,Binder:1700_18,476,PackageManagerService.java,4657,-,1469,95]
03-24 21:48:39.242  1700  2014 I dvm_lock_sample: [system_server,1,Binder:1700_4,515,PackageManagerService.java,3689,-,1469,100]
03-24 21:48:39.243  1700  1752 I dvm_lock_sample: [system_server,0,AlarmManager,532,PendingIntentRecord.java,223,ActivityManagerService.java,17308,100]
03-24 21:48:39.243  1700  1729 I dvm_lock_sample: [system_server,1,Binder:1700_3,533,ActivityManagerService.java,17308,-,18551,100]
03-24 21:48:39.244  1700  2246 I dvm_lock_sample: [system_server,1,Binder:1700_6,531,ActivityManagerService.java,17308,-,18551,100]
03-24 21:48:39.244  1700  2536 I dvm_lock_sample: [system_server,0,Binder:1700_B,529,ActivityManagerService.java,17308,-,18551,100]
03-24 21:48:39.246  1700  2194 I dvm_lock_sample: [system_server,1,Binder:1700_5,523,ActivityManagerService.java,11231,-,18551,100]
03-24 21:48:39.246  1700  3970 I dvm_lock_sample: [system_server,1,Binder:1700_E,520,ActivityManagerService.java,17220,-,18551,100]
03-24 21:48:39.246  1700  3975 I dvm_lock_sample: [system_server,1,Binder:1700_11,511,ActivityManagerService.java,11231,-,18551,100]
03-24 21:48:39.246  1700  3972 I dvm_lock_sample: [system_server,1,Binder:1700_F,518,ActivityManagerService.java,17308,-,18551,100]
03-24 21:48:39.246  1700  3976 I dvm_lock_sample: [system_server,1,Binder:1700_12,510,ActivityManagerService.java,10666,-,18551,100]
03-24 21:48:39.247  1700  3977 I dvm_lock_sample: [system_server,1,Binder:1700_13,504,ActivityManagerService.java,17308,-,18551,100]
03-24 21:48:39.247  1700  3979 I dvm_lock_sample: [system_server,1,Binder:1700_15,486,ActivityManagerService.java,10666,-,18551,97]
03-24 21:48:39.247  1700  3983 I dvm_lock_sample: [system_server,1,Binder:1700_17,486,ActivityManagerService.java,11231,-,18551,97]
03-24 21:48:39.248  1700  3985 I dvm_lock_sample: [system_server,1,Binder:1700_19,472,ActivityManagerService.java,17161,-,18551,94]
03-24 21:48:39.253  1700  1752 I am_kill : [0,2130,com.android.cellbroadcastreceiver,906,empty #17]
03-24 21:48:39.255  1700  3987 I dvm_lock_sample: [system_server,1,Binder:1700_1B,228,ActivityManagerService.java,13717,-,18551,45]
03-24 21:48:39.255  1700  3986 I dvm_lock_sample: [system_server,1,Binder:1700_1A,227,ActivityManagerService.java,13717,-,18551,45]
03-24 21:48:39.267  1700  1795 I dvm_lock_sample: [system_server,0,WifiStateMachine,651,AlarmManagerService.java,1072,-,2498,100]
03-24 21:48:39.268  1700  1797 I dvm_lock_sample: [system_server,0,WifiScanningService,636,AlarmManagerService.java,1072,-,2498,100]
03-24 21:48:39.268  1700  1700 I dvm_lock_sample: [system_server,1,main,558,AlarmManagerService.java,2961,-,2498,100]
03-24 21:48:39.278  1700  1700 I dvm_lock_sample: [system_server,1,main,53,UserController.java,1438,BroadcastQueue.java,760,10]
03-24 21:48:39.302  1700  1726 I dvm_lock_sample: [system_server,0,PackageManager,77,ActivityManagerService.java,18551,BroadcastQueue.java,760,15]
03-24 21:48:39.441  2259  2669 I dvm_lock_sample: [com.google.android.gms.persisten,0,lowpool[1],375,ActivityThread.java,5870,-,5563,75]
03-24 21:48:39.441  2259  2836 I dvm_lock_sample: [com.google.android.gms.persisten,0,lowpool[4],368,ActivityThread.java,5563,-,5563,73]
03-24 21:48:39.441  2259  3335 I dvm_lock_sample: [com.google.android.gms.persisten,0,highpool[3],255,ActivityThread.java,5870,-,5597,51]
03-24 21:48:39.453  1700  1713 I am_pss  : [2428,10029,com.google.android.googlequicksearchbox:search,61638656,53657600,0]
03-24 21:48:39.463  1700  1713 I am_pss  : [2281,10029,com.google.android.googlequicksearchbox:interactor,6573056,3440640,0]
03-24 21:48:39.468  1700  1713 I am_pss  : [2231,10015,com.google.android.ext.services,3136512,2191360,0]
03-24 21:48:39.553  3050  3050 I auditd  : type=1400 audit(0.0:25): avc: denied { search } for comm="Binder:3050_3" name="run" dev="dm-0" ino=29322 scontext=u:r:priv_app:s0:c512,c768 tcontext=u:object_r:varrun_file:s0 tclass=dir permissive=0
03-24 21:48:39.554  1700  1726 I am_proc_start: [0,4014,10008,com.android.defcontainer,service,com.android.defcontainer/.DefaultContainerService]
03-24 21:48:39.555  1700  3991 I dvm_lock_sample: [system_server,1,Binder:1700_1C,15,ActivityManagerService.java,17220,-,17301,3]
03-24 21:48:39.580  1700  3979 I am_proc_bound: [0,4014,com.android.defcontainer]
03-24 21:48:39.613  3050  3050 I auditd  : type=1400 audit(0.0:26): avc: denied { read } for comm="Binder:3050_3" name="/" dev="tmpfs" ino=3952 scontext=u:r:priv_app:s0:c512,c768 tcontext=u:object_r:device:s0 tclass=dir permissive=0
03-24 21:48:39.669  1700  3991 I am_proc_died: [0,2130,com.android.cellbroadcastreceiver]
03-24 21:48:39.687  1700  3979 I am_proc_died: [0,2773,com.google.android.music:main]
03-24 21:48:39.823  1700  2248 I dvm_lock_sample: [system_server,1,Binder:1700_7,34,PackageManagerService.java,3197,-,6105,6]
03-24 21:48:39.828  1700  2485 I dvm_lock_sample: [system_server,1,Binder:1700_A,16,ActivityManagerService.java,11231,-,7103,3]
03-24 21:48:39.866  2563  2999 I [70220] : [5,1553489301043,1553489301043]
03-24 21:48:40.337  2338  2356 I force_gc: Binder
03-24 21:48:40.356  2563  2999 I [70220] : [6,11,299,0,190]
03-24 21:48:40.364  2563  2999 I [70220] : [5,1553489301043,1553489301043]
03-24 21:48:40.364  2563  2999 I [70220] : 119
03-24 21:48:40.366  2563  2999 I [70220] : 24
03-24 21:48:40.402  1700  1715 I dvm_lock_sample: [system_server,1,android.ui,18,ShortcutService.java,477,-,2747,3]
03-24 21:48:40.416  2338  2356 I force_gc: Binder
03-24 21:48:40.472  2563  2747 I force_gc: Binder
03-24 21:48:40.687  1700  1713 I am_pss  : [2844,10013,com.google.android.gms.ui,10384384,6598656,0]
03-24 21:48:40.724  2338  2356 I force_gc: Binder
03-24 21:48:40.883  1700  2014 I am_proc_start: [0,4073,10071,com.google.android.videos,broadcast,com.google.android.videos/.service.pinning.TransferService$Receiver]
03-24 21:48:40.883  1700  3993 I dvm_lock_sample: [system_server,1,Binder:1700_1E,10,ActivityManagerService.java,13717,BroadcastQueue.java,760,2]
03-24 21:48:40.887  1700  2485 I am_proc_bound: [0,4073,com.google.android.videos]
03-24 21:48:41.483  2259  3142 I force_gc: Binder
03-24 21:48:41.613  1700  3984 I am_proc_start: [0,4135,10076,com.google.android.youtube,broadcast,com.google.android.youtube/com.google.android.libraries.youtube.upload.service.UploadService$BootReceiver]
03-24 21:48:41.619  1700  2248 I am_proc_bound: [0,4135,com.google.android.youtube]
03-24 21:48:41.806  2338  2826 I force_gc: Binder
03-24 21:48:42.575  1700  3970 I am_kill : [0,2052,com.android.settings,906,empty #17]
03-24 21:48:42.581  1700  3985 I force_gc: Binder
03-24 21:48:42.644  2338  3367 I force_gc: Binder
03-24 21:48:42.655  1700  3976 I am_proc_died: [0,2052,com.android.settings]
03-24 21:48:42.692  2563  2930 I force_gc: Binder
03-24 21:48:42.726  2338  2356 I force_gc: Binder
03-24 21:48:42.828  1700  3983 I am_proc_start: [0,4272,10058,com.google.android.music:main,broadcast,com.google.android.music/.store.MediaStoreImportService$Receiver]
03-24 21:48:42.848  1700  2536 I am_proc_bound: [0,4272,com.google.android.music:main]
03-24 21:48:43.308  2338  2426 I force_gc: Binder
03-24 21:48:44.227  1700  1713 I am_pss  : [3823,10067,com.google.android.deskclock,8014848,6987776,0]
03-24 21:48:44.260  1700  1726 I unknown_sources_enabled: 1
03-24 21:48:44.306  1700  1700 I notification_cancel_all: [1000,1700,com.esoxjem.movieguide,0,0,0,5,NULL]
03-24 21:48:44.328  1700  2537 I am_kill : [0,3618,com.android.gallery3d,906,empty #17]
03-24 21:48:44.357  1700  2536 I am_proc_died: [0,3618,com.android.gallery3d]
03-24 21:48:44.362  1700  2258 I dvm_lock_sample: [system_server,0,backup,15,BackupManagerService.java,1493,Throwable.java,-2,3]
03-24 21:48:44.502  2259  4348 I c2dm    : [-2,,1,1]
03-24 21:48:44.522  2259  4353 I c2dm    : [3,,1,1]
03-24 21:48:44.531  2259  4353 I gtalk_heartbeat_reset: [66086,74.125.199.188:5228]
03-24 21:48:44.531  2259  4353 I gtalk_connection: 0
03-24 21:48:44.533  2259  4353 I c2dm    : [7,,1,1]
03-24 21:48:44.606  1700  2246 I am_kill : [0,3084,com.android.managedprovisioning,906,empty #17]
03-24 21:48:44.643  2338  2645 I force_gc: Binder
03-24 21:48:44.647  1700  2246 I am_proc_died: [0,3084,com.android.managedprovisioning]
03-24 21:48:44.728  2563  4255 I force_gc: Binder
03-24 21:48:44.757  2338  2426 I force_gc: Binder
03-24 21:48:44.769  1700  3970 I am_proc_start: [0,4367,10052,com.google.android.talk:matchstick,broadcast,com.google.android.talk/com.google.android.libraries.matchstick.net.MatchstickInProcessReceiver]
03-24 21:48:44.769  1700  2399 I am_proc_bound: [0,4367,com.google.android.talk:matchstick]
03-24 21:48:44.857  2338  2426 I force_gc: Binder
03-24 21:48:44.923  1700  3974 I am_kill : [0,3686,com.google.android.dialer,906,empty #17]
03-24 21:48:44.934  1700  2014 I force_gc: Binder
03-24 21:48:44.954  1700  2194 I am_proc_died: [0,3686,com.google.android.dialer]
03-24 21:48:45.023  1700  3975 I am_proc_start: [0,4392,10014,com.google.android.dialer,broadcast,com.google.android.dialer/com.google.android.apps.dialer.phenotype.UpdateBroadcastReceiver]
03-24 21:48:45.024  1700  2485 I am_proc_bound: [0,4392,com.google.android.dialer]
03-24 21:48:45.079  2259  2660 I dvm_lock_sample: [com.google.android.gms.persisten,0,lowpool[0],499,:com.google.android.gms@13280022,2,-,113,99]
03-24 21:48:45.104  1700  2194 I am_kill : [0,3784,com.google.android.apps.photos:CameraShortcut,906,empty #17]
03-24 21:48:45.148  1700  3985 I am_proc_died: [0,3784,com.google.android.apps.photos:CameraShortcut]
03-24 21:48:45.231  1700  3972 I am_proc_start: [0,4425,10046,com.android.gallery3d,broadcast,com.android.gallery3d/.app.PackagesMonitor]
03-24 21:48:45.235  1700  2248 I am_proc_bound: [0,4425,com.android.gallery3d]
03-24 21:48:45.273  2259  2660 I dvm_lock_sample: [com.google.android.gms.persisten,0,lowpool[0],148,:com.google.android.gms@13280022,2,-,113,29]
03-24 21:48:45.280  1700  3982 I am_proc_start: [0,4442,10041,com.google.android.apps.docs,broadcast,com.google.android.apps.docs/.receivers.AppPackageAddRemoveReceiver]
03-24 21:48:45.285  1700  2194 I am_proc_bound: [0,4442,com.google.android.apps.docs]
03-24 21:48:45.310  1700  1729 I am_kill : [0,3800,com.google.android.apps.wallpaper,906,empty #17]
03-24 21:48:45.323  1700  3975 I am_kill : [0,3823,com.google.android.deskclock,906,empty #17]
03-24 21:48:45.333  1700  3992 I am_kill : [0,3865,com.android.chrome,906,empty #17]
03-24 21:48:45.346  1700  3982 I am_proc_died: [0,3800,com.google.android.apps.wallpaper]
03-24 21:48:45.362  1700  3993 I am_proc_died: [0,3865,com.android.chrome]
03-24 21:48:45.366  1700  3992 I am_proc_died: [0,3823,com.google.android.deskclock]
03-24 21:48:45.398  2563  4458 I force_gc: Binder
03-24 21:48:45.964  1700  3983 I am_kill : [0,3882,com.google.android.onetimeinitializer,906,empty #17]
03-24 21:48:46.044  1700  3979 I am_proc_died: [0,3882,com.google.android.onetimeinitializer]
03-24 21:48:46.060  1700  3983 I force_gc: Binder
03-24 21:48:46.089  2338  2356 I force_gc: Binder
03-24 21:48:46.184  2259  2660 I dvm_lock_sample: [com.google.android.gms.persisten,0,lowpool[0],245,,6,:com.google.android.gms@13280022,113,49]
03-24 21:48:46.198  1700  3985 I am_kill : [0,3157,com.google.process.gapps,906,empty #17]
03-24 21:48:46.239  1700  3978 I am_proc_died: [0,3157,com.google.process.gapps]
03-24 21:48:46.271  2259  3072 I dvm_lock_sample: [com.google.android.gms.persisten,0,netscheduler-queue-handler,85,:com.google.android.gms@13280022,113,-,2,17]
03-24 21:48:48.435  1700  1713 I am_pss  : [3549,10034,com.google.android.calendar,12134400,10137600,0]
03-24 21:48:49.149  1700  1799 I netstats_mobile_sample: [5354,30,3206,34,5501,35,3297,39,4853,26,2674,32,1553489329639]
03-24 21:48:49.149  1700  1799 I netstats_wifi_sample: [11126365,7866,491037,4796,11016780,7870,328512,4800,11016348,7864,327889,4793,1553489329639]
03-24 21:48:52.389  1700  3994 I am_kill : [0,2902,com.google.android.gms:car,906,empty #17]
03-24 21:48:52.393  1700  2014 I am_proc_died: [0,2902,com.google.android.gms:car]
03-24 21:48:52.957  1700  2248 I wm_stack_created: 1
03-24 21:48:52.957  1700  2248 I am_create_task: [0,6]
03-24 21:48:52.957  1700  2248 I am_create_activity: [0,248648692,6,com.esoxjem.movieguide/.listing.MoviesListingActivity,android.intent.action.MAIN,NULL,NULL,270532608]
03-24 21:48:52.959  1700  2248 I wm_task_created: [6,1]
03-24 21:48:52.959  1700  2248 I wm_task_moved: [6,1,0]
03-24 21:48:52.959  1700  2248 I am_focused_stack: [0,1,0,startedActivity setFocusedActivity]
03-24 21:48:52.959  1700  2248 I wm_task_moved: [6,1,0]
03-24 21:48:52.961  1700  2248 I am_focused_activity: [0,com.esoxjem.movieguide/.listing.MoviesListingActivity,startedActivity]
03-24 21:48:52.961  1700  2248 I am_pause_activity: [0,60546334,com.google.android.apps.nexuslauncher/.NexusLauncherActivity]
03-24 21:48:52.962  1700  2248 I sysui_action: [323,com.esoxjem.movieguide/.listing.MoviesListingActivity]
03-24 21:48:52.962  1700  2248 I sysui_action: [324,false]
03-24 21:48:52.962  1700  2248 I sysui_action: [325,61]
03-24 21:48:52.965  2522  2522 I am_on_paused_called: [0,com.google.android.apps.nexuslauncher.NexusLauncherActivity,handlePauseActivity]
03-24 21:48:53.021  1700  3993 I am_proc_start: [0,4520,10084,com.esoxjem.movieguide,activity,com.esoxjem.movieguide/.listing.MoviesListingActivity]
03-24 21:48:53.023  1700  1714 I sysui_count: [window_time_0,37]
03-24 21:48:53.026  1700  2194 I am_proc_bound: [0,4520,com.esoxjem.movieguide]
03-24 21:48:53.029  1700  2194 I am_restart_activity: [0,248648692,6,com.esoxjem.movieguide/.listing.MoviesListingActivity]
03-24 21:48:53.160  1700  1721 I sysui_action: [321,209]
03-24 21:48:53.160  1700  1721 I sysui_action: [320,1]
03-24 21:48:53.161  1700  1721 I sysui_action: [319,209]
03-24 21:48:53.342  4520  4520 I am_on_resume_called: [0,com.esoxjem.movieguide.listing.MoviesListingActivity,LAUNCH_ACTIVITY]
03-24 21:48:53.544  1700  1721 I sysui_action: [322,593]
03-24 21:48:53.544  1700  1721 I am_activity_launch_time: [0,248648692,com.esoxjem.movieguide/.listing.MoviesListingActivity,535,535]
03-24 21:48:53.552  1700  1711 I am_stop_activity: [0,60546334,com.google.android.apps.nexuslauncher/.NexusLauncherActivity]
03-24 21:48:53.567  2522  2522 I am_on_stop_called: [0,com.google.android.apps.nexuslauncher.NexusLauncherActivity,handleStopActivity]
03-24 21:48:54.406  1700  3977 I force_gc: Binder
03-24 21:48:54.541  1700  2246 I am_kill : [0,4073,com.google.android.videos,906,empty #17]
03-24 21:48:54.585  1700  1712 I am_proc_died: [0,4073,com.google.android.videos]
03-24 21:48:55.793  1700  3995 I wm_task_moved: [6,1,0]
03-24 21:48:55.793  1700  3995 I am_create_activity: [0,43176676,6,com.esoxjem.movieguide/.details.MovieDetailsActivity,NULL,NULL,NULL,0]
03-24 21:48:55.793  1700  3995 I wm_task_moved: [6,1,0]
03-24 21:48:55.794  1700  3995 I am_focused_activity: [0,com.esoxjem.movieguide/.details.MovieDetailsActivity,startedActivity]
03-24 21:48:55.794  1700  3995 I am_pause_activity: [0,248648692,com.esoxjem.movieguide/.listing.MoviesListingActivity]
03-24 21:48:55.804  4520  4520 I am_on_paused_called: [0,com.esoxjem.movieguide.listing.MoviesListingActivity,handlePauseActivity]
03-24 21:48:55.806  1700  1729 I am_restart_activity: [0,43176676,6,com.esoxjem.movieguide/.details.MovieDetailsActivity]
03-24 21:48:55.808  1700  1714 I sysui_count: [window_time_0,3]
03-24 21:48:55.860  4520  4520 I am_on_resume_called: [0,com.esoxjem.movieguide.details.MovieDetailsActivity,LAUNCH_ACTIVITY]
03-24 21:48:56.002  1700  1721 I am_activity_launch_time: [0,43176676,com.esoxjem.movieguide/.details.MovieDetailsActivity,198,198]
03-24 21:48:56.080  2428  2598 I force_gc: Binder
03-24 21:48:56.134  1700  1713 I am_pss  : [3427,10005,com.google.android.configupdater,5534720,4530176,0]
03-24 21:48:56.357  1700  1714 I am_stop_activity: [0,248648692,com.esoxjem.movieguide/.listing.MoviesListingActivity]
03-24 21:48:56.367  4520  4520 I am_on_stop_called: [0,com.esoxjem.movieguide.listing.MoviesListingActivity,handleStopActivity]
03-24 21:48:56.386  1316  1316 I sf_frame_dur: [com.esoxjem.movieguide/com.esoxjem.movieguide.listing.MoviesListingActivity,114,10,4,0,0,0,2]
03-24 21:48:56.835  2428  2598 I force_gc: Binder
03-24 21:48:57.247  1700  3995 I am_crash: [4520,0,com.esoxjem.movieguide,950582854,java.lang.NullPointerException,test code for CPEN522,MovieDetailsPresenterImpl.java,109]
03-24 21:48:57.250  1700  3995 I am_finish_activity: [0,43176676,6,com.esoxjem.movieguide/.details.MovieDetailsActivity,force-crash]
03-24 21:48:57.251  1700  3995 I wm_task_moved: [6,1,0]
03-24 21:48:57.251  1700  3995 I am_focused_activity: [0,com.esoxjem.movieguide/.listing.MoviesListingActivity,finishActivity adjustFocus]
03-24 21:48:57.251  1700  3995 I am_pause_activity: [0,43176676,com.esoxjem.movieguide/.details.MovieDetailsActivity]
03-24 21:48:57.312  2428  2598 I force_gc: Binder
03-24 21:48:57.770  1700  1714 I am_resume_activity: [0,248648692,6,com.esoxjem.movieguide/.listing.MoviesListingActivity]
03-24 21:48:57.980  2428  2598 I force_gc: Binder
03-24 21:48:58.601  2428  4092 I force_gc: Binder
03-24 21:48:59.199  2428  4092 I force_gc: Binder
03-24 21:48:59.809  2428  2443 I force_gc: Binder
03-24 21:49:00.276  1700  3995 I sysui_action: [316,3]
03-24 21:49:00.277  1700  3995 I am_kill : [0,4520,com.esoxjem.movieguide,0,crash]
03-24 21:49:00.286  1700  3995 I am_focused_activity: [-1,NULL,resetFocusedActivityIfNeeded]
03-24 21:49:00.297  1700  3995 I am_proc_start: [0,4590,10084,com.esoxjem.movieguide,activity,com.esoxjem.movieguide/.listing.MoviesListingActivity]
03-24 21:49:00.320  1316  1316 I sf_frame_dur: [com.esoxjem.movieguide/com.esoxjem.movieguide.details.MovieDetailsActivity,40,6,2,0,0,2,0]
03-24 21:49:00.340  1700  3995 I dvm_lock_sample: [system_server,1,Binder:1700_20,39,WindowManagerService.java,5077,-,2392,7]
03-24 21:49:00.340  1700  3995 I wm_task_moved: [6,1,0]
03-24 21:49:00.356  1700  3995 I am_focused_activity: [0,com.esoxjem.movieguide/.listing.MoviesListingActivity,moveTaskToFront]
03-24 21:49:00.391  1700  3995 I am_task_to_front: [0,6]
03-24 21:49:00.391  1700  3995 I sysui_action: [323,com.esoxjem.movieguide/.listing.MoviesListingActivity]
03-24 21:49:00.391  1700  3995 I sysui_action: [324,true]
03-24 21:49:00.391  1700  3995 I sysui_action: [325,69]
03-24 21:49:00.396  1700  2537 I am_proc_bound: [0,4590,com.esoxjem.movieguide]
03-24 21:49:00.398  1700  2537 I am_restart_activity: [0,248648692,6,com.esoxjem.movieguide/.listing.MoviesListingActivity]
03-24 21:49:00.398  1700  2248 I dvm_lock_sample: [system_server,1,Binder:1700_7,106,ActivityManagerService.java,10666,AppErrors.java,372,21]
03-24 21:49:00.486  4590  4590 I am_on_resume_called: [0,com.esoxjem.movieguide.listing.MoviesListingActivity,LAUNCH_ACTIVITY]
03-24 21:49:00.535  1316  1316 I sf_frame_dur: [Application Error: com.esoxjem.movieguide,10,2,0,0,0,0,2]
03-24 21:49:00.614  2428  2443 I force_gc: Binder
03-24 21:49:00.627  1700  1721 I sysui_action: [320,2]
03-24 21:49:00.628  1700  1721 I sysui_action: [319,330]
03-24 21:49:00.628  1700  1721 I sysui_action: [322,330]
03-24 21:49:00.628  1700  1721 I am_activity_launch_time: [0,248648692,com.esoxjem.movieguide/.listing.MoviesListingActivity,341,341]
03-24 21:49:00.715  1700  1713 I am_pss  : [3731,10057,com.google.android.apps.maps,31744000,28905472,0]
03-24 21:49:01.202  2428  4093 I force_gc: Binder
03-24 21:49:01.459  1700  3994 I am_kill : [0,3172,com.google.android.apps.messaging,906,empty #17]
03-24 21:49:01.517  1700  3978 I am_proc_died: [0,3172,com.google.android.apps.messaging]
03-24 21:49:01.637  2428  2443 I force_gc: Binder
03-24 21:49:02.072  2428  4093 I force_gc: Binder
03-24 21:49:02.452  1700  3520 I am_kill : [0,4135,com.google.android.youtube,906,empty #17]
03-24 21:49:02.510  1700  2413 I am_proc_died: [0,4135,com.google.android.youtube]
03-24 21:49:02.693  2428  4093 I force_gc: Binder
03-24 21:49:03.877  2428  4092 I force_gc: Binder
03-24 21:49:04.563  1700  3984 I am_proc_start: [0,4620,10065,com.google.android.apps.photos:CameraShortcut,service,com.google.android.apps.photos/.camerashortcut.CameraShortcutServiceImpl]
03-24 21:49:04.589  1700  3970 I am_proc_bound: [0,4620,com.google.android.apps.photos:CameraShortcut]
03-24 21:49:05.280  1700  1757 I am_new_intent: [0,172803297,5,com.google.android.apps.nexuslauncher/.NexusLauncherActivity,android.intent.action.MAIN,NULL,NULL,270532608]
03-24 21:49:05.280  1700  1757 I am_focused_stack: [0,0,1,bringingFoundTaskToFront setFocusedActivity]
03-24 21:49:05.280  1700  1757 I wm_task_moved: [5,1,0]
03-24 21:49:05.282  1700  1757 I am_focused_activity: [0,com.google.android.apps.nexuslauncher/.NexusLauncherActivity,bringingFoundTaskToFront]
03-24 21:49:05.283  1700  1757 I am_pause_activity: [0,248648692,com.esoxjem.movieguide/.listing.MoviesListingActivity]
03-24 21:49:05.285  4590  4590 I am_on_paused_called: [0,com.esoxjem.movieguide.listing.MoviesListingActivity,handlePauseActivity]
03-24 21:49:05.378  1700  1757 I am_resume_activity: [0,60546334,5,com.google.android.apps.nexuslauncher/.NexusLauncherActivity]
03-24 21:49:05.378  1700  1757 I am_task_to_front: [0,5]
03-24 21:49:05.381  1700  1757 I sysui_action: [323,com.google.android.apps.nexuslauncher/.NexusLauncherActivity]
03-24 21:49:05.381  1700  1757 I sysui_action: [324,true]
03-24 21:49:05.381  1700  1757 I sysui_action: [325,74]
03-24 21:49:05.381  1700  1714 I dvm_lock_sample: [system_server,1,ActivityManager,95,ActivityManagerService.java,2322,ActivityStarter.java,757,19]
03-24 21:49:05.381  1700  1714 I am_stop_activity: [0,248648692,com.esoxjem.movieguide/.listing.MoviesListingActivity]
03-24 21:49:05.421  2522  2522 I am_on_resume_called: [0,com.google.android.apps.nexuslauncher.NexusLauncherActivity,RESUME_ACTIVITY]
03-24 21:49:05.513  1700  1721 I sysui_action: [320,2]
03-24 21:49:05.513  1700  1721 I sysui_action: [319,236]
03-24 21:49:05.513  1700  1721 I sysui_action: [322,236]
03-24 21:49:05.617  2428  2443 I force_gc: Binder
03-24 21:49:05.664  4590  4590 I am_on_stop_called: [0,com.esoxjem.movieguide.listing.MoviesListingActivity,handleStopActivity]
03-24 21:49:06.184  1700  1713 I am_pss  : [2563,10013,com.google.android.gms,65274880,52920320,0]
03-24 21:49:06.236  2428  2598 I force_gc: Binder
03-24 21:49:06.641  2428  2447 I force_gc: Binder
03-24 21:49:07.330  2428  4092 I force_gc: Binder
03-24 21:49:07.805  2428  4092 I force_gc: Binder
03-24 21:49:08.074  1700  2536 I am_new_intent: [0,120532473,6,com.esoxjem.movieguide/.listing.MoviesListingActivity,android.intent.action.MAIN,NULL,NULL,270532608]
03-24 21:49:08.074  1700  2536 I am_focused_stack: [0,1,0,bringingFoundTaskToFront setFocusedActivity]
03-24 21:49:08.074  1700  2536 I wm_task_moved: [6,1,0]
03-24 21:49:08.075  1700  2536 I am_focused_activity: [0,com.esoxjem.movieguide/.listing.MoviesListingActivity,bringingFoundTaskToFront]
03-24 21:49:08.075  1700  2536 I am_pause_activity: [0,60546334,com.google.android.apps.nexuslauncher/.NexusLauncherActivity]
03-24 21:49:08.076  1700  2536 I am_task_to_front: [0,6]
03-24 21:49:08.076  1700  2536 I sysui_action: [323,com.esoxjem.movieguide/.listing.MoviesListingActivity]
03-24 21:49:08.076  1700  2536 I sysui_action: [324,true]
03-24 21:49:08.076  1700  2536 I sysui_action: [325,76]
03-24 21:49:08.078  2522  2522 I am_on_paused_called: [0,com.google.android.apps.nexuslauncher.NexusLauncherActivity,handlePauseActivity]
03-24 21:49:08.080  1700  3972 I am_resume_activity: [0,248648692,6,com.esoxjem.movieguide/.listing.MoviesListingActivity]
03-24 21:49:08.082  1700  1714 I sysui_count: [window_time_0,12]
03-24 21:49:08.082  1700  1721 I sysui_action: [320,0]
03-24 21:49:08.082  1700  1721 I sysui_action: [319,8]
03-24 21:49:08.092  4590  4590 I am_on_resume_called: [0,com.esoxjem.movieguide.listing.MoviesListingActivity,RESUME_ACTIVITY]
03-24 21:49:08.112  1700  1721 I sysui_action: [322,38]
03-24 21:49:08.379  2428  4092 I force_gc: Binder
03-24 21:49:08.456  1700  1714 I am_stop_activity: [0,60546334,com.google.android.apps.nexuslauncher/.NexusLauncherActivity]
03-24 21:49:08.457  2522  2522 I am_on_stop_called: [0,com.google.android.apps.nexuslauncher.NexusLauncherActivity,handleStopActivity]
03-24 21:49:08.498  1700  3978 I am_kill : [0,3731,com.google.android.apps.maps,906,empty #17]
03-24 21:49:08.567  1700  3995 I am_proc_died: [0,3731,com.google.android.apps.maps]
03-24 21:49:08.857  2428  4092 I force_gc: Binder
03-24 21:49:09.302  2428  4093 I force_gc: Binder
03-24 21:49:09.800  2428  2443 I force_gc: Binder
03-24 21:49:10.312  2428  2443 I force_gc: Binder
03-24 21:49:10.803  2428  2598 I force_gc: Binder
03-24 21:49:10.818  4590  4590 I menu_item_selected: [0,Filter]
03-24 21:49:11.432  2428  2598 I force_gc: Binder
03-24 21:49:11.881  2428  2598 I force_gc: Binder
03-24 21:49:12.020  1316  1316 I sf_frame_dur: [Sort By,2,0,0,0,0,0,0]
03-24 21:49:12.178  1700  1700 I free_storage_changed: 675033088
03-24 21:49:12.360  2428  2447 I force_gc: Binder
03-24 21:49:12.525  1700  3984 I am_kill : [0,3549,com.google.android.calendar,906,empty #17]
03-24 21:49:12.567  1700  3987 I am_proc_died: [0,3549,com.google.android.calendar]
03-24 21:49:12.828  2428  2443 I force_gc: Binder
03-24 21:49:13.295  2428  2443 I force_gc: Binder
03-24 21:49:13.735  2428  2447 I force_gc: Binder
03-24 21:49:14.175  2428  4092 I force_gc: Binder
03-24 21:49:14.594  2428  4092 I force_gc: Binder
03-24 21:49:14.931  1700  1713 I am_pss  : [3050,10013,com.google.android.gms.unstable,15046656,9371648,0]
03-24 21:49:15.036  2428  4093 I force_gc: Binder
03-24 21:49:15.371  1700  1713 I am_pss  : [4442,10041,com.google.android.apps.docs,26594304,24645632,0]
03-24 21:49:15.381  1700  1713 I am_pss  : [4425,10046,com.android.gallery3d,4716544,3674112,0]
03-24 21:49:15.388  1700  1713 I am_pss  : [4392,10014,com.google.android.dialer,7635968,6524928,0]
03-24 21:49:15.487  2428  4093 I force_gc: Binder
03-24 21:49:16.016  1700  1711 I am_create_task: [0,7]
03-24 21:49:16.016  1700  1711 I am_create_activity: [0,62748144,7,com.android.systemui/.recents.RecentsActivity,NULL,NULL,NULL,276840448]
03-24 21:49:16.016  1700  1711 I wm_task_created: [7,0]
03-24 21:49:16.016  1700  1711 I wm_task_moved: [7,1,1]
03-24 21:49:16.016  1700  1711 I am_focused_stack: [0,0,1,startedActivity setFocusedActivity]
03-24 21:49:16.016  1700  1711 I wm_task_moved: [7,1,1]
03-24 21:49:16.017  1700  1711 I am_focused_activity: [0,com.android.systemui/.recents.RecentsActivity,startedActivity]
03-24 21:49:16.017  1700  1711 I am_pause_activity: [0,248648692,com.esoxjem.movieguide/.listing.MoviesListingActivity]
03-24 21:49:16.018  4590  4590 I am_on_paused_called: [0,com.esoxjem.movieguide.listing.MoviesListingActivity,handlePauseActivity]
03-24 21:49:16.071  1700  1711 I am_restart_activity: [0,62748144,7,com.android.systemui/.recents.RecentsActivity]
03-24 21:49:16.074  1700  1711 I sysui_action: [323,com.android.systemui/.recents.RecentsActivity]
03-24 21:49:16.074  1700  1711 I sysui_action: [324,true]
03-24 21:49:16.074  1700  1711 I sysui_action: [325,84]
03-24 21:49:16.075  1700  1714 I am_stop_activity: [0,248648692,com.esoxjem.movieguide/.listing.MoviesListingActivity]
03-24 21:49:16.086  4590  4590 I am_on_stop_called: [0,com.esoxjem.movieguide.listing.MoviesListingActivity,handleStopActivity]
03-24 21:49:16.104  1850  1850 I sysui_count: [overview_trigger_nav_btn,1]
03-24 21:49:16.104  1850  1850 I sysui_count: [overview_source_app,1]
03-24 21:49:16.104  1850  1850 I sysui_histogram: [overview_source_app_index,0]
03-24 21:49:16.104  1850  1850 I sysui_histogram: [overview_task_count,1]
03-24 21:49:16.106  1850  1850 I sysui_view_visibility: [224,100]
03-24 21:49:16.108  1850  1850 I am_on_resume_called: [0,com.android.systemui.recents.RecentsActivity,LAUNCH_ACTIVITY]
03-24 21:49:16.110  2428  2447 I force_gc: Binder
03-24 21:49:16.196  1700  1713 I am_pss  : [2623,10019,com.google.android.partnersetup,5282816,4112384,0]
03-24 21:49:16.206  1700  1713 I am_pss  : [3912,10052,com.google.android.talk,30521344,23883776,0]
03-24 21:49:16.242  1700  1713 I am_pss  : [3945,10068,com.google.android.gm,15186944,13611008,0]
03-24 21:49:16.308  1700  1721 I sysui_action: [320,2]
03-24 21:49:16.308  1700  1721 I sysui_action: [319,315]
03-24 21:49:16.309  1700  1721 I sysui_action: [322,316]
03-24 21:49:16.310  1700  1721 I am_activity_launch_time: [0,62748144,com.android.systemui/.recents.RecentsActivity,240,240]
03-24 21:49:16.825  2428  2447 I force_gc: Binder
03-24 21:49:17.344  1850  1850 I sysui_count: [overview_task_all_dismissed,1]
03-24 21:49:17.344  1850  1850 I sysui_action: [289,ComponentInfo{com.esoxjem.movieguide/com.esoxjem.movieguide.listing.MoviesListingActivity}]
03-24 21:49:17.344  1850  1850 I sysui_histogram: [overview_task_dismissed_source,1]
03-24 21:49:17.345  1700  2246 I am_new_intent: [0,198138403,5,com.google.android.apps.nexuslauncher/.NexusLauncherActivity,android.intent.action.MAIN,NULL,NULL,270532608]
03-24 21:49:17.345  1700  2246 I wm_task_moved: [5,1,1]
03-24 21:49:17.346  1700  2246 I am_focused_activity: [0,com.google.android.apps.nexuslauncher/.NexusLauncherActivity,bringingFoundTaskToFront]
03-24 21:49:17.346  1700  2246 I am_pause_activity: [0,62748144,com.android.systemui/.recents.RecentsActivity]
03-24 21:49:17.348  1700  2246 I am_resume_activity: [0,60546334,5,com.google.android.apps.nexuslauncher/.NexusLauncherActivity]
03-24 21:49:17.348  1700  2246 I am_task_to_front: [0,5]
03-24 21:49:17.349  1700  2246 I sysui_action: [323,com.google.android.apps.nexuslauncher/.NexusLauncherActivity]
03-24 21:49:17.349  1700  2246 I sysui_action: [324,true]
03-24 21:49:17.349  1700  2246 I sysui_action: [325,86]
03-24 21:49:17.349  1700  1714 I sysui_count: [window_time_0,10]
03-24 21:49:17.349  1700  1714 I am_stop_activity: [0,62748144,com.android.systemui/.recents.RecentsActivity]
03-24 21:49:17.352  1700  3978 I am_finish_activity: [0,248648692,6,com.esoxjem.movieguide/.listing.MoviesListingActivity,clear-task-index]
03-24 21:49:17.352  1700  3978 I am_destroy_activity: [0,248648692,6,com.esoxjem.movieguide/.listing.MoviesListingActivity,finish-imm]
03-24 21:49:17.356  1700  3978 I am_kill : [0,3427,com.google.android.configupdater,906,empty #17]
03-24 21:49:17.357  1700  3978 I am_kill : [0,4590,com.esoxjem.movieguide,900,remove task]
03-24 21:49:17.374  1850  1850 I am_on_paused_called: [0,com.android.systemui.recents.RecentsActivity,handlePauseActivity]
03-24 21:49:17.377  2522  2522 I am_on_resume_called: [0,com.google.android.apps.nexuslauncher.NexusLauncherActivity,RESUME_ACTIVITY]
03-24 21:49:17.384  1850  1850 I sysui_view_visibility: [224,0]
03-24 21:49:17.384  1850  1850 I am_on_stop_called: [0,com.android.systemui.recents.RecentsActivity,handleStopActivity]
03-24 21:49:17.412  1700  2485 I am_proc_died: [0,3427,com.google.android.configupdater]
03-24 21:49:17.413  1700  3972 I am_proc_died: [0,4590,com.esoxjem.movieguide]
03-24 21:49:17.415  1700  3972 I wm_task_removed: [6,removeAppToken: last token]
03-24 21:49:17.416  1700  3972 I wm_task_removed: [6,removeTask]
03-24 21:49:17.416  1700  3972 I wm_stack_removed: 1
03-24 21:49:17.424  1316  1316 I sf_frame_dur: [com.esoxjem.movieguide/com.esoxjem.movieguide.listing.MoviesListingActivity,192,12,2,0,0,2,8]
03-24 21:49:17.452  1700  1721 I sysui_action: [320,2]
03-24 21:49:17.452  1700  1721 I sysui_action: [319,108]
03-24 21:49:17.452  1700  1721 I sysui_action: [322,108]
03-24 21:49:17.503  1316  1316 I sf_frame_dur: [com.android.systemui/com.android.systemui.recents.RecentsActivity,72,24,0,0,2,0,0]
03-24 21:49:17.544  2428  2598 I force_gc: Binder
03-24 21:49:18.007  2428  2598 I force_gc: Binder
03-24 21:49:18.427  2428  4092 I force_gc: Binder
03-24 21:49:18.575  1700  1713 I am_pss  : [4272,10058,com.google.android.music:main,22298624,20242432,0]
03-24 21:49:18.805  1700  1757 I am_new_intent: [0,123234545,5,com.google.android.apps.nexuslauncher/.NexusLauncherActivity,android.intent.action.MAIN,NULL,NULL,270532608]
03-24 21:49:18.808  1700  1757 I wm_task_moved: [5,1,1]
03-24 21:49:18.810  1700  1757 I sysui_action: [323,com.google.android.apps.nexuslauncher/.NexusLauncherActivity]
03-24 21:49:18.810  1700  1757 I sysui_action: [324,true]
03-24 21:49:18.810  1700  1757 I sysui_action: [325,87]
03-24 21:49:18.989  2428  4093 I force_gc: Binder
03-24 21:49:19.633  2428  4093 I force_gc: Binder
03-24 21:49:19.814  1700  1713 I am_pss  : [4014,10008,com.android.defcontainer,3351552,2138112,0]
03-24 21:49:20.032  2428  2443 I force_gc: Binder
03-24 21:49:20.458  2428  2598 I force_gc: Binder
03-24 21:49:21.284  2428  4093 I force_gc: Binder
03-24 21:49:21.731  2428  2598 I force_gc: Binder
03-24 21:49:21.996  1700  3984 I wm_stack_created: 1
03-24 21:49:21.996  1700  3984 I am_create_task: [0,8]
03-24 21:49:21.996  1700  3984 I am_create_activity: [0,80095708,8,com.esoxjem.movieguide/.listing.MoviesListingActivity,android.intent.action.MAIN,NULL,NULL,270532608]
03-24 21:49:21.997  1700  3984 I wm_task_created: [8,1]
03-24 21:49:21.997  1700  3984 I wm_task_moved: [8,1,0]
03-24 21:49:21.997  1700  3984 I am_focused_stack: [0,1,0,startedActivity setFocusedActivity]
03-24 21:49:21.997  1700  3984 I wm_task_moved: [8,1,0]
03-24 21:49:21.997  1700  3984 I am_focused_activity: [0,com.esoxjem.movieguide/.listing.MoviesListingActivity,startedActivity]
03-24 21:49:21.997  1700  3984 I am_pause_activity: [0,60546334,com.google.android.apps.nexuslauncher/.NexusLauncherActivity]
03-24 21:49:21.998  1700  3984 I sysui_action: [323,com.esoxjem.movieguide/.listing.MoviesListingActivity]
03-24 21:49:21.998  1700  3984 I sysui_action: [324,false]
03-24 21:49:21.998  1700  3984 I sysui_action: [325,90]
03-24 21:49:21.999  2522  2522 I am_on_paused_called: [0,com.google.android.apps.nexuslauncher.NexusLauncherActivity,handlePauseActivity]
03-24 21:49:22.010  1700  3970 I am_proc_start: [0,4669,10084,com.esoxjem.movieguide,activity,com.esoxjem.movieguide/.listing.MoviesListingActivity]
03-24 21:49:22.011  1700  1714 I sysui_count: [window_time_0,4]
03-24 21:49:22.020  1700  3976 I am_proc_bound: [0,4669,com.esoxjem.movieguide]
03-24 21:49:22.040  1700  3976 I am_restart_activity: [0,80095708,8,com.esoxjem.movieguide/.listing.MoviesListingActivity]
03-24 21:49:22.152  1700  1721 I sysui_action: [321,156]
03-24 21:49:22.152  1700  1721 I sysui_action: [320,1]
03-24 21:49:22.152  1700  1721 I sysui_action: [319,156]
03-24 21:49:22.164  4669  4669 I am_on_resume_called: [0,com.esoxjem.movieguide.listing.MoviesListingActivity,LAUNCH_ACTIVITY]
03-24 21:49:22.307  1700  1721 I sysui_action: [322,311]
03-24 21:49:22.307  1700  1721 I am_activity_launch_time: [0,80095708,com.esoxjem.movieguide/.listing.MoviesListingActivity,307,307]
03-24 21:49:22.398  2428  4092 I force_gc: Binder
03-24 21:49:22.500  1700  1713 I am_pss  : [2678,10001,android.process.acore,10065920,8056832,0]
03-24 21:49:22.514  1700  1713 I am_pss  : [2844,10013,com.google.android.gms.ui,12005376,7335936,0]
03-24 21:49:22.523  1700  1714 I am_stop_activity: [0,60546334,com.google.android.apps.nexuslauncher/.NexusLauncherActivity]
03-24 21:49:22.528  2522  2522 I am_on_stop_called: [0,com.google.android.apps.nexuslauncher.NexusLauncherActivity,handleStopActivity]
03-24 21:49:22.994  2428  2447 I force_gc: Binder
03-24 21:49:23.408  2428  2598 I force_gc: Binder
03-24 21:49:23.831  2428  4092 I force_gc: Binder
03-24 21:49:24.431  2428  4093 I force_gc: Binder
03-24 21:49:24.827  1700  3994 I wm_task_moved: [8,1,0]
03-24 21:49:24.827  1700  3994 I am_create_activity: [0,151882761,8,com.esoxjem.movieguide/.details.MovieDetailsActivity,NULL,NULL,NULL,0]
03-24 21:49:24.828  1700  3994 I wm_task_moved: [8,1,0]
03-24 21:49:24.828  1700  3994 I am_focused_activity: [0,com.esoxjem.movieguide/.details.MovieDetailsActivity,startedActivity]
03-24 21:49:24.828  1700  3994 I am_pause_activity: [0,80095708,com.esoxjem.movieguide/.listing.MoviesListingActivity]
03-24 21:49:24.830  4669  4669 I am_on_paused_called: [0,com.esoxjem.movieguide.listing.MoviesListingActivity,handlePauseActivity]
03-24 21:49:24.830  1700  3992 I am_restart_activity: [0,151882761,8,com.esoxjem.movieguide/.details.MovieDetailsActivity]
03-24 21:49:24.832  1700  1714 I sysui_count: [window_time_0,3]
03-24 21:49:24.862  2428  4092 I force_gc: Binder
03-24 21:49:24.867  4669  4669 I am_on_resume_called: [0,com.esoxjem.movieguide.details.MovieDetailsActivity,LAUNCH_ACTIVITY]
03-24 21:49:25.012  1700  1721 I am_activity_launch_time: [0,151882761,com.esoxjem.movieguide/.details.MovieDetailsActivity,182,182]
03-24 21:49:25.350  1700  1713 I am_pss  : [4367,10052,com.google.android.talk:matchstick,18247680,12513280,0]
03-24 21:49:25.389  1700  1714 I am_stop_activity: [0,80095708,com.esoxjem.movieguide/.listing.MoviesListingActivity]
03-24 21:49:25.391  4669  4669 I am_on_stop_called: [0,com.esoxjem.movieguide.listing.MoviesListingActivity,handleStopActivity]
03-24 21:49:25.418  1316  1316 I sf_frame_dur: [com.esoxjem.movieguide/com.esoxjem.movieguide.listing.MoviesListingActivity,102,4,4,0,2,0,2]
03-24 21:49:25.550  2428  4093 I force_gc: Binder
03-24 21:49:25.951  2428  4093 I force_gc: Binder
03-24 21:49:26.865  2428  4093 I force_gc: Binder
03-24 21:49:28.448  1700  1713 I am_pss  : [2671,10010,android.process.media,11513856,8650752,0]
03-24 21:49:28.505  2428  2443 I force_gc: Binder
03-24 21:49:28.944  2428  4092 I force_gc: Binder
03-24 21:49:29.052  1700  3985 I am_crash: [4669,0,com.esoxjem.movieguide,948485702,java.lang.NullPointerException,test code for CPEN522,MovieDetailsPresenterImpl.java,109]
03-24 21:49:29.052  1700  3985 I am_finish_activity: [0,151882761,8,com.esoxjem.movieguide/.details.MovieDetailsActivity,force-crash]
03-24 21:49:29.053  1700  3985 I wm_task_moved: [8,1,0]
03-24 21:49:29.054  1700  3985 I am_focused_activity: [0,com.esoxjem.movieguide/.listing.MoviesListingActivity,finishActivity adjustFocus]
03-24 21:49:29.054  1700  3985 I am_pause_activity: [0,151882761,com.esoxjem.movieguide/.details.MovieDetailsActivity]
03-24 21:49:29.516  2428  2598 I force_gc: Binder
03-24 21:49:29.570  1700  1714 I am_resume_activity: [0,80095708,8,com.esoxjem.movieguide/.listing.MoviesListingActivity]
03-24 21:49:30.084  2428  2598 I force_gc: Binder
03-24 21:49:30.664  2428  2447 I force_gc: Binder
03-24 21:49:30.980  1700  3985 I sysui_action: [316,1]
03-24 21:49:30.980  1700  3985 I am_destroy_activity: [0,151882761,8,com.esoxjem.movieguide/.details.MovieDetailsActivity,finish-imm]
03-24 21:49:30.987  1700  3985 I am_destroy_activity: [0,80095708,8,com.esoxjem.movieguide/.listing.MoviesListingActivity,finish-imm]
03-24 21:49:30.987  1700  3985 I am_focused_activity: [-1,NULL,resetFocusedActivityIfNeeded]
03-24 21:49:30.987  1700  3985 I am_focused_stack: [0,0,1,finish-imm hadNoApp setFocusedActivity]
03-24 21:49:30.987  1700  3985 I wm_task_moved: [5,1,1]
03-24 21:49:31.019  1700  3985 I am_focused_activity: [0,com.google.android.apps.nexuslauncher/.NexusLauncherActivity,finish-imm hadNoApp]
03-24 21:49:31.053  1700  2413 I dvm_lock_sample: [system_server,1,Binder:1700_9,17,WindowManagerService.java,2857,-,5454,3]
03-24 21:49:31.087  1700  3985 I am_resume_activity: [0,60546334,5,com.google.android.apps.nexuslauncher/.NexusLauncherActivity]
03-24 21:49:31.105  1700  3985 I am_kill : [0,4669,com.esoxjem.movieguide,199,crash]
03-24 21:49:31.112  2522  2522 I am_on_resume_called: [0,com.google.android.apps.nexuslauncher.NexusLauncherActivity,RESUME_ACTIVITY]
03-24 21:49:31.182  1700  2413 I wm_stack_removed: 1
03-24 21:49:31.182  1700  2413 I wm_task_removed: [8,removeAppToken: last token]
03-24 21:49:31.182  1700  2413 I wm_task_removed: [8,removeTask]
03-24 21:49:31.187  1316  1316 I sf_frame_dur: [com.esoxjem.movieguide/com.esoxjem.movieguide.details.MovieDetailsActivity,120,4,4,0,0,2,2]
03-24 21:49:31.286  1316  1316 I sf_frame_dur: [Application Error: com.esoxjem.movieguide,12,4,0,0,0,0,2]
03-24 21:49:31.720  2428  4093 I force_gc: Binder
03-24 21:49:32.152  2428  2443 I force_gc: Binder
03-24 21:49:32.546  1700  2014 I wm_stack_created: 1
03-24 21:49:32.546  1700  2014 I am_create_task: [0,9]
03-24 21:49:32.546  1700  2014 I am_create_activity: [0,227013206,9,com.esoxjem.movieguide/.listing.MoviesListingActivity,android.intent.action.MAIN,NULL,NULL,270532608]
03-24 21:49:32.546  1700  2014 I wm_task_created: [9,1]
03-24 21:49:32.546  1700  2014 I wm_task_moved: [9,1,0]
03-24 21:49:32.546  1700  2014 I am_focused_stack: [0,1,0,startedActivity setFocusedActivity]
03-24 21:49:32.546  1700  2014 I wm_task_moved: [9,1,0]
03-24 21:49:32.547  1700  2014 I am_focused_activity: [0,com.esoxjem.movieguide/.listing.MoviesListingActivity,startedActivity]
03-24 21:49:32.547  1700  2014 I am_pause_activity: [0,60546334,com.google.android.apps.nexuslauncher/.NexusLauncherActivity]
03-24 21:49:32.548  1700  2014 I sysui_action: [323,com.esoxjem.movieguide/.listing.MoviesListingActivity]
03-24 21:49:32.548  1700  2014 I sysui_action: [324,false]
03-24 21:49:32.548  1700  2014 I sysui_action: [325,101]
03-24 21:49:32.551  2522  2522 I am_on_paused_called: [0,com.google.android.apps.nexuslauncher.NexusLauncherActivity,handlePauseActivity]
03-24 21:49:32.562  1700  3974 I am_proc_start: [0,4716,10084,com.esoxjem.movieguide,activity,com.esoxjem.movieguide/.listing.MoviesListingActivity]
03-24 21:49:32.577  1700  2536 I am_proc_bound: [0,4716,com.esoxjem.movieguide]
03-24 21:49:32.579  1700  2536 I am_restart_activity: [0,227013206,9,com.esoxjem.movieguide/.listing.MoviesListingActivity]
03-24 21:49:32.627  1700  1721 I sysui_action: [321,81]
03-24 21:49:32.627  1700  1721 I sysui_action: [320,1]
03-24 21:49:32.627  1700  1721 I sysui_action: [319,81]
03-24 21:49:32.699  4716  4716 I am_on_resume_called: [0,com.esoxjem.movieguide.listing.MoviesListingActivity,LAUNCH_ACTIVITY]
03-24 21:49:32.740  2428  2598 I force_gc: Binder
03-24 21:49:32.914  1700  1721 I sysui_action: [322,368]
03-24 21:49:32.914  1700  1721 I am_activity_launch_time: [0,227013206,com.esoxjem.movieguide/.listing.MoviesListingActivity,363,363]
03-24 21:49:33.035  1700  1714 I am_stop_activity: [0,60546334,com.google.android.apps.nexuslauncher/.NexusLauncherActivity]
03-24 21:49:33.283  2522  2522 I am_on_stop_called: [0,com.google.android.apps.nexuslauncher.NexusLauncherActivity,handleStopActivity]
03-24 21:49:34.463  2428  2447 I force_gc: Binder
03-24 21:49:34.747  1700  1713 I am_pss  : [3402,10065,com.google.android.apps.photos,15604736,9588736,0]
03-24 21:49:34.914  1700  1713 I am_pss  : [4620,10065,com.google.android.apps.photos:CameraShortcut,9373696,3506176,0]
03-24 21:49:35.091  2428  4093 I force_gc: Binder
03-24 21:49:35.611  1700  1757 I am_new_intent: [0,134775698,5,com.google.android.apps.nexuslauncher/.NexusLauncherActivity,android.intent.action.MAIN,NULL,NULL,270532608]
03-24 21:49:35.611  1700  1757 I am_focused_stack: [0,0,1,bringingFoundTaskToFront setFocusedActivity]
03-24 21:49:35.612  1700  1757 I wm_task_moved: [5,1,1]
03-24 21:49:35.613  1700  1757 I am_focused_activity: [0,com.google.android.apps.nexuslauncher/.NexusLauncherActivity,bringingFoundTaskToFront]
03-24 21:49:35.613  1700  1757 I am_pause_activity: [0,227013206,com.esoxjem.movieguide/.listing.MoviesListingActivity]
03-24 21:49:35.614  4716  4716 I am_on_paused_called: [0,com.esoxjem.movieguide.listing.MoviesListingActivity,handlePauseActivity]
03-24 21:49:35.664  1700  1757 I am_resume_activity: [0,60546334,5,com.google.android.apps.nexuslauncher/.NexusLauncherActivity]
03-24 21:49:35.664  1700  1757 I am_task_to_front: [0,5]
03-24 21:49:35.665  1700  1757 I sysui_action: [323,com.google.android.apps.nexuslauncher/.NexusLauncherActivity]
03-24 21:49:35.665  1700  1757 I sysui_action: [324,true]
03-24 21:49:35.665  1700  1757 I sysui_action: [325,104]
03-24 21:49:35.666  1700  1714 I sysui_count: [window_time_0,11]
03-24 21:49:35.666  1700  1714 I am_stop_activity: [0,227013206,com.esoxjem.movieguide/.listing.MoviesListingActivity]
03-24 21:49:35.693  4716  4716 I am_on_stop_called: [0,com.esoxjem.movieguide.listing.MoviesListingActivity,handleStopActivity]
03-24 21:49:35.699  2522  2522 I am_on_resume_called: [0,com.google.android.apps.nexuslauncher.NexusLauncherActivity,RESUME_ACTIVITY]
03-24 21:49:35.782  1700  1721 I sysui_action: [320,2]
03-24 21:49:35.782  1700  1721 I sysui_action: [319,171]
03-24 21:49:35.782  1700  1721 I sysui_action: [322,171]
03-24 21:49:35.865  2428  4093 I force_gc: Binder
03-24 21:49:36.427  2428  2598 I force_gc: Binder
03-24 21:49:36.845  2428  4092 I force_gc: Binder
03-24 21:49:37.270  2428  4093 I force_gc: Binder
03-24 21:49:37.697  2428  4092 I force_gc: Binder
03-24 21:49:38.113  2428  4093 I force_gc: Binder
03-24 21:49:38.394  1700  3982 I am_proc_start: [0,4754,10072,com.google.android.apps.wallpaper,broadcast,com.google.android.apps.wallpaper/.module.DailyLoggingAlarmReceiver]
03-24 21:49:38.401  1700  3986 I am_proc_bound: [0,4754,com.google.android.apps.wallpaper]
03-24 21:49:38.569  2428  2447 I force_gc: Binder
03-24 21:49:38.588  1700  1713 I am_pss  : [2493,10069,com.android.printspooler,3410944,2334720,0]
03-24 21:49:38.983  2428  4092 I force_gc: Binder
03-24 21:49:39.376  2428  2443 I force_gc: Binder
03-24 21:49:39.776  2428  4092 I force_gc: Binder
03-24 21:49:40.186  2428  2443 I force_gc: Binder
03-24 21:49:40.604  2428  2598 I force_gc: Binder
03-24 21:49:41.091  2428  4092 I force_gc: Binder
03-24 21:49:41.572  2428  2447 I force_gc: Binder
03-24 21:49:42.019  2428  4773 I force_gc: Binder
03-24 21:49:42.445  2428  4092 I force_gc: Binder
03-24 21:49:42.887  2428  2447 I force_gc: Binder
03-24 21:49:43.328  2428  2598 I force_gc: Binder
03-24 21:49:43.782  2428  2447 I force_gc: Binder
03-24 21:49:44.178  1700  2248 I am_kill : [0,3050,com.google.android.gms.unstable,906,empty #17]
03-24 21:49:44.196  1700  1729 I am_proc_died: [0,3050,com.google.android.gms.unstable]
03-24 21:49:44.256  2428  2443 I force_gc: Binder
03-24 21:49:44.276  1700  2248 I am_kill : [0,4392,com.google.android.dialer,906,empty #17]
03-24 21:49:44.296  1700  2246 I am_proc_died: [0,4392,com.google.android.dialer]
03-24 21:49:44.716  1700  1713 I am_pss  : [3298,10002,com.android.providers.calendar,5022720,3719168,0]
03-24 21:49:44.726  2428  4093 I force_gc: Binder
03-24 21:49:45.183  2428  4093 I force_gc: Binder
03-24 21:49:45.655  2428  4773 I force_gc: Binder
03-24 21:49:45.676  1700  1713 I am_pss  : [2522,10022,com.google.android.apps.nexuslauncher,26872832,22753280,0]
03-24 21:49:45.687  1700  1713 I am_pss  : [2259,10013,com.google.android.gms.persistent,56264704,42737664,0]
03-24 21:49:45.882  1700  1713 I am_pss  : [2428,10029,com.google.android.googlequicksearchbox:search,64312320,56893440,0]
03-24 21:49:46.118  2428  4093 I force_gc: Binder
03-24 21:49:46.218  1700  3993 I am_kill : [0,4425,com.android.gallery3d,906,empty #17]
03-24 21:49:46.246  1700  2413 I am_proc_died: [0,4425,com.android.gallery3d]
03-24 21:49:46.568  2428  4092 I force_gc: Binder
03-24 21:49:46.965  2428  2447 I force_gc: Binder
03-24 21:49:47.513  2428  4092 I force_gc: Binder
03-24 21:49:47.930  2428  4092 I force_gc: Binder
03-24 21:49:48.342  2428  4092 I force_gc: Binder
03-24 21:49:48.764  2428  4092 I force_gc: Binder
03-24 21:49:49.194  2428  2447 I force_gc: Binder
03-24 21:49:49.653  2428  2443 I force_gc: Binder
03-24 21:49:50.099  2428  4093 I force_gc: Binder
03-24 21:49:50.567  2428  4773 I force_gc: Binder
03-24 21:49:51.296  1700  3995 I am_proc_start: [0,4798,10013,com.google.android.gms.unstable,service,com.google.android.gms/.droidguard.DroidGuardService]
03-24 21:49:51.301  1700  3991 I am_proc_bound: [0,4798,com.google.android.gms.unstable]
03-24 21:49:52.324  2563  4833 I dvm_lock_sample: [com.google.android.gms,0,gcm-task#1,26,:com.google.android.gms@13280022,3,Posix.java,-2,5]
03-24 21:49:52.391  1700  2248 I am_kill : [0,4716,com.esoxjem.movieguide,700,stop com.esoxjem.movieguide]
03-24 21:49:52.391  1700  2248 I am_finish_activity: [0,227013206,9,com.esoxjem.movieguide/.listing.MoviesListingActivity,force-stop]
03-24 21:49:52.392  1700  1714 I am_destroy_activity: [0,227013206,9,com.esoxjem.movieguide/.listing.MoviesListingActivity,finish-idle]
03-24 21:49:52.393  1700  1714 I wm_task_removed: [9,removeAppToken: last token]
03-24 21:49:52.394  1700  1714 I wm_task_removed: [9,removeTask]
03-24 21:49:52.394  1700  1714 I wm_stack_removed: 1
03-24 21:49:52.394  1700  1700 I notification_cancel_all: [1000,1700,com.esoxjem.movieguide,0,0,0,5,NULL]
03-24 21:49:52.402  1316  1316 I sf_frame_dur: [com.esoxjem.movieguide/com.esoxjem.movieguide.listing.MoviesListingActivity,106,18,6,2,0,2,0]
03-24 21:49:52.565  2338  2356 I force_gc: Binder
03-24 21:49:52.777  1700  2248 I wm_stack_created: 1
03-24 21:49:52.778  1700  2248 I am_create_task: [0,10]
03-24 21:49:52.778  1700  2248 I am_create_activity: [0,176598211,10,com.esoxjem.movieguide/.listing.MoviesListingActivity,android.intent.action.MAIN,NULL,NULL,270532608]
03-24 21:49:52.778  1700  2248 I wm_task_created: [10,1]
03-24 21:49:52.778  1700  2248 I wm_task_moved: [10,1,0]
