03-24 21:50:16.332  1700  3994 I am_new_intent: [0,219560462,10,com.esoxjem.movieguide/.listing.MoviesListingActivity,android.intent.action.MAIN,NULL,NULL,270532608]
03-24 21:50:16.332  1700  3994 I wm_task_moved: [10,1,0]
03-24 21:50:16.334  1700  3994 I sysui_action: [323,com.esoxjem.movieguide/.listing.MoviesListingActivity]
03-24 21:50:16.334  1700  3994 I sysui_action: [324,true]
03-24 21:50:16.334  1700  3994 I sysui_action: [325,145]
03-24 21:50:16.341  1850  1850 I sysui_lockscreen_gesture: [9,-1,0]
03-24 21:50:16.365  1700  2014 I am_new_intent: [0,201320730,10,com.esoxjem.movieguide/.listing.MoviesListingActivity,android.intent.action.MAIN,NULL,NULL,270532608]
03-24 21:50:16.365  1700  2014 I wm_task_moved: [10,1,0]
03-24 21:50:16.368  1700  2014 I sysui_action: [323,com.esoxjem.movieguide/.listing.MoviesListingActivity]
03-24 21:50:16.368  1700  2014 I sysui_action: [324,true]
03-24 21:50:16.368  1700  2014 I sysui_action: [325,145]
03-24 21:50:16.388  1850  1850 I sysui_action: [155,true]
03-24 21:50:16.409  1850  1850 I sysui_action: [155,false]
03-24 21:50:16.471  1700  3978 I am_new_intent: [0,57018819,10,com.esoxjem.movieguide/.listing.MoviesListingActivity,android.intent.action.MAIN,NULL,NULL,270532608]
03-24 21:50:16.473  1700  3978 I wm_task_moved: [10,1,0]
03-24 21:50:16.483  1700  3978 I sysui_action: [323,com.esoxjem.movieguide/.listing.MoviesListingActivity]
03-24 21:50:16.483  1700  3978 I sysui_action: [324,true]
03-24 21:50:16.483  1700  3978 I sysui_action: [325,145]
03-24 21:50:16.508  1700  1799 I netstats_mobile_sample: [5354,30,3206,34,5501,35,3297,39,4853,26,2674,32,1553489416997]
03-24 21:50:16.509  1700  1799 I netstats_wifi_sample: [19664343,13950,806327,8192,19469442,13949,528198,8191,19468794,13940,527575,8184,1553489416997]
03-24 21:50:16.513  1700  1799 I netstats_mobile_sample: [5354,30,3206,34,5501,35,3297,39,4853,26,2674,32,1553489417003]
03-24 21:50:16.513  1700  1799 I netstats_wifi_sample: [19664343,13950,806327,8192,19469442,13949,528198,8191,19468794,13940,527575,8184,1553489417003]
03-24 21:50:16.527  1700  1799 I netstats_mobile_sample: [5354,30,3206,34,5501,35,3297,39,4853,26,2674,32,1553489417016]
03-24 21:50:16.527  1700  1799 I netstats_wifi_sample: [19664343,13950,806327,8192,19469442,13949,528198,8191,19468794,13940,527575,8184,1553489417016]
03-24 21:50:16.535  2259  5006 I gtalk_conn_close: [1,92]
03-24 21:50:16.547  1850  1850 I sysui_lockscreen_gesture: [9,0,0]
03-24 21:50:16.552  1850  2074 I sysui_action: [210,2]
03-24 21:50:16.553  1850  2074 I sysui_action: [211,4]
03-24 21:50:16.561  1850  1850 I sysui_view_visibility: [207,100]
03-24 21:50:16.561  1850  1850 I sysui_histogram: [volume_from_keyguard,0]
03-24 21:50:16.611  1850  1850 I sysui_lockscreen_gesture: [9,9,3384]
03-24 21:50:16.616  4865  4865 I menu_item_selected: [0,Search]
03-24 21:50:16.768  1700  1713 I am_pss  : [2259,10013,com.google.android.gms.persistent,54818816,42348544,0]
03-24 21:50:16.898  1700  2413 I volume_changed: [2,4,5,7,com.android.systemui]
03-24 21:50:16.902  1850  1850 I sysui_lockscreen_gesture: [9,-12,1142]
03-24 21:50:16.903  1850  1850 I sysui_action: [209,5]
03-24 21:50:16.997  1850  1850 I sysui_lockscreen_gesture: [9,0,0]
03-24 21:50:17.064  1850  1850 I sysui_view_visibility: [207,0]
03-24 21:50:17.065  1850  2074 I sysui_action: [210,-1]
03-24 21:50:17.379  1850  2074 I sysui_action: [210,2]
03-24 21:50:17.379  1850  2074 I sysui_action: [211,5]
03-24 21:50:17.384  2259  5014 I gtalk_connection: 16778239
03-24 21:50:17.404  1850  1850 I sysui_view_visibility: [207,100]
03-24 21:50:17.404  1850  1850 I sysui_histogram: [volume_from_keyguard,0]
03-24 21:50:17.405  1316  1316 I sf_frame_dur: [VolumeDialog,62,10,0,0,0,0,0]
03-24 21:50:17.622  1850  1850 I sysui_lockscreen_gesture: [9,1,0]
03-24 21:50:17.897  1850  1850 I sysui_view_visibility: [207,0]
03-24 21:50:17.898  1850  2074 I sysui_action: [210,-1]
03-24 21:50:17.954  1316  1316 I sf_frame_dur: [InputMethod,0,4,14,2,0,0,0]
03-24 21:50:18.101  4865  4865 I menu_item_selected: [0,Filter]
03-24 21:50:18.255  1316  1316 I sf_frame_dur: [VolumeDialog,70,8,0,0,0,0,0]
03-24 21:50:18.319  1850  1850 I sysui_view_visibility: [111,0]
03-24 21:50:18.319  1850  1850 I sysui_view_visibility: [111,0]
03-24 21:50:18.344  1850  1850 I sysui_view_visibility: [117,0]
03-24 21:50:18.344  1850  1850 I sysui_view_visibility: [111,100]
03-24 21:50:18.439  1700  2485 I notification_panel_hidden: []
03-24 21:50:18.640  1700  3977 I wm_task_moved: [10,1,0]
03-24 21:50:18.641  1700  3977 I am_create_activity: [0,206367155,10,com.esoxjem.movieguide/.details.MovieDetailsActivity,NULL,NULL,NULL,0]
03-24 21:50:18.641  1700  3977 I wm_task_moved: [10,1,0]
03-24 21:50:18.643  1700  3977 I am_focused_activity: [0,com.esoxjem.movieguide/.details.MovieDetailsActivity,startedActivity]
03-24 21:50:18.643  1700  3977 I am_pause_activity: [0,176598211,com.esoxjem.movieguide/.listing.MoviesListingActivity]
03-24 21:50:18.645  4865  4865 I am_on_paused_called: [0,com.esoxjem.movieguide.listing.MoviesListingActivity,handlePauseActivity]
03-24 21:50:18.646  1700  2536 I am_restart_activity: [0,206367155,10,com.esoxjem.movieguide/.details.MovieDetailsActivity]
03-24 21:50:18.647  1700  1714 I sysui_count: [window_time_0,4]
03-24 21:50:18.660  4865  4865 I am_on_resume_called: [0,com.esoxjem.movieguide.details.MovieDetailsActivity,LAUNCH_ACTIVITY]
03-24 21:50:18.792  1700  1721 I am_activity_launch_time: [0,206367155,com.esoxjem.movieguide/.details.MovieDetailsActivity,147,147]
03-24 21:50:18.807  1316  1316 I sf_frame_dur: [Sort By,22,10,0,0,0,0,0]
03-24 21:50:18.994  1700  2194 I am_finish_activity: [0,206367155,10,com.esoxjem.movieguide/.details.MovieDetailsActivity,navigate-up]
03-24 21:50:18.994  1700  2194 I wm_task_moved: [10,1,0]
03-24 21:50:18.996  1700  2194 I am_focused_activity: [0,com.esoxjem.movieguide/.listing.MoviesListingActivity,finishActivity adjustFocus]
03-24 21:50:18.996  1700  2194 I am_pause_activity: [0,206367155,com.esoxjem.movieguide/.details.MovieDetailsActivity]
03-24 21:50:19.006  4865  4865 I am_on_paused_called: [0,com.esoxjem.movieguide.details.MovieDetailsActivity,handlePauseActivity]
03-24 21:50:19.011  1700  2536 I am_resume_activity: [0,176598211,10,com.esoxjem.movieguide/.listing.MoviesListingActivity]
03-24 21:50:19.013  4865  4865 I am_on_resume_called: [0,com.esoxjem.movieguide.listing.MoviesListingActivity,performNewIntents]
03-24 21:50:19.013  4865  4865 I am_on_paused_called: [0,com.esoxjem.movieguide.listing.MoviesListingActivity,performNewIntents]
03-24 21:50:19.014  4865  4865 I am_on_resume_called: [0,com.esoxjem.movieguide.listing.MoviesListingActivity,performNewIntents]
03-24 21:50:19.014  4865  4865 I am_on_paused_called: [0,com.esoxjem.movieguide.listing.MoviesListingActivity,performNewIntents]
03-24 21:50:19.023  4865  4865 I am_on_resume_called: [0,com.esoxjem.movieguide.listing.MoviesListingActivity,RESUME_ACTIVITY]
03-24 21:50:19.159  1700  3987 I wm_task_moved: [10,1,0]
03-24 21:50:19.160  1700  3987 I am_create_activity: [0,44015826,10,com.esoxjem.movieguide/.details.MovieDetailsActivity,NULL,NULL,NULL,0]
03-24 21:50:19.161  1700  3987 I wm_task_moved: [10,1,0]
03-24 21:50:19.163  1700  3987 I am_focused_activity: [0,com.esoxjem.movieguide/.details.MovieDetailsActivity,startedActivity]
03-24 21:50:19.163  1700  3987 I am_pause_activity: [0,176598211,com.esoxjem.movieguide/.listing.MoviesListingActivity]
03-24 21:50:19.165  4865  4865 I am_on_paused_called: [0,com.esoxjem.movieguide.listing.MoviesListingActivity,handlePauseActivity]
03-24 21:50:19.166  1700  1729 I am_restart_activity: [0,44015826,10,com.esoxjem.movieguide/.details.MovieDetailsActivity]
03-24 21:50:19.168  1700  1714 I sysui_count: [window_time_0,0]
03-24 21:50:19.182  4865  4865 I am_on_resume_called: [0,com.esoxjem.movieguide.details.MovieDetailsActivity,LAUNCH_ACTIVITY]
03-24 21:50:19.307  1700  1721 I am_activity_launch_time: [0,44015826,com.esoxjem.movieguide/.details.MovieDetailsActivity,141,141]
03-24 21:50:19.708  1700  3991 I am_stop_activity: [0,176598211,com.esoxjem.movieguide/.listing.MoviesListingActivity]
03-24 21:50:19.708  1700  3991 I am_destroy_activity: [0,206367155,10,com.esoxjem.movieguide/.details.MovieDetailsActivity,finish-imm]
03-24 21:50:19.729  4865  4865 I am_on_stop_called: [0,com.esoxjem.movieguide.listing.MoviesListingActivity,handleStopActivity]
03-24 21:50:19.730  4865  4865 I am_on_stop_called: [0,com.esoxjem.movieguide.details.MovieDetailsActivity,destroy]
03-24 21:50:19.803  1316  1316 I sf_frame_dur: [com.esoxjem.movieguide/com.esoxjem.movieguide.listing.MoviesListingActivity,1088,142,14,12,6,2,0]
03-24 21:50:19.803  1316  1316 I sf_frame_dur: [com.esoxjem.movieguide/com.esoxjem.movieguide.details.MovieDetailsActivity,32,4,0,0,0,0,0]
03-24 21:50:19.813  1700  3978 I am_finish_activity: [0,44015826,10,com.esoxjem.movieguide/.details.MovieDetailsActivity,clear-task-stack]
03-24 21:50:19.814  1700  3978 I wm_task_moved: [10,1,0]
03-24 21:50:19.814  1700  3978 I am_focused_activity: [0,com.esoxjem.movieguide/.listing.MoviesListingActivity,finishActivity adjustFocus]
03-24 21:50:19.815  1700  3978 I am_pause_activity: [0,44015826,com.esoxjem.movieguide/.details.MovieDetailsActivity]
03-24 21:50:19.815  1700  3978 I am_new_intent: [0,172794808,10,com.esoxjem.movieguide/.listing.MoviesListingActivity,android.intent.action.MAIN,NULL,NULL,270532608]
03-24 21:50:19.815  1700  3978 I wm_task_moved: [10,1,0]
03-24 21:50:19.824  4865  4865 I am_on_paused_called: [0,com.esoxjem.movieguide.details.MovieDetailsActivity,handlePauseActivity]
03-24 21:50:19.826  1700  3974 I am_resume_activity: [0,176598211,10,com.esoxjem.movieguide/.listing.MoviesListingActivity]
03-24 21:50:19.843  4865  4865 I am_on_resume_called: [0,com.esoxjem.movieguide.listing.MoviesListingActivity,RESUME_ACTIVITY]
03-24 21:50:20.015  4865  4865 I menu_item_selected: [0,Search]
03-24 21:50:20.059  1700  3983 I wm_task_moved: [10,1,0]
03-24 21:50:20.061  1700  3983 I am_create_activity: [0,24392144,10,com.esoxjem.movieguide/.details.MovieDetailsActivity,NULL,NULL,NULL,0]
03-24 21:50:20.061  1700  3983 I wm_task_moved: [10,1,0]
03-24 21:50:20.062  1700  3983 I am_focused_activity: [0,com.esoxjem.movieguide/.details.MovieDetailsActivity,startedActivity]
03-24 21:50:20.062  1700  3983 I am_pause_activity: [0,176598211,com.esoxjem.movieguide/.listing.MoviesListingActivity]
03-24 21:50:20.064  4865  4865 I am_on_paused_called: [0,com.esoxjem.movieguide.listing.MoviesListingActivity,handlePauseActivity]
03-24 21:50:20.065  1700  3995 I am_restart_activity: [0,24392144,10,com.esoxjem.movieguide/.details.MovieDetailsActivity]
03-24 21:50:20.066  1700  1714 I sysui_count: [window_time_0,1]
03-24 21:50:20.081  4865  4865 I am_on_resume_called: [0,com.esoxjem.movieguide.details.MovieDetailsActivity,LAUNCH_ACTIVITY]
03-24 21:50:20.186  1700  1721 I am_activity_launch_time: [0,24392144,com.esoxjem.movieguide/.details.MovieDetailsActivity,122,122]
03-24 21:50:20.297  1850  1850 I sysui_count: [panel_open,1]
03-24 21:50:20.298  1850  1850 I sysui_histogram: [note_load,0]
03-24 21:50:20.298  1700  3972 I notification_panel_revealed: 0
03-24 21:50:20.349  1850  1850 I sysui_count: [panel_open,1]
03-24 21:50:20.360  1700  3976 I notification_panel_hidden: []
03-24 21:50:20.398  1700  2413 I am_finish_activity: [0,24392144,10,com.esoxjem.movieguide/.details.MovieDetailsActivity,navigate-up]
03-24 21:50:20.398  1700  2413 I wm_task_moved: [10,1,0]
03-24 21:50:20.399  1700  2413 I am_focused_activity: [0,com.esoxjem.movieguide/.listing.MoviesListingActivity,finishActivity adjustFocus]
03-24 21:50:20.399  1700  2413 I am_pause_activity: [0,24392144,com.esoxjem.movieguide/.details.MovieDetailsActivity]
03-24 21:50:20.403  1316  1316 I sf_frame_dur: [InputMethod,0,2,0,0,0,0,0]
03-24 21:50:20.409  4865  4865 I am_on_paused_called: [0,com.esoxjem.movieguide.details.MovieDetailsActivity,handlePauseActivity]
03-24 21:50:20.414  1700  3977 I am_resume_activity: [0,176598211,10,com.esoxjem.movieguide/.listing.MoviesListingActivity]
03-24 21:50:20.416  4865  4865 I am_on_resume_called: [0,com.esoxjem.movieguide.listing.MoviesListingActivity,performNewIntents]
03-24 21:50:20.416  4865  4865 I am_on_paused_called: [0,com.esoxjem.movieguide.listing.MoviesListingActivity,performNewIntents]
03-24 21:50:20.416  4865  4865 I am_on_resume_called: [0,com.esoxjem.movieguide.listing.MoviesListingActivity,performNewIntents]
03-24 21:50:20.416  4865  4865 I am_on_paused_called: [0,com.esoxjem.movieguide.listing.MoviesListingActivity,performNewIntents]
03-24 21:50:20.417  4865  4865 I am_on_resume_called: [0,com.esoxjem.movieguide.listing.MoviesListingActivity,RESUME_ACTIVITY]
03-24 21:50:20.557  1700  1713 I am_pss  : [4272,10058,com.google.android.music:main,28633088,26337280,0]
03-24 21:50:20.575  1700  3977 I wm_task_moved: [10,1,0]
03-24 21:50:20.576  1700  3977 I am_create_activity: [0,221745265,10,com.esoxjem.movieguide/.details.MovieDetailsActivity,NULL,NULL,NULL,0]
03-24 21:50:20.576  1700  3977 I wm_task_moved: [10,1,0]
03-24 21:50:20.578  1700  3977 I am_focused_activity: [0,com.esoxjem.movieguide/.details.MovieDetailsActivity,startedActivity]
03-24 21:50:20.578  1700  3977 I am_pause_activity: [0,176598211,com.esoxjem.movieguide/.listing.MoviesListingActivity]
03-24 21:50:20.581  1700  3982 I am_finish_activity: [0,221745265,10,com.esoxjem.movieguide/.details.MovieDetailsActivity,clear-task-stack]
03-24 21:50:20.582  1700  3982 I wm_task_moved: [10,1,0]
03-24 21:50:20.583  1700  3982 I am_focused_activity: [0,com.esoxjem.movieguide/.listing.MoviesListingActivity,finishActivity adjustFocus]
03-24 21:50:20.583  1700  3982 I am_destroy_activity: [0,221745265,10,com.esoxjem.movieguide/.details.MovieDetailsActivity,finish-imm]
03-24 21:50:20.583  1700  3982 I am_new_intent: [0,76366788,10,com.esoxjem.movieguide/.listing.MoviesListingActivity,android.intent.action.MAIN,NULL,NULL,270532608]
03-24 21:50:20.583  1700  3982 I wm_task_moved: [10,1,0]
03-24 21:50:20.593  4865  4865 I am_on_paused_called: [0,com.esoxjem.movieguide.listing.MoviesListingActivity,handlePauseActivity]
03-24 21:50:20.595  1700  3987 I am_resume_activity: [0,176598211,10,com.esoxjem.movieguide/.listing.MoviesListingActivity]
03-24 21:50:20.597  4865  4865 I am_on_resume_called: [0,com.esoxjem.movieguide.listing.MoviesListingActivity,RESUME_ACTIVITY]
03-24 21:50:20.713  1700  1714 I am_destroy_activity: [0,24392144,10,com.esoxjem.movieguide/.details.MovieDetailsActivity,finish-imm]
03-24 21:50:20.713  1700  1714 I am_destroy_activity: [0,44015826,10,com.esoxjem.movieguide/.details.MovieDetailsActivity,finish-imm]
03-24 21:50:20.739  4865  4865 I am_on_stop_called: [0,com.esoxjem.movieguide.details.MovieDetailsActivity,destroy]
03-24 21:50:20.770  1316  1316 I sf_frame_dur: [com.esoxjem.movieguide/com.esoxjem.movieguide.details.MovieDetailsActivity,22,6,0,0,0,0,0]
03-24 21:50:20.771  4865  4865 I am_on_stop_called: [0,com.esoxjem.movieguide.details.MovieDetailsActivity,destroy]
03-24 21:50:20.803  1316  1316 I sf_frame_dur: [com.esoxjem.movieguide/com.esoxjem.movieguide.details.MovieDetailsActivity,66,4,0,0,0,0,0]
03-24 21:50:20.828  1700  3976 I am_new_intent: [0,145153193,10,com.esoxjem.movieguide/.listing.MoviesListingActivity,android.intent.action.MAIN,NULL,NULL,270532608]
03-24 21:50:20.828  1700  3976 I wm_task_moved: [10,1,0]
03-24 21:50:20.829  1700  3976 I sysui_action: [323,com.esoxjem.movieguide/.listing.MoviesListingActivity]
03-24 21:50:20.829  1700  3976 I sysui_action: [324,true]
03-24 21:50:20.829  1700  3976 I sysui_action: [325,149]
03-24 21:50:20.926  1700  3974 I am_new_intent: [0,227493724,10,com.esoxjem.movieguide/.listing.MoviesListingActivity,android.intent.action.MAIN,NULL,NULL,270532608]
03-24 21:50:20.927  1700  3974 I wm_task_moved: [10,1,0]
03-24 21:50:20.928  1700  3974 I sysui_action: [323,com.esoxjem.movieguide/.listing.MoviesListingActivity]
03-24 21:50:20.928  1700  3974 I sysui_action: [324,true]
03-24 21:50:20.929  1700  3974 I sysui_action: [325,149]
03-24 21:50:20.943  1700  2248 I wm_task_moved: [10,1,0]
03-24 21:50:20.943  1700  2248 I am_create_activity: [0,228928491,10,com.esoxjem.movieguide/.details.MovieDetailsActivity,NULL,NULL,NULL,0]
03-24 21:50:20.944  1700  2248 I wm_task_moved: [10,1,0]
03-24 21:50:20.945  1700  2248 I am_focused_activity: [0,com.esoxjem.movieguide/.details.MovieDetailsActivity,startedActivity]
03-24 21:50:20.945  1700  2248 I am_pause_activity: [0,176598211,com.esoxjem.movieguide/.listing.MoviesListingActivity]
03-24 21:50:20.946  4865  4865 I am_on_paused_called: [0,com.esoxjem.movieguide.listing.MoviesListingActivity,handlePauseActivity]
03-24 21:50:20.947  1700  3977 I am_restart_activity: [0,228928491,10,com.esoxjem.movieguide/.details.MovieDetailsActivity]
03-24 21:50:20.948  1700  1714 I sysui_count: [window_time_0,1]
03-24 21:50:20.965  4865  4865 I am_on_resume_called: [0,com.esoxjem.movieguide.details.MovieDetailsActivity,LAUNCH_ACTIVITY]
03-24 21:50:21.064  1700  1721 I am_activity_launch_time: [0,228928491,com.esoxjem.movieguide/.details.MovieDetailsActivity,118,118]
03-24 21:50:21.103  1316  1316 I sf_frame_dur: [InputMethod,2,2,0,2,0,0,0]
03-24 21:50:21.212  1700  1729 I am_finish_activity: [0,228928491,10,com.esoxjem.movieguide/.details.MovieDetailsActivity,navigate-up]
03-24 21:50:21.213  1700  1729 I wm_task_moved: [10,1,0]
03-24 21:50:21.213  1700  1729 I am_focused_activity: [0,com.esoxjem.movieguide/.listing.MoviesListingActivity,finishActivity adjustFocus]
03-24 21:50:21.213  1700  1729 I am_pause_activity: [0,228928491,com.esoxjem.movieguide/.details.MovieDetailsActivity]
03-24 21:50:21.221  4865  4865 I am_on_paused_called: [0,com.esoxjem.movieguide.details.MovieDetailsActivity,handlePauseActivity]
03-24 21:50:21.222  1700  3975 I am_resume_activity: [0,176598211,10,com.esoxjem.movieguide/.listing.MoviesListingActivity]
03-24 21:50:21.228  4865  4865 I am_on_resume_called: [0,com.esoxjem.movieguide.listing.MoviesListingActivity,performNewIntents]
03-24 21:50:21.228  4865  4865 I am_on_paused_called: [0,com.esoxjem.movieguide.listing.MoviesListingActivity,performNewIntents]
03-24 21:50:21.228  4865  4865 I am_on_resume_called: [0,com.esoxjem.movieguide.listing.MoviesListingActivity,performNewIntents]
03-24 21:50:21.228  4865  4865 I am_on_paused_called: [0,com.esoxjem.movieguide.listing.MoviesListingActivity,performNewIntents]
03-24 21:50:21.241  4865  4865 I am_on_resume_called: [0,com.esoxjem.movieguide.listing.MoviesListingActivity,RESUME_ACTIVITY]
03-24 21:50:21.542  1700  1714 I am_destroy_activity: [0,228928491,10,com.esoxjem.movieguide/.details.MovieDetailsActivity,finish-imm]
03-24 21:50:21.559  4865  4865 I am_on_stop_called: [0,com.esoxjem.movieguide.details.MovieDetailsActivity,destroy]
03-24 21:50:21.603  1316  1316 I sf_frame_dur: [com.esoxjem.movieguide/com.esoxjem.movieguide.details.MovieDetailsActivity,16,6,0,0,0,0,0]
03-24 21:50:21.683  1700  3970 I am_new_intent: [0,3626650,10,com.esoxjem.movieguide/.listing.MoviesListingActivity,android.intent.action.MAIN,NULL,NULL,270532608]
03-24 21:50:21.684  1700  3970 I wm_task_moved: [10,1,0]
03-24 21:50:21.687  1700  3970 I sysui_action: [323,com.esoxjem.movieguide/.listing.MoviesListingActivity]
03-24 21:50:21.687  1700  3970 I sysui_action: [324,true]
03-24 21:50:21.687  1700  3970 I sysui_action: [325,150]
03-24 21:50:21.796  1700  1711 I am_new_intent: [0,151976907,10,com.esoxjem.movieguide/.listing.MoviesListingActivity,android.intent.action.MAIN,NULL,NULL,270532608]
03-24 21:50:21.796  1700  1711 I wm_task_moved: [10,1,0]
03-24 21:50:21.798  1700  1711 I sysui_action: [323,com.esoxjem.movieguide/.listing.MoviesListingActivity]
03-24 21:50:21.798  1700  1711 I sysui_action: [324,true]
03-24 21:50:21.798  1700  1711 I sysui_action: [325,150]
03-24 21:50:21.925  1700  1712 I wm_task_moved: [10,1,0]
03-24 21:50:21.927  1700  1712 I am_create_activity: [0,27542118,10,com.esoxjem.movieguide/.details.MovieDetailsActivity,NULL,NULL,NULL,0]
03-24 21:50:21.928  1700  1712 I wm_task_moved: [10,1,0]
03-24 21:50:21.929  1700  1712 I am_focused_activity: [0,com.esoxjem.movieguide/.details.MovieDetailsActivity,startedActivity]
03-24 21:50:21.929  1700  1712 I am_pause_activity: [0,176598211,com.esoxjem.movieguide/.listing.MoviesListingActivity]
03-24 21:50:21.931  4865  4865 I am_on_paused_called: [0,com.esoxjem.movieguide.listing.MoviesListingActivity,handlePauseActivity]
03-24 21:50:21.931  1700  2399 I am_restart_activity: [0,27542118,10,com.esoxjem.movieguide/.details.MovieDetailsActivity]
03-24 21:50:21.932  1700  1714 I sysui_count: [window_time_0,1]
03-24 21:50:21.949  4865  4865 I am_on_resume_called: [0,com.esoxjem.movieguide.details.MovieDetailsActivity,LAUNCH_ACTIVITY]
03-24 21:50:22.037  1316  1316 I sf_frame_dur: [InputMethod,8,2,4,0,0,0,0]
03-24 21:50:22.048  1700  1721 I am_activity_launch_time: [0,27542118,com.esoxjem.movieguide/.details.MovieDetailsActivity,117,117]
03-24 21:50:22.097  1700  2246 I am_finish_activity: [0,27542118,10,com.esoxjem.movieguide/.details.MovieDetailsActivity,navigate-up]
03-24 21:50:22.098  1700  2246 I wm_task_moved: [10,1,0]
03-24 21:50:22.098  1700  2246 I am_focused_activity: [0,com.esoxjem.movieguide/.listing.MoviesListingActivity,finishActivity adjustFocus]
03-24 21:50:22.098  1700  2246 I am_pause_activity: [0,27542118,com.esoxjem.movieguide/.details.MovieDetailsActivity]
03-24 21:50:22.105  4865  4865 I am_on_paused_called: [0,com.esoxjem.movieguide.details.MovieDetailsActivity,handlePauseActivity]
03-24 21:50:22.109  1700  1712 I am_resume_activity: [0,176598211,10,com.esoxjem.movieguide/.listing.MoviesListingActivity]
03-24 21:50:22.112  4865  4865 I am_on_resume_called: [0,com.esoxjem.movieguide.listing.MoviesListingActivity,performNewIntents]
03-24 21:50:22.112  4865  4865 I am_on_paused_called: [0,com.esoxjem.movieguide.listing.MoviesListingActivity,performNewIntents]
03-24 21:50:22.112  4865  4865 I am_on_resume_called: [0,com.esoxjem.movieguide.listing.MoviesListingActivity,performNewIntents]
03-24 21:50:22.112  4865  4865 I am_on_paused_called: [0,com.esoxjem.movieguide.listing.MoviesListingActivity,performNewIntents]
03-24 21:50:22.112  4865  4865 I am_on_resume_called: [0,com.esoxjem.movieguide.listing.MoviesListingActivity,RESUME_ACTIVITY]
03-24 21:50:22.113  1700  2536 I am_new_intent: [0,256603116,10,com.esoxjem.movieguide/.listing.MoviesListingActivity,android.intent.action.MAIN,NULL,NULL,270532608]
03-24 21:50:22.114  1700  2536 I wm_task_moved: [10,1,0]
03-24 21:50:22.144  1700  3986 I am_new_intent: [0,163057942,10,com.esoxjem.movieguide/.listing.MoviesListingActivity,android.intent.action.MAIN,NULL,NULL,270532608]
03-24 21:50:22.144  1700  3986 I wm_task_moved: [10,1,0]
03-24 21:50:22.297  1700  3975 I am_new_intent: [0,93858455,10,com.esoxjem.movieguide/.listing.MoviesListingActivity,android.intent.action.MAIN,NULL,NULL,270532608]
03-24 21:50:22.297  1700  3975 I wm_task_moved: [10,1,0]
03-24 21:50:22.411  1700  1714 I am_destroy_activity: [0,27542118,10,com.esoxjem.movieguide/.details.MovieDetailsActivity,finish-imm]
03-24 21:50:22.422  4865  4865 I am_on_stop_called: [0,com.esoxjem.movieguide.details.MovieDetailsActivity,destroy]
03-24 21:50:22.453  1316  1316 I sf_frame_dur: [com.esoxjem.movieguide/com.esoxjem.movieguide.details.MovieDetailsActivity,4,4,0,0,0,0,0]
03-24 21:50:22.598  1850  2074 I sysui_action: [210,2]
03-24 21:50:22.598  1850  2074 I sysui_action: [211,5]
03-24 21:50:22.608  1850  1850 I sysui_view_visibility: [207,100]
03-24 21:50:22.608  1850  1850 I sysui_histogram: [volume_from_keyguard,0]
03-24 21:50:22.675  1700  3995 I wm_task_moved: [10,1,0]
03-24 21:50:22.676  1700  3995 I am_create_activity: [0,225766342,10,com.esoxjem.movieguide/.details.MovieDetailsActivity,NULL,NULL,NULL,0]
03-24 21:50:22.677  1700  3995 I wm_task_moved: [10,1,0]
03-24 21:50:22.678  1700  3995 I am_focused_activity: [0,com.esoxjem.movieguide/.details.MovieDetailsActivity,startedActivity]
03-24 21:50:22.678  1700  3995 I am_pause_activity: [0,176598211,com.esoxjem.movieguide/.listing.MoviesListingActivity]
03-24 21:50:22.679  4865  4865 I am_on_paused_called: [0,com.esoxjem.movieguide.listing.MoviesListingActivity,handlePauseActivity]
03-24 21:50:22.680  1700  2194 I am_restart_activity: [0,225766342,10,com.esoxjem.movieguide/.details.MovieDetailsActivity]
03-24 21:50:22.696  1700  1714 I sysui_count: [window_time_0,1]
03-24 21:50:22.712  4865  4865 I am_on_resume_called: [0,com.esoxjem.movieguide.details.MovieDetailsActivity,LAUNCH_ACTIVITY]
03-24 21:50:22.787  1316  1316 I sf_frame_dur: [InputMethod,4,2,2,0,0,0,0]
03-24 21:50:22.813  1700  1721 I am_activity_launch_time: [0,225766342,com.esoxjem.movieguide/.details.MovieDetailsActivity,134,134]
03-24 21:50:23.119  1850  1850 I sysui_view_visibility: [207,0]
03-24 21:50:23.123  1850  2074 I sysui_action: [210,-1]
03-24 21:50:23.129  1850  2074 I sysui_action: [210,2]
03-24 21:50:23.130  1850  1850 I sysui_action: [209,4]
03-24 21:50:23.132  1700  3972 I volume_changed: [2,5,4,7,com.android.systemui]
03-24 21:50:23.151  2259  5022 I gtalk_connection: 16778239
03-24 21:50:23.162  1700  1714 I am_stop_activity: [0,176598211,com.esoxjem.movieguide/.listing.MoviesListingActivity]
03-24 21:50:23.163  4865  4865 I am_on_stop_called: [0,com.esoxjem.movieguide.listing.MoviesListingActivity,handleStopActivity]
03-24 21:50:23.186  1316  1316 I sf_frame_dur: [com.esoxjem.movieguide/com.esoxjem.movieguide.listing.MoviesListingActivity,232,20,4,4,0,0,0]
03-24 21:50:23.320  1700  3994 I am_crash: [4865,0,com.esoxjem.movieguide,950582854,java.lang.NullPointerException,test code for CPEN522,MovieDetailsPresenterImpl.java,109]
03-24 21:50:23.323  1700  3994 I am_finish_activity: [0,225766342,10,com.esoxjem.movieguide/.details.MovieDetailsActivity,force-crash]
03-24 21:50:23.326  1700  3994 I wm_task_moved: [10,1,0]
03-24 21:50:23.328  1700  3994 I am_focused_activity: [0,com.esoxjem.movieguide/.listing.MoviesListingActivity,finishActivity adjustFocus]
03-24 21:50:23.328  1700  3994 I am_pause_activity: [0,225766342,com.esoxjem.movieguide/.details.MovieDetailsActivity]
03-24 21:50:23.392  1700  2194 I am_proc_died: [0,4865,com.esoxjem.movieguide]
03-24 21:50:23.396  1700  2194 I am_focused_activity: [-1,NULL,resetFocusedActivityIfNeeded]
03-24 21:50:23.404  1316  1316 I sf_frame_dur: [com.esoxjem.movieguide/com.esoxjem.movieguide.details.MovieDetailsActivity,56,4,0,0,0,0,0]
03-24 21:50:23.408  1700  2194 I am_proc_start: [0,5026,10084,com.esoxjem.movieguide,activity,com.esoxjem.movieguide/.listing.MoviesListingActivity]
03-24 21:50:23.425  1700  2537 I am_proc_bound: [0,5026,com.esoxjem.movieguide]
03-24 21:50:23.430  1700  2537 I am_restart_activity: [0,176598211,10,com.esoxjem.movieguide/.listing.MoviesListingActivity]
03-24 21:50:23.436  1316  1316 I sf_frame_dur: [VolumeDialog,62,12,0,0,0,0,0]
03-24 21:50:23.504  5026  5026 I am_on_resume_called: [0,com.esoxjem.movieguide.listing.MoviesListingActivity,LAUNCH_ACTIVITY]
03-24 21:50:23.650  1700  3972 I am_new_intent: [0,215533101,10,com.esoxjem.movieguide/.listing.MoviesListingActivity,android.intent.action.MAIN,NULL,NULL,270532608]
03-24 21:50:23.651  1700  3972 I wm_task_moved: [10,1,0]
03-24 21:50:23.651  1700  3972 I am_focused_activity: [0,com.esoxjem.movieguide/.listing.MoviesListingActivity,intentActivityFound setFocusStack]
03-24 21:50:23.652  1700  3972 I wm_task_moved: [10,1,0]
03-24 21:50:23.654  1700  3972 I sysui_action: [323,com.esoxjem.movieguide/.listing.MoviesListingActivity]
03-24 21:50:23.654  1700  3972 I sysui_action: [324,true]
03-24 21:50:23.654  1700  3972 I sysui_action: [325,152]
03-24 21:50:23.655  1700  1721 I sysui_action: [320,2]
03-24 21:50:23.655  1700  1721 I sysui_action: [319,8]
03-24 21:50:23.655  1700  1721 I sysui_action: [322,8]
03-24 21:50:23.655  1700  1721 I am_activity_launch_time: [0,176598211,com.esoxjem.movieguide/.listing.MoviesListingActivity,259,259]
03-24 21:50:23.666  1700  3970 I am_new_intent: [0,41316595,10,com.esoxjem.movieguide/.listing.MoviesListingActivity,android.intent.action.MAIN,NULL,NULL,270532608]
03-24 21:50:23.666  1700  3970 I wm_task_moved: [10,1,0]
03-24 21:50:23.667  1700  3970 I sysui_action: [323,com.esoxjem.movieguide/.listing.MoviesListingActivity]
03-24 21:50:23.667  1700  3970 I sysui_action: [324,true]
03-24 21:50:23.667  1700  3970 I sysui_action: [325,152]
03-24 21:50:23.687  5026  5026 I menu_item_selected: [0,Search]
03-24 21:50:23.945  1850  1850 I sysui_view_visibility: [207,100]
03-24 21:50:23.945  1850  1850 I sysui_histogram: [volume_from_keyguard,0]
03-24 21:50:24.213  1700  3977 I volume_changed: [2,4,0,7,com.android.systemui]
03-24 21:50:24.217  1850  2074 I sysui_action: [213,0]
03-24 21:50:24.231  1850  1850 I sysui_action: [209,0]
03-24 21:50:24.410  1850  1850 I sysui_view_visibility: [207,0]
03-24 21:50:24.411  1850  2074 I sysui_action: [210,-1]
03-24 21:50:24.474  1700  2537 I am_new_intent: [0,113731444,10,com.esoxjem.movieguide/.listing.MoviesListingActivity,android.intent.action.MAIN,NULL,NULL,270532608]
03-24 21:50:24.475  1700  2537 I wm_task_moved: [10,1,0]
03-24 21:50:24.479  1700  2537 I sysui_action: [323,com.esoxjem.movieguide/.listing.MoviesListingActivity]
03-24 21:50:24.479  1700  2537 I sysui_action: [324,true]
03-24 21:50:24.479  1700  2537 I sysui_action: [325,153]
03-24 21:50:24.531  1700  3970 I am_new_intent: [0,94207203,10,com.esoxjem.movieguide/.listing.MoviesListingActivity,android.intent.action.MAIN,NULL,NULL,270532608]
03-24 21:50:24.531  1700  3970 I wm_task_moved: [10,1,0]
03-24 21:50:24.533  1700  3970 I sysui_action: [323,com.esoxjem.movieguide/.listing.MoviesListingActivity]
03-24 21:50:24.533  1700  3970 I sysui_action: [324,true]
03-24 21:50:24.533  1700  3970 I sysui_action: [325,153]
03-24 21:50:24.534  5026  5026 I menu_item_selected: [0,Search]
03-24 21:50:24.590  1700  1713 I am_pss  : [2522,10022,com.google.android.apps.nexuslauncher,26080256,22294528,0]
03-24 21:50:24.621  1316  1316 I sf_frame_dur: [InputMethod,24,8,8,0,0,0,0]
03-24 21:50:24.754  1316  1316 I sf_frame_dur: [VolumeDialog,76,2,0,0,0,0,0]
03-24 21:50:25.198  1850  1850 I sysui_count: [panel_open,1]
03-24 21:50:25.199  1850  1850 I sysui_histogram: [note_load,0]
03-24 21:50:25.199  1700  3979 I notification_panel_revealed: 0
03-24 21:50:25.299  1700  3987 I am_new_intent: [0,237044799,10,com.esoxjem.movieguide/.listing.MoviesListingActivity,android.intent.action.MAIN,NULL,NULL,270532608]
03-24 21:50:25.300  1700  3987 I wm_task_moved: [10,1,0]
03-24 21:50:25.301  1700  3987 I sysui_action: [323,com.esoxjem.movieguide/.listing.MoviesListingActivity]
03-24 21:50:25.301  1700  3987 I sysui_action: [324,true]
03-24 21:50:25.301  1700  3987 I sysui_action: [325,154]
03-24 21:50:25.307  1850  2183 I sysui_action: [126,true]
03-24 21:50:25.459  1850  1850 I sysui_lockscreen_gesture: [10,0,0]
03-24 21:50:25.478  1850  1850 I sysui_view_visibility: [274,100]
03-24 21:50:25.479  1850  2183 I sysui_action: [112,true]
03-24 21:50:25.486  1850  1850 I sysui_view_visibility: [111,100]
03-24 21:50:25.486  1850  1850 I sysui_view_visibility: [126,100]
03-24 21:50:25.486  1850  1850 I sysui_view_visibility: [115,100]
03-24 21:50:25.486  1850  1850 I sysui_view_visibility: [261,100]
03-24 21:50:25.486  1850  1850 I sysui_view_visibility: [118,100]
03-24 21:50:25.486  1850  1850 I sysui_view_visibility: [123,100]
03-24 21:50:25.487  1850  1850 I sysui_view_visibility: [112,100]
03-24 21:50:25.487  1850  1850 I sysui_view_visibility: [111,100]
03-24 21:50:25.487  1850  1850 I sysui_view_visibility: [126,100]
03-24 21:50:25.487  1850  1850 I sysui_view_visibility: [115,100]
03-24 21:50:25.487  1850  1850 I sysui_view_visibility: [261,100]
03-24 21:50:25.487  1850  1850 I sysui_view_visibility: [118,100]
03-24 21:50:25.487  1850  1850 I sysui_view_visibility: [123,100]
03-24 21:50:25.487  1850  1850 I sysui_view_visibility: [112,100]
03-24 21:50:25.499  1700  1714 I am_proc_start: [0,5060,10004,com.android.cellbroadcastreceiver,broadcast,com.android.cellbroadcastreceiver/.CellBroadcastReceiver]
03-24 21:50:25.500  1850  2183 I sysui_action: [112,true]
03-24 21:50:25.538  1700  3983 I am_proc_bound: [0,5060,com.android.cellbroadcastreceiver]
03-24 21:50:25.581  1850  2183 I sysui_action: [112,false]
03-24 21:50:25.611  1850  2183 I sysui_action: [126,true]
03-24 21:50:25.732  1700  2248 I am_kill : [0,4442,com.google.android.apps.docs,906,empty #17]
03-24 21:50:25.808  1700  2399 I am_proc_died: [0,4442,com.google.android.apps.docs]
03-24 21:50:25.880  1700  3977 I am_proc_start: [0,5087,1000,com.android.settings,broadcast,com.android.settings/.sim.SimSelectNotification]
03-24 21:50:25.885  1700  1729 I am_proc_bound: [0,5087,com.android.settings]
03-24 21:50:25.926  1850  1850 I sysui_view_visibility: [111,0]
03-24 21:50:25.934  1850  2074 I sysui_action: [210,2]
03-24 21:50:25.936  1850  2074 I sysui_action: [211,0]
03-24 21:50:25.945  1700  3972 I am_new_intent: [0,264103222,10,com.esoxjem.movieguide/.listing.MoviesListingActivity,android.intent.action.MAIN,NULL,NULL,270532608]
03-24 21:50:25.946  1700  3972 I wm_task_moved: [10,1,0]
03-24 21:50:25.947  1700  3972 I sysui_action: [323,com.esoxjem.movieguide/.listing.MoviesListingActivity]
03-24 21:50:25.947  1700  3972 I sysui_action: [324,true]
03-24 21:50:25.947  1700  3972 I sysui_action: [325,154]
03-24 21:50:25.972  1850  1850 I sysui_view_visibility: [207,100]
03-24 21:50:25.972  1850  1850 I sysui_histogram: [volume_from_keyguard,0]
03-24 21:50:26.009  1700  2248 I am_kill : [0,2623,com.google.android.partnersetup,906,empty #17]
03-24 21:50:26.085  1700  3995 I am_proc_start: [0,5108,10066,com.google.android.apps.messaging,broadcast,com.google.android.apps.messaging/.shared.receiver.DefaultSmsSubscriptionChangeReceiver]
03-24 21:50:26.088  1700  2399 I am_proc_died: [0,2623,com.google.android.partnersetup]
03-24 21:50:26.117  1700  3970 I am_proc_bound: [0,5108,com.google.android.apps.messaging]
03-24 21:50:26.430  1850  1850 I sysui_view_visibility: [207,0]
03-24 21:50:26.433  1850  1850 I sysui_lockscreen_gesture: [9,0,0]
03-24 21:50:26.433  1850  1850 I sysui_view_visibility: [207,100]
03-24 21:50:26.433  1850  1850 I sysui_histogram: [volume_from_keyguard,0]
03-24 21:50:26.433  1850  2074 I sysui_action: [210,-1]
03-24 21:50:26.642  1700  1713 I am_pss  : [4798,10013,com.google.android.gms.unstable,12431360,7700480,0]
03-24 21:50:26.718  2563  2563 I [70220] : 2369
03-24 21:50:26.718  2563  2563 I [70220] : 47106
03-24 21:50:26.735  5026  5026 I menu_item_selected: [0,Filter]
03-24 21:50:26.739  1850  1850 I sysui_view_visibility: [111,0]
03-24 21:50:26.740  1850  1850 I sysui_view_visibility: [111,0]
03-24 21:50:26.776  1850  1850 I sysui_view_visibility: [274,0]
03-24 21:50:26.777  1850  1850 I sysui_view_visibility: [111,100]
03-24 21:50:26.902  2563  3331 I aggregation: 1553489426902
03-24 21:50:26.908  1850  1850 I sysui_view_visibility: [207,0]
03-24 21:50:26.910  1700  3982 I notification_panel_hidden: []
03-24 21:50:26.951  2563  3331 I [70220] : [132,83]
03-24 21:50:26.977  2563  3331 I force_gc: Binder
03-24 21:50:27.117  1700  3970 I am_kill : [0,2844,com.google.android.gms.ui,906,empty #17]
03-24 21:50:27.204  1700  3520 I am_proc_died: [0,2844,com.google.android.gms.ui]
03-24 21:50:27.286  1316  1316 I sf_frame_dur: [InputMethod,14,10,14,2,0,2,0]
03-24 21:50:27.305  1316  1316 I sf_frame_dur: [VolumeDialog,84,20,2,0,0,0,0]
03-24 21:50:27.343  4798  4798 I auditd  : type=1400 audit(0.0:27): avc: denied { search } for comm="Binder:4798_2" name="run" dev="dm-0" ino=29322 scontext=u:r:priv_app:s0:c512,c768 tcontext=u:object_r:varrun_file:s0 tclass=dir permissive=0
03-24 21:50:27.373  4798  4798 I auditd  : type=1400 audit(0.0:28): avc: denied { read } for comm="Binder:4798_2" name="/" dev="tmpfs" ino=3952 scontext=u:r:priv_app:s0:c512,c768 tcontext=u:object_r:device:s0 tclass=dir permissive=0
03-24 21:50:27.571  1316  1316 I sf_frame_dur: [Sort By,10,8,2,0,0,0,0]
03-24 21:50:27.736  2563  3331 I [70220] : [5,1553489301043,1553489301043]
03-24 21:50:27.758  2563  3331 I [70220] : 7
03-24 21:50:27.761  2563  3331 I [70220] : 8
03-24 21:50:27.762  1700  1711 I am_new_intent: [0,137116128,10,com.esoxjem.movieguide/.listing.MoviesListingActivity,android.intent.action.MAIN,NULL,NULL,270532608]
03-24 21:50:27.762  1700  1711 I wm_task_moved: [10,1,0]
03-24 21:50:27.764  1700  1711 I sysui_action: [323,com.esoxjem.movieguide/.listing.MoviesListingActivity]
03-24 21:50:27.764  1700  1711 I sysui_action: [324,true]
03-24 21:50:27.764  1700  1711 I sysui_action: [325,156]
03-24 21:50:27.830  1850  1850 I sysui_count: [panel_open,1]
03-24 21:50:27.830  1850  1850 I sysui_histogram: [note_load,0]
03-24 21:50:27.830  1700  1711 I notification_panel_revealed: 0
03-24 21:50:27.870  1316  1316 I sf_frame_dur: [Select input method,2,2,0,0,0,0,0]
03-24 21:50:27.896  1850  1850 I sysui_count: [panel_open,1]
03-24 21:50:27.930  5026  5026 I menu_item_selected: [0,Filter]
03-24 21:50:27.942  1700  3985 I notification_panel_hidden: []
03-24 21:50:28.189  1850  1850 I sysui_count: [panel_open,1]
03-24 21:50:28.193  1850  1850 I sysui_histogram: [note_load,0]
03-24 21:50:28.193  1700  3975 I notification_panel_revealed: 0
03-24 21:50:28.273  1700  3994 I notification_panel_hidden: []
03-24 21:50:28.336  5026  5026 I menu_item_selected: [0,Filter]
03-24 21:50:28.358  1850  1850 I sysui_count: [panel_open,1]
03-24 21:50:28.362  1850  1850 I sysui_histogram: [note_load,0]
03-24 21:50:28.362  1700  3991 I notification_panel_revealed: 0
03-24 21:50:28.406  1316  1316 I sf_frame_dur: [Sort By,6,2,0,0,0,0,0]
03-24 21:50:28.531  1850  2183 I sysui_action: [126,true]
03-24 21:50:28.596  1850  1850 I sysui_lockscreen_gesture: [10,0,0]
03-24 21:50:28.748  1850  1850 I sysui_view_visibility: [111,100]
03-24 21:50:28.748  1850  1850 I sysui_view_visibility: [126,100]
03-24 21:50:28.748  1850  1850 I sysui_view_visibility: [115,100]
03-24 21:50:28.748  1850  1850 I sysui_view_visibility: [261,100]
03-24 21:50:28.748  1850  1850 I sysui_view_visibility: [118,100]
03-24 21:50:28.748  1850  1850 I sysui_view_visibility: [123,100]
03-24 21:50:28.748  1850  1850 I sysui_view_visibility: [112,100]
03-24 21:50:28.748  1850  1850 I sysui_view_visibility: [111,100]
03-24 21:50:28.748  1850  1850 I sysui_view_visibility: [126,100]
03-24 21:50:28.748  1850  1850 I sysui_view_visibility: [115,100]
03-24 21:50:28.748  1850  1850 I sysui_view_visibility: [261,100]
03-24 21:50:28.748  1850  1850 I sysui_view_visibility: [118,100]
03-24 21:50:28.748  1850  1850 I sysui_view_visibility: [123,100]
03-24 21:50:28.748  1850  1850 I sysui_view_visibility: [112,100]
03-24 21:50:28.749  1850  1850 I sysui_lockscreen_gesture: [9,9,1366]
03-24 21:50:28.812  1850  1850 I sysui_lockscreen_gesture: [9,-23,555]
03-24 21:50:28.850  1850  1850 I sysui_lockscreen_gesture: [9,29,3721]
03-24 21:50:28.882  1700  2014 I am_new_intent: [0,106478913,10,com.esoxjem.movieguide/.listing.MoviesListingActivity,android.intent.action.MAIN,NULL,NULL,270532608]
03-24 21:50:28.882  1700  2014 I wm_task_moved: [10,1,0]
03-24 21:50:28.888  1700  2014 I sysui_action: [323,com.esoxjem.movieguide/.listing.MoviesListingActivity]
03-24 21:50:28.888  1700  2014 I sysui_action: [324,true]
03-24 21:50:28.888  1700  2014 I sysui_action: [325,157]
03-24 21:50:28.904  1700  2246 I am_new_intent: [0,246977254,10,com.esoxjem.movieguide/.listing.MoviesListingActivity,android.intent.action.MAIN,NULL,NULL,270532608]
03-24 21:50:28.905  1700  2246 I wm_task_moved: [10,1,0]
03-24 21:50:28.924  1700  2246 I sysui_action: [323,com.esoxjem.movieguide/.listing.MoviesListingActivity]
03-24 21:50:28.924  1700  2246 I sysui_action: [324,true]
03-24 21:50:28.924  1700  2246 I sysui_action: [325,157]
03-24 21:50:28.930  1850  1850 I sysui_lockscreen_gesture: [9,-4,0]
03-24 21:50:28.934  1850  1850 I sysui_lockscreen_gesture: [9,-6,0]
03-24 21:50:28.948  1850  1850 I sysui_lockscreen_gesture: [9,0,0]
03-24 21:50:28.982  1850  1850 I sysui_lockscreen_gesture: [9,0,0]
03-24 21:50:28.998  1850  1850 I sysui_lockscreen_gesture: [9,0,0]
03-24 21:50:29.001  1850  1850 I sysui_lockscreen_gesture: [9,-4,0]
03-24 21:50:29.006  1700  1712 I am_new_intent: [0,87871527,10,com.esoxjem.movieguide/.listing.MoviesListingActivity,android.intent.action.MAIN,NULL,NULL,270532608]
03-24 21:50:29.007  1700  1712 I wm_task_moved: [10,1,0]
03-24 21:50:29.025  1700  1712 I sysui_action: [323,com.esoxjem.movieguide/.listing.MoviesListingActivity]
03-24 21:50:29.025  1700  1712 I sysui_action: [324,true]
03-24 21:50:29.025  1700  1712 I sysui_action: [325,157]
03-24 21:50:29.034  1850  1850 I sysui_lockscreen_gesture: [9,-2,0]
03-24 21:50:29.078  1850  1850 I sysui_view_visibility: [274,100]
03-24 21:50:29.084  1850  1850 I sysui_lockscreen_gesture: [9,0,0]
03-24 21:50:29.126  1850  1850 I sysui_lockscreen_gesture: [9,0,0]
03-24 21:50:29.185  1850  1850 I sysui_view_visibility: [125,100]
03-24 21:50:29.239  1850  1850 I sysui_view_visibility: [125,0]
03-24 21:50:29.259  1850  1850 I sysui_lockscreen_gesture: [9,1,0]
03-24 21:50:29.262  1850  1850 I sysui_lockscreen_gesture: [9,0,0]
03-24 21:50:29.274  1850  1850 I sysui_action: [156,]
03-24 21:50:29.311  1850  1850 I sysui_lockscreen_gesture: [9,25,465]
03-24 21:50:29.459  1850  2183 I sysui_action: [118,false]
03-24 21:50:29.483  1700  1700 I volume_changed: [2,0,1,7,AudioService]
03-24 21:50:29.498  1850  2074 I sysui_action: [213,2]
03-24 21:50:29.515  1700  1700 I sysui_count: [dnd_mode_3,5272]
03-24 21:50:29.517  1850  2183 I sysui_action: [126,true]
03-24 21:50:29.548  1850  2183 I sysui_action: [118,true]
03-24 21:50:29.566  1850  1850 I sysui_lockscreen_gesture: [9,-31,2725]
03-24 21:50:29.581  1700  1714 I dvm_lock_sample: [system_server,1,ActivityManager,12,MessageQueue.java,325,-,541,2]
03-24 21:50:29.592  1850  1850 I sysui_view_visibility: [149,100]
03-24 21:50:29.594  1850  2074 I sysui_action: [213,0]
03-24 21:50:29.603  1700  1700 I sysui_count: [dnd_mode_0,88]
03-24 21:50:29.662  1850  1850 I sysui_action: [164,]
03-24 21:50:29.676  1850  1850 I sysui_lockscreen_gesture: [9,-4,0]
03-24 21:50:29.756  1850  1850 I sysui_lockscreen_gesture: [9,0,0]
03-24 21:50:29.775  1850  1850 I sysui_action: [164,]
03-24 21:50:29.792  1850  1850 I sysui_lockscreen_gesture: [9,-15,0]
03-24 21:50:29.839  1850  1850 I sysui_lockscreen_gesture: [9,34,5681]
03-24 21:50:30.012  1700  2485 I am_new_intent: [0,194930226,10,com.esoxjem.movieguide/.listing.MoviesListingActivity,android.intent.action.MAIN,NULL,NULL,270532608]
03-24 21:50:30.012  1700  2485 I wm_task_moved: [10,1,0]
03-24 21:50:30.022  1700  2485 I sysui_action: [323,com.esoxjem.movieguide/.listing.MoviesListingActivity]
03-24 21:50:30.022  1700  2485 I sysui_action: [324,true]
03-24 21:50:30.022  1700  2485 I sysui_action: [325,158]
03-24 21:50:30.030  1850  1850 I sysui_lockscreen_gesture: [9,8,0]
03-24 21:50:30.040  1850  1850 I sysui_view_visibility: [111,0]
03-24 21:50:30.141  1850  1850 I sysui_view_visibility: [111,0]
03-24 21:50:30.142  1850  1850 I sysui_view_visibility: [111,0]
03-24 21:50:30.172  1850  1850 I sysui_view_visibility: [149,0]
03-24 21:50:30.172  1850  1850 I sysui_view_visibility: [111,100]
03-24 21:50:30.179  1700  3991 I am_new_intent: [0,37810051,10,com.esoxjem.movieguide/.listing.MoviesListingActivity,android.intent.action.MAIN,NULL,NULL,270532608]
03-24 21:50:30.179  1700  3991 I wm_task_moved: [10,1,0]
03-24 21:50:30.191  1700  3991 I sysui_action: [323,com.esoxjem.movieguide/.listing.MoviesListingActivity]
03-24 21:50:30.191  1700  3991 I sysui_action: [324,true]
03-24 21:50:30.191  1700  3991 I sysui_action: [325,158]
03-24 21:50:30.230  1700  2485 I am_new_intent: [0,15865088,10,com.esoxjem.movieguide/.listing.MoviesListingActivity,android.intent.action.MAIN,NULL,NULL,270532608]
03-24 21:50:30.230  1700  2485 I wm_task_moved: [10,1,0]
03-24 21:50:30.238  1700  2485 I sysui_action: [323,com.esoxjem.movieguide/.listing.MoviesListingActivity]
03-24 21:50:30.238  1700  2485 I sysui_action: [324,true]
03-24 21:50:30.238  1700  2485 I sysui_action: [325,159]
03-24 21:50:30.621  1700  2413 I notification_panel_hidden: []
03-24 21:50:30.685  1700  1713 I am_pss  : [4924,10037,com.android.chrome,9385984,6664192,0]
03-24 21:50:30.853  1316  1316 I sf_frame_dur: [Sort By,26,4,2,0,0,0,2]
03-24 21:50:30.917  1700  1712 I am_new_intent: [0,154366383,10,com.esoxjem.movieguide/.listing.MoviesListingActivity,android.intent.action.MAIN,NULL,NULL,270532608]
03-24 21:50:30.917  1700  1712 I wm_task_moved: [10,1,0]
03-24 21:50:30.919  1700  1712 I sysui_action: [323,com.esoxjem.movieguide/.listing.MoviesListingActivity]
03-24 21:50:30.919  1700  1712 I sysui_action: [324,true]
03-24 21:50:30.919  1700  1712 I sysui_action: [325,159]
03-24 21:50:30.971  1700  3974 I am_new_intent: [0,65333692,10,com.esoxjem.movieguide/.listing.MoviesListingActivity,android.intent.action.MAIN,NULL,NULL,270532608]
03-24 21:50:30.971  1700  3974 I wm_task_moved: [10,1,0]
03-24 21:50:30.976  1700  3974 I sysui_action: [323,com.esoxjem.movieguide/.listing.MoviesListingActivity]
03-24 21:50:30.976  1700  3974 I sysui_action: [324,true]
03-24 21:50:30.976  1700  3974 I sysui_action: [325,159]
03-24 21:50:31.043  1700  3985 I am_finish_activity: [0,176598211,10,com.esoxjem.movieguide/.listing.MoviesListingActivity,app-request]
03-24 21:50:31.044  1700  3985 I am_focused_stack: [0,0,1,finishActivity adjustFocus setFocusedActivity]
03-24 21:50:31.044  1700  3985 I wm_task_moved: [5,1,1]
03-24 21:50:31.048  1700  3985 I am_focused_activity: [0,com.google.android.apps.nexuslauncher/.NexusLauncherActivity,finishActivity adjustFocus]
03-24 21:50:31.048  1700  3985 I am_pause_activity: [0,176598211,com.esoxjem.movieguide/.listing.MoviesListingActivity]
03-24 21:50:31.057  5026  5026 I am_on_paused_called: [0,com.esoxjem.movieguide.listing.MoviesListingActivity,handlePauseActivity]
03-24 21:50:31.067  1850  1850 I sysui_count: [panel_open,1]
03-24 21:50:31.099  1700  3995 I am_resume_activity: [0,60546334,5,com.google.android.apps.nexuslauncher/.NexusLauncherActivity]
03-24 21:50:31.102  1700  1714 I sysui_count: [window_time_0,8]
03-24 21:50:31.104  1850  1850 I sysui_histogram: [note_load,0]
03-24 21:50:31.104  1700  3992 I notification_panel_revealed: 0
03-24 21:50:31.115  2522  2522 I am_on_resume_called: [0,com.google.android.apps.nexuslauncher.NexusLauncherActivity,RESUME_ACTIVITY]
03-24 21:50:31.262  1700  1721 I sysui_action: [320,2]
03-24 21:50:31.263  1700  1721 I sysui_action: [319,294]
03-24 21:50:31.263  1700  1721 I sysui_action: [322,295]
03-24 21:50:31.412  1700  3977 I notification_panel_hidden: []
03-24 21:50:31.428  1700  1821 I dvm_lock_sample: [system_server,0,LazyTaskWriterThread,78,TaskPersister.java,720,ActivityStarter.java,757,15]
03-24 21:50:31.479  1850  1850 I sysui_count: [panel_open,1]
03-24 21:50:31.481  1850  1850 I sysui_histogram: [note_load,0]
03-24 21:50:31.481  1700  3970 I notification_panel_revealed: 0
03-24 21:50:31.507  1700  1714 I am_destroy_activity: [0,176598211,10,com.esoxjem.movieguide/.listing.MoviesListingActivity,finish-imm]
03-24 21:50:31.548  1850  1850 I sysui_count: [panel_open,1]
03-24 21:50:31.566  1700  3975 I notification_panel_hidden: []
03-24 21:50:31.602  5026  5026 I am_on_stop_called: [0,com.esoxjem.movieguide.listing.MoviesListingActivity,destroy]
03-24 21:50:31.687  1316  1316 I sf_frame_dur: [com.esoxjem.movieguide/com.esoxjem.movieguide.listing.MoviesListingActivity,546,34,6,6,2,0,2]
03-24 21:50:31.696  1700  1721 I wm_stack_removed: 1
03-24 21:50:31.697  1700  1721 I wm_task_removed: [10,removeAppToken: last token]
03-24 21:50:31.697  1700  1721 I wm_task_removed: [10,removeTask]
03-24 21:50:31.858  1850  2074 I sysui_action: [210,2]
03-24 21:50:31.861  1850  2074 I sysui_action: [211,1]
03-24 21:50:31.880  1850  1850 I sysui_view_visibility: [207,100]
03-24 21:50:31.880  1850  1850 I sysui_histogram: [volume_from_keyguard,0]
03-24 21:50:32.032  1700  3995 I dvm_lock_sample: [system_server,1,Binder:1700_20,11,WindowManagerService.java,2719,WindowAnimator.java,144,2]
03-24 21:50:32.120  1700  3977 I dvm_lock_sample: [system_server,1,Binder:1700_13,48,Session.java,262,WindowAnimator.java,144,9]
03-24 21:50:32.186  2563  2584 I force_gc: Binder
03-24 21:50:32.531  1850  1850 I sysui_view_visibility: [207,0]
03-24 21:50:32.532  1850  2074 I sysui_action: [210,-1]
03-24 21:50:32.732  1850  1850 I sysui_view_visibility: [208,100]
03-24 21:50:32.912  1316  1316 I sf_frame_dur: [InputMethod,12,2,2,0,0,0,0]
03-24 21:50:33.377  1316  1316 I sf_frame_dur: [VolumeDialog,26,12,2,0,4,0,0]
03-24 21:50:34.155  1850  1850 I sysui_count: [panel_open,1]
03-24 21:50:34.170  1850  1850 I sysui_histogram: [note_load,0]
03-24 21:50:34.170  1700  2246 I notification_panel_revealed: 0
03-24 21:50:34.272  1700  1799 I netstats_mobile_sample: [5354,30,3206,34,5501,35,3297,39,4853,26,2674,32,1553489434761]
03-24 21:50:34.272  1700  1799 I netstats_wifi_sample: [19664343,13950,806327,8192,19469442,13949,528198,8191,19468794,13940,527575,8184,1553489434761]
03-24 21:50:34.293  1700  1799 I netstats_mobile_sample: [5354,30,3206,34,5501,35,3297,39,4853,26,2674,32,1553489434782]
03-24 21:50:34.293  1700  1799 I netstats_wifi_sample: [19664343,13950,806327,8192,19469442,13949,528198,8191,19468794,13940,527575,8184,1553489434782]
03-24 21:50:34.407  1850  1850 I sysui_view_visibility: [111,100]
03-24 21:50:34.407  1850  1850 I sysui_view_visibility: [126,100]
03-24 21:50:34.407  1850  1850 I sysui_view_visibility: [115,100]
03-24 21:50:34.407  1850  1850 I sysui_view_visibility: [261,100]
03-24 21:50:34.407  1850  1850 I sysui_view_visibility: [118,100]
03-24 21:50:34.407  1850  1850 I sysui_view_visibility: [123,100]
03-24 21:50:34.407  1850  1850 I sysui_view_visibility: [112,100]
