03-24 21:49:52.778  1700  2248 I am_focused_stack: [0,1,0,startedActivity setFocusedActivity]
03-24 21:49:52.778  1700  2248 I wm_task_moved: [10,1,0]
03-24 21:49:52.780  1700  2248 I am_focused_activity: [0,com.esoxjem.movieguide/.listing.MoviesListingActivity,startedActivity]
03-24 21:49:52.780  1700  2248 I am_pause_activity: [0,60546334,com.google.android.apps.nexuslauncher/.NexusLauncherActivity]
03-24 21:49:52.781  2522  2522 I am_on_paused_called: [0,com.google.android.apps.nexuslauncher.NexusLauncherActivity,handlePauseActivity]
03-24 21:49:52.783  1700  2248 I sysui_action: [323,com.esoxjem.movieguide/.listing.MoviesListingActivity]
03-24 21:49:52.783  1700  2248 I sysui_action: [324,false]
03-24 21:49:52.783  1700  2248 I sysui_action: [325,121]
03-24 21:49:52.795  1700  3994 I am_proc_start: [0,4865,10084,com.esoxjem.movieguide,activity,com.esoxjem.movieguide/.listing.MoviesListingActivity]
03-24 21:49:52.805  1700  1714 I sysui_count: [window_time_0,17]
03-24 21:49:52.808  1700  2246 I am_proc_bound: [0,4865,com.esoxjem.movieguide]
03-24 21:49:52.813  1700  2246 I am_restart_activity: [0,176598211,10,com.esoxjem.movieguide/.listing.MoviesListingActivity]
03-24 21:49:52.847  1700  3982 I force_gc: Binder
03-24 21:49:52.903  1700  1721 I sysui_action: [321,126]
03-24 21:49:52.903  1700  1721 I sysui_action: [320,1]
03-24 21:49:52.903  1700  1721 I sysui_action: [319,126]
03-24 21:49:52.913  4865  4865 I am_on_resume_called: [0,com.esoxjem.movieguide.listing.MoviesListingActivity,LAUNCH_ACTIVITY]
03-24 21:49:53.087  1700  1721 I sysui_action: [322,310]
03-24 21:49:53.087  1700  1721 I am_activity_launch_time: [0,176598211,com.esoxjem.movieguide/.listing.MoviesListingActivity,304,304]
03-24 21:49:53.312  1850  2074 I sysui_action: [210,2]
03-24 21:49:53.314  1850  2074 I sysui_action: [211,5]
03-24 21:49:53.317  1850  1850 I sysui_view_visibility: [207,100]
03-24 21:49:53.317  1850  1850 I sysui_histogram: [volume_from_keyguard,0]
03-24 21:49:53.407  1700  3993 I wm_task_moved: [10,1,0]
03-24 21:49:53.407  1700  3993 I am_create_activity: [0,21383072,10,com.esoxjem.movieguide/.details.MovieDetailsActivity,NULL,NULL,NULL,0]
03-24 21:49:53.407  1700  3993 I wm_task_moved: [10,1,0]
03-24 21:49:53.408  1700  3993 I am_focused_activity: [0,com.esoxjem.movieguide/.details.MovieDetailsActivity,startedActivity]
03-24 21:49:53.408  1700  3993 I am_pause_activity: [0,176598211,com.esoxjem.movieguide/.listing.MoviesListingActivity]
03-24 21:49:53.413  4865  4865 I am_on_paused_called: [0,com.esoxjem.movieguide.listing.MoviesListingActivity,handlePauseActivity]
03-24 21:49:53.414  1700  3995 I am_restart_activity: [0,21383072,10,com.esoxjem.movieguide/.details.MovieDetailsActivity]
03-24 21:49:53.417  1700  1714 I sysui_count: [window_time_0,1]
03-24 21:49:53.417  1850  1850 I sysui_action: [209,2]
03-24 21:49:53.420  1700  2248 I volume_changed: [2,5,2,7,com.android.systemui]
03-24 21:49:53.481  4865  4865 I am_on_resume_called: [0,com.esoxjem.movieguide.details.MovieDetailsActivity,LAUNCH_ACTIVITY]
03-24 21:49:53.711  1700  1721 I am_activity_launch_time: [0,21383072,com.esoxjem.movieguide/.details.MovieDetailsActivity,298,298]
03-24 21:49:53.947  1850  1850 I sysui_view_visibility: [207,0]
03-24 21:49:53.947  1850  2074 I sysui_action: [210,-1]
03-24 21:49:54.061  1700  1714 I am_stop_activity: [0,176598211,com.esoxjem.movieguide/.listing.MoviesListingActivity]
03-24 21:49:54.061  1700  1714 I am_stop_activity: [0,60546334,com.google.android.apps.nexuslauncher/.NexusLauncherActivity]
03-24 21:49:54.067  2522  2522 I am_on_stop_called: [0,com.google.android.apps.nexuslauncher.NexusLauncherActivity,handleStopActivity]
03-24 21:49:54.076  4865  4865 I am_on_stop_called: [0,com.esoxjem.movieguide.listing.MoviesListingActivity,handleStopActivity]
03-24 21:49:54.086  1316  1316 I sf_frame_dur: [com.esoxjem.movieguide/com.esoxjem.movieguide.listing.MoviesListingActivity,44,4,6,0,0,0,0]
03-24 21:49:54.287  1316  1316 I sf_frame_dur: [VolumeDialog,66,6,2,0,0,0,0]
03-24 21:49:54.291  1700  3985 I am_finish_activity: [0,21383072,10,com.esoxjem.movieguide/.details.MovieDetailsActivity,clear-task-stack]
03-24 21:49:54.293  1700  3985 I wm_task_moved: [10,1,0]
03-24 21:49:54.293  1700  3985 I am_focused_activity: [0,com.esoxjem.movieguide/.listing.MoviesListingActivity,finishActivity adjustFocus]
03-24 21:49:54.293  1700  3985 I am_pause_activity: [0,21383072,com.esoxjem.movieguide/.details.MovieDetailsActivity]
03-24 21:49:54.294  1700  3985 I am_new_intent: [0,246135799,10,com.esoxjem.movieguide/.listing.MoviesListingActivity,android.intent.action.MAIN,NULL,NULL,270532608]
03-24 21:49:54.294  1700  3985 I wm_task_moved: [10,1,0]
03-24 21:49:54.307  4865  4865 I am_on_paused_called: [0,com.esoxjem.movieguide.details.MovieDetailsActivity,handlePauseActivity]
03-24 21:49:54.310  1700  1729 I am_resume_activity: [0,176598211,10,com.esoxjem.movieguide/.listing.MoviesListingActivity]
03-24 21:49:54.318  1700  1713 I am_pss  : [2678,10001,android.process.acore,10037248,8036352,0]
03-24 21:49:54.340  4865  4865 I am_on_resume_called: [0,com.esoxjem.movieguide.listing.MoviesListingActivity,RESUME_ACTIVITY]
03-24 21:49:54.552  4865  4865 I menu_item_selected: [0,Search]
03-24 21:49:54.594  1700  2014 I wm_task_moved: [10,1,0]
03-24 21:49:54.594  1700  2014 I am_create_activity: [0,30064773,10,com.esoxjem.movieguide/.details.MovieDetailsActivity,NULL,NULL,NULL,0]
03-24 21:49:54.594  1700  2014 I wm_task_moved: [10,1,0]
03-24 21:49:54.597  1700  2014 I am_focused_activity: [0,com.esoxjem.movieguide/.details.MovieDetailsActivity,startedActivity]
03-24 21:49:54.597  1700  2014 I am_pause_activity: [0,176598211,com.esoxjem.movieguide/.listing.MoviesListingActivity]
03-24 21:49:54.615  4865  4865 I am_on_paused_called: [0,com.esoxjem.movieguide.listing.MoviesListingActivity,handlePauseActivity]
03-24 21:49:54.616  1700  3974 I am_restart_activity: [0,30064773,10,com.esoxjem.movieguide/.details.MovieDetailsActivity]
03-24 21:49:54.619  1700  1714 I sysui_count: [window_time_0,1]
03-24 21:49:54.644  4865  4865 I am_on_resume_called: [0,com.esoxjem.movieguide.details.MovieDetailsActivity,LAUNCH_ACTIVITY]
03-24 21:49:54.786  1700  1721 I am_activity_launch_time: [0,30064773,com.esoxjem.movieguide/.details.MovieDetailsActivity,171,171]
03-24 21:49:55.152  1850  1850 I sysui_count: [panel_open,1]
03-24 21:49:55.159  1700  1714 I am_stop_activity: [0,176598211,com.esoxjem.movieguide/.listing.MoviesListingActivity]
03-24 21:49:55.159  1700  1714 I am_destroy_activity: [0,21383072,10,com.esoxjem.movieguide/.details.MovieDetailsActivity,finish-imm]
03-24 21:49:55.163  1850  1850 I sysui_histogram: [note_load,1]
03-24 21:49:55.163  1700  2413 I notification_panel_revealed: 1
03-24 21:49:55.210  4865  4865 I am_on_stop_called: [0,com.esoxjem.movieguide.listing.MoviesListingActivity,handleStopActivity]
03-24 21:49:55.220  4865  4865 I am_on_stop_called: [0,com.esoxjem.movieguide.details.MovieDetailsActivity,destroy]
03-24 21:49:55.237  1316  1316 I sf_frame_dur: [com.esoxjem.movieguide/com.esoxjem.movieguide.details.MovieDetailsActivity,56,4,6,0,0,0,0]
03-24 21:49:55.264  1316  1316 I sf_frame_dur: [com.esoxjem.movieguide/com.esoxjem.movieguide.listing.MoviesListingActivity,20,10,0,0,0,0,0]
03-24 21:49:55.281  1850  1850 I sysui_count: [panel_open,1]
03-24 21:49:55.283  1850  1850 I sysui_count: [panel_open,1]
03-24 21:49:55.287  1850  1850 I sysui_count: [panel_open,1]
03-24 21:49:55.321  1700  2246 I notification_panel_hidden: []
03-24 21:49:55.393  1700  2537 I am_finish_activity: [0,30064773,10,com.esoxjem.movieguide/.details.MovieDetailsActivity,navigate-up]
03-24 21:49:55.394  1700  2537 I wm_task_moved: [10,1,0]
03-24 21:49:55.395  1700  2537 I am_focused_activity: [0,com.esoxjem.movieguide/.listing.MoviesListingActivity,finishActivity adjustFocus]
03-24 21:49:55.395  1700  2537 I am_pause_activity: [0,30064773,com.esoxjem.movieguide/.details.MovieDetailsActivity]
03-24 21:49:55.408  4865  4865 I am_on_paused_called: [0,com.esoxjem.movieguide.details.MovieDetailsActivity,handlePauseActivity]
03-24 21:49:55.410  1700  2194 I am_resume_activity: [0,176598211,10,com.esoxjem.movieguide/.listing.MoviesListingActivity]
03-24 21:49:55.416  1850  2074 I sysui_action: [210,2]
03-24 21:49:55.417  1850  2074 I sysui_action: [211,2]
03-24 21:49:55.430  1850  1850 I sysui_view_visibility: [207,100]
03-24 21:49:55.430  1850  1850 I sysui_histogram: [volume_from_keyguard,0]
03-24 21:49:55.439  4865  4865 I am_on_resume_called: [0,com.esoxjem.movieguide.listing.MoviesListingActivity,RESUME_ACTIVITY]
03-24 21:49:55.879  1700  3978 I wm_task_moved: [10,1,0]
03-24 21:49:55.880  1700  3978 I am_create_activity: [0,124376271,10,com.esoxjem.movieguide/.details.MovieDetailsActivity,NULL,NULL,NULL,0]
03-24 21:49:55.880  1700  3978 I wm_task_moved: [10,1,0]
03-24 21:49:55.881  1700  3978 I am_focused_activity: [0,com.esoxjem.movieguide/.details.MovieDetailsActivity,startedActivity]
03-24 21:49:55.881  1700  3978 I am_pause_activity: [0,176598211,com.esoxjem.movieguide/.listing.MoviesListingActivity]
03-24 21:49:55.882  4865  4865 I am_on_paused_called: [0,com.esoxjem.movieguide.listing.MoviesListingActivity,handlePauseActivity]
03-24 21:49:55.885  1700  2536 I am_restart_activity: [0,124376271,10,com.esoxjem.movieguide/.details.MovieDetailsActivity]
03-24 21:49:55.892  1700  1714 I sysui_count: [window_time_0,1]
03-24 21:49:55.921  4865  4865 I am_on_resume_called: [0,com.esoxjem.movieguide.details.MovieDetailsActivity,LAUNCH_ACTIVITY]
03-24 21:49:56.017  1700  1721 I am_activity_launch_time: [0,124376271,com.esoxjem.movieguide/.details.MovieDetailsActivity,135,135]
03-24 21:49:56.062  1850  1850 I sysui_view_visibility: [207,0]
03-24 21:49:56.064  1850  2074 I sysui_action: [210,-1]
03-24 21:49:56.231  1700  3993 I am_finish_activity: [0,124376271,10,com.esoxjem.movieguide/.details.MovieDetailsActivity,clear-task-stack]
03-24 21:49:56.232  1700  3993 I wm_task_moved: [10,1,0]
03-24 21:49:56.232  1700  3993 I am_focused_activity: [0,com.esoxjem.movieguide/.listing.MoviesListingActivity,finishActivity adjustFocus]
03-24 21:49:56.232  1700  3993 I am_pause_activity: [0,124376271,com.esoxjem.movieguide/.details.MovieDetailsActivity]
03-24 21:49:56.233  1700  3993 I am_new_intent: [0,156676574,10,com.esoxjem.movieguide/.listing.MoviesListingActivity,android.intent.action.MAIN,NULL,NULL,270532608]
03-24 21:49:56.233  1700  3993 I wm_task_moved: [10,1,0]
03-24 21:49:56.236  1316  1316 I sf_frame_dur: [InputMethod,0,2,0,0,0,0,0]
03-24 21:49:56.243  4865  4865 I am_on_paused_called: [0,com.esoxjem.movieguide.details.MovieDetailsActivity,handlePauseActivity]
03-24 21:49:56.244  1700  2246 I am_resume_activity: [0,176598211,10,com.esoxjem.movieguide/.listing.MoviesListingActivity]
03-24 21:49:56.249  4865  4865 I am_on_resume_called: [0,com.esoxjem.movieguide.listing.MoviesListingActivity,performNewIntents]
03-24 21:49:56.249  4865  4865 I am_on_paused_called: [0,com.esoxjem.movieguide.listing.MoviesListingActivity,performNewIntents]
03-24 21:49:56.249  4865  4865 I am_on_resume_called: [0,com.esoxjem.movieguide.listing.MoviesListingActivity,RESUME_ACTIVITY]
03-24 21:49:56.260  1700  1713 I am_pss  : [4272,10058,com.google.android.music:main,22384640,20365312,0]
03-24 21:49:56.342  1700  3520 I wm_task_moved: [10,1,0]
03-24 21:49:56.344  1700  3520 I am_create_activity: [0,81862326,10,com.esoxjem.movieguide/.details.MovieDetailsActivity,NULL,NULL,NULL,0]
03-24 21:49:56.345  1700  3520 I wm_task_moved: [10,1,0]
03-24 21:49:56.348  1700  3520 I am_focused_activity: [0,com.esoxjem.movieguide/.details.MovieDetailsActivity,startedActivity]
03-24 21:49:56.348  1700  3520 I am_pause_activity: [0,176598211,com.esoxjem.movieguide/.listing.MoviesListingActivity]
03-24 21:49:56.354  4865  4865 I am_on_paused_called: [0,com.esoxjem.movieguide.listing.MoviesListingActivity,handlePauseActivity]
03-24 21:49:56.359  1700  3995 I am_restart_activity: [0,81862326,10,com.esoxjem.movieguide/.details.MovieDetailsActivity]
03-24 21:49:56.361  1700  1714 I sysui_count: [window_time_0,1]
03-24 21:49:56.386  1316  1316 I sf_frame_dur: [VolumeDialog,54,12,2,2,0,0,0]
03-24 21:49:56.390  4865  4865 I am_on_resume_called: [0,com.esoxjem.movieguide.details.MovieDetailsActivity,LAUNCH_ACTIVITY]
03-24 21:49:56.493  1700  1721 I am_activity_launch_time: [0,81862326,com.esoxjem.movieguide/.details.MovieDetailsActivity,131,131]
03-24 21:49:56.757  1700  3983 I am_finish_activity: [0,81862326,10,com.esoxjem.movieguide/.details.MovieDetailsActivity,navigate-up]
03-24 21:49:56.758  1700  3983 I wm_task_moved: [10,1,0]
03-24 21:49:56.759  1700  3983 I am_focused_activity: [0,com.esoxjem.movieguide/.listing.MoviesListingActivity,finishActivity adjustFocus]
03-24 21:49:56.759  1700  3983 I am_pause_activity: [0,81862326,com.esoxjem.movieguide/.details.MovieDetailsActivity]
03-24 21:49:56.775  4865  4865 I am_on_paused_called: [0,com.esoxjem.movieguide.details.MovieDetailsActivity,handlePauseActivity]
03-24 21:49:56.777  1700  2485 I am_resume_activity: [0,176598211,10,com.esoxjem.movieguide/.listing.MoviesListingActivity]
03-24 21:49:56.780  4865  4865 I am_on_resume_called: [0,com.esoxjem.movieguide.listing.MoviesListingActivity,performNewIntents]
03-24 21:49:56.780  4865  4865 I am_on_paused_called: [0,com.esoxjem.movieguide.listing.MoviesListingActivity,performNewIntents]
03-24 21:49:56.781  4865  4865 I am_on_resume_called: [0,com.esoxjem.movieguide.listing.MoviesListingActivity,performNewIntents]
03-24 21:49:56.781  4865  4865 I am_on_paused_called: [0,com.esoxjem.movieguide.listing.MoviesListingActivity,performNewIntents]
03-24 21:49:56.789  4865  4865 I am_on_resume_called: [0,com.esoxjem.movieguide.listing.MoviesListingActivity,RESUME_ACTIVITY]
03-24 21:49:56.923  1700  3991 I wm_task_moved: [10,1,0]
03-24 21:49:56.926  1700  3991 I am_create_activity: [0,211721209,10,com.esoxjem.movieguide/.details.MovieDetailsActivity,NULL,NULL,NULL,0]
03-24 21:49:56.927  1700  3991 I wm_task_moved: [10,1,0]
03-24 21:49:56.929  1700  3991 I am_focused_activity: [0,com.esoxjem.movieguide/.details.MovieDetailsActivity,startedActivity]
03-24 21:49:56.930  1700  3991 I am_pause_activity: [0,176598211,com.esoxjem.movieguide/.listing.MoviesListingActivity]
03-24 21:49:56.939  4865  4865 I am_on_paused_called: [0,com.esoxjem.movieguide.listing.MoviesListingActivity,handlePauseActivity]
03-24 21:49:56.942  1700  3994 I am_restart_activity: [0,211721209,10,com.esoxjem.movieguide/.details.MovieDetailsActivity]
03-24 21:49:56.944  1700  1714 I sysui_count: [window_time_0,0]
03-24 21:49:56.961  4865  4865 I am_on_resume_called: [0,com.esoxjem.movieguide.details.MovieDetailsActivity,LAUNCH_ACTIVITY]
03-24 21:49:57.044  1700  3983 I am_finish_activity: [0,211721209,10,com.esoxjem.movieguide/.details.MovieDetailsActivity,clear-task-stack]
03-24 21:49:57.045  1700  3983 I wm_task_moved: [10,1,0]
03-24 21:49:57.046  1700  3983 I am_focused_activity: [0,com.esoxjem.movieguide/.listing.MoviesListingActivity,finishActivity adjustFocus]
03-24 21:49:57.046  1700  3983 I am_pause_activity: [0,211721209,com.esoxjem.movieguide/.details.MovieDetailsActivity]
03-24 21:49:57.046  1700  3983 I am_new_intent: [0,99404106,10,com.esoxjem.movieguide/.listing.MoviesListingActivity,android.intent.action.MAIN,NULL,NULL,270532608]
03-24 21:49:57.046  1700  3983 I wm_task_moved: [10,1,0]
03-24 21:49:57.125  4865  4865 I am_on_paused_called: [0,com.esoxjem.movieguide.details.MovieDetailsActivity,handlePauseActivity]
03-24 21:49:57.128  1700  3986 I am_resume_activity: [0,176598211,10,com.esoxjem.movieguide/.listing.MoviesListingActivity]
03-24 21:49:57.131  4865  4865 I am_on_resume_called: [0,com.esoxjem.movieguide.listing.MoviesListingActivity,performNewIntents]
03-24 21:49:57.131  4865  4865 I am_on_paused_called: [0,com.esoxjem.movieguide.listing.MoviesListingActivity,performNewIntents]
03-24 21:49:57.191  4865  4865 I am_on_resume_called: [0,com.esoxjem.movieguide.listing.MoviesListingActivity,RESUME_ACTIVITY]
03-24 21:49:57.237  1316  1316 I sf_frame_dur: [com.esoxjem.movieguide/com.esoxjem.movieguide.details.MovieDetailsActivity,0,0,2,0,0,0,0]
03-24 21:49:57.276  1700  2536 I wm_task_moved: [10,1,0]
03-24 21:49:57.277  1700  2536 I am_create_activity: [0,73584945,10,com.esoxjem.movieguide/.details.MovieDetailsActivity,NULL,NULL,NULL,0]
03-24 21:49:57.277  1700  2536 I wm_task_moved: [10,1,0]
03-24 21:49:57.278  1700  2536 I am_focused_activity: [0,com.esoxjem.movieguide/.details.MovieDetailsActivity,startedActivity]
03-24 21:49:57.278  1700  2536 I am_pause_activity: [0,176598211,com.esoxjem.movieguide/.listing.MoviesListingActivity]
03-24 21:49:57.280  4865  4865 I am_on_paused_called: [0,com.esoxjem.movieguide.listing.MoviesListingActivity,handlePauseActivity]
03-24 21:49:57.281  1700  1712 I am_restart_activity: [0,73584945,10,com.esoxjem.movieguide/.details.MovieDetailsActivity]
03-24 21:49:57.282  1700  1714 I am_destroy_activity: [0,211721209,10,com.esoxjem.movieguide/.details.MovieDetailsActivity,finish-imm]
03-24 21:49:57.282  1700  1714 I am_destroy_activity: [0,81862326,10,com.esoxjem.movieguide/.details.MovieDetailsActivity,finish-imm]
03-24 21:49:57.282  1700  1714 I am_destroy_activity: [0,124376271,10,com.esoxjem.movieguide/.details.MovieDetailsActivity,finish-imm]
03-24 21:49:57.282  1700  1714 I am_destroy_activity: [0,30064773,10,com.esoxjem.movieguide/.details.MovieDetailsActivity,finish-imm]
03-24 21:49:57.282  1700  1714 I sysui_count: [window_time_0,1]
03-24 21:49:57.300  4865  4865 I am_on_resume_called: [0,com.esoxjem.movieguide.details.MovieDetailsActivity,LAUNCH_ACTIVITY]
03-24 21:49:57.323  4865  4865 I am_on_stop_called: [0,com.esoxjem.movieguide.details.MovieDetailsActivity,destroy]
03-24 21:49:57.438  4865  4865 I am_on_stop_called: [0,com.esoxjem.movieguide.details.MovieDetailsActivity,destroy]
03-24 21:49:57.479  4865  4865 I am_on_stop_called: [0,com.esoxjem.movieguide.details.MovieDetailsActivity,destroy]
03-24 21:49:57.486  1316  1316 I sf_frame_dur: [com.esoxjem.movieguide/com.esoxjem.movieguide.details.MovieDetailsActivity,22,10,0,0,0,0,0]
03-24 21:49:57.532  4865  4865 I am_on_stop_called: [0,com.esoxjem.movieguide.details.MovieDetailsActivity,destroy]
03-24 21:49:57.536  1316  1316 I sf_frame_dur: [com.esoxjem.movieguide/com.esoxjem.movieguide.details.MovieDetailsActivity,16,8,0,0,0,0,0]
03-24 21:49:57.620  1316  1316 I sf_frame_dur: [com.esoxjem.movieguide/com.esoxjem.movieguide.details.MovieDetailsActivity,54,14,2,2,0,0,0]
03-24 21:49:57.732  1700  1721 I am_activity_launch_time: [0,73584945,com.esoxjem.movieguide/.details.MovieDetailsActivity,452,792]
03-24 21:49:57.825  1700  3974 I am_finish_activity: [0,73584945,10,com.esoxjem.movieguide/.details.MovieDetailsActivity,clear-task-stack]
03-24 21:49:57.826  1700  3974 I wm_task_moved: [10,1,0]
03-24 21:49:57.827  1700  3974 I am_focused_activity: [0,com.esoxjem.movieguide/.listing.MoviesListingActivity,finishActivity adjustFocus]
03-24 21:49:57.827  1700  3974 I am_pause_activity: [0,73584945,com.esoxjem.movieguide/.details.MovieDetailsActivity]
03-24 21:49:57.827  1700  3974 I am_new_intent: [0,48785551,10,com.esoxjem.movieguide/.listing.MoviesListingActivity,android.intent.action.MAIN,NULL,NULL,270532608]
03-24 21:49:57.828  1700  3974 I wm_task_moved: [10,1,0]
03-24 21:49:57.839  4865  4865 I am_on_paused_called: [0,com.esoxjem.movieguide.details.MovieDetailsActivity,handlePauseActivity]
03-24 21:49:57.841  1700  2194 I am_resume_activity: [0,176598211,10,com.esoxjem.movieguide/.listing.MoviesListingActivity]
03-24 21:49:57.843  4865  4865 I am_on_resume_called: [0,com.esoxjem.movieguide.listing.MoviesListingActivity,performNewIntents]
03-24 21:49:57.843  4865  4865 I am_on_paused_called: [0,com.esoxjem.movieguide.listing.MoviesListingActivity,performNewIntents]
03-24 21:49:57.856  4865  4865 I am_on_resume_called: [0,com.esoxjem.movieguide.listing.MoviesListingActivity,RESUME_ACTIVITY]
03-24 21:49:57.947  1700  3986 I wm_task_moved: [10,1,0]
03-24 21:49:57.947  1700  3986 I am_create_activity: [0,161048737,10,com.esoxjem.movieguide/.details.MovieDetailsActivity,NULL,NULL,NULL,0]
03-24 21:49:57.948  1700  3986 I wm_task_moved: [10,1,0]
03-24 21:49:57.948  1700  3986 I am_focused_activity: [0,com.esoxjem.movieguide/.details.MovieDetailsActivity,startedActivity]
03-24 21:49:57.948  1700  3986 I am_pause_activity: [0,176598211,com.esoxjem.movieguide/.listing.MoviesListingActivity]
03-24 21:49:57.950  4865  4865 I am_on_paused_called: [0,com.esoxjem.movieguide.listing.MoviesListingActivity,handlePauseActivity]
03-24 21:49:57.953  1700  2537 I am_restart_activity: [0,161048737,10,com.esoxjem.movieguide/.details.MovieDetailsActivity]
03-24 21:49:57.959  1700  1714 I sysui_count: [window_time_0,0]
03-24 21:49:57.969  4865  4865 I am_on_resume_called: [0,com.esoxjem.movieguide.details.MovieDetailsActivity,LAUNCH_ACTIVITY]
03-24 21:49:58.071  1700  1721 I am_activity_launch_time: [0,161048737,com.esoxjem.movieguide/.details.MovieDetailsActivity,121,121]
03-24 21:49:58.153  1700  3993 I am_finish_activity: [0,161048737,10,com.esoxjem.movieguide/.details.MovieDetailsActivity,app-request]
03-24 21:49:58.159  1700  3993 I wm_task_moved: [10,1,0]
03-24 21:49:58.160  1700  3993 I am_focused_activity: [0,com.esoxjem.movieguide/.listing.MoviesListingActivity,finishActivity adjustFocus]
03-24 21:49:58.160  1700  3993 I am_pause_activity: [0,161048737,com.esoxjem.movieguide/.details.MovieDetailsActivity]
03-24 21:49:58.161  4865  4865 I am_on_paused_called: [0,com.esoxjem.movieguide.details.MovieDetailsActivity,handlePauseActivity]
03-24 21:49:58.162  1700  3979 I am_resume_activity: [0,176598211,10,com.esoxjem.movieguide/.listing.MoviesListingActivity]
03-24 21:49:58.166  4865  4865 I am_on_resume_called: [0,com.esoxjem.movieguide.listing.MoviesListingActivity,RESUME_ACTIVITY]
03-24 21:49:58.262  1700  3974 I wm_task_moved: [10,1,0]
03-24 21:49:58.262  1700  3974 I am_create_activity: [0,45773880,10,com.esoxjem.movieguide/.details.MovieDetailsActivity,NULL,NULL,NULL,0]
03-24 21:49:58.262  1700  3974 I wm_task_moved: [10,1,0]
03-24 21:49:58.263  1700  3974 I am_focused_activity: [0,com.esoxjem.movieguide/.details.MovieDetailsActivity,startedActivity]
03-24 21:49:58.263  1700  3974 I am_pause_activity: [0,176598211,com.esoxjem.movieguide/.listing.MoviesListingActivity]
03-24 21:49:58.265  4865  4865 I am_on_paused_called: [0,com.esoxjem.movieguide.listing.MoviesListingActivity,handlePauseActivity]
03-24 21:49:58.266  1700  2399 I am_restart_activity: [0,45773880,10,com.esoxjem.movieguide/.details.MovieDetailsActivity]
03-24 21:49:58.268  1700  1714 I sysui_count: [window_time_0,1]
03-24 21:49:58.296  4865  4865 I am_on_resume_called: [0,com.esoxjem.movieguide.details.MovieDetailsActivity,LAUNCH_ACTIVITY]
03-24 21:49:58.395  1700  1721 I am_activity_launch_time: [0,45773880,com.esoxjem.movieguide/.details.MovieDetailsActivity,129,129]
03-24 21:49:58.477  1700  3983 I am_finish_activity: [0,45773880,10,com.esoxjem.movieguide/.details.MovieDetailsActivity,clear-task-stack]
03-24 21:49:58.478  1700  3983 I wm_task_moved: [10,1,0]
03-24 21:49:58.478  1700  3983 I am_focused_activity: [0,com.esoxjem.movieguide/.listing.MoviesListingActivity,finishActivity adjustFocus]
03-24 21:49:58.478  1700  3983 I am_pause_activity: [0,45773880,com.esoxjem.movieguide/.details.MovieDetailsActivity]
03-24 21:49:58.479  1700  3983 I am_new_intent: [0,191838542,10,com.esoxjem.movieguide/.listing.MoviesListingActivity,android.intent.action.MAIN,NULL,NULL,270532608]
03-24 21:49:58.479  1700  3983 I wm_task_moved: [10,1,0]
03-24 21:49:58.487  4865  4865 I am_on_paused_called: [0,com.esoxjem.movieguide.details.MovieDetailsActivity,handlePauseActivity]
03-24 21:49:58.493  1700  3991 I am_resume_activity: [0,176598211,10,com.esoxjem.movieguide/.listing.MoviesListingActivity]
03-24 21:49:58.495  4865  4865 I am_on_resume_called: [0,com.esoxjem.movieguide.listing.MoviesListingActivity,performNewIntents]
03-24 21:49:58.495  4865  4865 I am_on_paused_called: [0,com.esoxjem.movieguide.listing.MoviesListingActivity,performNewIntents]
03-24 21:49:58.495  4865  4865 I am_on_resume_called: [0,com.esoxjem.movieguide.listing.MoviesListingActivity,RESUME_ACTIVITY]
03-24 21:49:58.618  1700  2413 I am_new_intent: [0,114252648,10,com.esoxjem.movieguide/.listing.MoviesListingActivity,android.intent.action.MAIN,NULL,NULL,270532608]
03-24 21:49:58.622  1700  2413 I wm_task_moved: [10,1,0]
03-24 21:49:58.725  1700  3974 I wm_task_moved: [10,1,0]
03-24 21:49:58.726  1700  3974 I am_create_activity: [0,244566913,10,com.esoxjem.movieguide/.details.MovieDetailsActivity,NULL,NULL,NULL,0]
03-24 21:49:58.726  1700  3974 I wm_task_moved: [10,1,0]
03-24 21:49:58.728  1700  3974 I am_focused_activity: [0,com.esoxjem.movieguide/.details.MovieDetailsActivity,startedActivity]
03-24 21:49:58.728  1700  3974 I am_pause_activity: [0,176598211,com.esoxjem.movieguide/.listing.MoviesListingActivity]
03-24 21:49:58.729  4865  4865 I am_on_paused_called: [0,com.esoxjem.movieguide.listing.MoviesListingActivity,handlePauseActivity]
03-24 21:49:58.730  1700  3974 I am_restart_activity: [0,244566913,10,com.esoxjem.movieguide/.details.MovieDetailsActivity]
03-24 21:49:58.732  1700  1714 I sysui_count: [window_time_0,0]
03-24 21:49:58.749  4865  4865 I am_on_resume_called: [0,com.esoxjem.movieguide.details.MovieDetailsActivity,LAUNCH_ACTIVITY]
03-24 21:49:58.862  1700  1721 I am_activity_launch_time: [0,244566913,com.esoxjem.movieguide/.details.MovieDetailsActivity,133,133]
03-24 21:49:58.952  1700  2246 I am_finish_activity: [0,244566913,10,com.esoxjem.movieguide/.details.MovieDetailsActivity,navigate-up]
03-24 21:49:58.953  1700  2246 I wm_task_moved: [10,1,0]
03-24 21:49:58.956  1700  2246 I am_focused_activity: [0,com.esoxjem.movieguide/.listing.MoviesListingActivity,finishActivity adjustFocus]
03-24 21:49:58.956  1700  2246 I am_pause_activity: [0,244566913,com.esoxjem.movieguide/.details.MovieDetailsActivity]
03-24 21:49:58.961  4865  4865 I am_on_paused_called: [0,com.esoxjem.movieguide.details.MovieDetailsActivity,handlePauseActivity]
03-24 21:49:58.963  1700  3984 I am_resume_activity: [0,176598211,10,com.esoxjem.movieguide/.listing.MoviesListingActivity]
03-24 21:49:58.965  4865  4865 I am_on_resume_called: [0,com.esoxjem.movieguide.listing.MoviesListingActivity,performNewIntents]
03-24 21:49:58.965  4865  4865 I am_on_paused_called: [0,com.esoxjem.movieguide.listing.MoviesListingActivity,performNewIntents]
03-24 21:49:58.965  4865  4865 I am_on_resume_called: [0,com.esoxjem.movieguide.listing.MoviesListingActivity,performNewIntents]
03-24 21:49:58.965  4865  4865 I am_on_paused_called: [0,com.esoxjem.movieguide.listing.MoviesListingActivity,performNewIntents]
03-24 21:49:58.965  4865  4865 I am_on_resume_called: [0,com.esoxjem.movieguide.listing.MoviesListingActivity,RESUME_ACTIVITY]
03-24 21:49:59.032  1700  3985 I wm_task_moved: [10,1,0]
03-24 21:49:59.033  1700  3985 I am_create_activity: [0,256143000,10,com.esoxjem.movieguide/.details.MovieDetailsActivity,NULL,NULL,NULL,0]
03-24 21:49:59.033  1700  3985 I wm_task_moved: [10,1,0]
03-24 21:49:59.034  1700  3985 I am_focused_activity: [0,com.esoxjem.movieguide/.details.MovieDetailsActivity,startedActivity]
03-24 21:49:59.034  1700  3985 I am_pause_activity: [0,176598211,com.esoxjem.movieguide/.listing.MoviesListingActivity]
03-24 21:49:59.038  4865  4865 I am_on_paused_called: [0,com.esoxjem.movieguide.listing.MoviesListingActivity,handlePauseActivity]
03-24 21:49:59.041  1700  3994 I am_restart_activity: [0,256143000,10,com.esoxjem.movieguide/.details.MovieDetailsActivity]
03-24 21:49:59.044  1700  1714 I sysui_count: [window_time_0,0]
03-24 21:49:59.062  4865  4865 I am_on_resume_called: [0,com.esoxjem.movieguide.details.MovieDetailsActivity,LAUNCH_ACTIVITY]
03-24 21:49:59.146  1700  1721 I am_activity_launch_time: [0,256143000,com.esoxjem.movieguide/.details.MovieDetailsActivity,107,107]
03-24 21:49:59.200  1700  1712 I am_finish_activity: [0,256143000,10,com.esoxjem.movieguide/.details.MovieDetailsActivity,navigate-up]
03-24 21:49:59.201  1700  1712 I wm_task_moved: [10,1,0]
03-24 21:49:59.201  1700  1712 I am_focused_activity: [0,com.esoxjem.movieguide/.listing.MoviesListingActivity,finishActivity adjustFocus]
03-24 21:49:59.201  1700  1712 I am_pause_activity: [0,256143000,com.esoxjem.movieguide/.details.MovieDetailsActivity]
03-24 21:49:59.230  4865  4865 I am_on_paused_called: [0,com.esoxjem.movieguide.details.MovieDetailsActivity,handlePauseActivity]
03-24 21:49:59.231  1700  3993 I am_resume_activity: [0,176598211,10,com.esoxjem.movieguide/.listing.MoviesListingActivity]
03-24 21:49:59.233  4865  4865 I am_on_resume_called: [0,com.esoxjem.movieguide.listing.MoviesListingActivity,performNewIntents]
03-24 21:49:59.233  4865  4865 I am_on_paused_called: [0,com.esoxjem.movieguide.listing.MoviesListingActivity,performNewIntents]
03-24 21:49:59.233  4865  4865 I am_on_resume_called: [0,com.esoxjem.movieguide.listing.MoviesListingActivity,performNewIntents]
03-24 21:49:59.233  4865  4865 I am_on_paused_called: [0,com.esoxjem.movieguide.listing.MoviesListingActivity,performNewIntents]
03-24 21:49:59.234  4865  4865 I am_on_resume_called: [0,com.esoxjem.movieguide.listing.MoviesListingActivity,RESUME_ACTIVITY]
03-24 21:49:59.342  1700  3976 I wm_task_moved: [10,1,0]
03-24 21:49:59.342  1700  3976 I am_create_activity: [0,146198123,10,com.esoxjem.movieguide/.details.MovieDetailsActivity,NULL,NULL,NULL,0]
03-24 21:49:59.343  1700  3976 I wm_task_moved: [10,1,0]
03-24 21:49:59.344  1700  3976 I am_focused_activity: [0,com.esoxjem.movieguide/.details.MovieDetailsActivity,startedActivity]
03-24 21:49:59.344  1700  3976 I am_pause_activity: [0,176598211,com.esoxjem.movieguide/.listing.MoviesListingActivity]
03-24 21:49:59.347  4865  4865 I am_on_paused_called: [0,com.esoxjem.movieguide.listing.MoviesListingActivity,handlePauseActivity]
03-24 21:49:59.348  1700  3985 I am_restart_activity: [0,146198123,10,com.esoxjem.movieguide/.details.MovieDetailsActivity]
03-24 21:49:59.350  1700  1714 I sysui_count: [window_time_0,1]
03-24 21:49:59.351  1700  3984 I wm_task_moved: [10,1,0]
03-24 21:49:59.352  1700  3984 I am_create_activity: [0,169454982,10,com.esoxjem.movieguide/.details.MovieDetailsActivity,NULL,NULL,NULL,0]
03-24 21:49:59.352  1700  3984 I wm_task_moved: [10,1,0]
03-24 21:49:59.352  1700  3984 I am_focused_activity: [0,com.esoxjem.movieguide/.details.MovieDetailsActivity,startedActivity]
03-24 21:49:59.353  1700  3984 I am_pause_activity: [0,146198123,com.esoxjem.movieguide/.details.MovieDetailsActivity]
03-24 21:49:59.375  4865  4865 I am_on_resume_called: [0,com.esoxjem.movieguide.details.MovieDetailsActivity,LAUNCH_ACTIVITY]
03-24 21:49:59.457  4865  4865 I am_on_paused_called: [0,com.esoxjem.movieguide.details.MovieDetailsActivity,handlePauseActivity]
03-24 21:49:59.460  1700  2537 I am_restart_activity: [0,169454982,10,com.esoxjem.movieguide/.details.MovieDetailsActivity]
03-24 21:49:59.468  1700  1714 I sysui_count: [window_time_0,0]
03-24 21:49:59.505  4865  4865 I am_on_resume_called: [0,com.esoxjem.movieguide.details.MovieDetailsActivity,LAUNCH_ACTIVITY]
03-24 21:49:59.665  1700  1721 I am_activity_launch_time: [0,169454982,com.esoxjem.movieguide/.details.MovieDetailsActivity,208,318]
03-24 21:49:59.769  1316  1316 I sf_frame_dur: [com.esoxjem.movieguide/com.esoxjem.movieguide.details.MovieDetailsActivity,0,0,6,0,0,0,0]
03-24 21:49:59.864  1700  1714 I am_proc_start: [0,4924,10037,com.android.chrome,broadcast,com.android.chrome/org.chromium.chrome.browser.media.ui.MediaNotificationManager$PlaybackMediaButtonReceiver]
03-24 21:49:59.882  1700  1729 I am_proc_bound: [0,4924,com.android.chrome]
03-24 21:49:59.958  1700  3520 I sysui_count: [assist_with_context,1]
03-24 21:49:59.961  1700  3520 I sysui_count: [assist_with_screen,1]
03-24 21:50:00.075  1700  3984 I dvm_lock_sample: [system_server,1,Binder:1700_18,102,WindowManagerService.java,1887,-,6469,20]
03-24 21:50:00.077  1700  2248 I am_finish_activity: [0,146198123,10,com.esoxjem.movieguide/.details.MovieDetailsActivity,clear-task-stack]
03-24 21:50:00.077  1700  2248 I am_destroy_activity: [0,146198123,10,com.esoxjem.movieguide/.details.MovieDetailsActivity,finish-imm]
03-24 21:50:00.077  1700  2248 I am_finish_activity: [0,169454982,10,com.esoxjem.movieguide/.details.MovieDetailsActivity,clear-task-stack]
03-24 21:50:00.078  1700  2248 I wm_task_moved: [10,1,0]
03-24 21:50:00.079  1700  2248 I am_focused_activity: [0,com.esoxjem.movieguide/.listing.MoviesListingActivity,finishActivity adjustFocus]
03-24 21:50:00.079  1700  2248 I am_pause_activity: [0,169454982,com.esoxjem.movieguide/.details.MovieDetailsActivity]
03-24 21:50:00.079  1700  2248 I am_new_intent: [0,116657936,10,com.esoxjem.movieguide/.listing.MoviesListingActivity,android.intent.action.MAIN,NULL,NULL,270532608]
03-24 21:50:00.079  1700  2248 I wm_task_moved: [10,1,0]
03-24 21:50:00.104  4865  4865 I am_on_stop_called: [0,com.esoxjem.movieguide.details.MovieDetailsActivity,destroy]
03-24 21:50:00.120  4865  4865 I am_on_paused_called: [0,com.esoxjem.movieguide.details.MovieDetailsActivity,handlePauseActivity]
03-24 21:50:00.130  1700  3982 I am_resume_activity: [0,176598211,10,com.esoxjem.movieguide/.listing.MoviesListingActivity]
03-24 21:50:00.139  4865  4865 I am_on_resume_called: [0,com.esoxjem.movieguide.listing.MoviesListingActivity,performNewIntents]
03-24 21:50:00.139  4865  4865 I am_on_paused_called: [0,com.esoxjem.movieguide.listing.MoviesListingActivity,performNewIntents]
03-24 21:50:00.144  4865  4865 I am_on_resume_called: [0,com.esoxjem.movieguide.listing.MoviesListingActivity,RESUME_ACTIVITY]
03-24 21:50:00.245  1700  2413 I wm_task_moved: [10,1,0]
03-24 21:50:00.247  1700  2413 I am_create_activity: [0,244735531,10,com.esoxjem.movieguide/.details.MovieDetailsActivity,NULL,NULL,NULL,0]
03-24 21:50:00.247  1700  2413 I wm_task_moved: [10,1,0]
03-24 21:50:00.248  1700  2413 I am_focused_activity: [0,com.esoxjem.movieguide/.details.MovieDetailsActivity,startedActivity]
03-24 21:50:00.248  1700  2413 I am_pause_activity: [0,176598211,com.esoxjem.movieguide/.listing.MoviesListingActivity]
03-24 21:50:00.252  4865  4865 I am_on_paused_called: [0,com.esoxjem.movieguide.listing.MoviesListingActivity,handlePauseActivity]
03-24 21:50:00.255  1700  3975 I am_restart_activity: [0,244735531,10,com.esoxjem.movieguide/.details.MovieDetailsActivity]
03-24 21:50:00.260  1700  1714 I sysui_count: [window_time_0,1]
03-24 21:50:00.279  4865  4865 I am_on_resume_called: [0,com.esoxjem.movieguide.details.MovieDetailsActivity,LAUNCH_ACTIVITY]
03-24 21:50:00.413  1700  1721 I am_activity_launch_time: [0,244735531,com.esoxjem.movieguide/.details.MovieDetailsActivity,161,161]
03-24 21:50:00.646  1700  3994 I am_finish_activity: [0,244735531,10,com.esoxjem.movieguide/.details.MovieDetailsActivity,navigate-up]
03-24 21:50:00.647  1700  3994 I wm_task_moved: [10,1,0]
03-24 21:50:00.648  1700  3994 I am_focused_activity: [0,com.esoxjem.movieguide/.listing.MoviesListingActivity,finishActivity adjustFocus]
03-24 21:50:00.648  1700  3994 I am_pause_activity: [0,244735531,com.esoxjem.movieguide/.details.MovieDetailsActivity]
03-24 21:50:00.655  4865  4865 I am_on_paused_called: [0,com.esoxjem.movieguide.details.MovieDetailsActivity,handlePauseActivity]
03-24 21:50:00.661  1700  2248 I am_resume_activity: [0,176598211,10,com.esoxjem.movieguide/.listing.MoviesListingActivity]
03-24 21:50:00.667  4865  4865 I am_on_resume_called: [0,com.esoxjem.movieguide.listing.MoviesListingActivity,performNewIntents]
03-24 21:50:00.667  4865  4865 I am_on_paused_called: [0,com.esoxjem.movieguide.listing.MoviesListingActivity,performNewIntents]
03-24 21:50:00.668  4865  4865 I am_on_resume_called: [0,com.esoxjem.movieguide.listing.MoviesListingActivity,performNewIntents]
03-24 21:50:00.668  4865  4865 I am_on_paused_called: [0,com.esoxjem.movieguide.listing.MoviesListingActivity,performNewIntents]
03-24 21:50:00.670  4865  4865 I am_on_resume_called: [0,com.esoxjem.movieguide.listing.MoviesListingActivity,RESUME_ACTIVITY]
03-24 21:50:00.728  1700  2413 I wm_task_moved: [10,1,0]
03-24 21:50:00.729  1700  2413 I am_create_activity: [0,48516142,10,com.esoxjem.movieguide/.details.MovieDetailsActivity,NULL,NULL,NULL,0]
03-24 21:50:00.730  1700  2413 I wm_task_moved: [10,1,0]
03-24 21:50:00.732  1700  2413 I am_focused_activity: [0,com.esoxjem.movieguide/.details.MovieDetailsActivity,startedActivity]
03-24 21:50:00.732  1700  2413 I am_pause_activity: [0,176598211,com.esoxjem.movieguide/.listing.MoviesListingActivity]
03-24 21:50:00.741  4865  4865 I am_on_paused_called: [0,com.esoxjem.movieguide.listing.MoviesListingActivity,handlePauseActivity]
03-24 21:50:00.747  1700  3992 I am_restart_activity: [0,48516142,10,com.esoxjem.movieguide/.details.MovieDetailsActivity]
03-24 21:50:00.751  1700  1714 I sysui_count: [window_time_0,0]
03-24 21:50:00.768  4865  4865 I am_on_resume_called: [0,com.esoxjem.movieguide.details.MovieDetailsActivity,LAUNCH_ACTIVITY]
03-24 21:50:00.869  1700  1721 I am_activity_launch_time: [0,48516142,com.esoxjem.movieguide/.details.MovieDetailsActivity,126,126]
03-24 21:50:00.962  1700  3991 I am_finish_activity: [0,48516142,10,com.esoxjem.movieguide/.details.MovieDetailsActivity,app-request]
03-24 21:50:00.963  1700  3991 I wm_task_moved: [10,1,0]
03-24 21:50:00.964  1700  3991 I am_focused_activity: [0,com.esoxjem.movieguide/.listing.MoviesListingActivity,finishActivity adjustFocus]
03-24 21:50:00.964  1700  3991 I am_pause_activity: [0,48516142,com.esoxjem.movieguide/.details.MovieDetailsActivity]
03-24 21:50:00.965  4865  4865 I am_on_paused_called: [0,com.esoxjem.movieguide.details.MovieDetailsActivity,handlePauseActivity]
03-24 21:50:00.966  1700  2194 I am_resume_activity: [0,176598211,10,com.esoxjem.movieguide/.listing.MoviesListingActivity]
03-24 21:50:00.967  4865  4865 I am_on_resume_called: [0,com.esoxjem.movieguide.listing.MoviesListingActivity,RESUME_ACTIVITY]
03-24 21:50:01.024  1850  1850 I sysui_count: [panel_open,1]
03-24 21:50:01.028  1850  1850 I sysui_histogram: [note_load,1]
03-24 21:50:01.029  1700  3985 I notification_panel_revealed: 1
03-24 21:50:01.048  1700  3991 I wm_task_moved: [10,1,0]
03-24 21:50:01.048  1700  3991 I am_create_activity: [0,195262860,10,com.esoxjem.movieguide/.details.MovieDetailsActivity,NULL,NULL,NULL,0]
03-24 21:50:01.049  1700  3991 I wm_task_moved: [10,1,0]
03-24 21:50:01.049  1700  3991 I am_focused_activity: [0,com.esoxjem.movieguide/.details.MovieDetailsActivity,startedActivity]
03-24 21:50:01.049  1700  3991 I am_pause_activity: [0,176598211,com.esoxjem.movieguide/.listing.MoviesListingActivity]
03-24 21:50:01.053  4865  4865 I am_on_paused_called: [0,com.esoxjem.movieguide.listing.MoviesListingActivity,handlePauseActivity]
03-24 21:50:01.055  1700  3974 I am_restart_activity: [0,195262860,10,com.esoxjem.movieguide/.details.MovieDetailsActivity]
03-24 21:50:01.062  1700  1714 I sysui_count: [window_time_0,0]
03-24 21:50:01.082  4865  4865 I am_on_resume_called: [0,com.esoxjem.movieguide.details.MovieDetailsActivity,LAUNCH_ACTIVITY]
03-24 21:50:01.104  1316  1316 I sf_frame_dur: [AssistDisclosure,60,12,0,1,0,0,0]
03-24 21:50:01.193  1700  2014 I dvm_lock_sample: [system_server,1,Binder:1700_4,20,Session.java,262,WindowAnimator.java,144,4]
03-24 21:50:01.266  1700  1721 I am_activity_launch_time: [0,195262860,com.esoxjem.movieguide/.details.MovieDetailsActivity,213,213]
03-24 21:50:01.376  1850  2074 I sysui_action: [210,2]
03-24 21:50:01.376  1850  2074 I sysui_action: [211,2]
03-24 21:50:01.392  1850  1850 I sysui_view_visibility: [207,100]
03-24 21:50:01.392  1850  1850 I sysui_histogram: [volume_from_keyguard,0]
03-24 21:50:01.511  1850  1850 I sysui_action: [209,5]
03-24 21:50:01.514  1700  3970 I volume_changed: [2,2,5,7,com.android.systemui]
03-24 21:50:01.566  1700  3993 I notification_visibility: [-1|com.android.systemui|1397773634|public:253,64|10028,1,108233,108233,0,0]
03-24 21:50:01.631  1700  1714 I am_stop_activity: [0,176598211,com.esoxjem.movieguide/.listing.MoviesListingActivity]
03-24 21:50:01.631  1700  1714 I am_destroy_activity: [0,48516142,10,com.esoxjem.movieguide/.details.MovieDetailsActivity,finish-imm]
03-24 21:50:01.631  1700  1714 I am_destroy_activity: [0,244735531,10,com.esoxjem.movieguide/.details.MovieDetailsActivity,finish-imm]
03-24 21:50:01.631  1700  1714 I am_destroy_activity: [0,169454982,10,com.esoxjem.movieguide/.details.MovieDetailsActivity,finish-imm]
03-24 21:50:01.631  1700  1714 I am_destroy_activity: [0,256143000,10,com.esoxjem.movieguide/.details.MovieDetailsActivity,finish-imm]
03-24 21:50:01.631  1700  1714 I am_destroy_activity: [0,244566913,10,com.esoxjem.movieguide/.details.MovieDetailsActivity,finish-imm]
03-24 21:50:01.631  1700  1714 I am_destroy_activity: [0,45773880,10,com.esoxjem.movieguide/.details.MovieDetailsActivity,finish-imm]
03-24 21:50:01.631  1700  1714 I am_destroy_activity: [0,161048737,10,com.esoxjem.movieguide/.details.MovieDetailsActivity,finish-imm]
03-24 21:50:01.631  1700  1714 I am_destroy_activity: [0,73584945,10,com.esoxjem.movieguide/.details.MovieDetailsActivity,finish-imm]
03-24 21:50:01.633  4865  4865 I am_on_stop_called: [0,com.esoxjem.movieguide.listing.MoviesListingActivity,handleStopActivity]
03-24 21:50:01.633  4865  4865 I am_on_stop_called: [0,com.esoxjem.movieguide.details.MovieDetailsActivity,destroy]
03-24 21:50:01.682  4865  4865 I am_on_stop_called: [0,com.esoxjem.movieguide.details.MovieDetailsActivity,destroy]
03-24 21:50:01.687  1316  1316 I sf_frame_dur: [com.esoxjem.movieguide/com.esoxjem.movieguide.details.MovieDetailsActivity,6,2,2,0,0,0,0]
03-24 21:50:01.730  4865  4865 I am_on_stop_called: [0,com.esoxjem.movieguide.details.MovieDetailsActivity,destroy]
03-24 21:50:01.737  1316  1316 I sf_frame_dur: [com.esoxjem.movieguide/com.esoxjem.movieguide.details.MovieDetailsActivity,28,4,0,0,0,0,0]
03-24 21:50:01.768  4865  4865 I am_on_stop_called: [0,com.esoxjem.movieguide.details.MovieDetailsActivity,destroy]
03-24 21:50:01.770  1316  1316 I sf_frame_dur: [com.esoxjem.movieguide/com.esoxjem.movieguide.details.MovieDetailsActivity,42,4,2,0,0,0,0]
03-24 21:50:01.804  1316  1316 I sf_frame_dur: [com.esoxjem.movieguide/com.esoxjem.movieguide.details.MovieDetailsActivity,4,4,0,0,0,0,0]
03-24 21:50:01.810  4865  4865 I am_on_stop_called: [0,com.esoxjem.movieguide.details.MovieDetailsActivity,destroy]
03-24 21:50:01.847  4865  4865 I am_on_stop_called: [0,com.esoxjem.movieguide.details.MovieDetailsActivity,destroy]
03-24 21:50:01.854  1316  1316 I sf_frame_dur: [com.esoxjem.movieguide/com.esoxjem.movieguide.details.MovieDetailsActivity,2,6,0,0,0,0,0]
03-24 21:50:01.871  1700  3520 I notification_visibility: [-1|com.android.systemui|1397773634|public:253,64|10028,0,108540,108540,0,0]
03-24 21:50:01.872  1700  2413 I notification_panel_hidden: []
03-24 21:50:01.896  4865  4865 I am_on_stop_called: [0,com.esoxjem.movieguide.details.MovieDetailsActivity,destroy]
03-24 21:50:01.903  1316  1316 I sf_frame_dur: [com.esoxjem.movieguide/com.esoxjem.movieguide.details.MovieDetailsActivity,6,4,0,0,0,0,0]
03-24 21:50:01.931  4865  4865 I am_on_stop_called: [0,com.esoxjem.movieguide.details.MovieDetailsActivity,destroy]
03-24 21:50:01.937  1316  1316 I sf_frame_dur: [com.esoxjem.movieguide/com.esoxjem.movieguide.details.MovieDetailsActivity,4,8,0,0,0,0,0]
03-24 21:50:01.970  1316  1316 I sf_frame_dur: [com.esoxjem.movieguide/com.esoxjem.movieguide.listing.MoviesListingActivity,272,56,16,4,8,0,0]
03-24 21:50:01.970  1316  1316 I sf_frame_dur: [com.esoxjem.movieguide/com.esoxjem.movieguide.details.MovieDetailsActivity,8,6,0,0,0,0,0]
03-24 21:50:02.024  1850  1850 I sysui_view_visibility: [207,0]
03-24 21:50:02.025  1850  2074 I sysui_action: [210,-1]
03-24 21:50:02.050  1700  2537 I am_finish_activity: [0,195262860,10,com.esoxjem.movieguide/.details.MovieDetailsActivity,clear-task-stack]
03-24 21:50:02.051  1700  2537 I wm_task_moved: [10,1,0]
03-24 21:50:02.051  1700  2537 I am_focused_activity: [0,com.esoxjem.movieguide/.listing.MoviesListingActivity,finishActivity adjustFocus]
03-24 21:50:02.051  1700  2537 I am_pause_activity: [0,195262860,com.esoxjem.movieguide/.details.MovieDetailsActivity]
03-24 21:50:02.052  1700  2537 I am_new_intent: [0,27609232,10,com.esoxjem.movieguide/.listing.MoviesListingActivity,android.intent.action.MAIN,NULL,NULL,270532608]
03-24 21:50:02.052  1700  2537 I wm_task_moved: [10,1,0]
03-24 21:50:02.057  4865  4865 I am_on_paused_called: [0,com.esoxjem.movieguide.details.MovieDetailsActivity,handlePauseActivity]
03-24 21:50:02.061  1700  2014 I am_resume_activity: [0,176598211,10,com.esoxjem.movieguide/.listing.MoviesListingActivity]
03-24 21:50:02.063  4865  4865 I am_on_resume_called: [0,com.esoxjem.movieguide.listing.MoviesListingActivity,RESUME_ACTIVITY]
03-24 21:50:02.149  1700  3994 I wm_task_moved: [10,1,0]
03-24 21:50:02.149  1700  3994 I am_create_activity: [0,55287962,10,com.esoxjem.movieguide/.details.MovieDetailsActivity,NULL,NULL,NULL,0]
03-24 21:50:02.150  1700  3994 I wm_task_moved: [10,1,0]
03-24 21:50:02.151  1700  3994 I am_focused_activity: [0,com.esoxjem.movieguide/.details.MovieDetailsActivity,startedActivity]
03-24 21:50:02.151  1700  3994 I am_pause_activity: [0,176598211,com.esoxjem.movieguide/.listing.MoviesListingActivity]
03-24 21:50:02.171  4865  4865 I am_on_paused_called: [0,com.esoxjem.movieguide.listing.MoviesListingActivity,handlePauseActivity]
03-24 21:50:02.179  1700  3983 I am_restart_activity: [0,55287962,10,com.esoxjem.movieguide/.details.MovieDetailsActivity]
03-24 21:50:02.181  1700  1714 I sysui_count: [window_time_0,1]
03-24 21:50:02.195  4865  4865 I am_on_resume_called: [0,com.esoxjem.movieguide.details.MovieDetailsActivity,LAUNCH_ACTIVITY]
03-24 21:50:02.286  1700  1721 I am_activity_launch_time: [0,55287962,com.esoxjem.movieguide/.details.MovieDetailsActivity,112,112]
03-24 21:50:02.318  1700  3979 I am_finish_activity: [0,55287962,10,com.esoxjem.movieguide/.details.MovieDetailsActivity,clear-task-stack]
03-24 21:50:02.320  1700  3979 I wm_task_moved: [10,1,0]
03-24 21:50:02.326  1700  3979 I am_focused_activity: [0,com.esoxjem.movieguide/.listing.MoviesListingActivity,finishActivity adjustFocus]
03-24 21:50:02.326  1700  3979 I am_pause_activity: [0,55287962,com.esoxjem.movieguide/.details.MovieDetailsActivity]
03-24 21:50:02.328  1700  3979 I am_new_intent: [0,2356672,10,com.esoxjem.movieguide/.listing.MoviesListingActivity,android.intent.action.MAIN,NULL,NULL,270532608]
03-24 21:50:02.329  1700  3979 I wm_task_moved: [10,1,0]
03-24 21:50:02.346  4865  4865 I am_on_paused_called: [0,com.esoxjem.movieguide.details.MovieDetailsActivity,handlePauseActivity]
03-24 21:50:02.348  1700  3995 I am_resume_activity: [0,176598211,10,com.esoxjem.movieguide/.listing.MoviesListingActivity]
03-24 21:50:02.349  4865  4865 I am_on_resume_called: [0,com.esoxjem.movieguide.listing.MoviesListingActivity,performNewIntents]
03-24 21:50:02.349  4865  4865 I am_on_paused_called: [0,com.esoxjem.movieguide.listing.MoviesListingActivity,performNewIntents]
03-24 21:50:02.361  4865  4865 I am_on_resume_called: [0,com.esoxjem.movieguide.listing.MoviesListingActivity,RESUME_ACTIVITY]
03-24 21:50:02.370  1316  1316 I sf_frame_dur: [VolumeDialog,62,18,0,0,0,0,0]
03-24 21:50:02.515  4865  4865 I menu_item_selected: [0,Filter]
03-24 21:50:02.991  1316  1316 I sf_frame_dur: [Sort By,6,4,0,0,0,0,0]
03-24 21:50:03.014  1700  1714 I am_destroy_activity: [0,55287962,10,com.esoxjem.movieguide/.details.MovieDetailsActivity,finish-imm]
03-24 21:50:03.021  1700  1714 I am_destroy_activity: [0,195262860,10,com.esoxjem.movieguide/.details.MovieDetailsActivity,finish-imm]
03-24 21:50:03.071  4865  4865 I am_on_stop_called: [0,com.esoxjem.movieguide.details.MovieDetailsActivity,destroy]
03-24 21:50:03.171  1700  1713 I am_pss  : [4865,10084,com.esoxjem.movieguide,62254080,58621952,0]
03-24 21:50:03.237  1316  1316 I sf_frame_dur: [com.esoxjem.movieguide/com.esoxjem.movieguide.details.MovieDetailsActivity,4,4,2,0,0,0,0]
03-24 21:50:03.252  4865  4865 I am_on_stop_called: [0,com.esoxjem.movieguide.details.MovieDetailsActivity,destroy]
03-24 21:50:03.353  1316  1316 I sf_frame_dur: [com.esoxjem.movieguide/com.esoxjem.movieguide.details.MovieDetailsActivity,14,4,0,0,0,2,0]
03-24 21:50:03.448  1850  1850 I sysui_count: [panel_open,1]
03-24 21:50:03.465  1700  2014 I wm_task_moved: [10,1,0]
03-24 21:50:03.467  1700  2014 I am_create_activity: [0,61223586,10,com.esoxjem.movieguide/.details.MovieDetailsActivity,NULL,NULL,NULL,0]
03-24 21:50:03.468  1700  2014 I wm_task_moved: [10,1,0]
03-24 21:50:03.472  1700  2014 I am_focused_activity: [0,com.esoxjem.movieguide/.details.MovieDetailsActivity,startedActivity]
03-24 21:50:03.472  1700  2014 I am_pause_activity: [0,176598211,com.esoxjem.movieguide/.listing.MoviesListingActivity]
03-24 21:50:03.484  1850  1850 I sysui_histogram: [note_load,1]
03-24 21:50:03.484  1700  3987 I notification_panel_revealed: 1
03-24 21:50:03.501  4865  4865 I am_on_paused_called: [0,com.esoxjem.movieguide.listing.MoviesListingActivity,handlePauseActivity]
03-24 21:50:03.527  1700  3970 I am_restart_activity: [0,61223586,10,com.esoxjem.movieguide/.details.MovieDetailsActivity]
03-24 21:50:03.549  1700  3983 I notification_panel_hidden: []
03-24 21:50:03.552  1700  1714 I sysui_count: [window_time_0,2]
03-24 21:50:03.577  1850  1850 I sysui_histogram: [note_load,1]
03-24 21:50:03.578  1700  3977 I notification_panel_revealed: 1
03-24 21:50:03.616  1700  2246 I notification_panel_hidden: []
03-24 21:50:03.626  1850  1850 I sysui_histogram: [note_load,1]
03-24 21:50:03.628  1700  3978 I notification_panel_revealed: 1
