03-24 21:50:03.746  4865  4865 I am_on_resume_called: [0,com.esoxjem.movieguide.details.MovieDetailsActivity,LAUNCH_ACTIVITY]
03-24 21:50:04.017  1700  1721 I am_activity_launch_time: [0,61223586,com.esoxjem.movieguide/.details.MovieDetailsActivity,501,501]
03-24 21:50:04.028  1700  2413 I notification_visibility: [-1|com.android.systemui|1397773634|public:253,64|10028,1,110697,110697,0,0]
03-24 21:50:04.143  1850  1850 I sysui_view_visibility: [111,100]
03-24 21:50:04.143  1850  1850 I sysui_view_visibility: [126,100]
03-24 21:50:04.143  1850  1850 I sysui_view_visibility: [115,100]
03-24 21:50:04.143  1850  1850 I sysui_view_visibility: [261,100]
03-24 21:50:04.143  1850  1850 I sysui_view_visibility: [118,100]
03-24 21:50:04.143  1850  1850 I sysui_view_visibility: [123,100]
03-24 21:50:04.143  1850  1850 I sysui_view_visibility: [112,100]
03-24 21:50:04.143  1850  1850 I sysui_view_visibility: [111,100]
03-24 21:50:04.143  1850  1850 I sysui_view_visibility: [126,100]
03-24 21:50:04.143  1850  1850 I sysui_view_visibility: [115,100]
03-24 21:50:04.143  1850  1850 I sysui_view_visibility: [261,100]
03-24 21:50:04.143  1850  1850 I sysui_view_visibility: [118,100]
03-24 21:50:04.143  1850  1850 I sysui_view_visibility: [123,100]
03-24 21:50:04.143  1850  1850 I sysui_view_visibility: [112,100]
03-24 21:50:04.257  1850  1850 I sysui_view_visibility: [111,0]
03-24 21:50:04.257  1850  1850 I sysui_view_visibility: [111,0]
03-24 21:50:04.313  1850  1850 I sysui_lockscreen_gesture: [10,0,0]
03-24 21:50:04.328  1850  1850 I sysui_view_visibility: [111,100]
03-24 21:50:04.328  1850  1850 I sysui_view_visibility: [126,100]
03-24 21:50:04.328  1850  1850 I sysui_view_visibility: [115,100]
03-24 21:50:04.328  1850  1850 I sysui_view_visibility: [261,100]
03-24 21:50:04.328  1850  1850 I sysui_view_visibility: [118,100]
03-24 21:50:04.328  1850  1850 I sysui_view_visibility: [123,100]
03-24 21:50:04.328  1850  1850 I sysui_view_visibility: [112,100]
03-24 21:50:04.328  1850  1850 I sysui_view_visibility: [111,100]
03-24 21:50:04.328  1850  1850 I sysui_view_visibility: [126,100]
03-24 21:50:04.328  1850  1850 I sysui_view_visibility: [115,100]
03-24 21:50:04.328  1850  1850 I sysui_view_visibility: [261,100]
03-24 21:50:04.328  1850  1850 I sysui_view_visibility: [118,100]
03-24 21:50:04.328  1850  1850 I sysui_view_visibility: [123,100]
03-24 21:50:04.328  1850  1850 I sysui_view_visibility: [112,100]
03-24 21:50:04.383  1700  1714 I am_stop_activity: [0,176598211,com.esoxjem.movieguide/.listing.MoviesListingActivity]
03-24 21:50:04.394  4865  4865 I am_on_stop_called: [0,com.esoxjem.movieguide.listing.MoviesListingActivity,handleStopActivity]
03-24 21:50:04.420  1316  1316 I sf_frame_dur: [com.esoxjem.movieguide/com.esoxjem.movieguide.listing.MoviesListingActivity,150,24,6,0,0,0,0]
03-24 21:50:04.434  1700  3987 I am_finish_activity: [0,61223586,10,com.esoxjem.movieguide/.details.MovieDetailsActivity,clear-task-stack]
03-24 21:50:04.435  1700  3987 I wm_task_moved: [10,1,0]
03-24 21:50:04.435  1700  3987 I am_focused_activity: [0,com.esoxjem.movieguide/.listing.MoviesListingActivity,finishActivity adjustFocus]
03-24 21:50:04.436  1700  3987 I am_pause_activity: [0,61223586,com.esoxjem.movieguide/.details.MovieDetailsActivity]
03-24 21:50:04.439  4865  4865 I am_on_paused_called: [0,com.esoxjem.movieguide.details.MovieDetailsActivity,handlePauseActivity]
03-24 21:50:04.440  1700  3987 I am_new_intent: [0,98666887,10,com.esoxjem.movieguide/.listing.MoviesListingActivity,android.intent.action.MAIN,NULL,NULL,270532608]
03-24 21:50:04.440  1700  3987 I wm_task_moved: [10,1,0]
03-24 21:50:04.446  1700  1729 I am_resume_activity: [0,176598211,10,com.esoxjem.movieguide/.listing.MoviesListingActivity]
03-24 21:50:04.451  4865  4865 I am_on_resume_called: [0,com.esoxjem.movieguide.listing.MoviesListingActivity,RESUME_ACTIVITY]
03-24 21:50:04.514  1850  1850 I sysui_view_visibility: [111,0]
03-24 21:50:04.514  1850  1850 I sysui_view_visibility: [111,0]
03-24 21:50:04.833  1700  1714 I am_destroy_activity: [0,61223586,10,com.esoxjem.movieguide/.details.MovieDetailsActivity,finish-imm]
03-24 21:50:04.845  4865  4865 I am_on_stop_called: [0,com.esoxjem.movieguide.details.MovieDetailsActivity,destroy]
03-24 21:50:04.853  1316  1316 I sf_frame_dur: [com.esoxjem.movieguide/com.esoxjem.movieguide.details.MovieDetailsActivity,0,0,4,0,0,0,0]
03-24 21:50:04.897  1700  1700 I sysui_histogram: [note_dismiss_longevity,1]
03-24 21:50:04.897  1700  1700 I notification_canceled: [-1|com.android.systemui|1397773634|public:253,64|10028,2,111566,111566,869]
03-24 21:50:05.035  1850  2183 I sysui_action: [115,]
03-24 21:50:05.049  4865  4865 I menu_item_selected: [0,Search]
03-24 21:50:05.083  1850  1850 I sysui_lockscreen_gesture: [10,0,0]
03-24 21:50:05.127  1850  1850 I sysui_view_visibility: [117,100]
03-24 21:50:05.141  1850  1850 I sysui_view_visibility: [111,100]
03-24 21:50:05.141  1850  1850 I sysui_view_visibility: [126,100]
03-24 21:50:05.141  1850  1850 I sysui_view_visibility: [115,100]
03-24 21:50:05.141  1850  1850 I sysui_view_visibility: [261,100]
03-24 21:50:05.141  1850  1850 I sysui_view_visibility: [118,100]
03-24 21:50:05.141  1850  1850 I sysui_view_visibility: [123,100]
03-24 21:50:05.141  1850  1850 I sysui_view_visibility: [112,100]
03-24 21:50:05.141  1850  1850 I sysui_view_visibility: [111,100]
03-24 21:50:05.141  1850  1850 I sysui_view_visibility: [126,100]
03-24 21:50:05.141  1850  1850 I sysui_view_visibility: [115,100]
03-24 21:50:05.141  1850  1850 I sysui_view_visibility: [261,100]
03-24 21:50:05.141  1850  1850 I sysui_view_visibility: [118,100]
03-24 21:50:05.141  1850  1850 I sysui_view_visibility: [123,100]
03-24 21:50:05.141  1850  1850 I sysui_view_visibility: [112,100]
03-24 21:50:05.573  1850  1850 I sysui_view_visibility: [111,0]
03-24 21:50:05.598  1850  1850 I sysui_lockscreen_gesture: [9,6,2202]
03-24 21:50:05.730  1850  2074 I sysui_action: [210,2]
03-24 21:50:05.733  1850  2074 I sysui_action: [211,5]
03-24 21:50:05.781  1850  1850 I sysui_view_visibility: [207,100]
03-24 21:50:05.781  1850  1850 I sysui_histogram: [volume_from_keyguard,0]
03-24 21:50:05.848  1850  1850 I sysui_lockscreen_gesture: [9,26,1659]
03-24 21:50:05.970  1316  1316 I sf_frame_dur: [InputMethod,0,2,2,4,0,0,0]
03-24 21:50:06.330  1850  1850 I sysui_view_visibility: [207,0]
03-24 21:50:06.333  1850  2074 I sysui_action: [210,-1]
03-24 21:50:06.333  1850  1850 I sysui_lockscreen_gesture: [9,0,0]
03-24 21:50:06.350  1700  3982 I am_new_intent: [0,189320287,10,com.esoxjem.movieguide/.listing.MoviesListingActivity,android.intent.action.MAIN,NULL,NULL,270532608]
03-24 21:50:06.350  1700  3982 I wm_task_moved: [10,1,0]
03-24 21:50:06.353  1700  3982 I sysui_action: [323,com.esoxjem.movieguide/.listing.MoviesListingActivity]
03-24 21:50:06.353  1700  3982 I sysui_action: [324,true]
03-24 21:50:06.353  1700  3982 I sysui_action: [325,135]
03-24 21:50:06.385  1850  1850 I sysui_lockscreen_gesture: [9,-4,0]
03-24 21:50:06.443  4865  4865 I menu_item_selected: [0,Filter]
03-24 21:50:06.689  1316  1316 I sf_frame_dur: [VolumeDialog,46,14,4,0,0,0,0]
03-24 21:50:06.988  1850  1850 I sysui_lockscreen_gesture: [9,17,539]
03-24 21:50:06.998  1850  1850 I sysui_lockscreen_gesture: [9,-5,0]
03-24 21:50:07.011  1850  1850 I sysui_action: [155,false]
03-24 21:50:07.029  1850  1850 I sysui_lockscreen_gesture: [9,17,2190]
03-24 21:50:07.048  1700  3974 I am_new_intent: [0,65808578,10,com.esoxjem.movieguide/.listing.MoviesListingActivity,android.intent.action.MAIN,NULL,NULL,270532608]
03-24 21:50:07.048  1700  3974 I wm_task_moved: [10,1,0]
03-24 21:50:07.049  1700  3974 I sysui_action: [323,com.esoxjem.movieguide/.listing.MoviesListingActivity]
03-24 21:50:07.049  1700  3974 I sysui_action: [324,true]
03-24 21:50:07.049  1700  3974 I sysui_action: [325,135]
03-24 21:50:07.118  1850  1850 I sysui_lockscreen_gesture: [9,-4,-74]
03-24 21:50:07.119  1850  1850 I sysui_lockscreen_gesture: [9,1,0]
03-24 21:50:07.138  1316  1316 I sf_frame_dur: [Sort By,12,12,0,0,0,0,0]
03-24 21:50:07.143  1850  1850 I sysui_lockscreen_gesture: [9,0,0]
03-24 21:50:07.208  1850  1850 I sysui_lockscreen_gesture: [9,-5,0]
03-24 21:50:07.214  4865  4865 I menu_item_selected: [0,Search]
03-24 21:50:07.326  1850  1850 I sysui_lockscreen_gesture: [9,2,0]
03-24 21:50:07.361  1850  1850 I sysui_lockscreen_gesture: [9,-4,0]
03-24 21:50:07.375  1850  1850 I sysui_lockscreen_gesture: [9,0,0]
03-24 21:50:07.390  1850  1850 I sysui_lockscreen_gesture: [9,-3,0]
03-24 21:50:07.447  1850  1850 I sysui_lockscreen_gesture: [9,-4,0]
03-24 21:50:07.510  1850  1850 I sysui_lockscreen_gesture: [9,-3,0]
03-24 21:50:07.511  1850  1850 I sysui_lockscreen_gesture: [9,-4,0]
03-24 21:50:07.522  1850  1850 I sysui_lockscreen_gesture: [9,0,0]
03-24 21:50:07.606  1850  1850 I sysui_lockscreen_gesture: [9,-7,0]
03-24 21:50:07.610  1850  1850 I sysui_lockscreen_gesture: [9,3,0]
03-24 21:50:07.740  1850  1850 I sysui_lockscreen_gesture: [9,1,0]
03-24 21:50:07.799  1700  2536 I am_new_intent: [0,59379226,10,com.esoxjem.movieguide/.listing.MoviesListingActivity,android.intent.action.MAIN,NULL,NULL,270532608]
03-24 21:50:07.800  1700  2536 I wm_task_moved: [10,1,0]
03-24 21:50:07.801  1700  2536 I sysui_action: [323,com.esoxjem.movieguide/.listing.MoviesListingActivity]
03-24 21:50:07.801  1700  2536 I sysui_action: [324,true]
03-24 21:50:07.801  1700  2536 I sysui_action: [325,136]
03-24 21:50:07.809  4865  4865 I menu_item_selected: [0,Filter]
03-24 21:50:07.814  4865  4865 I menu_item_selected: [0,Filter]
03-24 21:50:07.816  1850  1850 I sysui_lockscreen_gesture: [9,0,0]
03-24 21:50:07.844  1850  1850 I sysui_lockscreen_gesture: [9,0,-28]
03-24 21:50:07.969  1316  1316 I sf_frame_dur: [InputMethod,0,4,4,2,0,0,0]
03-24 21:50:08.330  4865  4865 I menu_item_selected: [0,Search]
03-24 21:50:08.337  1316  1316 I sf_frame_dur: [Sort By,4,4,0,0,0,0,0]
03-24 21:50:08.473  1316  1316 I sf_frame_dur: [Sort By,4,8,0,0,0,0,0]
03-24 21:50:08.599  1850  1850 I sysui_lockscreen_gesture: [9,23,-127]
03-24 21:50:08.765  1850  1850 I sysui_lockscreen_gesture: [9,5,0]
03-24 21:50:08.780  1700  3978 I am_new_intent: [0,130125632,10,com.esoxjem.movieguide/.listing.MoviesListingActivity,android.intent.action.MAIN,NULL,NULL,270532608]
03-24 21:50:08.780  1700  3978 I wm_task_moved: [10,1,0]
03-24 21:50:08.782  1700  3978 I sysui_action: [323,com.esoxjem.movieguide/.listing.MoviesListingActivity]
03-24 21:50:08.782  1700  3978 I sysui_action: [324,true]
03-24 21:50:08.782  1700  3978 I sysui_action: [325,137]
03-24 21:50:08.965  1700  3994 I am_new_intent: [0,42970745,10,com.esoxjem.movieguide/.listing.MoviesListingActivity,android.intent.action.MAIN,NULL,NULL,270532608]
03-24 21:50:08.965  1700  3994 I wm_task_moved: [10,1,0]
03-24 21:50:08.967  1700  3994 I sysui_action: [323,com.esoxjem.movieguide/.listing.MoviesListingActivity]
03-24 21:50:08.967  1700  3994 I sysui_action: [324,true]
03-24 21:50:08.967  1700  3994 I sysui_action: [325,137]
03-24 21:50:08.996  1850  1850 I sysui_lockscreen_gesture: [9,40,7697]
03-24 21:50:09.064  1700  3977 I am_new_intent: [0,149706686,10,com.esoxjem.movieguide/.listing.MoviesListingActivity,android.intent.action.MAIN,NULL,NULL,270532608]
03-24 21:50:09.064  1700  3977 I wm_task_moved: [10,1,0]
03-24 21:50:09.066  1700  3977 I sysui_action: [323,com.esoxjem.movieguide/.listing.MoviesListingActivity]
03-24 21:50:09.066  1700  3977 I sysui_action: [324,true]
03-24 21:50:09.066  1700  3977 I sysui_action: [325,137]
03-24 21:50:09.381  1700  3991 I am_new_intent: [0,173109279,10,com.esoxjem.movieguide/.listing.MoviesListingActivity,android.intent.action.MAIN,NULL,NULL,270532608]
03-24 21:50:09.381  1700  3991 I wm_task_moved: [10,1,0]
03-24 21:50:09.383  1700  3991 I sysui_action: [323,com.esoxjem.movieguide/.listing.MoviesListingActivity]
03-24 21:50:09.383  1700  3991 I sysui_action: [324,true]
03-24 21:50:09.383  1700  3991 I sysui_action: [325,138]
03-24 21:50:09.484  1700  1713 I am_pss  : [4754,10072,com.google.android.apps.wallpaper,4226048,3182592,0]
03-24 21:50:09.488  1850  1850 I sysui_view_visibility: [111,0]
03-24 21:50:09.491  1850  1850 I sysui_view_visibility: [111,0]
03-24 21:50:09.509  1850  1850 I sysui_view_visibility: [117,0]
03-24 21:50:09.510  1850  1850 I sysui_view_visibility: [111,100]
03-24 21:50:09.542  1700  1712 I notification_panel_hidden: []
03-24 21:50:09.826  1700  3974 I wm_task_moved: [10,1,0]
03-24 21:50:09.827  1700  3974 I am_create_activity: [0,227606628,10,com.esoxjem.movieguide/.details.MovieDetailsActivity,NULL,NULL,NULL,0]
03-24 21:50:09.827  1700  3974 I wm_task_moved: [10,1,0]
03-24 21:50:09.830  1700  3974 I am_focused_activity: [0,com.esoxjem.movieguide/.details.MovieDetailsActivity,startedActivity]
03-24 21:50:09.830  1700  3974 I am_pause_activity: [0,176598211,com.esoxjem.movieguide/.listing.MoviesListingActivity]
03-24 21:50:09.832  4865  4865 I am_on_paused_called: [0,com.esoxjem.movieguide.listing.MoviesListingActivity,handlePauseActivity]
03-24 21:50:09.834  1700  2248 I am_restart_activity: [0,227606628,10,com.esoxjem.movieguide/.details.MovieDetailsActivity]
03-24 21:50:09.835  1700  1714 I sysui_count: [window_time_0,6]
03-24 21:50:09.865  4865  4865 I am_on_resume_called: [0,com.esoxjem.movieguide.details.MovieDetailsActivity,LAUNCH_ACTIVITY]
03-24 21:50:09.952  1700  1721 I am_activity_launch_time: [0,227606628,com.esoxjem.movieguide/.details.MovieDetailsActivity,119,119]
03-24 21:50:10.168  1850  1850 I sysui_count: [panel_open,1]
03-24 21:50:10.169  1850  1850 I sysui_histogram: [note_load,0]
03-24 21:50:10.169  1700  3977 I notification_panel_revealed: 0
03-24 21:50:10.194  1700  2014 I dvm_lock_sample: [system_server,1,Binder:1700_4,14,Session.java,262,WindowManagerService.java,2857,2]
03-24 21:50:10.224  1700  2014 I am_finish_activity: [0,227606628,10,com.esoxjem.movieguide/.details.MovieDetailsActivity,clear-task-stack]
03-24 21:50:10.230  1700  2014 I wm_task_moved: [10,1,0]
03-24 21:50:10.231  1700  2014 I am_focused_activity: [0,com.esoxjem.movieguide/.listing.MoviesListingActivity,finishActivity adjustFocus]
03-24 21:50:10.231  1700  2014 I am_pause_activity: [0,227606628,com.esoxjem.movieguide/.details.MovieDetailsActivity]
03-24 21:50:10.231  1700  2014 I am_new_intent: [0,228716263,10,com.esoxjem.movieguide/.listing.MoviesListingActivity,android.intent.action.MAIN,NULL,NULL,270532608]
03-24 21:50:10.232  1700  2014 I wm_task_moved: [10,1,0]
03-24 21:50:10.240  4865  4865 I am_on_paused_called: [0,com.esoxjem.movieguide.details.MovieDetailsActivity,handlePauseActivity]
03-24 21:50:10.250  1700  3976 I am_resume_activity: [0,176598211,10,com.esoxjem.movieguide/.listing.MoviesListingActivity]
03-24 21:50:10.262  4865  4865 I am_on_resume_called: [0,com.esoxjem.movieguide.listing.MoviesListingActivity,performNewIntents]
03-24 21:50:10.262  4865  4865 I am_on_paused_called: [0,com.esoxjem.movieguide.listing.MoviesListingActivity,performNewIntents]
03-24 21:50:10.263  4865  4865 I am_on_resume_called: [0,com.esoxjem.movieguide.listing.MoviesListingActivity,performNewIntents]
03-24 21:50:10.263  4865  4865 I am_on_paused_called: [0,com.esoxjem.movieguide.listing.MoviesListingActivity,performNewIntents]
03-24 21:50:10.263  4865  4865 I am_on_resume_called: [0,com.esoxjem.movieguide.listing.MoviesListingActivity,performNewIntents]
03-24 21:50:10.263  4865  4865 I am_on_paused_called: [0,com.esoxjem.movieguide.listing.MoviesListingActivity,performNewIntents]
03-24 21:50:10.263  4865  4865 I am_on_resume_called: [0,com.esoxjem.movieguide.listing.MoviesListingActivity,RESUME_ACTIVITY]
03-24 21:50:10.271  1316  1316 I sf_frame_dur: [InputMethod,2,2,14,4,2,0,0]
03-24 21:50:10.309  1700  2413 I notification_panel_hidden: []
03-24 21:50:10.414  4865  4865 I menu_item_selected: [0,Filter]
03-24 21:50:10.631  1850  1850 I sysui_count: [panel_open,1]
03-24 21:50:10.631  1850  1850 I sysui_histogram: [note_load,0]
03-24 21:50:10.632  1700  3992 I notification_panel_revealed: 0
03-24 21:50:10.649  1700  2536 I am_new_intent: [0,75748319,10,com.esoxjem.movieguide/.listing.MoviesListingActivity,android.intent.action.MAIN,NULL,NULL,270532608]
03-24 21:50:10.649  1700  2536 I wm_task_moved: [10,1,0]
03-24 21:50:10.780  1700  1714 I am_destroy_activity: [0,227606628,10,com.esoxjem.movieguide/.details.MovieDetailsActivity,finish-imm]
03-24 21:50:10.786  1316  1316 I sf_frame_dur: [Sort By,0,2,0,0,0,0,0]
03-24 21:50:10.791  4865  4865 I am_on_stop_called: [0,com.esoxjem.movieguide.details.MovieDetailsActivity,destroy]
03-24 21:50:10.801  1700  1713 I am_pss  : [1700,1000,system,74896384,67338240,0]
03-24 21:50:10.803  1316  1316 I sf_frame_dur: [com.esoxjem.movieguide/com.esoxjem.movieguide.details.MovieDetailsActivity,22,8,2,0,0,0,0]
03-24 21:50:10.886  1700  3978 I am_new_intent: [0,41668347,10,com.esoxjem.movieguide/.listing.MoviesListingActivity,android.intent.action.MAIN,NULL,NULL,270532608]
03-24 21:50:10.890  1700  3978 I wm_task_moved: [10,1,0]
03-24 21:50:10.894  1700  3978 I sysui_action: [323,com.esoxjem.movieguide/.listing.MoviesListingActivity]
03-24 21:50:10.894  1700  3978 I sysui_action: [324,true]
03-24 21:50:10.894  1700  3978 I sysui_action: [325,139]
03-24 21:50:10.929  1850  2183 I sysui_action: [126,false]
03-24 21:50:11.015  1700  1799 I netstats_mobile_sample: [5354,30,3206,34,5501,35,3297,39,4853,26,2674,32,1553489411505]
03-24 21:50:11.015  1700  1799 I netstats_wifi_sample: [19664343,13950,806327,8192,19469442,13949,528198,8191,19468794,13940,527575,8184,1553489411505]
03-24 21:50:11.019  2259  4353 I gtalk_conn_close: [276,86]
03-24 21:50:11.156  1700  3978 I notification_panel_hidden: []
03-24 21:50:11.209  1700  3994 I wm_task_moved: [10,1,0]
03-24 21:50:11.209  1700  3994 I am_create_activity: [0,3039191,10,com.esoxjem.movieguide/.details.MovieDetailsActivity,NULL,NULL,NULL,0]
03-24 21:50:11.210  1700  3994 I wm_task_moved: [10,1,0]
03-24 21:50:11.212  1700  3994 I am_focused_activity: [0,com.esoxjem.movieguide/.details.MovieDetailsActivity,startedActivity]
03-24 21:50:11.212  1700  3994 I am_pause_activity: [0,176598211,com.esoxjem.movieguide/.listing.MoviesListingActivity]
03-24 21:50:11.213  4865  4865 I am_on_paused_called: [0,com.esoxjem.movieguide.listing.MoviesListingActivity,handlePauseActivity]
03-24 21:50:11.214  1700  3520 I am_restart_activity: [0,3039191,10,com.esoxjem.movieguide/.details.MovieDetailsActivity]
03-24 21:50:11.215  1700  1714 I sysui_count: [window_time_0,1]
03-24 21:50:11.236  4865  4865 I am_on_resume_called: [0,com.esoxjem.movieguide.details.MovieDetailsActivity,LAUNCH_ACTIVITY]
03-24 21:50:11.346  1700  1721 I am_activity_launch_time: [0,3039191,com.esoxjem.movieguide/.details.MovieDetailsActivity,133,133]
03-24 21:50:11.432  1700  3991 I am_finish_activity: [0,3039191,10,com.esoxjem.movieguide/.details.MovieDetailsActivity,navigate-up]
03-24 21:50:11.433  1700  3991 I wm_task_moved: [10,1,0]
03-24 21:50:11.433  1700  3991 I am_focused_activity: [0,com.esoxjem.movieguide/.listing.MoviesListingActivity,finishActivity adjustFocus]
03-24 21:50:11.433  1700  3991 I am_pause_activity: [0,3039191,com.esoxjem.movieguide/.details.MovieDetailsActivity]
03-24 21:50:11.438  4865  4865 I am_on_paused_called: [0,com.esoxjem.movieguide.details.MovieDetailsActivity,handlePauseActivity]
03-24 21:50:11.440  1700  3992 I am_resume_activity: [0,176598211,10,com.esoxjem.movieguide/.listing.MoviesListingActivity]
03-24 21:50:11.442  4865  4865 I am_on_resume_called: [0,com.esoxjem.movieguide.listing.MoviesListingActivity,performNewIntents]
03-24 21:50:11.443  4865  4865 I am_on_paused_called: [0,com.esoxjem.movieguide.listing.MoviesListingActivity,performNewIntents]
03-24 21:50:11.443  4865  4865 I am_on_resume_called: [0,com.esoxjem.movieguide.listing.MoviesListingActivity,performNewIntents]
03-24 21:50:11.443  4865  4865 I am_on_paused_called: [0,com.esoxjem.movieguide.listing.MoviesListingActivity,performNewIntents]
03-24 21:50:11.443  4865  4865 I am_on_resume_called: [0,com.esoxjem.movieguide.listing.MoviesListingActivity,RESUME_ACTIVITY]
03-24 21:50:11.468  1700  1713 I am_pss  : [2563,10013,com.google.android.gms,70353920,57651200,0]
03-24 21:50:11.515  1700  1711 I wm_task_moved: [10,1,0]
03-24 21:50:11.516  1700  1711 I am_create_activity: [0,28229126,10,com.esoxjem.movieguide/.details.MovieDetailsActivity,NULL,NULL,NULL,0]
03-24 21:50:11.516  1700  1711 I wm_task_moved: [10,1,0]
03-24 21:50:11.517  1700  1711 I am_focused_activity: [0,com.esoxjem.movieguide/.details.MovieDetailsActivity,startedActivity]
03-24 21:50:11.517  1700  1711 I am_pause_activity: [0,176598211,com.esoxjem.movieguide/.listing.MoviesListingActivity]
03-24 21:50:11.521  4865  4865 I am_on_paused_called: [0,com.esoxjem.movieguide.listing.MoviesListingActivity,handlePauseActivity]
03-24 21:50:11.528  1700  3972 I am_restart_activity: [0,28229126,10,com.esoxjem.movieguide/.details.MovieDetailsActivity]
03-24 21:50:11.529  1700  1714 I sysui_count: [window_time_0,1]
03-24 21:50:11.543  4865  4865 I am_on_resume_called: [0,com.esoxjem.movieguide.details.MovieDetailsActivity,LAUNCH_ACTIVITY]
03-24 21:50:11.639  1700  1721 I am_activity_launch_time: [0,28229126,com.esoxjem.movieguide/.details.MovieDetailsActivity,117,117]
03-24 21:50:11.699  1700  3520 I am_finish_activity: [0,28229126,10,com.esoxjem.movieguide/.details.MovieDetailsActivity,navigate-up]
03-24 21:50:11.700  1700  3520 I wm_task_moved: [10,1,0]
03-24 21:50:11.701  1700  3520 I am_focused_activity: [0,com.esoxjem.movieguide/.listing.MoviesListingActivity,finishActivity adjustFocus]
03-24 21:50:11.702  1700  3520 I am_pause_activity: [0,28229126,com.esoxjem.movieguide/.details.MovieDetailsActivity]
03-24 21:50:11.710  4865  4865 I am_on_paused_called: [0,com.esoxjem.movieguide.details.MovieDetailsActivity,handlePauseActivity]
03-24 21:50:11.711  1700  3991 I am_resume_activity: [0,176598211,10,com.esoxjem.movieguide/.listing.MoviesListingActivity]
03-24 21:50:11.712  4865  4865 I am_on_resume_called: [0,com.esoxjem.movieguide.listing.MoviesListingActivity,performNewIntents]
03-24 21:50:11.712  4865  4865 I am_on_paused_called: [0,com.esoxjem.movieguide.listing.MoviesListingActivity,performNewIntents]
03-24 21:50:11.713  4865  4865 I am_on_resume_called: [0,com.esoxjem.movieguide.listing.MoviesListingActivity,performNewIntents]
03-24 21:50:11.713  4865  4865 I am_on_paused_called: [0,com.esoxjem.movieguide.listing.MoviesListingActivity,performNewIntents]
03-24 21:50:11.722  4865  4865 I am_on_resume_called: [0,com.esoxjem.movieguide.listing.MoviesListingActivity,RESUME_ACTIVITY]
03-24 21:50:11.799  4865  4865 I menu_item_selected: [0,Filter]
03-24 21:50:11.929  1700  1712 I wm_task_moved: [10,1,0]
03-24 21:50:11.929  1700  1712 I am_create_activity: [0,11048375,10,com.esoxjem.movieguide/.details.MovieDetailsActivity,NULL,NULL,NULL,0]
03-24 21:50:11.930  1700  1712 I wm_task_moved: [10,1,0]
03-24 21:50:11.931  1700  1712 I am_focused_activity: [0,com.esoxjem.movieguide/.details.MovieDetailsActivity,startedActivity]
03-24 21:50:11.931  1700  1712 I am_pause_activity: [0,176598211,com.esoxjem.movieguide/.listing.MoviesListingActivity]
03-24 21:50:11.944  4865  4865 I am_on_paused_called: [0,com.esoxjem.movieguide.listing.MoviesListingActivity,handlePauseActivity]
03-24 21:50:11.946  1700  3975 I am_restart_activity: [0,11048375,10,com.esoxjem.movieguide/.details.MovieDetailsActivity]
03-24 21:50:11.947  1700  1714 I sysui_count: [window_time_0,0]
03-24 21:50:11.980  4865  4865 I am_on_resume_called: [0,com.esoxjem.movieguide.details.MovieDetailsActivity,LAUNCH_ACTIVITY]
03-24 21:50:12.130  1700  3986 I am_finish_activity: [0,11048375,10,com.esoxjem.movieguide/.details.MovieDetailsActivity,clear-task-stack]
03-24 21:50:12.131  1700  3986 I wm_task_moved: [10,1,0]
03-24 21:50:12.131  1700  3986 I am_focused_activity: [0,com.esoxjem.movieguide/.listing.MoviesListingActivity,finishActivity adjustFocus]
03-24 21:50:12.131  1700  3986 I am_pause_activity: [0,11048375,com.esoxjem.movieguide/.details.MovieDetailsActivity]
03-24 21:50:12.132  1700  3986 I am_new_intent: [0,84458384,10,com.esoxjem.movieguide/.listing.MoviesListingActivity,android.intent.action.MAIN,NULL,NULL,270532608]
03-24 21:50:12.132  1700  3986 I wm_task_moved: [10,1,0]
03-24 21:50:12.172  1700  1711 I dvm_lock_sample: [system_server,1,Binder:1700_1,11,WindowManagerService.java,8990,-,8368,2]
03-24 21:50:12.179  1700  1700 I free_storage_changed: 661336064
03-24 21:50:12.239  4865  4865 I am_on_paused_called: [0,com.esoxjem.movieguide.details.MovieDetailsActivity,handlePauseActivity]
03-24 21:50:12.274  1700  2246 I am_resume_activity: [0,176598211,10,com.esoxjem.movieguide/.listing.MoviesListingActivity]
03-24 21:50:12.324  4865  4865 I am_on_resume_called: [0,com.esoxjem.movieguide.listing.MoviesListingActivity,performNewIntents]
03-24 21:50:12.324  4865  4865 I am_on_paused_called: [0,com.esoxjem.movieguide.listing.MoviesListingActivity,performNewIntents]
03-24 21:50:12.341  4865  4865 I am_on_resume_called: [0,com.esoxjem.movieguide.listing.MoviesListingActivity,RESUME_ACTIVITY]
03-24 21:50:12.404  1316  1316 I sf_frame_dur: [com.esoxjem.movieguide/com.esoxjem.movieguide.details.MovieDetailsActivity,0,0,2,2,0,0,0]
03-24 21:50:12.410  1700  3994 I am_destroy_activity: [0,11048375,10,com.esoxjem.movieguide/.details.MovieDetailsActivity,finish-imm]
03-24 21:50:12.410  1700  3994 I am_destroy_activity: [0,28229126,10,com.esoxjem.movieguide/.details.MovieDetailsActivity,finish-imm]
03-24 21:50:12.410  1700  3994 I am_destroy_activity: [0,3039191,10,com.esoxjem.movieguide/.details.MovieDetailsActivity,finish-imm]
03-24 21:50:12.428  4865  4865 I am_on_stop_called: [0,com.esoxjem.movieguide.details.MovieDetailsActivity,destroy]
03-24 21:50:12.445  4865  4865 I am_on_stop_called: [0,com.esoxjem.movieguide.details.MovieDetailsActivity,destroy]
03-24 21:50:12.537  1316  1316 I sf_frame_dur: [com.esoxjem.movieguide/com.esoxjem.movieguide.details.MovieDetailsActivity,12,2,0,0,0,0,0]
03-24 21:50:12.555  4865  4865 I am_on_stop_called: [0,com.esoxjem.movieguide.details.MovieDetailsActivity,destroy]
03-24 21:50:12.620  1316  1316 I sf_frame_dur: [com.esoxjem.movieguide/com.esoxjem.movieguide.details.MovieDetailsActivity,6,2,2,0,0,0,0]
03-24 21:50:12.843  1700  2399 I wm_task_moved: [10,1,0]
03-24 21:50:12.843  1700  2399 I am_create_activity: [0,107348156,10,com.esoxjem.movieguide/.details.MovieDetailsActivity,NULL,NULL,NULL,0]
03-24 21:50:12.844  1700  2399 I wm_task_moved: [10,1,0]
03-24 21:50:12.845  1700  2399 I am_focused_activity: [0,com.esoxjem.movieguide/.details.MovieDetailsActivity,startedActivity]
03-24 21:50:12.845  1700  2399 I am_pause_activity: [0,176598211,com.esoxjem.movieguide/.listing.MoviesListingActivity]
03-24 21:50:12.847  4865  4865 I am_on_paused_called: [0,com.esoxjem.movieguide.listing.MoviesListingActivity,handlePauseActivity]
03-24 21:50:12.848  1700  3987 I am_restart_activity: [0,107348156,10,com.esoxjem.movieguide/.details.MovieDetailsActivity]
03-24 21:50:12.850  1700  1714 I sysui_count: [window_time_0,1]
03-24 21:50:12.875  4865  4865 I am_on_resume_called: [0,com.esoxjem.movieguide.details.MovieDetailsActivity,LAUNCH_ACTIVITY]
03-24 21:50:12.933  1700  1721 I am_activity_launch_time: [0,107348156,com.esoxjem.movieguide/.details.MovieDetailsActivity,85,987]
03-24 21:50:13.004  1316  1316 I sf_frame_dur: [Sort By,40,6,0,4,0,0,0]
03-24 21:50:13.019  1850  2074 I sysui_action: [210,2]
03-24 21:50:13.021  1850  2074 I sysui_action: [211,5]
03-24 21:50:13.028  1850  1850 I sysui_view_visibility: [207,100]
03-24 21:50:13.028  1850  1850 I sysui_histogram: [volume_from_keyguard,0]
03-24 21:50:13.082  1700  3970 I am_finish_activity: [0,107348156,10,com.esoxjem.movieguide/.details.MovieDetailsActivity,clear-task-stack]
03-24 21:50:13.082  1700  3970 I wm_task_moved: [10,1,0]
03-24 21:50:13.083  1700  3970 I am_focused_activity: [0,com.esoxjem.movieguide/.listing.MoviesListingActivity,finishActivity adjustFocus]
03-24 21:50:13.083  1700  3970 I am_pause_activity: [0,107348156,com.esoxjem.movieguide/.details.MovieDetailsActivity]
03-24 21:50:13.083  1700  3970 I am_new_intent: [0,147466432,10,com.esoxjem.movieguide/.listing.MoviesListingActivity,android.intent.action.MAIN,NULL,NULL,270532608]
03-24 21:50:13.084  1700  3970 I wm_task_moved: [10,1,0]
03-24 21:50:13.087  4865  4865 I am_on_paused_called: [0,com.esoxjem.movieguide.details.MovieDetailsActivity,handlePauseActivity]
03-24 21:50:13.092  1700  2399 I am_resume_activity: [0,176598211,10,com.esoxjem.movieguide/.listing.MoviesListingActivity]
03-24 21:50:13.095  4865  4865 I am_on_resume_called: [0,com.esoxjem.movieguide.listing.MoviesListingActivity,performNewIntents]
03-24 21:50:13.095  4865  4865 I am_on_paused_called: [0,com.esoxjem.movieguide.listing.MoviesListingActivity,performNewIntents]
03-24 21:50:13.096  4865  4865 I am_on_resume_called: [0,com.esoxjem.movieguide.listing.MoviesListingActivity,RESUME_ACTIVITY]
03-24 21:50:13.174  1700  3520 I wm_task_moved: [10,1,0]
03-24 21:50:13.174  1700  3520 I am_create_activity: [0,127532874,10,com.esoxjem.movieguide/.details.MovieDetailsActivity,NULL,NULL,NULL,0]
03-24 21:50:13.175  1700  3520 I wm_task_moved: [10,1,0]
03-24 21:50:13.176  1700  3520 I am_focused_activity: [0,com.esoxjem.movieguide/.details.MovieDetailsActivity,startedActivity]
03-24 21:50:13.176  1700  3520 I am_pause_activity: [0,176598211,com.esoxjem.movieguide/.listing.MoviesListingActivity]
03-24 21:50:13.179  4865  4865 I am_on_paused_called: [0,com.esoxjem.movieguide.listing.MoviesListingActivity,handlePauseActivity]
03-24 21:50:13.181  1700  2246 I am_restart_activity: [0,127532874,10,com.esoxjem.movieguide/.details.MovieDetailsActivity]
03-24 21:50:13.182  1700  1714 I sysui_count: [window_time_0,0]
03-24 21:50:13.196  4865  4865 I am_on_resume_called: [0,com.esoxjem.movieguide.details.MovieDetailsActivity,LAUNCH_ACTIVITY]
03-24 21:50:13.200  1700  1713 I am_pss  : [1989,1001,com.android.phone,20487168,17711104,0]
03-24 21:50:13.215  1700  1713 I am_pss  : [1850,10028,com.android.systemui,55534592,49668096,0]
03-24 21:50:13.283  1700  1721 I am_activity_launch_time: [0,127532874,com.esoxjem.movieguide/.details.MovieDetailsActivity,104,104]
03-24 21:50:13.365  1700  3979 I am_finish_activity: [0,127532874,10,com.esoxjem.movieguide/.details.MovieDetailsActivity,clear-task-stack]
03-24 21:50:13.366  1700  3979 I wm_task_moved: [10,1,0]
03-24 21:50:13.366  1700  3979 I am_focused_activity: [0,com.esoxjem.movieguide/.listing.MoviesListingActivity,finishActivity adjustFocus]
03-24 21:50:13.366  1700  3979 I am_pause_activity: [0,127532874,com.esoxjem.movieguide/.details.MovieDetailsActivity]
03-24 21:50:13.367  4865  4865 I am_on_paused_called: [0,com.esoxjem.movieguide.details.MovieDetailsActivity,handlePauseActivity]
03-24 21:50:13.367  1700  3979 I am_new_intent: [0,1655280,10,com.esoxjem.movieguide/.listing.MoviesListingActivity,android.intent.action.MAIN,NULL,NULL,270532608]
03-24 21:50:13.367  1700  3979 I wm_task_moved: [10,1,0]
03-24 21:50:13.382  1700  3975 I am_resume_activity: [0,176598211,10,com.esoxjem.movieguide/.listing.MoviesListingActivity]
03-24 21:50:13.385  4865  4865 I am_on_resume_called: [0,com.esoxjem.movieguide.listing.MoviesListingActivity,performNewIntents]
03-24 21:50:13.385  4865  4865 I am_on_paused_called: [0,com.esoxjem.movieguide.listing.MoviesListingActivity,performNewIntents]
03-24 21:50:13.390  4865  4865 I am_on_resume_called: [0,com.esoxjem.movieguide.listing.MoviesListingActivity,RESUME_ACTIVITY]
03-24 21:50:13.489  1700  3975 I wm_task_moved: [10,1,0]
03-24 21:50:13.489  1700  3975 I am_create_activity: [0,173592314,10,com.esoxjem.movieguide/.details.MovieDetailsActivity,NULL,NULL,NULL,0]
03-24 21:50:13.490  1700  3975 I wm_task_moved: [10,1,0]
03-24 21:50:13.491  1700  3975 I am_focused_activity: [0,com.esoxjem.movieguide/.details.MovieDetailsActivity,startedActivity]
03-24 21:50:13.491  1700  3975 I am_pause_activity: [0,176598211,com.esoxjem.movieguide/.listing.MoviesListingActivity]
03-24 21:50:13.493  4865  4865 I am_on_paused_called: [0,com.esoxjem.movieguide.listing.MoviesListingActivity,handlePauseActivity]
03-24 21:50:13.494  1700  3975 I am_restart_activity: [0,173592314,10,com.esoxjem.movieguide/.details.MovieDetailsActivity]
03-24 21:50:13.496  1700  1714 I sysui_count: [window_time_0,1]
03-24 21:50:13.514  4865  4865 I am_on_resume_called: [0,com.esoxjem.movieguide.details.MovieDetailsActivity,LAUNCH_ACTIVITY]
03-24 21:50:13.598  1700  1721 I am_activity_launch_time: [0,173592314,com.esoxjem.movieguide/.details.MovieDetailsActivity,104,104]
03-24 21:50:13.742  1700  2485 I volume_changed: [2,5,4,7,MediaSessionService]
03-24 21:50:13.746  1850  2074 I sysui_action: [211,4]
03-24 21:50:13.746  1850  1850 I sysui_view_visibility: [207,0]
03-24 21:50:13.747  1850  2074 I sysui_action: [210,-1]
03-24 21:50:13.747  1850  1850 I sysui_view_visibility: [207,100]
03-24 21:50:13.747  1850  1850 I sysui_histogram: [volume_from_keyguard,0]
03-24 21:50:13.813  1700  3983 I am_finish_activity: [0,173592314,10,com.esoxjem.movieguide/.details.MovieDetailsActivity,navigate-up]
03-24 21:50:13.814  1700  3983 I wm_task_moved: [10,1,0]
03-24 21:50:13.814  1700  3983 I am_focused_activity: [0,com.esoxjem.movieguide/.listing.MoviesListingActivity,finishActivity adjustFocus]
03-24 21:50:13.814  1700  3983 I am_pause_activity: [0,173592314,com.esoxjem.movieguide/.details.MovieDetailsActivity]
03-24 21:50:13.823  4865  4865 I am_on_paused_called: [0,com.esoxjem.movieguide.details.MovieDetailsActivity,handlePauseActivity]
03-24 21:50:13.827  1700  3986 I am_resume_activity: [0,176598211,10,com.esoxjem.movieguide/.listing.MoviesListingActivity]
03-24 21:50:13.830  4865  4865 I am_on_resume_called: [0,com.esoxjem.movieguide.listing.MoviesListingActivity,performNewIntents]
03-24 21:50:13.830  4865  4865 I am_on_paused_called: [0,com.esoxjem.movieguide.listing.MoviesListingActivity,performNewIntents]
03-24 21:50:13.831  4865  4865 I am_on_resume_called: [0,com.esoxjem.movieguide.listing.MoviesListingActivity,performNewIntents]
03-24 21:50:13.831  4865  4865 I am_on_paused_called: [0,com.esoxjem.movieguide.listing.MoviesListingActivity,performNewIntents]
03-24 21:50:13.844  4865  4865 I am_on_resume_called: [0,com.esoxjem.movieguide.listing.MoviesListingActivity,RESUME_ACTIVITY]
03-24 21:50:13.993  1700  3992 I wm_task_moved: [10,1,0]
03-24 21:50:13.993  1700  3992 I am_create_activity: [0,31607189,10,com.esoxjem.movieguide/.details.MovieDetailsActivity,NULL,NULL,NULL,0]
03-24 21:50:13.993  1700  3992 I wm_task_moved: [10,1,0]
03-24 21:50:13.996  1700  3992 I am_focused_activity: [0,com.esoxjem.movieguide/.details.MovieDetailsActivity,startedActivity]
03-24 21:50:13.996  1700  3992 I am_pause_activity: [0,176598211,com.esoxjem.movieguide/.listing.MoviesListingActivity]
03-24 21:50:13.999  4865  4865 I am_on_paused_called: [0,com.esoxjem.movieguide.listing.MoviesListingActivity,handlePauseActivity]
03-24 21:50:14.000  1700  3992 I am_restart_activity: [0,31607189,10,com.esoxjem.movieguide/.details.MovieDetailsActivity]
03-24 21:50:14.002  1700  1714 I sysui_count: [window_time_0,0]
03-24 21:50:14.015  4865  4865 I am_on_resume_called: [0,com.esoxjem.movieguide.details.MovieDetailsActivity,LAUNCH_ACTIVITY]
03-24 21:50:14.146  1700  1721 I am_activity_launch_time: [0,31607189,com.esoxjem.movieguide/.details.MovieDetailsActivity,147,147]
03-24 21:50:14.226  1700  3994 I am_finish_activity: [0,31607189,10,com.esoxjem.movieguide/.details.MovieDetailsActivity,navigate-up]
03-24 21:50:14.228  1700  3994 I wm_task_moved: [10,1,0]
03-24 21:50:14.229  1700  3994 I am_focused_activity: [0,com.esoxjem.movieguide/.listing.MoviesListingActivity,finishActivity adjustFocus]
03-24 21:50:14.229  1700  3994 I am_pause_activity: [0,31607189,com.esoxjem.movieguide/.details.MovieDetailsActivity]
03-24 21:50:14.238  4865  4865 I am_on_paused_called: [0,com.esoxjem.movieguide.details.MovieDetailsActivity,handlePauseActivity]
03-24 21:50:14.242  1700  2399 I am_resume_activity: [0,176598211,10,com.esoxjem.movieguide/.listing.MoviesListingActivity]
03-24 21:50:14.247  4865  4865 I am_on_resume_called: [0,com.esoxjem.movieguide.listing.MoviesListingActivity,performNewIntents]
03-24 21:50:14.247  4865  4865 I am_on_paused_called: [0,com.esoxjem.movieguide.listing.MoviesListingActivity,performNewIntents]
03-24 21:50:14.248  4865  4865 I am_on_resume_called: [0,com.esoxjem.movieguide.listing.MoviesListingActivity,performNewIntents]
03-24 21:50:14.248  4865  4865 I am_on_paused_called: [0,com.esoxjem.movieguide.listing.MoviesListingActivity,performNewIntents]
03-24 21:50:14.248  4865  4865 I am_on_resume_called: [0,com.esoxjem.movieguide.listing.MoviesListingActivity,RESUME_ACTIVITY]
03-24 21:50:14.307  1850  1850 I sysui_view_visibility: [207,0]
03-24 21:50:14.328  1700  3984 I wm_task_moved: [10,1,0]
03-24 21:50:14.329  1700  3984 I am_create_activity: [0,233359740,10,com.esoxjem.movieguide/.details.MovieDetailsActivity,NULL,NULL,NULL,0]
03-24 21:50:14.329  1700  3984 I wm_task_moved: [10,1,0]
03-24 21:50:14.330  1700  3984 I am_focused_activity: [0,com.esoxjem.movieguide/.details.MovieDetailsActivity,startedActivity]
03-24 21:50:14.331  1700  3984 I am_pause_activity: [0,176598211,com.esoxjem.movieguide/.listing.MoviesListingActivity]
03-24 21:50:14.332  4865  4865 I am_on_paused_called: [0,com.esoxjem.movieguide.listing.MoviesListingActivity,handlePauseActivity]
03-24 21:50:14.333  1700  3975 I am_restart_activity: [0,233359740,10,com.esoxjem.movieguide/.details.MovieDetailsActivity]
03-24 21:50:14.335  1700  1714 I sysui_count: [window_time_0,1]
03-24 21:50:14.349  4865  4865 I am_on_resume_called: [0,com.esoxjem.movieguide.details.MovieDetailsActivity,LAUNCH_ACTIVITY]
03-24 21:50:14.442  1700  1721 I am_activity_launch_time: [0,233359740,com.esoxjem.movieguide/.details.MovieDetailsActivity,110,110]
03-24 21:50:14.574  1700  3978 I am_finish_activity: [0,233359740,10,com.esoxjem.movieguide/.details.MovieDetailsActivity,navigate-up]
03-24 21:50:14.578  1700  3978 I wm_task_moved: [10,1,0]
03-24 21:50:14.580  1700  3978 I am_focused_activity: [0,com.esoxjem.movieguide/.listing.MoviesListingActivity,finishActivity adjustFocus]
03-24 21:50:14.580  1700  3978 I am_pause_activity: [0,233359740,com.esoxjem.movieguide/.details.MovieDetailsActivity]
03-24 21:50:14.588  4865  4865 I am_on_paused_called: [0,com.esoxjem.movieguide.details.MovieDetailsActivity,handlePauseActivity]
03-24 21:50:14.592  1700  2248 I am_resume_activity: [0,176598211,10,com.esoxjem.movieguide/.listing.MoviesListingActivity]
03-24 21:50:14.594  4865  4865 I am_on_resume_called: [0,com.esoxjem.movieguide.listing.MoviesListingActivity,performNewIntents]
03-24 21:50:14.594  4865  4865 I am_on_paused_called: [0,com.esoxjem.movieguide.listing.MoviesListingActivity,performNewIntents]
03-24 21:50:14.595  4865  4865 I am_on_resume_called: [0,com.esoxjem.movieguide.listing.MoviesListingActivity,performNewIntents]
03-24 21:50:14.595  4865  4865 I am_on_paused_called: [0,com.esoxjem.movieguide.listing.MoviesListingActivity,performNewIntents]
03-24 21:50:14.596  4865  4865 I am_on_resume_called: [0,com.esoxjem.movieguide.listing.MoviesListingActivity,RESUME_ACTIVITY]
03-24 21:50:14.654  1316  1316 I sf_frame_dur: [VolumeDialog,126,12,0,0,2,0,0]
03-24 21:50:14.741  1700  3992 I wm_task_moved: [10,1,0]
03-24 21:50:14.741  1700  3992 I am_create_activity: [0,157670239,10,com.esoxjem.movieguide/.details.MovieDetailsActivity,NULL,NULL,NULL,0]
03-24 21:50:14.742  1700  3992 I wm_task_moved: [10,1,0]
03-24 21:50:14.744  1700  3992 I am_focused_activity: [0,com.esoxjem.movieguide/.details.MovieDetailsActivity,startedActivity]
03-24 21:50:14.744  1700  3992 I am_pause_activity: [0,176598211,com.esoxjem.movieguide/.listing.MoviesListingActivity]
03-24 21:50:14.745  4865  4865 I am_on_paused_called: [0,com.esoxjem.movieguide.listing.MoviesListingActivity,handlePauseActivity]
03-24 21:50:14.747  1700  3994 I am_restart_activity: [0,157670239,10,com.esoxjem.movieguide/.details.MovieDetailsActivity]
03-24 21:50:14.748  1700  1714 I sysui_count: [window_time_0,0]
03-24 21:50:14.767  4865  4865 I am_on_resume_called: [0,com.esoxjem.movieguide.details.MovieDetailsActivity,LAUNCH_ACTIVITY]
03-24 21:50:14.898  1700  1721 I am_activity_launch_time: [0,157670239,com.esoxjem.movieguide/.details.MovieDetailsActivity,152,152]
03-24 21:50:15.009  1700  3975 I am_finish_activity: [0,157670239,10,com.esoxjem.movieguide/.details.MovieDetailsActivity,clear-task-stack]
03-24 21:50:15.011  1700  3975 I wm_task_moved: [10,1,0]
03-24 21:50:15.012  1700  3975 I am_focused_activity: [0,com.esoxjem.movieguide/.listing.MoviesListingActivity,finishActivity adjustFocus]
03-24 21:50:15.012  1700  3975 I am_pause_activity: [0,157670239,com.esoxjem.movieguide/.details.MovieDetailsActivity]
03-24 21:50:15.012  1700  3975 I am_new_intent: [0,239976237,10,com.esoxjem.movieguide/.listing.MoviesListingActivity,android.intent.action.MAIN,NULL,NULL,270532608]
03-24 21:50:15.012  1700  3975 I wm_task_moved: [10,1,0]
03-24 21:50:15.024  4865  4865 I am_on_paused_called: [0,com.esoxjem.movieguide.details.MovieDetailsActivity,handlePauseActivity]
03-24 21:50:15.026  1700  3982 I am_resume_activity: [0,176598211,10,com.esoxjem.movieguide/.listing.MoviesListingActivity]
03-24 21:50:15.028  4865  4865 I am_on_resume_called: [0,com.esoxjem.movieguide.listing.MoviesListingActivity,performNewIntents]
03-24 21:50:15.028  4865  4865 I am_on_paused_called: [0,com.esoxjem.movieguide.listing.MoviesListingActivity,performNewIntents]
03-24 21:50:15.039  4865  4865 I am_on_resume_called: [0,com.esoxjem.movieguide.listing.MoviesListingActivity,RESUME_ACTIVITY]
03-24 21:50:15.159  1700  2413 I wm_task_moved: [10,1,0]
03-24 21:50:15.160  1700  2413 I am_create_activity: [0,157440591,10,com.esoxjem.movieguide/.details.MovieDetailsActivity,NULL,NULL,NULL,0]
03-24 21:50:15.161  1700  2413 I wm_task_moved: [10,1,0]
03-24 21:50:15.163  1700  2413 I am_focused_activity: [0,com.esoxjem.movieguide/.details.MovieDetailsActivity,startedActivity]
03-24 21:50:15.163  1700  2413 I am_pause_activity: [0,176598211,com.esoxjem.movieguide/.listing.MoviesListingActivity]
03-24 21:50:15.171  4865  4865 I am_on_paused_called: [0,com.esoxjem.movieguide.listing.MoviesListingActivity,handlePauseActivity]
03-24 21:50:15.173  1700  1712 I am_restart_activity: [0,157440591,10,com.esoxjem.movieguide/.details.MovieDetailsActivity]
03-24 21:50:15.175  1700  1714 I sysui_count: [window_time_0,0]
03-24 21:50:15.187  4865  4865 I am_on_resume_called: [0,com.esoxjem.movieguide.details.MovieDetailsActivity,LAUNCH_ACTIVITY]
03-24 21:50:15.286  1700  1721 I am_activity_launch_time: [0,157440591,com.esoxjem.movieguide/.details.MovieDetailsActivity,115,115]
03-24 21:50:15.333  1850  1850 I sysui_count: [panel_open,1]
03-24 21:50:15.334  1850  1850 I sysui_histogram: [note_load,0]
03-24 21:50:15.334  1700  3986 I notification_panel_revealed: 0
03-24 21:50:15.383  1700  3987 I am_finish_activity: [0,157440591,10,com.esoxjem.movieguide/.details.MovieDetailsActivity,navigate-up]
03-24 21:50:15.384  1700  3987 I wm_task_moved: [10,1,0]
03-24 21:50:15.385  1700  3987 I am_focused_activity: [0,com.esoxjem.movieguide/.listing.MoviesListingActivity,finishActivity adjustFocus]
03-24 21:50:15.385  1700  3987 I am_pause_activity: [0,157440591,com.esoxjem.movieguide/.details.MovieDetailsActivity]
03-24 21:50:15.393  4865  4865 I am_on_paused_called: [0,com.esoxjem.movieguide.details.MovieDetailsActivity,handlePauseActivity]
03-24 21:50:15.398  1700  3979 I am_resume_activity: [0,176598211,10,com.esoxjem.movieguide/.listing.MoviesListingActivity]
03-24 21:50:15.404  4865  4865 I am_on_resume_called: [0,com.esoxjem.movieguide.listing.MoviesListingActivity,performNewIntents]
03-24 21:50:15.404  4865  4865 I am_on_paused_called: [0,com.esoxjem.movieguide.listing.MoviesListingActivity,performNewIntents]
03-24 21:50:15.404  4865  4865 I am_on_resume_called: [0,com.esoxjem.movieguide.listing.MoviesListingActivity,performNewIntents]
03-24 21:50:15.404  4865  4865 I am_on_paused_called: [0,com.esoxjem.movieguide.listing.MoviesListingActivity,performNewIntents]
03-24 21:50:15.405  4865  4865 I am_on_resume_called: [0,com.esoxjem.movieguide.listing.MoviesListingActivity,RESUME_ACTIVITY]
03-24 21:50:15.594  1850  2183 I sysui_action: [115,]
03-24 21:50:15.607  1850  1850 I sysui_lockscreen_gesture: [10,0,0]
03-24 21:50:15.609  1700  1711 I am_new_intent: [0,155587413,10,com.esoxjem.movieguide/.listing.MoviesListingActivity,android.intent.action.MAIN,NULL,NULL,270532608]
03-24 21:50:15.610  1850  1850 I sysui_view_visibility: [117,100]
03-24 21:50:15.610  1700  1711 I wm_task_moved: [10,1,0]
03-24 21:50:15.617  1850  2183 I sysui_action: [126,true]
03-24 21:50:15.636  1850  1850 I sysui_view_visibility: [111,100]
03-24 21:50:15.636  1850  1850 I sysui_view_visibility: [126,100]
03-24 21:50:15.636  1850  1850 I sysui_view_visibility: [115,100]
03-24 21:50:15.636  1850  1850 I sysui_view_visibility: [261,100]
03-24 21:50:15.636  1850  1850 I sysui_view_visibility: [118,100]
03-24 21:50:15.636  1850  1850 I sysui_view_visibility: [123,100]
03-24 21:50:15.636  1850  1850 I sysui_view_visibility: [112,100]
03-24 21:50:15.636  1850  1850 I sysui_view_visibility: [111,100]
03-24 21:50:15.636  1850  1850 I sysui_view_visibility: [126,100]
03-24 21:50:15.636  1850  1850 I sysui_view_visibility: [115,100]
03-24 21:50:15.636  1850  1850 I sysui_view_visibility: [261,100]
03-24 21:50:15.636  1850  1850 I sysui_view_visibility: [118,100]
03-24 21:50:15.636  1850  1850 I sysui_view_visibility: [123,100]
03-24 21:50:15.636  1850  1850 I sysui_view_visibility: [112,100]
03-24 21:50:15.692  1700  1714 I am_destroy_activity: [0,157440591,10,com.esoxjem.movieguide/.details.MovieDetailsActivity,finish-imm]
03-24 21:50:15.692  1700  1714 I am_destroy_activity: [0,157670239,10,com.esoxjem.movieguide/.details.MovieDetailsActivity,finish-imm]
03-24 21:50:15.692  1700  1714 I am_destroy_activity: [0,233359740,10,com.esoxjem.movieguide/.details.MovieDetailsActivity,finish-imm]
03-24 21:50:15.693  1700  1714 I am_destroy_activity: [0,31607189,10,com.esoxjem.movieguide/.details.MovieDetailsActivity,finish-imm]
03-24 21:50:15.693  1700  1714 I am_destroy_activity: [0,173592314,10,com.esoxjem.movieguide/.details.MovieDetailsActivity,finish-imm]
03-24 21:50:15.693  1700  1714 I am_destroy_activity: [0,127532874,10,com.esoxjem.movieguide/.details.MovieDetailsActivity,finish-imm]
03-24 21:50:15.693  1700  1714 I am_destroy_activity: [0,107348156,10,com.esoxjem.movieguide/.details.MovieDetailsActivity,finish-imm]
03-24 21:50:15.694  4865  4865 I am_on_stop_called: [0,com.esoxjem.movieguide.details.MovieDetailsActivity,destroy]
03-24 21:50:15.736  1316  1316 I sf_frame_dur: [com.esoxjem.movieguide/com.esoxjem.movieguide.details.MovieDetailsActivity,4,10,0,0,0,0,0]
03-24 21:50:15.737  4865  4865 I am_on_stop_called: [0,com.esoxjem.movieguide.details.MovieDetailsActivity,destroy]
03-24 21:50:15.766  4865  4865 I am_on_stop_called: [0,com.esoxjem.movieguide.details.MovieDetailsActivity,destroy]
03-24 21:50:15.769  1316  1316 I sf_frame_dur: [com.esoxjem.movieguide/com.esoxjem.movieguide.details.MovieDetailsActivity,10,8,0,0,0,0,0]
03-24 21:50:15.809  4865  4865 I am_on_stop_called: [0,com.esoxjem.movieguide.details.MovieDetailsActivity,destroy]
03-24 21:50:15.820  1316  1316 I sf_frame_dur: [com.esoxjem.movieguide/com.esoxjem.movieguide.details.MovieDetailsActivity,12,6,0,0,0,0,0]
03-24 21:50:15.840  1850  1850 I sysui_lockscreen_gesture: [9,24,4554]
03-24 21:50:15.849  4865  4865 I am_on_stop_called: [0,com.esoxjem.movieguide.details.MovieDetailsActivity,destroy]
03-24 21:50:15.852  1316  1316 I sf_frame_dur: [com.esoxjem.movieguide/com.esoxjem.movieguide.details.MovieDetailsActivity,6,4,0,0,0,0,0]
03-24 21:50:15.866  1850  1850 I sysui_lockscreen_gesture: [9,3,0]
03-24 21:50:15.883  4865  4865 I am_on_stop_called: [0,com.esoxjem.movieguide.details.MovieDetailsActivity,destroy]
03-24 21:50:15.885  1316  1316 I sf_frame_dur: [com.esoxjem.movieguide/com.esoxjem.movieguide.details.MovieDetailsActivity,14,6,0,2,0,0,0]
03-24 21:50:15.902  1850  1850 I sysui_lockscreen_gesture: [9,6,3703]
03-24 21:50:15.926  1850  1850 I sysui_lockscreen_gesture: [9,-1,0]
03-24 21:50:15.942  4865  4865 I am_on_stop_called: [0,com.esoxjem.movieguide.details.MovieDetailsActivity,destroy]
03-24 21:50:15.952  1316  1316 I sf_frame_dur: [com.esoxjem.movieguide/com.esoxjem.movieguide.details.MovieDetailsActivity,8,4,0,0,0,0,0]
03-24 21:50:15.961  1850  2183 I sysui_action: [126,false]
03-24 21:50:15.986  1316  1316 I sf_frame_dur: [com.esoxjem.movieguide/com.esoxjem.movieguide.details.MovieDetailsActivity,22,4,0,0,0,0,0]
03-24 21:50:15.994  1850  1850 I sysui_lockscreen_gesture: [9,1,-26]
03-24 21:50:15.998  1850  1850 I sysui_lockscreen_gesture: [9,0,-196]
03-24 21:50:16.056  1850  1850 I sysui_lockscreen_gesture: [9,-3,0]
03-24 21:50:16.075  1850  1850 I sysui_view_visibility: [111,0]
03-24 21:50:16.080  1850  1850 I sysui_lockscreen_gesture: [9,-26,-174]
03-24 21:50:16.164  1850  1850 I sysui_lockscreen_gesture: [9,0,0]
03-24 21:50:16.180  1700  3970 I am_new_intent: [0,251995739,10,com.esoxjem.movieguide/.listing.MoviesListingActivity,android.intent.action.MAIN,NULL,NULL,270532608]
03-24 21:50:16.180  1700  3970 I wm_task_moved: [10,1,0]
03-24 21:50:16.183  1700  3970 I sysui_action: [323,com.esoxjem.movieguide/.listing.MoviesListingActivity]
03-24 21:50:16.183  1700  3970 I sysui_action: [324,true]
03-24 21:50:16.183  1700  3970 I sysui_action: [325,144]
03-24 21:50:16.193  1850  1850 I sysui_lockscreen_gesture: [9,-1,0]
03-24 21:50:16.203  1850  1850 I sysui_lockscreen_gesture: [9,0,0]
03-24 21:50:16.279  1850  1850 I sysui_lockscreen_gesture: [9,-4,0]
