03-24 21:50:25.904  1989  1989 D SubscriptionInfoUpdater: Action: android.intent.action.internal_sim_state_changed
03-24 21:50:25.904  1989  1989 D SubscriptionInfoUpdater: slotId: 0
03-24 21:50:25.904  1989  1989 D SubscriptionInfoUpdater: simStatus: LOADED
03-24 21:50:25.904  1989  1989 D SubscriptionInfoUpdater: [Receiver]-
03-24 21:50:25.910  1989  1989 D SubscriptionInfoUpdater: handleSimStateLoadedInternal: slotId: 0
03-24 21:50:25.910  1989  1989 D SubscriptionInfoUpdater: All IccIds query complete
03-24 21:50:25.910  1989  1989 D SubscriptionInfoUpdater: updateSubscriptionInfoByIccId:+ Start
03-24 21:50:25.910  1989  1989 D SubscriptionController: [clearSubInfo]- clear size=1
03-24 21:50:25.910  1989  1989 D SubscriptionInfoUpdater: insertedSimCount = 1
03-24 21:50:25.910  1989  1989 D SubscriptionController: [getSubInfoUsingSlotIdWithCheck]+ slotId:0
03-24 21:50:25.927  1989  1989 D SubscriptionController: [getPhoneId]- no sims, returning default phoneId=2147483647
03-24 21:50:25.927  1989  1989 D SubscriptionController: [getPhoneId]- no sims, returning default phoneId=2147483647
03-24 21:50:25.928  1989  1989 D SubscriptionController: [getPhoneId]- no sims, returning default phoneId=2147483647
03-24 21:50:25.929  1989  1989 D SubscriptionController: [getSubInfoUsingSlotId]- null info return
03-24 21:50:25.929  1989  1989 D SubscriptionInfoUpdater: updateSubscriptionInfoByIccId: oldSubId = 1
03-24 21:50:25.929  1989  1989 D SubscriptionInfoUpdater: updateSubscriptionInfoByIccId: oldIccId[0] = 89014103211118510720, sIccId[0] = 89014103211118510720
03-24 21:50:25.929  1989  1989 D SubscriptionController: [addSubInfoRecord]+ iccId:89014103211118510720 slotId:0
03-24 21:50:25.930  1989  1989 D SubscriptionController: [getActiveSubInfoList] Sub Controller not ready
03-24 21:50:25.930  1989  1989 D SubscriptionController: [addSubInfoRecord] Record already exists
03-24 21:50:25.931  1989  1989 D SubscriptionController: [addSubInfoRecord] sSlotIdxToSubId.size=1 slotId=0 subId=1 defaultSubId=1 simCount=1
03-24 21:50:25.933  1989  1989 D SubscriptionController: [setDefaultFallbackSubId] subId=1
03-24 21:50:25.933  1989  1989 D SubscriptionController: [setDefaultFallbackSubId] set mDefaultFallbackSubId=1
03-24 21:50:25.941  1989  1989 D SubscriptionController: [setDefaultFallbackSubId] broadcast default subId changed phoneId=0 subId=1
03-24 21:50:25.942  1989  1989 D SubscriptionController: [addSubInfoRecord] one sim set defaults to subId=1
03-24 21:50:25.943  1989  1989 D SubscriptionController: [setDefaultDataSubId] num phones=1, subId=1
03-24 21:50:25.943  1989  1989 D SubscriptionController: [setDefaultDataSubId] phoneId=0 subId=1 RAF=1
03-24 21:50:25.943  1989  1989 D ProxyController: setRadioCapability: Already in requested configuration, nothing to do.
03-24 21:50:25.943  1989  1989 D SubscriptionController: [updateAllDataConnectionTrackers] sPhones.length=1
03-24 21:50:25.943  1989  1989 D SubscriptionController: [updateAllDataConnectionTrackers] phoneId=0
03-24 21:50:25.943  1989  1989 D DCT     : [0]update sub = 1
03-24 21:50:25.943  1989  1989 D DCT     : [0]update(): Active DDS, register for all events now!
03-24 21:50:25.944  1989  1989 D GsmCdmaPhone: [GsmCdmaPhone] updateCurrentCarrierInProvider: mSubId = 1 currentDds = 1 operatorNumeric = 310260
03-24 21:50:25.972  1989  1989 D SubscriptionController: [broadcastDefaultDataSubIdChanged] subId=1
03-24 21:50:25.975  1989  1989 D SubscriptionController: [setDefaultSmsSubId] subId=1
03-24 21:50:25.976  1989  1989 D SubscriptionController: [broadcastDefaultSmsSubIdChanged] subId=1
03-24 21:50:25.977  1989  1989 D SubscriptionController: [setDefaultVoiceSubId] subId=1
03-24 21:50:25.979  1989  1989 D SubscriptionController: [broadcastDefaultVoiceSubIdChanged] subId=1
03-24 21:50:25.980  1989  1989 D SubscriptionController: [addSubInfoRecord] hashmap(0,1)
03-24 21:50:25.990  1989  1989 D SubscriptionController: [addSubInfoRecord] sim name = Android
03-24 21:50:25.992  1989  1989 D DCT     : [0]update sub = 1
03-24 21:50:25.992  1989  1989 D DCT     : [0]update(): Active DDS, register for all events now!
03-24 21:50:25.993  1989  1989 D GsmCdmaPhone: [GsmCdmaPhone] updateCurrentCarrierInProvider: mSubId = 1 currentDds = 1 operatorNumeric = 310260
03-24 21:50:26.027  1989  1989 D SubscriptionController: [addSubInfoRecord]- info size=1
03-24 21:50:26.028  1989  1989 D SubscriptionInfoUpdater: newSim = false
03-24 21:50:26.028  1989  1989 D SubscriptionInfoUpdater: updateSubscriptionInfoByIccId: sInsertSimState[0] = 0
03-24 21:50:26.033  1989  1989 D SubscriptionInfoUpdater: updateSubscriptionInfoByIccId: nSubCount = 1
03-24 21:50:26.034  1989  1989 D SubscriptionController: [setDefaultDataSubId] num phones=1, subId=1
03-24 21:50:26.034  1989  1989 D SubscriptionController: [setDefaultDataSubId] phoneId=0 subId=1 RAF=1
03-24 21:50:26.034  1989  1989 D ProxyController: setRadioCapability: Already in requested configuration, nothing to do.
03-24 21:50:26.034  1989  1989 D SubscriptionController: [updateAllDataConnectionTrackers] sPhones.length=1
03-24 21:50:26.034  1989  1989 D SubscriptionController: [updateAllDataConnectionTrackers] phoneId=0
03-24 21:50:26.034  1989  1989 D DCT     : [0]update sub = 1
03-24 21:50:26.034  1989  1989 D DCT     : [0]update(): Active DDS, register for all events now!
03-24 21:50:26.034  1989  1989 D GsmCdmaPhone: [GsmCdmaPhone] updateCurrentCarrierInProvider: mSubId = 1 currentDds = 1 operatorNumeric = 310260
03-24 21:50:26.068  1989  1989 D SubscriptionController: [broadcastDefaultDataSubIdChanged] subId=1
03-24 21:50:26.087  1989  1989 D SubscriptionController: notifySubscriptionInfoChanged:
03-24 21:50:26.090  1989  1989 D SubscriptionInfoUpdater: updateSubscriptionInfoByIccId:- SsubscriptionInfo update complete
03-24 21:50:26.099  1989  1989 D SubscriptionController: [setMccMnc]+ mcc/mnc:310/260 subId:1
03-24 21:50:26.113  1989  1989 D SubscriptionController: notifySubscriptionInfoChanged:
03-24 21:50:26.126  1989  1989 D SubscriptionController: [getActiveSubscriptionInfo]+ subId=1 subInfo={id=1, iccId=89014103211118510720 simSlotIndex=0 displayName=Android carrierName=Android nameSource=0 iconTint=-16746133 dataRoaming=0 iconBitmap=android.graphics.Bitmap@c85f7c9 mcc 310 mnc 260}
03-24 21:50:26.126  1989  1989 D SubscriptionInfoUpdater: sim name = Android
03-24 21:50:26.153  1989  1989 D SubscriptionInfoUpdater: Broadcasting intent ACTION_SIM_STATE_CHANGED LOADED reason null for mCardIndex: 0
03-24 21:50:26.159  1989  1989 D SST     : SubscriptionListener.onSubscriptionInfoChanged
03-24 21:50:26.159  1989  1989 D DCT     : [0]SubscriptionListener.onSubscriptionInfoChanged
03-24 21:50:26.161  1989  2195 D RILJ    : [3863]> RIL_REQUEST_CDMA_SET_BROADCAST_CONFIG with 1 configs :  [SUB0]
03-24 21:50:26.161  1989  2195 D RILJ    : CdmaSmsBroadcastConfigInfo: Id [4096, 4096] ENABLED [SUB0]
03-24 21:50:26.161  1406  1653 D RIL     : onRequest: CDMA_SET_BROADCAST_SMS_CONFIG
03-24 21:50:26.161  1406  1653 D RIL     : Request not supported. Tech: 0
03-24 21:50:26.162  1989  2114 D RilRequest: [3863]< RIL_REQUEST_CDMA_SET_BROADCAST_CONFIG error: com.android.internal.telephony.CommandException: REQUEST_NOT_SUPPORTED ret=
03-24 21:50:26.204  1989  1989 D SubscriptionController: [getActiveSubscriptionInfo]+ subId=1 subInfo={id=1, iccId=89014103211118510720 simSlotIndex=0 displayName=Android carrierName=Android nameSource=0 iconTint=-16746133 dataRoaming=0 iconBitmap=android.graphics.Bitmap@f56e900 mcc 310 mnc 260}
03-24 21:50:26.217  1989  1989 D SST     : SubscriptionListener.onSubscriptionInfoChanged
03-24 21:50:26.217  1989  1989 D DCT     : [0]SubscriptionListener.onSubscriptionInfoChanged
03-24 21:50:26.269  1989  1989 D SubscriptionController: [getActiveSubscriptionInfo]+ subId=1 subInfo={id=1, iccId=89014103211118510720 simSlotIndex=0 displayName=Android carrierName=Android nameSource=0 iconTint=-16746133 dataRoaming=0 iconBitmap=android.graphics.Bitmap@148d818 mcc 310 mnc 260}
03-24 21:50:26.285  1989  1989 D SubscriptionInfoUpdater: [Receiver]+
03-24 21:50:26.285  1989  1989 D SubscriptionInfoUpdater: Action: android.intent.action.SIM_STATE_CHANGED
03-24 21:50:26.285  1989  1989 D SubscriptionInfoUpdater: slotId: 0
03-24 21:50:26.285  1989  1989 D SubscriptionInfoUpdater: simStatus: LOADED
03-24 21:50:26.285  1989  1989 D SubscriptionInfoUpdater: Ignoring simStatus: LOADED
03-24 21:50:26.285  1989  1989 D SubscriptionInfoUpdater: [Receiver]-
03-24 21:50:26.300  1989  1989 D SubscriptionController: [getActiveSubscriptionInfo]+ subId=1 subInfo={id=1, iccId=89014103211118510720 simSlotIndex=0 displayName=Android carrierName=Android nameSource=0 iconTint=-16746133 dataRoaming=0 iconBitmap=android.graphics.Bitmap@4270ea9 mcc 310 mnc 260}
03-24 21:50:26.311  1989  1989 D GsmCdmaPhone: mBroadcastReceiver: action android.telephony.action.CARRIER_CONFIG_CHANGED
03-24 21:50:26.319  1989  1989 D ImsManager: updateVolteFeatureValue: available = false, enabled = true, nonTTY = true
03-24 21:50:26.322  1989  1989 E ImsManager: updateImsServiceConfig: 
03-24 21:50:26.322  1989  1989 E ImsManager: com.android.ims.ImsException: Service is unavailable, code = 106
03-24 21:50:26.322  1989  1989 E ImsManager: 	at com.android.ims.ImsManager.checkAndThrowExceptionIfServiceUnavailable(ImsManager.java:1310)
03-24 21:50:26.322  1989  1989 E ImsManager: 	at com.android.ims.ImsManager.getConfigInterface(ImsManager.java:1192)
03-24 21:50:26.322  1989  1989 E ImsManager: 	at com.android.ims.ImsManager.updateVolteFeatureValue(ImsManager.java:777)
03-24 21:50:26.322  1989  1989 E ImsManager: 	at com.android.ims.ImsManager.updateImsServiceConfig(ImsManager.java:737)
03-24 21:50:26.322  1989  1989 E ImsManager: 	at com.android.internal.telephony.GsmCdmaPhone.handleMessage(GsmCdmaPhone.java:2063)
03-24 21:50:26.322  1989  1989 E ImsManager: 	at android.os.Handler.dispatchMessage(Handler.java:102)
03-24 21:50:26.322  1989  1989 E ImsManager: 	at android.os.Looper.loop(Looper.java:154)
03-24 21:50:26.322  1989  1989 E ImsManager: 	at android.app.ActivityThread.main(ActivityThread.java:6119)
03-24 21:50:26.322  1989  1989 E ImsManager: 	at java.lang.reflect.Method.invoke(Native Method)
03-24 21:50:26.322  1989  1989 E ImsManager: 	at com.android.internal.os.ZygoteInit$MethodAndArgsCaller.run(ZygoteInit.java:886)
03-24 21:50:26.322  1989  1989 E ImsManager: 	at com.android.internal.os.ZygoteInit.main(ZygoteInit.java:776)
03-24 21:50:26.325  1989  1989 D GsmCdmaPhone: [GsmCdmaPhone] broadcastEmergencyCallStateChanges = false
03-24 21:50:26.330  1989  1989 E GsmCdmaPhone: [GsmCdmaPhone] Invalid cdma_roaming_mode settings: -1
03-24 21:50:26.330  1989  1989 D EriManager: loadEriFileFromXml: check for alternate file
03-24 21:50:26.330  1989  1989 D EriManager: loadEriFileFromXml: no alternate file
03-24 21:50:26.331  1989  1989 D EriManager: eriFile = eri.xml
03-24 21:50:26.332  1989  1989 D EriManager: loadEriFileFromXml: eri parsing successful, file loaded. ver = 1357, # of entries = 176
03-24 21:50:26.332  1989  1989 D GsmCdmaPhone: [GsmCdmaPhone] ERI read, notify registrants
03-24 21:50:26.334  1989  2200 D RILJ    : [3864]> RIL_REQUEST_CDMA_SET_BROADCAST_CONFIG with 1 configs :  [SUB0]
03-24 21:50:26.334  1989  2200 D RILJ    : CdmaSmsBroadcastConfigInfo: Id [4097, 4097] ENABLED [SUB0]
03-24 21:50:26.334  1406  1653 D RIL     : onRequest: CDMA_SET_BROADCAST_SMS_CONFIG
03-24 21:50:26.334  1406  1653 D RIL     : Request not supported. Tech: 0
03-24 21:50:26.334  1989  2114 D RilRequest: [3864]< RIL_REQUEST_CDMA_SET_BROADCAST_CONFIG error: com.android.internal.telephony.CommandException: REQUEST_NOT_SUPPORTED ret=
03-24 21:50:26.361  1989  4961 D RILJ    : [3865]> RIL_REQUEST_CDMA_SET_BROADCAST_CONFIG with 1 configs :  [SUB0]
03-24 21:50:26.361  1989  4961 D RILJ    : CdmaSmsBroadcastConfigInfo: Id [4098, 4098] ENABLED [SUB0]
03-24 21:50:26.364  1406  1653 D RIL     : onRequest: CDMA_SET_BROADCAST_SMS_CONFIG
03-24 21:50:26.364  1406  1653 D RIL     : Request not supported. Tech: 0
03-24 21:50:26.364  1989  2114 D RilRequest: [3865]< RIL_REQUEST_CDMA_SET_BROADCAST_CONFIG error: com.android.internal.telephony.CommandException: REQUEST_NOT_SUPPORTED ret=
03-24 21:50:26.371  1989  2195 D RILJ    : [3866]> RIL_REQUEST_CDMA_SET_BROADCAST_CONFIG with 1 configs :  [SUB0]
03-24 21:50:26.371  1989  2195 D RILJ    : CdmaSmsBroadcastConfigInfo: Id [4099, 4099] ENABLED [SUB0]
03-24 21:50:26.371  1406  1653 D RIL     : onRequest: CDMA_SET_BROADCAST_SMS_CONFIG
03-24 21:50:26.371  1406  1653 D RIL     : Request not supported. Tech: 0
03-24 21:50:26.371  1989  2114 D RilRequest: [3866]< RIL_REQUEST_CDMA_SET_BROADCAST_CONFIG error: com.android.internal.telephony.CommandException: REQUEST_NOT_SUPPORTED ret=
03-24 21:50:26.381  1989  2186 D RILJ    : [3867]> RIL_REQUEST_GSM_SET_BROADCAST_CONFIG with 1 configs :  [SUB0]
03-24 21:50:26.381  1989  2186 D RILJ    : SmsBroadcastConfigInfo: Id [4352,4354] Code [0,255] ENABLED [SUB0]
03-24 21:50:26.382  1406  1653 D RIL     : onRequest: GSM_SET_BROADCAST_SMS_CONFIG
03-24 21:50:26.382  1406  1653 D RIL     : Request not supported. Tech: 0
03-24 21:50:26.382  1989  2114 D RilRequest: [3867]< RIL_REQUEST_GSM_SET_BROADCAST_CONFIG error: com.android.internal.telephony.CommandException: REQUEST_NOT_SUPPORTED ret=
03-24 21:50:26.392  1989  2182 D RILJ    : [3868]> RIL_REQUEST_GSM_SET_BROADCAST_CONFIG with 1 configs :  [SUB0]
03-24 21:50:26.392  1989  2182 D RILJ    : SmsBroadcastConfigInfo: Id [4356,4356] Code [0,255] ENABLED [SUB0]
03-24 21:50:26.392  1406  1653 D RIL     : onRequest: GSM_SET_BROADCAST_SMS_CONFIG
03-24 21:50:26.392  1406  1653 D RIL     : Request not supported. Tech: 0
03-24 21:50:26.392  1989  2114 D RilRequest: [3868]< RIL_REQUEST_GSM_SET_BROADCAST_CONFIG error: com.android.internal.telephony.CommandException: REQUEST_NOT_SUPPORTED ret=
03-24 21:50:26.405  1989  4949 D RILJ    : [3869]> RIL_REQUEST_GSM_SET_BROADCAST_CONFIG with 1 configs :  [SUB0]
03-24 21:50:26.405  1989  4949 D RILJ    : SmsBroadcastConfigInfo: Id [4370,4370] Code [0,255] ENABLED [SUB0]
03-24 21:50:26.406  1406  1653 D RIL     : onRequest: GSM_SET_BROADCAST_SMS_CONFIG
03-24 21:50:26.406  1406  1653 D RIL     : Request not supported. Tech: 0
03-24 21:50:26.406  1989  2114 D RilRequest: [3869]< RIL_REQUEST_GSM_SET_BROADCAST_CONFIG error: com.android.internal.telephony.CommandException: REQUEST_NOT_SUPPORTED ret=
03-24 21:50:26.415  1989  4952 D RILJ    : [3870]> RIL_REQUEST_GSM_SET_BROADCAST_CONFIG with 1 configs :  [SUB0]
03-24 21:50:26.415  1989  4952 D RILJ    : SmsBroadcastConfigInfo: Id [4371,4372] Code [0,255] ENABLED [SUB0]
03-24 21:50:26.416  1406  1653 D RIL     : onRequest: GSM_SET_BROADCAST_SMS_CONFIG
03-24 21:50:26.416  1406  1653 D RIL     : Request not supported. Tech: 0
03-24 21:50:26.416  1989  2114 D RilRequest: [3870]< RIL_REQUEST_GSM_SET_BROADCAST_CONFIG error: com.android.internal.telephony.CommandException: REQUEST_NOT_SUPPORTED ret=
03-24 21:50:26.431  1989  5008 D RILJ    : [3871]> RIL_REQUEST_GSM_SET_BROADCAST_CONFIG with 1 configs :  [SUB0]
03-24 21:50:26.431  1989  5008 D RILJ    : SmsBroadcastConfigInfo: Id [4373,4378] Code [0,255] ENABLED [SUB0]
03-24 21:50:26.434  1406  1653 D RIL     : onRequest: GSM_SET_BROADCAST_SMS_CONFIG
03-24 21:50:26.434  1406  1653 D RIL     : Request not supported. Tech: 0
03-24 21:50:26.434  1989  2114 D RilRequest: [3871]< RIL_REQUEST_GSM_SET_BROADCAST_CONFIG error: com.android.internal.telephony.CommandException: REQUEST_NOT_SUPPORTED ret=
03-24 21:50:26.462  1989  2199 D RILJ    : [3872]> RIL_REQUEST_GSM_SET_BROADCAST_CONFIG with 1 configs :  [SUB0]
03-24 21:50:26.462  1989  2199 D RILJ    : SmsBroadcastConfigInfo: Id [4379,4379] Code [0,255] ENABLED [SUB0]
03-24 21:50:26.463  1406  1653 D RIL     : onRequest: GSM_SET_BROADCAST_SMS_CONFIG
03-24 21:50:26.463  1406  1653 D RIL     : Request not supported. Tech: 0
03-24 21:50:26.463  1989  2114 D RilRequest: [3872]< RIL_REQUEST_GSM_SET_BROADCAST_CONFIG error: com.android.internal.telephony.CommandException: REQUEST_NOT_SUPPORTED ret=
03-24 21:50:26.484  1989  4961 D RILJ    : [3873]> RIL_REQUEST_GSM_SET_BROADCAST_CONFIG with 1 configs :  [SUB0]
03-24 21:50:26.484  1989  4961 D RILJ    : SmsBroadcastConfigInfo: Id [4383,4383] Code [0,255] ENABLED [SUB0]
03-24 21:50:26.484  1406  1653 D RIL     : onRequest: GSM_SET_BROADCAST_SMS_CONFIG
03-24 21:50:26.484  1406  1653 D RIL     : Request not supported. Tech: 0
03-24 21:50:26.484  1989  2114 D RilRequest: [3873]< RIL_REQUEST_GSM_SET_BROADCAST_CONFIG error: com.android.internal.telephony.CommandException: REQUEST_NOT_SUPPORTED ret=
03-24 21:50:26.576  1989  2195 D RILJ    : [3874]> RIL_REQUEST_GSM_SET_BROADCAST_CONFIG with 1 configs :  [SUB0]
03-24 21:50:26.576  1989  2195 D RILJ    : SmsBroadcastConfigInfo: Id [4384,4385] Code [0,255] ENABLED [SUB0]
03-24 21:50:26.576  1406  1653 D RIL     : onRequest: GSM_SET_BROADCAST_SMS_CONFIG
03-24 21:50:26.576  1406  1653 D RIL     : Request not supported. Tech: 0
03-24 21:50:26.576  1989  2114 D RilRequest: [3874]< RIL_REQUEST_GSM_SET_BROADCAST_CONFIG error: com.android.internal.telephony.CommandException: REQUEST_NOT_SUPPORTED ret=
03-24 21:50:26.579  1989  1998 D RILJ    : [3875]> RIL_REQUEST_GSM_SET_BROADCAST_CONFIG with 1 configs :  [SUB0]
03-24 21:50:26.579  1989  1998 D RILJ    : SmsBroadcastConfigInfo: Id [4386,4391] Code [0,255] ENABLED [SUB0]
03-24 21:50:26.579  1406  1653 D RIL     : onRequest: GSM_SET_BROADCAST_SMS_CONFIG
03-24 21:50:26.579  1406  1653 D RIL     : Request not supported. Tech: 0
03-24 21:50:26.579  1989  2114 D RilRequest: [3875]< RIL_REQUEST_GSM_SET_BROADCAST_CONFIG error: com.android.internal.telephony.CommandException: REQUEST_NOT_SUPPORTED ret=
03-24 21:50:26.582  1989  2186 D RILJ    : [3876]> RIL_REQUEST_GSM_SET_BROADCAST_CONFIG with 1 configs :  [SUB0]
03-24 21:50:26.582  1989  2186 D RILJ    : SmsBroadcastConfigInfo: Id [4392,4392] Code [0,255] ENABLED [SUB0]
03-24 21:50:26.583  1406  1653 D RIL     : onRequest: GSM_SET_BROADCAST_SMS_CONFIG
03-24 21:50:26.583  1406  1653 D RIL     : Request not supported. Tech: 0
03-24 21:50:26.583  1989  2114 D RilRequest: [3876]< RIL_REQUEST_GSM_SET_BROADCAST_CONFIG error: com.android.internal.telephony.CommandException: REQUEST_NOT_SUPPORTED ret=
03-24 21:50:26.706  1989  1998 D SubscriptionController: [getPhoneId] asked for default subId=1
03-24 21:50:26.815  1989  2186 D SubscriptionController: [getActiveSubscriptionInfo]+ subId=1 subInfo={id=1, iccId=89014103211118510720 simSlotIndex=0 displayName=Android carrierName=Android nameSource=0 iconTint=-16746133 dataRoaming=0 iconBitmap=android.graphics.Bitmap@e988b42 mcc 310 mnc 260}
03-24 21:50:27.125  1989  2200 D SubscriptionController: [getActiveSubscriptionInfo]+ subId=1 subInfo={id=1, iccId=89014103211118510720 simSlotIndex=0 displayName=Android carrierName=Android nameSource=0 iconTint=-16746133 dataRoaming=0 iconBitmap=android.graphics.Bitmap@7788145 mcc 310 mnc 260}
03-24 21:50:27.167  1989  4961 D SubscriptionController: [getActiveSubscriptionInfo]+ subId=1 subInfo={id=1, iccId=89014103211118510720 simSlotIndex=0 displayName=Android carrierName=Android nameSource=0 iconTint=-16746133 dataRoaming=0 iconBitmap=android.graphics.Bitmap@cd739a8 mcc 310 mnc 260}
03-24 21:50:27.177  1989  2195 D SubscriptionController: [getActiveSubscriptionInfo]+ subId=1 subInfo={id=1, iccId=89014103211118510720 simSlotIndex=0 displayName=Android carrierName=Android nameSource=0 iconTint=-16746133 dataRoaming=0 iconBitmap=android.graphics.Bitmap@d21cc66 mcc 310 mnc 260}
03-24 21:50:27.187  1989  4949 D SubscriptionController: [getActiveSubscriptionInfo]+ subId=1 subInfo={id=1, iccId=89014103211118510720 simSlotIndex=0 displayName=Android carrierName=Android nameSource=0 iconTint=-16746133 dataRoaming=0 iconBitmap=android.graphics.Bitmap@3a4854 mcc 310 mnc 260}
03-24 21:50:27.201  1989  4952 D SubscriptionController: [getActiveSubscriptionInfo]+ subId=1 subInfo={id=1, iccId=89014103211118510720 simSlotIndex=0 displayName=Android carrierName=Android nameSource=0 iconTint=-16746133 dataRoaming=0 iconBitmap=android.graphics.Bitmap@86e48f2 mcc 310 mnc 260}
03-24 21:50:27.676  1989  2195 D SubscriptionController: [getActiveSubscriptionInfo]+ subId=1 subInfo={id=1, iccId=89014103211118510720 simSlotIndex=0 displayName=Android carrierName=Android nameSource=0 iconTint=-16746133 dataRoaming=0 iconBitmap=android.graphics.Bitmap@8b972f9 mcc 310 mnc 260}
03-24 21:50:27.677  1989  4949 D SubscriptionController: [getActiveSubscriptionInfo]+ subId=1 subInfo={id=1, iccId=89014103211118510720 simSlotIndex=0 displayName=Android carrierName=Android nameSource=0 iconTint=-16746133 dataRoaming=0 iconBitmap=android.graphics.Bitmap@d94023e mcc 310 mnc 260}
03-24 21:50:27.718  1989  1997 D SubscriptionController: [getActiveSubscriptionInfo]+ subId=1 subInfo={id=1, iccId=89014103211118510720 simSlotIndex=0 displayName=Android carrierName=Android nameSource=0 iconTint=-16746133 dataRoaming=0 iconBitmap=android.graphics.Bitmap@6264dec mcc 310 mnc 260}
03-24 21:50:27.725  1989  5008 D SubscriptionController: [getActiveSubscriptionInfo]+ subId=1 subInfo={id=1, iccId=89014103211118510720 simSlotIndex=0 displayName=Android carrierName=Android nameSource=0 iconTint=-16746133 dataRoaming=0 iconBitmap=android.graphics.Bitmap@bca044a mcc 310 mnc 260}
03-24 21:50:27.741  1989  4961 D SubscriptionController: [getActiveSubscriptionInfo]+ subId=1 subInfo={id=1, iccId=89014103211118510720 simSlotIndex=0 displayName=Android carrierName=Android nameSource=0 iconTint=-16746133 dataRoaming=0 iconBitmap=android.graphics.Bitmap@b205cd8 mcc 310 mnc 260}
03-24 21:50:27.754  1989  2182 D SubscriptionController: [getActiveSubscriptionInfo]+ subId=1 subInfo={id=1, iccId=89014103211118510720 simSlotIndex=0 displayName=Android carrierName=Android nameSource=0 iconTint=-16746133 dataRoaming=0 iconBitmap=android.graphics.Bitmap@cac1b16 mcc 310 mnc 260}
03-24 21:50:27.776  1989  4952 D SubscriptionController: [getActiveSubscriptionInfo]+ subId=1 subInfo={id=1, iccId=89014103211118510720 simSlotIndex=0 displayName=Android carrierName=Android nameSource=0 iconTint=-16746133 dataRoaming=0 iconBitmap=android.graphics.Bitmap@eaa6e84 mcc 310 mnc 260}
03-24 21:50:27.784  1989  2199 D SubscriptionController: [getActiveSubscriptionInfo]+ subId=1 subInfo={id=1, iccId=89014103211118510720 simSlotIndex=0 displayName=Android carrierName=Android nameSource=0 iconTint=-16746133 dataRoaming=0 iconBitmap=android.graphics.Bitmap@5c6d2a2 mcc 310 mnc 260}
03-24 21:50:27.850  1989  1998 D SubscriptionController: [getActiveSubscriptionInfo]+ subId=1 subInfo={id=1, iccId=89014103211118510720 simSlotIndex=0 displayName=Android carrierName=Android nameSource=0 iconTint=-16746133 dataRoaming=0 iconBitmap=android.graphics.Bitmap@8600c69 mcc 310 mnc 260}
03-24 21:50:28.561  1989  1989 D DCT     : [0]Wifi state changed
03-24 21:50:28.562  1989  1989 D DCT     : [0]WIFI_STATE_CHANGED_ACTION: enabled=false mIsWifiConnected=false
03-24 21:50:29.364  1989  2797 D SmsNumberUtils: enter filterDestAddr. destAddr="122"
03-24 21:50:29.365  1989  2797 D SmsNumberUtils: destAddr is not formatted.
03-24 21:50:29.365  1989  2797 D SmsNumberUtils: leave filterDestAddr, new destAddr="122"
03-24 21:50:29.366  1989  2797 V GsmSMSDispatcher: No carrier package.
03-24 21:50:29.368  1989  2797 D PhoneNumberUtils: slotId:0 subId:1 country:us emergencyNumbers: 
03-24 21:50:29.368  1989  2797 D PhoneNumberUtils: System property doesn't provide any emergency numbers. Use embedded logic for determining ones.
03-24 21:50:29.368  1989  2797 D GsmSMSDispatcher: sendSms:  isIms()=false mRetryCount=0 mImsRetry=0 mMessageRef=0 SS=0
03-24 21:50:29.368  1989  2797 D RILJ    : [3877]> SEND_SMS [SUB0]
03-24 21:50:29.369  1406  1653 D RIL     : onRequest: SEND_SMS
03-24 21:50:29.369  1406  1653 D RIL     : requestSendSMS datalen =8
03-24 21:50:29.369  1406  1653 D AT      : AT> AT+CMGS=30
03-24 21:50:29.370  1406  1655 D AT      : AT< > 
03-24 21:50:29.370  1406  1655 D AT      : AT> 004100038121f20004150605040710000041637469766174653a64743d3135^Z
03-24 21:50:29.370  1406  1655 D AT      : AT< +CMGS: 0
03-24 21:50:29.370  1406  1655 D AT      : AT< OK
03-24 21:50:29.370  1989  2114 D RILJ    : [3877]< SEND_SMS { mMessageRef = 1, mErrorCode = 0, mAckPdu = null} [SUB0]
03-24 21:50:29.381  1989  2797 D PhoneNumberUtils: slotId:0 subId:1 country:US emergencyNumbers: 
03-24 21:50:29.381  1989  2797 D PhoneNumberUtils: System property doesn't provide any emergency numbers. Use embedded logic for determining ones.
03-24 21:50:29.577  1989  1989 D RILJ    : [3878]> RIL_REQUEST_GET_ACTIVITY_INFO [SUB0]
03-24 21:50:29.578  1406  1653 D RIL     : onRequest: <unknown request>
03-24 21:50:29.578  1406  1653 D RIL     : Request not supported. Tech: 0
03-24 21:50:29.578  1989  2114 D RILJ    : [3878]< RIL_REQUEST_GET_ACTIVITY_INFO ModemActivityInfo{ mTimestamp=0 mSleepTimeMs=0 mIdleTimeMs=0 mTxTimeMs[]=[0, 0, 0, 0, 0] mRxTimeMs=0 mEnergyUsed=0} [SUB0]
03-24 21:50:29.582  1989  1989 D DCT     : [0]Wifi state changed
03-24 21:50:29.582  1989  1989 D DCT     : [0]WIFI_STATE_CHANGED_ACTION: enabled=true mIsWifiConnected=false
03-24 21:50:30.735  1989  2182 D SubscriptionController: [getPhoneId] asked for default subId=1
03-24 21:50:30.767  1989  4949 D SubscriptionController: [getPhoneId] asked for default subId=1
03-24 21:50:31.167  1989  4961 D SubscriptionController: [getPhoneId] asked for default subId=1
03-24 21:50:31.410  1989  4952 D RILJ    : [3879]> RIL_REQUEST_GET_CELL_INFO_LIST [SUB0]
03-24 21:50:31.412  1406  1653 D RIL     : onRequest: GET_CELL_INFO_LIST
03-24 21:50:31.412  1406  1653 D RILC    : responseCellInfoList: v12
03-24 21:50:31.412  1406  1653 E RILC    : responseCellInfoList: invalid response length 64 expected multiple of 68
03-24 21:50:31.412  1406  1653 E RILC    : responseFunction error, ret -1
03-24 21:50:31.413  1989  2114 D RilRequest: [3879]< RIL_REQUEST_GET_CELL_INFO_LIST error: com.android.internal.telephony.CommandException: INVALID_RESPONSE ret=
03-24 21:50:31.417  1989  1989 D SST     : EVENT_GET_CELL_INFO_LIST: error ret null, e=com.android.internal.telephony.CommandException: INVALID_RESPONSE
03-24 21:50:31.417  1989  4952 D SST     : SST.getAllCellInfo(): X size=0 list=null
03-24 21:50:31.435  1989  2186 D SST     : SST.getAllCellInfo(): return last, back to back calls
03-24 21:50:31.435  1989  2186 D SST     : SST.getAllCellInfo(): X size=0 list=null
03-24 21:50:31.504  1989  1997 D SubscriptionController: [getPhoneId] asked for default subId=1
03-24 21:50:31.532  1989  2195 D SST     : SST.getAllCellInfo(): return last, back to back calls
03-24 21:50:31.532  1989  2195 D SST     : SST.getAllCellInfo(): X size=0 list=null
03-24 21:50:31.533  1989  2182 D SST     : SST.getAllCellInfo(): return last, back to back calls
03-24 21:50:31.533  1989  2182 D SST     : SST.getAllCellInfo(): X size=0 list=null
03-24 21:50:31.621  1989  1989 D DCT     : [0]NETWORK_STATE_CHANGED_ACTION: mIsWifiConnected=false
03-24 21:50:33.465  1989  1989 D DCT     : [0]NETWORK_STATE_CHANGED_ACTION: mIsWifiConnected=false
03-24 21:50:33.681  1989  1989 D DCT     : [0]NETWORK_STATE_CHANGED_ACTION: mIsWifiConnected=false
03-24 21:50:33.684  1989  1989 D DCT     : [0]NETWORK_STATE_CHANGED_ACTION: mIsWifiConnected=false
03-24 21:50:33.785  1989  1989 D DCT     : [0]NETWORK_STATE_CHANGED_ACTION: mIsWifiConnected=false
03-24 21:50:33.816  1989  1989 D DCT     : [0]NETWORK_STATE_CHANGED_ACTION: mIsWifiConnected=false
03-24 21:50:33.965  1989  1989 D DCT     : [0]NETWORK_STATE_CHANGED_ACTION: mIsWifiConnected=false
03-24 21:50:34.040  1989  1989 D DCT     : [0]NETWORK_STATE_CHANGED_ACTION: mIsWifiConnected=true
03-24 21:50:34.047  1989  1989 D DCT     : [0]NETWORK_STATE_CHANGED_ACTION: mIsWifiConnected=true
03-24 21:50:34.282  1989  5008 D DCT     : [0]setPolicyDataEnabled: true
03-24 21:50:34.299  1989  1998 D DCT     : [0]setPolicyDataEnabled: true
03-24 21:50:34.681  1989  1989 D RILJ    : [3880]> RIL_REQUEST_GET_ACTIVITY_INFO [SUB0]
03-24 21:50:34.683  1406  1653 D RIL     : onRequest: <unknown request>
03-24 21:50:34.683  1406  1653 D RIL     : Request not supported. Tech: 0
03-24 21:50:34.683  1989  2114 D RILJ    : [3880]< RIL_REQUEST_GET_ACTIVITY_INFO ModemActivityInfo{ mTimestamp=0 mSleepTimeMs=0 mIdleTimeMs=0 mTxTimeMs[]=[0, 0, 0, 0, 0] mRxTimeMs=0 mEnergyUsed=0} [SUB0]
03-24 21:50:34.890  1989  1989 D TelephonyNetworkFactory[0]: onReleaseNetworkFor NetworkRequest [ REQUEST id=1, [ Capabilities: INTERNET&NOT_RESTRICTED&TRUSTED&NOT_VPN] ]
03-24 21:50:34.891  1989  1989 D DCT     : [0]onEnableApn: apnContext={mApnType=default mState=IDLE mWaitingApns={[[ApnSettingV3] T-Mobile US, 1, 310260, epc.tmobile.com, , http://mms.msg.eng.t-mobile.com/mms/wapenc, , , , -1, *, IP, IP, true, 0, 0, 0, false, 0, 0, 0, 0, , , false]} mApnSetting={[ApnSettingV3] T-Mobile US, 1, 310260, epc.tmobile.com, , http://mms.msg.eng.t-mobile.com/mms/wapenc, , , , -1, *, IP, IP, true, 0, 0, 0, false, 0, 0, 0, 0, , , false} mReason=simLoaded mDataEnabled=true mDependencyMet=true} call applyNewState
03-24 21:50:34.891  1989  1989 D DCT     : [0]applyNewState(default, false(true), true(true))
03-24 21:50:34.928  1989  4961 D DCT     : [0]setPolicyDataEnabled: true
03-24 21:50:34.949  1989  2182 D RILJ    : [3881]> RIL_REQUEST_GET_CELL_INFO_LIST [SUB0]
03-24 21:50:34.951  1406  1653 D RIL     : onRequest: GET_CELL_INFO_LIST
03-24 21:50:34.951  1406  1653 D RILC    : responseCellInfoList: v12
03-24 21:50:34.951  1406  1653 E RILC    : responseCellInfoList: invalid response length 64 expected multiple of 68
03-24 21:50:34.951  1406  1653 E RILC    : responseFunction error, ret -1
03-24 21:50:34.951  1989  2114 D RilRequest: [3881]< RIL_REQUEST_GET_CELL_INFO_LIST error: com.android.internal.telephony.CommandException: INVALID_RESPONSE ret=
03-24 21:50:34.952  1989  1989 D SST     : EVENT_GET_CELL_INFO_LIST: error ret null, e=com.android.internal.telephony.CommandException: INVALID_RESPONSE
03-24 21:50:34.959  1989  2182 D SST     : SST.getAllCellInfo(): X size=0 list=null
03-24 21:50:34.968  1989  2186 D SST     : SST.getAllCellInfo(): return last, back to back calls
03-24 21:50:34.968  1989  2186 D SST     : SST.getAllCellInfo(): X size=0 list=null
03-24 21:50:35.015  1989  5008 D DCT     : [0]setPolicyDataEnabled: true
03-24 21:50:35.025  1989  2186 D DCT     : [0]setPolicyDataEnabled: true
03-24 21:50:35.068  1989  2200 D SST     : SST.getAllCellInfo(): return last, back to back calls
03-24 21:50:35.068  1989  2200 D SST     : SST.getAllCellInfo(): X size=0 list=null
03-24 21:50:36.595  1989  1997 D SST     : getCellLocation(): X good mCellLoc=[3,91,-1]
03-24 21:50:37.562  1989  1989 D DCT     : [0]NETWORK_STATE_CHANGED_ACTION: mIsWifiConnected=false
03-24 21:50:37.564  1989  1989 D DCT     : [0]NETWORK_STATE_CHANGED_ACTION: mIsWifiConnected=false
03-24 21:50:37.577  1989  1989 D DCT     : [0]NETWORK_STATE_CHANGED_ACTION: mIsWifiConnected=false
03-24 21:50:37.578  1989  2182 D DCT     : [0]setPolicyDataEnabled: true
03-24 21:50:37.583  1989  1989 D DCT     : [0]Wifi state changed
03-24 21:50:37.583  1989  1989 D DCT     : [0]WIFI_STATE_CHANGED_ACTION: enabled=false mIsWifiConnected=false
03-24 21:50:37.599  1989  1989 D TelephonyNetworkFactory[0]: onNeedNetworkFor NetworkRequest [ REQUEST id=1, [ Capabilities: INTERNET&NOT_RESTRICTED&TRUSTED&NOT_VPN] ]
03-24 21:50:37.600  1989  1989 D DCT     : [0]onEnableApn: apnContext={mApnType=default mState=IDLE mWaitingApns={[[ApnSettingV3] T-Mobile US, 1, 310260, epc.tmobile.com, , http://mms.msg.eng.t-mobile.com/mms/wapenc, , , , -1, *, IP, IP, true, 0, 0, 0, false, 0, 0, 0, 0, , , false]} mApnSetting={[ApnSettingV3] T-Mobile US, 1, 310260, epc.tmobile.com, , http://mms.msg.eng.t-mobile.com/mms/wapenc, , , , -1, *, IP, IP, true, 0, 0, 0, false, 0, 0, 0, 0, , , false} mReason=dataDisabled mDataEnabled=false mDependencyMet=true} call applyNewState
03-24 21:50:37.600  1989  1989 D DCT     : [0]applyNewState(default, true(false), true(true))
03-24 21:50:37.600  1989  1989 D DCT     : [0]trySetupData for type:default due to dataEnabled, mIsPsRestricted=false
03-24 21:50:37.634  1989  1989 D DCT     : [0]isEmergency: result=false
03-24 21:50:37.634  1989  1989 D DCT     : [0]trySetupData failed. apnContext = [type=default, mState=IDLE, mDataEnabled=true, mDependencyMet=true] isDataEnabled(true) = false. isInternalDataEnabled = true, userDataEnabled = false, isPolicyDataEnabled = true, isCarrierDataEnabled = true
03-24 21:50:37.893  1989  4961 D DCT     : [0]setPolicyDataEnabled: true
03-24 21:50:37.901  1989  2182 D RILJ    : [3882]> RIL_REQUEST_GET_CELL_INFO_LIST [SUB0]
03-24 21:50:37.901  1406  1653 D RIL     : onRequest: GET_CELL_INFO_LIST
03-24 21:50:37.902  1406  1653 D RILC    : responseCellInfoList: v12
03-24 21:50:37.902  1406  1653 E RILC    : responseCellInfoList: invalid response length 64 expected multiple of 68
03-24 21:50:37.902  1406  1653 E RILC    : responseFunction error, ret -1
03-24 21:50:37.902  1989  2114 D RilRequest: [3882]< RIL_REQUEST_GET_CELL_INFO_LIST error: com.android.internal.telephony.CommandException: INVALID_RESPONSE ret=
03-24 21:50:37.902  1989  1989 D SST     : EVENT_GET_CELL_INFO_LIST: error ret null, e=com.android.internal.telephony.CommandException: INVALID_RESPONSE
03-24 21:50:37.902  1989  2182 D SST     : SST.getAllCellInfo(): X size=0 list=null
03-24 21:50:37.910  1989  5176 D SST     : SST.getAllCellInfo(): return last, back to back calls
03-24 21:50:37.910  1989  5176 D SST     : SST.getAllCellInfo(): X size=0 list=null
03-24 21:50:37.917  1989  5008 D SST     : SST.getAllCellInfo(): return last, back to back calls
03-24 21:50:37.917  1989  5008 D SST     : SST.getAllCellInfo(): X size=0 list=null
03-24 21:50:38.001  1989  1989 D DCT     : [0]Wifi state changed
03-24 21:50:38.001  1989  1989 D DCT     : [0]WIFI_STATE_CHANGED_ACTION: enabled=false mIsWifiConnected=false
03-24 21:50:39.064  1989  1989 D RILJ    : [3883]> SIGNAL_STRENGTH [SUB0]
03-24 21:50:39.065  1989  1989 D RILJ    : [3884]> SIGNAL_STRENGTH [SUB0]
03-24 21:50:39.065  1406  1653 D RIL     : onRequest: SIGNAL_STRENGTH
03-24 21:50:39.065  1406  1653 D AT      : AT> AT+CSQ
03-24 21:50:39.065  1406  1655 D AT      : AT< +CSQ: 12,4,90,120,80,120,4,90,100,10,30,7,200
03-24 21:50:39.065  1406  1655 D AT      : AT< OK
03-24 21:50:39.065  1406  1653 D RIL     : onRequest: SIGNAL_STRENGTH
03-24 21:50:39.065  1406  1653 D AT      : AT> AT+CSQ
03-24 21:50:39.066  1989  2114 D RILJ    : [3883]< SIGNAL_STRENGTH SignalStrength: 12 4 90 120 80 120 4 90 100 10 30 7 2147483647 gsm|lte [SUB0]
03-24 21:50:39.066  1406  1655 D AT      : AT< +CSQ: 12,4,90,120,80,120,4,90,100,10,30,7,200
03-24 21:50:39.066  1406  1655 D AT      : AT< OK
03-24 21:50:39.066  1989  2114 D RILJ    : [3884]< SIGNAL_STRENGTH SignalStrength: 12 4 90 120 80 120 4 90 100 10 30 7 2147483647 gsm|lte [SUB0]
03-24 21:50:44.398  1989  2199 D SubscriptionController: [getPhoneId] asked for default subId=1
03-24 21:50:44.410  1989  2182 D RILJ    : [3885]> RIL_REQUEST_GET_CELL_INFO_LIST [SUB0]
03-24 21:50:44.411  1406  1653 D RIL     : onRequest: GET_CELL_INFO_LIST
03-24 21:50:44.411  1406  1653 D RILC    : responseCellInfoList: v12
03-24 21:50:44.411  1406  1653 E RILC    : responseCellInfoList: invalid response length 64 expected multiple of 68
03-24 21:50:44.411  1406  1653 E RILC    : responseFunction error, ret -1
03-24 21:50:44.411  1989  2114 D RilRequest: [3885]< RIL_REQUEST_GET_CELL_INFO_LIST error: com.android.internal.telephony.CommandException: INVALID_RESPONSE ret=
03-24 21:50:44.411  1989  1989 D SST     : EVENT_GET_CELL_INFO_LIST: error ret null, e=com.android.internal.telephony.CommandException: INVALID_RESPONSE
03-24 21:50:44.412  1989  2182 D SST     : SST.getAllCellInfo(): X size=0 list=null
03-24 21:50:44.412  1989  4949 D SST     : SST.getAllCellInfo(): return last, back to back calls
03-24 21:50:44.412  1989  4949 D SST     : SST.getAllCellInfo(): X size=0 list=null
03-24 21:50:44.414  1989  5008 D SST     : SST.getAllCellInfo(): return last, back to back calls
03-24 21:50:44.414  1989  5008 D SST     : SST.getAllCellInfo(): X size=0 list=null
03-24 21:50:44.417  1989  4961 D SST     : SST.getAllCellInfo(): return last, back to back calls
03-24 21:50:44.417  1989  4961 D SST     : SST.getAllCellInfo(): X size=0 list=null
03-24 21:50:45.621  1989  1989 D RILJ    : [3886]> SIGNAL_STRENGTH [SUB0]
03-24 21:50:45.624  1406  1653 D RIL     : onRequest: SIGNAL_STRENGTH
03-24 21:50:45.624  1406  1653 D AT      : AT> AT+CSQ
03-24 21:50:45.625  1406  1655 D AT      : AT< +CSQ: 12,4,90,120,80,120,4,90,100,10,30,7,200
03-24 21:50:45.625  1406  1655 D AT      : AT< OK
03-24 21:50:45.625  1989  2114 D RILJ    : [3886]< SIGNAL_STRENGTH SignalStrength: 12 4 90 120 80 120 4 90 100 10 30 7 2147483647 gsm|lte [SUB0]
