03-24 21:48:14.220  1989  1989 D SST     : mDeviceShuttingDown=false, mDesiredPowerState=true, getRadioState=RADIO_ON, mPowerOffDelayNeed=true, mAlarmSwitch=false, mRadioDisabledByCarrier=false
03-24 21:48:14.221  1989  1998 D RILJ    : [3736]> RIL_REQUEST_GET_CELL_INFO_LIST [SUB0]
03-24 21:48:14.221  1989  1989 D DCT     : [0]getDataEnabled during provisioning retVal=true - (true, 1)
03-24 21:48:14.221  1406  1653 D RIL     : onRequest: GET_CELL_INFO_LIST
03-24 21:48:14.221  1406  1653 D RILC    : responseCellInfoList: v12
03-24 21:48:14.221  1406  1653 E RILC    : responseCellInfoList: invalid response length 64 expected multiple of 68
03-24 21:48:14.221  1406  1653 E RILC    : responseFunction error, ret -1
03-24 21:48:14.221  1989  1989 D GsmCdmaPhone: [GsmCdmaPhone] updateCurrentCarrierInProvider: mSubId = 1 currentDds = -1 operatorNumeric = 310260
03-24 21:48:14.221  1989  2114 D RilRequest: [3736]< RIL_REQUEST_GET_CELL_INFO_LIST error: com.android.internal.telephony.CommandException: INVALID_RESPONSE ret=
03-24 21:48:14.221  1989  1989 D SubscriptionController: [broadcastDefaultDataSubIdChanged] subId=1
03-24 21:48:14.222  1989  1989 D SubscriptionController: [setDefaultSmsSubId] subId=1
03-24 21:48:14.222  1989  1989 D SubscriptionController: [broadcastDefaultSmsSubIdChanged] subId=1
03-24 21:48:14.222  1989  1989 D SubscriptionController: [setDefaultVoiceSubId] subId=1
03-24 21:48:14.222  1989  1989 D SubscriptionController: [broadcastDefaultVoiceSubIdChanged] subId=1
03-24 21:48:14.223  1989  1989 D SubscriptionController: [addSubInfoRecord] hashmap(0,1)
03-24 21:48:14.232  1989  1989 D SubscriptionController: [addSubInfoRecord] sim name = Android
03-24 21:48:14.233  1989  1989 D DCT     : [0]update sub = 1
03-24 21:48:14.233  1989  1989 D DCT     : [0]update(): Active DDS, register for all events now!
03-24 21:48:14.233  1989  1989 D DCT     : [0]getDataEnabled during provisioning retVal=true - (true, 1)
03-24 21:48:14.233  1989  1989 D GsmCdmaPhone: [GsmCdmaPhone] updateCurrentCarrierInProvider: mSubId = 1 currentDds = 1 operatorNumeric = 310260
03-24 21:48:14.241  1989  1989 D SubscriptionController: [addSubInfoRecord]- info size=1
03-24 21:48:14.241  1989  1989 D SubscriptionInfoUpdater: newSim = true
03-24 21:48:14.241  1989  1989 D SubscriptionInfoUpdater: updateSubscriptionInfoByIccId: sInsertSimState[0] = -2
03-24 21:48:14.246  1989  1989 D SubscriptionInfoUpdater: updateSubscriptionInfoByIccId: nSubCount = 1
03-24 21:48:14.247  1989  1989 D SubscriptionController: [setDefaultDataSubId] num phones=1, subId=1
03-24 21:48:14.247  1989  1989 D SubscriptionController: [setDefaultDataSubId] phoneId=0 subId=1 RAF=1
03-24 21:48:14.247  1989  1989 D ProxyController: setRadioCapability: Already in requested configuration, nothing to do.
03-24 21:48:14.247  1989  1989 D SubscriptionController: [updateAllDataConnectionTrackers] sPhones.length=1
03-24 21:48:14.247  1989  1989 D SubscriptionController: [updateAllDataConnectionTrackers] phoneId=0
03-24 21:48:14.247  1989  1989 D DCT     : [0]update sub = 1
03-24 21:48:14.247  1989  1989 D DCT     : [0]update(): Active DDS, register for all events now!
03-24 21:48:14.247  1989  1989 D DCT     : [0]getDataEnabled during provisioning retVal=true - (true, 1)
03-24 21:48:14.248  1989  1989 D GsmCdmaPhone: [GsmCdmaPhone] updateCurrentCarrierInProvider: mSubId = 1 currentDds = 1 operatorNumeric = 310260
03-24 21:48:14.269  1989  1989 D SubscriptionController: [broadcastDefaultDataSubIdChanged] subId=1
03-24 21:48:14.270  1989  1989 D SubscriptionController: notifySubscriptionInfoChanged:
03-24 21:48:14.270  1989  1997 D SubscriptionMonitor: Phone[0] subId changed -2->1, 1 registrants
03-24 21:48:14.271  1989  1989 D SubscriptionInfoUpdater: updateSubscriptionInfoByIccId:- SsubscriptionInfo update complete
03-24 21:48:14.282  1989  1989 D SubscriptionController: [setMccMnc]+ mcc/mnc:310/260 subId:1
03-24 21:48:14.290  1989  1989 D SubscriptionController: notifySubscriptionInfoChanged:
03-24 21:48:14.301  1989  1989 D SubscriptionController: [getActiveSubscriptionInfo]+ subId=1 subInfo={id=1, iccId=89014103211118510720 simSlotIndex=0 displayName=Android carrierName= nameSource=0 iconTint=-16746133 dataRoaming=0 iconBitmap=android.graphics.Bitmap@2cb210f mcc 310 mnc 260}
03-24 21:48:14.301  1989  1989 D SubscriptionInfoUpdater: sim name = Android
03-24 21:48:14.315  1989  1989 D Phone   : setPreferredNetworkType: Abort, unknown RAF: 1 101902
03-24 21:48:14.315  1989  1989 D RILJ    : [3737]> QUERY_NETWORK_SELECTION_MODE [SUB0]
03-24 21:48:14.315  1406  1653 D RIL     : onRequest: QUERY_NETWORK_SELECTION_MODE
03-24 21:48:14.315  1406  1653 D AT      : AT> AT+COPS?
03-24 21:48:14.316  1406  1655 D AT      : AT< +COPS: 0,2,310260
03-24 21:48:14.316  1406  1655 D AT      : AT< OK
03-24 21:48:14.316  1989  2114 D RILJ    : [3737]< QUERY_NETWORK_SELECTION_MODE {0} [SUB0]
03-24 21:48:14.317  1989  1989 D SubscriptionInfoUpdater: Broadcasting intent ACTION_SIM_STATE_CHANGED LOADED reason null for mCardIndex: 0
03-24 21:48:14.357  1989  1989 D SubscriptionController: [getActiveSubscriptionInfo]+ subId=1 subInfo={id=1, iccId=89014103211118510720 simSlotIndex=0 displayName=Android carrierName= nameSource=0 iconTint=-16746133 dataRoaming=0 iconBitmap=android.graphics.Bitmap@13c8b7a mcc 310 mnc 260}
03-24 21:48:14.360  1989  1989 D DCT     : [0]Wifi state changed
03-24 21:48:14.360  1989  1989 D DCT     : [0]WIFI_STATE_CHANGED_ACTION: enabled=true mIsWifiConnected=false
03-24 21:48:14.360  1989  1989 D DCT     : [0]onRecordsLoadedOrSubIdChanged: createAllApnList
03-24 21:48:14.360  1989  1989 D DCT     : [0]createAllApnList: selection=numeric = '310260'
03-24 21:48:14.363  1989  1989 D DCT     : [0]createApnList: X result=[[ApnSettingV3] T-Mobile US, 1, 310260, epc.tmobile.com, , http://mms.msg.eng.t-mobile.com/mms/wapenc, , , , -1, *, IP, IP, true, 0, 0, 0, false, 0, 0, 0, 0, , , false]
03-24 21:48:14.369  1989  1989 D DCT     : [0]getPreferredApn: mRequestedApnType=default cursor=android.content.ContentResolver$CursorWrapperInner@456aa5d cursor.count=0
03-24 21:48:14.370  1989  1989 D DCT     : [0]getPreferredApn: X not found
03-24 21:48:14.370  1989  1989 D DCT     : [0]createAllApnList: mPreferredApn=null
03-24 21:48:14.370  1989  1989 D DCT     : [0]createAllApnList: X mAllApnSettings=[[ApnSettingV3] T-Mobile US, 1, 310260, epc.tmobile.com, , http://mms.msg.eng.t-mobile.com/mms/wapenc, , , , -1, *, IP, IP, true, 0, 0, 0, false, 0, 0, 0, 0, , , false]
03-24 21:48:14.370  1989  1989 D DCT     : [0]setDataProfilesAsNeeded
03-24 21:48:14.370  1989  1989 D DCT     : [0]setInitialApn: E mPreferredApn=null
03-24 21:48:14.370  1989  1989 D DCT     : [0]setInitialApn: firstApnSetting=[ApnSettingV3] T-Mobile US, 1, 310260, epc.tmobile.com, , http://mms.msg.eng.t-mobile.com/mms/wapenc, , , , -1, *, IP, IP, true, 0, 0, 0, false, 0, 0, 0, 0, , , false
03-24 21:48:14.370  1989  1989 D DCT     : [0]setInitialApn: defaultApnSetting=[ApnSettingV3] T-Mobile US, 1, 310260, epc.tmobile.com, , http://mms.msg.eng.t-mobile.com/mms/wapenc, , , , -1, *, IP, IP, true, 0, 0, 0, false, 0, 0, 0, 0, , , false
03-24 21:48:14.370  1989  1989 D DCT     : [0]setInitialAttachApn: using defaultApnSetting
03-24 21:48:14.370  1989  1989 D DCT     : [0]setInitialAttachApn: X selected Apn=[ApnSettingV3] T-Mobile US, 1, 310260, epc.tmobile.com, , http://mms.msg.eng.t-mobile.com/mms/wapenc, , , , -1, *, IP, IP, true, 0, 0, 0, false, 0, 0, 0, 0, , , false
03-24 21:48:14.370  1989  1989 D RILJ    : Set RIL_REQUEST_SET_INITIAL_ATTACH_APN [SUB0]
03-24 21:48:14.370  1989  1989 D RILJ    : [3738]> RIL_REQUEST_SET_INITIAL_ATTACH_APN, apn:epc.tmobile.com, protocol:IP, authType:-1, username:none, password:none [SUB0]
03-24 21:48:14.370  1989  1989 D DCT     : [0]onRecordsLoadedOrSubIdChanged: notifying data availability
03-24 21:48:14.370  1406  1653 D RIL     : onRequest: RIL_REQUEST_SET_INITIAL_ATTACH_APN
03-24 21:48:14.370  1406  1653 D RIL     : Request not supported. Tech: 0
03-24 21:48:14.370  1989  2114 D RilRequest: [3738]< RIL_REQUEST_SET_INITIAL_ATTACH_APN error: com.android.internal.telephony.CommandException: REQUEST_NOT_SUPPORTED ret=
03-24 21:48:14.371  1700  1712 D TelephonyRegistry: Notify data connection state changed on sub: 1
03-24 21:48:14.373  1989  2182 D DCT     : [0]getDataEnabled during provisioning retVal=true - (true, 1)
03-24 21:48:14.377  1989  1989 D DCT     : [0]setupDataOnConnectableApns: simLoaded hipri:[state=IDLE,enabled=false] mms:[state=IDLE,enabled=false] supl:[state=IDLE,enabled=false] ia:[state=IDLE,enabled=false] fota:[state=IDLE,enabled=false] ims:[state=IDLE,enabled=false] cbs:[state=IDLE,enabled=false] default:[state=IDLE,enabled=false] emergency:[state=IDLE,enabled=false] 
03-24 21:48:14.385  1989  1989 D SubscriptionController: [getActiveSubscriptionInfo]+ subId=1 subInfo={id=1, iccId=89014103211118510720 simSlotIndex=0 displayName=Android carrierName= nameSource=0 iconTint=-16746133 dataRoaming=0 iconBitmap=android.graphics.Bitmap@ccfe7a0 mcc 310 mnc 260}
03-24 21:48:14.409  1989  1989 D SST     : EVENT_GET_CELL_INFO_LIST: error ret null, e=com.android.internal.telephony.CommandException: INVALID_RESPONSE
03-24 21:48:14.409  1989  1989 D SubscriptionMonitor: Default changed -1->1
03-24 21:48:14.409  1989  1998 D SST     : SST.getAllCellInfo(): X size=0 list=null
03-24 21:48:14.410  1989  1989 D SubscriptionMonitor: newDefaultDataPhoneId=0
03-24 21:48:14.410  1989  1989 D SubscriptionMonitor: Default phoneId changed -1->0, 0,1 registrants
03-24 21:48:14.410  1989  1989 D DCT     : [0]NETWORK_STATE_CHANGED_ACTION: mIsWifiConnected=false
03-24 21:48:14.410  1989  1989 D SST     : SubscriptionListener.onSubscriptionInfoChanged
03-24 21:48:14.410  1989  2200 D SST     : SST.getAllCellInfo(): return last, back to back calls
03-24 21:48:14.411  1989  2200 D SST     : SST.getAllCellInfo(): X size=0 list=null
03-24 21:48:14.411  1989  1989 D PhoneFactory: calculatePreferredNetworkType: phoneSubId = 1 networkType = 0
03-24 21:48:14.411  1989  1989 D Phone   : setPreferredNetworkType: Abort, unknown RAF: 1 101902
03-24 21:48:14.414  1989  1989 D Phone   : setNetworkSelectionModeAutomatic, querying current mode
03-24 21:48:14.414  1989  1989 D RILJ    : [3739]> QUERY_NETWORK_SELECTION_MODE [SUB0]
03-24 21:48:14.414  1989  1989 D TelephonyManager: setTelephonyProperty: success phoneId=0 property=gsm.network.type value: LTE propVal=LTE
03-24 21:48:14.415  1406  1653 D RIL     : onRequest: QUERY_NETWORK_SELECTION_MODE
03-24 21:48:14.415  1406  1653 D AT      : AT> AT+COPS?
03-24 21:48:14.415  1406  1655 D AT      : AT< +COPS: 0,2,310260
03-24 21:48:14.415  1406  1655 D AT      : AT< OK
03-24 21:48:14.416  1989  2114 D RILJ    : [3739]< QUERY_NETWORK_SELECTION_MODE {0} [SUB0]
03-24 21:48:14.416  1989  1989 D SubscriptionController: [setCarrierText]+ text:Android subId:1
03-24 21:48:14.425  1989  1989 D SubscriptionController: notifySubscriptionInfoChanged:
03-24 21:48:14.426  1989  1989 D SIMRecords: [SIMRecords] getServiceProviderName: no brandOverride, providerName=Android
03-24 21:48:14.426  1989  1989 D SIMRecords: [SIMRecords] getServiceProviderName: no brandOverride, providerName=Android
03-24 21:48:14.426  1989  1989 D SST     : updateSpnDisplay: changed sending intent rule=1 showPlmn='false' plmn='Android' showSpn='true' spn='Android' dataSpn='Android' subId='1'
03-24 21:48:14.427  1989  1989 D SubscriptionController: [setCarrierText]+ text:Android subId:1
03-24 21:48:14.436  1989  1989 D SubscriptionController: notifySubscriptionInfoChanged:
03-24 21:48:14.437  1989  1989 D SIMRecords: [SIMRecords]  VoiceMessageCount from SIM MWIS = 0
03-24 21:48:14.437  1989  1989 D GsmCdmaPhone: [GsmCdmaPhone] updateVoiceMail countVoiceMessages = 0 subId 1
03-24 21:48:14.437  1989  1989 D Phone   : setVoiceMessageCount: Storing Voice Mail Count = 0 for mVmCountKey = vm_count_key1 in preferences.
03-24 21:48:14.439  1989  1989 D DCT     : [0]SubscriptionListener.onSubscriptionInfoChanged
03-24 21:48:14.440  1989  1989 D DCT     : [0]onRecordsLoadedOrSubIdChanged: createAllApnList
03-24 21:48:14.440  1989  1989 D DCT     : [0]createAllApnList: selection=numeric = '310260'
03-24 21:48:14.442  1989  1989 D DCT     : [0]createApnList: X result=[[ApnSettingV3] T-Mobile US, 1, 310260, epc.tmobile.com, , http://mms.msg.eng.t-mobile.com/mms/wapenc, , , , -1, *, IP, IP, true, 0, 0, 0, false, 0, 0, 0, 0, , , false]
03-24 21:48:14.449  1989  1989 D DCT     : [0]getPreferredApn: mRequestedApnType=default cursor=android.content.ContentResolver$CursorWrapperInner@8aa2bf6 cursor.count=0
03-24 21:48:14.449  1989  1989 D DCT     : [0]getPreferredApn: X not found
03-24 21:48:14.449  1989  1989 D DCT     : [0]createAllApnList: mPreferredApn=null
03-24 21:48:14.449  1989  1989 D DCT     : [0]createAllApnList: X mAllApnSettings=[[ApnSettingV3] T-Mobile US, 1, 310260, epc.tmobile.com, , http://mms.msg.eng.t-mobile.com/mms/wapenc, , , , -1, *, IP, IP, true, 0, 0, 0, false, 0, 0, 0, 0, , , false]
03-24 21:48:14.449  1989  1989 D DCT     : [0]setDataProfilesAsNeeded
03-24 21:48:14.449  1989  1989 D DCT     : [0]setInitialApn: E mPreferredApn=null
03-24 21:48:14.449  1989  1989 D DCT     : [0]setInitialApn: firstApnSetting=[ApnSettingV3] T-Mobile US, 1, 310260, epc.tmobile.com, , http://mms.msg.eng.t-mobile.com/mms/wapenc, , , , -1, *, IP, IP, true, 0, 0, 0, false, 0, 0, 0, 0, , , false
03-24 21:48:14.449  1989  1989 D DCT     : [0]setInitialApn: defaultApnSetting=[ApnSettingV3] T-Mobile US, 1, 310260, epc.tmobile.com, , http://mms.msg.eng.t-mobile.com/mms/wapenc, , , , -1, *, IP, IP, true, 0, 0, 0, false, 0, 0, 0, 0, , , false
03-24 21:48:14.449  1989  1989 D DCT     : [0]setInitialAttachApn: using defaultApnSetting
03-24 21:48:14.449  1989  1989 D DCT     : [0]setInitialAttachApn: X selected Apn=[ApnSettingV3] T-Mobile US, 1, 310260, epc.tmobile.com, , http://mms.msg.eng.t-mobile.com/mms/wapenc, , , , -1, *, IP, IP, true, 0, 0, 0, false, 0, 0, 0, 0, , , false
03-24 21:48:14.449  1989  1989 D RILJ    : Set RIL_REQUEST_SET_INITIAL_ATTACH_APN [SUB0]
03-24 21:48:14.449  1989  1989 D RILJ    : [3740]> RIL_REQUEST_SET_INITIAL_ATTACH_APN, apn:epc.tmobile.com, protocol:IP, authType:-1, username:none, password:none [SUB0]
03-24 21:48:14.449  1989  1989 D DCT     : [0]onRecordsLoadedOrSubIdChanged: notifying data availability
03-24 21:48:14.450  1406  1653 D RIL     : onRequest: RIL_REQUEST_SET_INITIAL_ATTACH_APN
03-24 21:48:14.450  1406  1653 D RIL     : Request not supported. Tech: 0
03-24 21:48:14.450  1989  2114 D RilRequest: [3740]< RIL_REQUEST_SET_INITIAL_ATTACH_APN error: com.android.internal.telephony.CommandException: REQUEST_NOT_SUPPORTED ret=
03-24 21:48:14.456  1989  1989 D DCT     : [0]setupDataOnConnectableApns: simLoaded hipri:[state=IDLE,enabled=false] mms:[state=IDLE,enabled=false] supl:[state=IDLE,enabled=false] ia:[state=IDLE,enabled=false] fota:[state=IDLE,enabled=false] ims:[state=IDLE,enabled=false] cbs:[state=IDLE,enabled=false] default:[state=IDLE,enabled=false] emergency:[state=IDLE,enabled=false] 
03-24 21:48:14.458  1989  1989 D TelephonyNetworkFactory[0]: onSubIdChange -2->1
03-24 21:48:14.458  1989  1989 D PhoneSwitcher: evaluating due to subChanged default -1->1 phone[0] -2->1
03-24 21:48:14.458  1989  1989 D PhoneSwitcher: activate 0
03-24 21:48:14.458  1989  1989 D RILJ    : [3741]> RIL_REQUEST_ALLOW_DATA allowed: true [SUB0]
03-24 21:48:14.458  1406  1653 D RIL     : onRequest: ALLOW_DATA
03-24 21:48:14.458  1406  1653 D RIL     : Request not supported. Tech: 0
03-24 21:48:14.458  1989  2114 D RilRequest: [3741]< RIL_REQUEST_ALLOW_DATA error: com.android.internal.telephony.CommandException: REQUEST_NOT_SUPPORTED ret=
03-24 21:48:14.460  1989  2200 D DCT     : [0]getDataEnabled during provisioning retVal=true - (true, 1)
03-24 21:48:14.475  1989  1989 D SubscriptionController: [getActiveSubscriptionInfo]+ subId=1 subInfo={id=1, iccId=89014103211118510720 simSlotIndex=0 displayName=Android carrierName=Android nameSource=0 iconTint=-16746133 dataRoaming=0 iconBitmap=android.graphics.Bitmap@4b6c3ce mcc 310 mnc 260}
03-24 21:48:14.483  1989  1989 D SST     : SubscriptionListener.onSubscriptionInfoChanged
03-24 21:48:14.483  1989  1989 D DCT     : [0]SubscriptionListener.onSubscriptionInfoChanged
03-24 21:48:14.502  1989  1989 D SubscriptionController: [getActiveSubscriptionInfo]+ subId=1 subInfo={id=1, iccId=89014103211118510720 simSlotIndex=0 displayName=Android carrierName=Android nameSource=0 iconTint=-16746133 dataRoaming=0 iconBitmap=android.graphics.Bitmap@8137ea6 mcc 310 mnc 260}
03-24 21:48:14.510  1989  1989 D SubscriptionInfoUpdater: [Receiver]+
03-24 21:48:14.510  1989  1989 D SubscriptionInfoUpdater: Action: android.intent.action.SIM_STATE_CHANGED
03-24 21:48:14.510  1989  1989 D SubscriptionInfoUpdater: slotId: 0
03-24 21:48:14.510  1989  1989 D SubscriptionInfoUpdater: simStatus: LOADED
03-24 21:48:14.510  1989  1989 D SubscriptionInfoUpdater: Ignoring simStatus: LOADED
03-24 21:48:14.510  1989  1989 D SubscriptionInfoUpdater: [Receiver]-
03-24 21:48:14.525  1989  2182 D DCT     : [0]getDataEnabled during provisioning retVal=true - (true, 1)
03-24 21:48:14.534  1989  1989 D TelephonyNetworkFactory[0]: onDefaultChange(false,true)
03-24 21:48:14.534  1989  1989 D Phone   : setNetworkSelectionModeAutomatic - already auto, ignoring
03-24 21:48:14.549  1989  1989 D SST     : SubscriptionListener.onSubscriptionInfoChanged
03-24 21:48:14.549  1989  1989 D DCT     : [0]SubscriptionListener.onSubscriptionInfoChanged
03-24 21:48:14.558  1989  1989 D SubscriptionController: [getActiveSubscriptionInfo]+ subId=1 subInfo={id=1, iccId=89014103211118510720 simSlotIndex=0 displayName=Android carrierName=Android nameSource=0 iconTint=-16746133 dataRoaming=0 iconBitmap=android.graphics.Bitmap@9069ac4 mcc 310 mnc 260}
03-24 21:48:14.565  1989  1989 D SST     : SubscriptionListener.onSubscriptionInfoChanged
03-24 21:48:14.565  1989  1989 D DCT     : [0]SubscriptionListener.onSubscriptionInfoChanged
03-24 21:48:14.583  1989  1989 D SubscriptionController: [getActiveSubscriptionInfo]+ subId=1 subInfo={id=1, iccId=89014103211118510720 simSlotIndex=0 displayName=Android carrierName=Android nameSource=0 iconTint=-16746133 dataRoaming=0 iconBitmap=android.graphics.Bitmap@6012448 mcc 310 mnc 260}
03-24 21:48:14.591  1989  1989 D TelephonyNetworkFactory[0]: onActivePhoneSwitch(true, true)
03-24 21:48:14.595  1989  1989 D SubscriptionController: [getActiveSubscriptionInfo]+ subId=1 subInfo={id=1, iccId=89014103211118510720 simSlotIndex=0 displayName=Android carrierName=Android nameSource=0 iconTint=-16746133 dataRoaming=0 iconBitmap=android.graphics.Bitmap@39faec7 mcc 310 mnc 260}
03-24 21:48:14.600  1989  1989 D DCT     : [0]onEnableApn: apnContext={mApnType=default mState=IDLE mWaitingApns={null} mApnSetting={null} mReason=radioTurnedOff mDataEnabled=false mDependencyMet=true} call applyNewState
03-24 21:48:14.600  1989  1989 D DCT     : [0]applyNewState(default, true(false), true(true))
03-24 21:48:14.601  1989  1989 D DCT     : [0]trySetupData for type:default due to dataEnabled, mIsPsRestricted=false
03-24 21:48:14.601  1989  1989 D DCT     : [0]isEmergency: result=false
03-24 21:48:14.601  1989  1989 D DCT     : [0]buildWaitingApns: E requestedApnType=default
03-24 21:48:14.602  1989  1989 D DCT     : [0]getPreferredApn: mRequestedApnType=default cursor=android.content.ContentResolver$CursorWrapperInner@76c7c1d cursor.count=0
03-24 21:48:14.603  1989  1989 D DCT     : [0]getPreferredApn: X not found
03-24 21:48:14.603  1989  1989 D DCT     : [0]buildWaitingApns: usePreferred=true canSetPreferApn=true mPreferredApn=null operator=310260 radioTech=14 IccRecords r=SimRecords: mDestroyed=false mContext=com.android.phone.PhoneGlobals@c29c95b mCi=com.android.internal.telephony.RIL@f6cc1b2 mFh=Handler (com.android.internal.telephony.uicc.SIMFileHandler) {86a5f8} mParentApp=com.android.internal.telephony.uicc.UiccCardApplication@5b66ad1 recordsLoadedRegistrants=android.os.RegistrantList@1dd5936 mImsiReadyRegistrants=android.os.RegistrantList@231a037 mRecordsEventsRegistrants=android.os.RegistrantList@f7c29a4 mNewSmsRegistrants=android.os.RegistrantList@565e30d mNetworkSelectionModeAutomaticRegistrants=android.os.RegistrantList@9dd2c2 recordsToLoad=0 adnCache=Handler (com.android.internal.telephony.uicc.AdnRecordCache) {d7608d3} recordsRequested=true iccid=89014103211118510720 msisdnTag= voiceMailNum=[-MWU1cAlDrkXUZ8dpHi_wU_YOpU] voiceMailTag=Voicemail voiceMailNum=null newVoiceMailTag=null isVoiceMailFixed=false mImsi=310260[D1jVpVFfGoqdF5qliFi2ey-KM4g] mncLength=3 mailboxIndex=1 spn=Android mVmConfigcom.android.internal.telephony.uicc.VoiceMailConstants@8243c10 mSpnOverride=mSpnOverride callForwardingEnabled=0 spnState=IDLE mCphsInfo=[B@26fde92 mCspPlmnEnabled=true efMWIS=[B@65e7063 efCPHS_MWI=[B@c063460 mEfCff=[B@4d9bd19 mEfCfis=null getOperatorNumeric=310260
03-24 21:48:14.603  1989  1989 D DCT     : [0]buildWaitingApns: mAllApnSettings=[[ApnSettingV3] T-Mobile US, 1, 310260, epc.tmobile.com, , http://mms.msg.eng.t-mobile.com/mms/wapenc, , , , -1, *, IP, IP, true, 0, 0, 0, false, 0, 0, 0, 0, , , false]
03-24 21:48:14.603  1989  1989 D DCT     : [0]buildWaitingApns: adding apn=[ApnSettingV3] T-Mobile US, 1, 310260, epc.tmobile.com, , http://mms.msg.eng.t-mobile.com/mms/wapenc, , , , -1, *, IP, IP, true, 0, 0, 0, false, 0, 0, 0, 0, , , false
03-24 21:48:14.603  1989  1989 D DCT     : [0]buildWaitingApns: 1 APNs in the list: [[ApnSettingV3] T-Mobile US, 1, 310260, epc.tmobile.com, , http://mms.msg.eng.t-mobile.com/mms/wapenc, , , , -1, *, IP, IP, true, 0, 0, 0, false, 0, 0, 0, 0, , , false]
03-24 21:48:14.603  1989  1989 D RetryManager: [default] configure: 'default_randomization=2000,5000,10000,20000,40000,80000:5000,160000:5000,320000:5000,640000:5000,1280000:5000,1800000:5000'
03-24 21:48:14.603  1989  1989 D RetryManager: [default] Setting 1 waiting APNs.
03-24 21:48:14.603  1989  1989 D DCT     : [0]trySetupData: Create from mAllApnSettings : [[ApnSettingV3] T-Mobile US, 1, 310260, epc.tmobile.com, , http://mms.msg.eng.t-mobile.com/mms/wapenc, , , , -1, *, IP, IP, true, 0, 0, 0, false, 0, 0, 0, 0, , , false]
03-24 21:48:14.603  1989  1989 D DCT     : [0]setupData: apnContext={mApnType=default mState=IDLE mWaitingApns={[[ApnSettingV3] T-Mobile US, 1, 310260, epc.tmobile.com, , http://mms.msg.eng.t-mobile.com/mms/wapenc, , , , -1, *, IP, IP, true, 0, 0, 0, false, 0, 0, 0, 0, , , false]} mApnSetting={null} mReason=dataEnabled mDataEnabled=true mDependencyMet=true}
03-24 21:48:14.603  1989  1989 D DCT     : [0]checkForCompatibleConnectedApnContext: apnContext={mApnType=default mState=IDLE mWaitingApns={[[ApnSettingV3] T-Mobile US, 1, 310260, epc.tmobile.com, , http://mms.msg.eng.t-mobile.com/mms/wapenc, , , , -1, *, IP, IP, true, 0, 0, 0, false, 0, 0, 0, 0, , , false]} mApnSetting={null} mReason=dataEnabled mDataEnabled=true mDependencyMet=true}
03-24 21:48:14.603  1989  1989 D DCT     : [0]checkForCompatibleConnectedApnContext: NO conn apnContext={mApnType=default mState=IDLE mWaitingApns={[[ApnSettingV3] T-Mobile US, 1, 310260, epc.tmobile.com, , http://mms.msg.eng.t-mobile.com/mms/wapenc, , , , -1, *, IP, IP, true, 0, 0, 0, false, 0, 0, 0, 0, , , false]} mApnSetting={null} mReason=dataEnabled mDataEnabled=true mDependencyMet=true}
03-24 21:48:14.603  1989  1989 D DCT     : [0]isOnlySingleDcAllowed(14): false
03-24 21:48:14.603  1989  1989 D DCT     : [0]findFreeDataConnection: NO free DataConnection
03-24 21:48:14.603  1989  1989 D DCT     : [0]createDataConnection E
03-24 21:48:14.604  1989  1989 D DC-1    : DataConnection created
03-24 21:48:14.604  1989  2135 D DC-1    : DcDefaultState: enter
03-24 21:48:14.604  1989  2135 D SST     : notifyDataRegStateRilRadioTechnologyChanged: drs=0 rat=14
03-24 21:48:14.604  1989  2135 D TelephonyManager: setTelephonyProperty: success phoneId=0 property=gsm.network.type value: LTE propVal=LTE
03-24 21:48:14.604  1989  1989 D DC-1    : Made DC-1
03-24 21:48:14.604  1989  2135 D DC-1    : DcInactiveState: enter() mTag=1
03-24 21:48:14.604  1989  2135 D Dcc     : removeActiveDcByCid removedDc=null dc={DC-1: State=DcInactiveState mApnSetting=null RefCount=0 mCid=-1 mCreateTime=0 mLastastFailTime=0 mLastFailCause=null mTag=1 mLinkProperties={LinkAddresses: []  Routes: [] DnsAddresses: [] Domains: null MTU: 0} linkCapabilities=[ Transports: CELLULAR Capabilities: NOT_RESTRICTED&TRUSTED&NOT_VPN LinkUpBandwidth>=51200Kbps LinkDnBandwidth>=102400Kbps Specifier: <1>] mRestrictedNetworkOverride=false mApnContexts={}}
03-24 21:48:14.604  1989  2135 D DC-1    : clearSettings
03-24 21:48:14.604  1989  2135 D DC-1    : DcInactiveState nothandled msg.what=EVENT_DATA_CONNECTION_DRS_OR_RAT_CHANGED
03-24 21:48:14.604  1989  2135 D DC-1    : DcDefault msg=EVENT_DATA_CONNECTION_DRS_OR_RAT_CHANGED RefCount=0
03-24 21:48:14.604  1989  2135 D DC-1    : DcDefaultState: EVENT_DATA_CONNECTION_DRS_OR_RAT_CHANGED drs=0 mRilRat=14
03-24 21:48:14.604  1989  2135 D DC-1    : DcInactiveState nothandled msg.what=EVENT_DATA_CONNECTION_ROAM_OFF
03-24 21:48:14.604  1989  2135 D DC-1    : DcDefault msg=EVENT_DATA_CONNECTION_ROAM_OFF RefCount=0
03-24 21:48:14.606  1989  2135 D DC-1    : DcInactiveState nothandled msg.what=CMD_CHANNEL_FULL_CONNECTION
03-24 21:48:14.606  1989  2135 D DC-1    : DcDefault msg=CMD_CHANNEL_FULL_CONNECTION RefCount=0
03-24 21:48:14.606  1989  2135 D DC-1    : DcDefaultState: FULL_CONNECTION reply connected
03-24 21:48:14.606  1989  1989 D DCT     : [0]createDataConnection() X id=0 dc={DC-1: State=DcInactiveState mApnSetting=null RefCount=0 mCid=-1 mCreateTime=-1 mLastastFailTime=-1 mLastFailCause=NONE mTag=1 mLinkProperties={LinkAddresses: []  Routes: [] DnsAddresses: [] Domains: null MTU: 0} linkCapabilities=[ Transports: CELLULAR Capabilities: NOT_RESTRICTED&TRUSTED&NOT_VPN LinkUpBandwidth>=51200Kbps LinkDnBandwidth>=102400Kbps Specifier: <1>] mRestrictedNetworkOverride=false mApnContexts={}}
03-24 21:48:14.606  1989  1989 D DCT     : [0]setupData: dcac=DC-1 apnSetting=[ApnSettingV3] T-Mobile US, 1, 310260, epc.tmobile.com, , http://mms.msg.eng.t-mobile.com/mms/wapenc, , , , -1, *, IP, IP, true, 0, 0, 0, false, 0, 0, 0, 0, , , false gen#=1
03-24 21:48:14.606  1989  1989 D GsmCdmaPhone: [GsmCdmaPhone] getDataConnectionState apnType=default ret=CONNECTING
03-24 21:48:14.607  1989  1989 D DCT     : [0]setupData: initing!
03-24 21:48:14.607  1989  2135 D DC-1    : DcInactiveState: mag.what=EVENT_CONNECT
03-24 21:48:14.608  1989  2135 D DC-1    : initConnection:  RefCount=1 mApnList={{mApnType=default mState=CONNECTING mWaitingApns={[[ApnSettingV3] T-Mobile US, 1, 310260, epc.tmobile.com, , http://mms.msg.eng.t-mobile.com/mms/wapenc, , , , -1, *, IP, IP, true, 0, 0, 0, false, 0, 0, 0, 0, , , false]} mApnSetting={[ApnSettingV3] T-Mobile US, 1, 310260, epc.tmobile.com, , http://mms.msg.eng.t-mobile.com/mms/wapenc, , , , -1, *, IP, IP, true, 0, 0, 0, false, 0, 0, 0, 0, , , false} mReason=dataEnabled mDataEnabled=true mDependencyMet=true}={mTag=2 mApnContext={mApnType=default mState=CONNECTING mWaitingApns={[[ApnSettingV3] T-Mobile US, 1, 310260, epc.tmobile.com, , http://mms.msg.eng.t-mobile.com/mms/wapenc, , , , -1, *, IP, IP, true, 0, 0, 0, false, 0, 0, 0, 0, , , false]} mApnSetting={[ApnSettingV3] T-Mobile US, 1, 310260, epc.tmobile.com, , http://mms.msg.eng.t-mobile.com/mms/wapenc, , , , -1, *, IP, IP, true, 0, 0, 0, false, 0, 0, 0, 0, , , false} mReason=dataEnabled mDataEnabled=true mDependencyMet=true} mProfileId=0 mRat=14 mOnCompletedMsg={what=0x42000 when=-23s132ms obj=Pair{{mApnType=default mState=CONNECTING mWaitingApns={[[ApnSettingV3] T-Mobile US, 1, 310260, epc.tmobile.com, , http://mms.msg.eng.t-mobile.com/mms/wapenc, , , , -1, *, IP, IP, true, 0, 0, 0, false, 0, 0, 0, 0, , , false]} mApnSetting={[ApnSettingV3] T-Mobile US, 1, 310260, epc.tmobile.com, , http://mms.msg.eng.t-mobile.com/mms/wapenc, , , , -1, *, IP, IP, true, 0, 0, 0, false, 0, 0, 0, 0, , , false} mReason=dataEnabled mDataEnabled=true mDependencyMet=true} 1} target=Handler (com.android.internal.telephony.dataconnection.DcTracker) {28bd7b7} replyTo=null}}} mConnectionParams={mTag=2 mApnContext={mApnType=default mState=CONNECTING mWaitingApns={[[ApnSettingV3] T-Mobile US, 1, 310260, epc.tmobile.com, , http://mms.msg.eng.t-mobile.com/mms/wapenc, , , , -1, *, IP, IP, true, 0, 0, 0, false, 0, 0, 0, 0, , , false]} mApnSetting={[ApnSettingV3] T-Mobile US, 1, 310260, epc.tmobile.com, , http://mms.msg.eng.t-mobile.com/mms/wapenc, , , , -1, *, IP, IP, true, 0, 0, 0, false, 0, 0, 0, 0, , , false} mReason=dataEnabled mDataEnabled=true mDependencyMet=true} mProfileId=0 mRat=14 mOnCompletedMsg={what=0x42000 when=-23s132ms obj=Pair{{mApnType=default mState=CONNECTING mWaitingApns={[[ApnSettingV3] T-Mobile US, 1, 310260, epc.tmobile.com, , http://mms.msg.eng.t-mobile.com/mms/wapenc, , , , -1, *, IP, IP, true, 0, 0, 0, false, 0, 0, 0, 0, , , false]} mApnSetting={[ApnSettingV3] T-Mobile US, 1, 310260, epc.tmobile.com, , http://mms.msg.eng.t-mobile.com/mms/wapenc, , , , -1, *, IP, IP, true, 0, 0, 0, false, 0, 0, 0, 0, , , false} mReason=dataEnabled mDataEnabled=true mDependencyMet=true} 1} target=Handler (com.android.internal.telephony.dataconnection.DcTracker) {28bd7b7} replyTo=null}}
03-24 21:48:14.608  1989  2135 D DC-1    : onConnect: carrier='T-Mobile US' APN='epc.tmobile.com' proxy='' port=''
03-24 21:48:14.608  1989  2135 D RILJ    : [3742]> SETUP_DATA_CALL 14 0 epc.tmobile.com none none 3 IP [SUB0]
03-24 21:48:14.617  1406  1653 D RIL     : onRequest: SETUP_DATA_CALL
03-24 21:48:14.617  1406  1653 D RIL     : requesting data connection to APN 'epc.tmobile.com'
03-24 21:48:14.617  1406  1653 D AT      : AT> AT+CGDCONT=1,"IP","epc.tmobile.com",,0,0
03-24 21:48:14.617  1406  1655 D AT      : AT< OK
03-24 21:48:14.617  1406  1653 D AT      : AT> AT+CGQREQ=1
03-24 21:48:14.618  1406  1655 D AT      : AT< OK
03-24 21:48:14.618  1406  1653 D AT      : AT> AT+CGQMIN=1
03-24 21:48:14.618  1406  1655 D AT      : AT< OK
03-24 21:48:14.618  1406  1653 D AT      : AT> AT+CGEREP=1,0
03-24 21:48:14.619  1406  1655 D AT      : AT< OK
03-24 21:48:14.619  1406  1653 D AT      : AT> AT+CGACT=1,0
03-24 21:48:14.619  1406  1655 D AT      : AT< OK
03-24 21:48:14.619  1406  1653 D AT      : AT> ATD*99***1#
03-24 21:48:14.619  1406  1655 D AT      : AT< OK
03-24 21:48:14.619  1406  1653 D AT      : AT> AT+CGACT?
03-24 21:48:14.619  1406  1655 D AT      : AT< +CGACT: 1,1
03-24 21:48:14.619  1406  1655 D AT      : AT< OK
03-24 21:48:14.620  1406  1653 D AT      : AT> AT+CGDCONT?
03-24 21:48:14.620  1406  1655 D AT      : AT< +CGDCONT: 1,"IP","epc.tmobile.com","192.168.200.2/24",0,0
03-24 21:48:14.620  1406  1655 D AT      : AT< OK
03-24 21:48:14.620  1989  2114 D RILJ    : [3742]< SETUP_DATA_CALL DataCallResponse: {version=11 status=0 retry=-1 cid=1 active=1 type=IP ifname=radio0 mtu=1500 addresses=[192.168.200.2/24] dnses=[10.0.2.3] gateways=[192.168.200.1] pcscf=[]} [SUB0]
03-24 21:48:14.621  1989  2135 D DC-1    : DcActivatingState: msg={what=EVENT_SETUP_DATA_CONNECTION_DONE when=-1ms obj=android.os.AsyncResult@fcecb24 target=Handler (com.android.internal.util.StateMachine$SmHandler) {ec9a68d} replyTo=null}
03-24 21:48:14.621  1989  2135 D DC-1    : onSetupConnectionCompleted received successful DataCallResponse
03-24 21:48:14.622  1989  2135 D DataCallResponse: addr/pl=192.168.200.2/24
03-24 21:48:14.622  1989  2135 D DC-1    : MTU set by call response to: 1500
03-24 21:48:14.622  1989  2135 D DC-1    : updateLinkProperty old LP={LinkAddresses: []  Routes: [] DnsAddresses: [] Domains: null MTU: 0}
03-24 21:48:14.622  1989  2135 D DC-1    : updateLinkProperty new LP={InterfaceName: radio0 LinkAddresses: [192.168.200.2/24,]  Routes: [0.0.0.0/0 -> 192.168.200.1 radio0,] DnsAddresses: [10.0.2.3,] Domains: null MTU: 1500 TcpBufferSizes: 524288,1048576,2097152,262144,524288,1048576}
03-24 21:48:14.622  1989  2135 D DC-1    : DcActivatingState onSetupConnectionCompleted result=SUCCESS  SetupResult.mFailCause=NONE dc={DC-1: State=DcActivatingState mApnSetting=[ApnSettingV3] T-Mobile US, 1, 310260, epc.tmobile.com, , http://mms.msg.eng.t-mobile.com/mms/wapenc, , , , -1, *, IP, IP, true, 0, 0, 0, false, 0, 0, 0, 0, , , false RefCount=1 mCid=1 mCreateTime=-1 mLastastFailTime=-1 mLastFailCause=NONE mTag=2 mLinkProperties={InterfaceName: radio0 LinkAddresses: [192.168.200.2/24,]  Routes: [0.0.0.0/0 -> 192.168.200.1 radio0,] DnsAddresses: [10.0.2.3,] Domains: null MTU: 1500 TcpBufferSizes: 524288,1048576,2097152,262144,524288,1048576} linkCapabilities=[ Transports: CELLULAR Capabilities: MMS&SUPL&FOTA&IMS&CBS&IA&INTERNET&NOT_RESTRICTED&TRUSTED&NOT_VPN LinkUpBandwidth>=51200Kbps LinkDnBandwidth>=102400Kbps Specifier: <1>] mRestrictedNetworkOverride=false mApnContexts={{mApnType=default mState=CONNECTING mWaitingApns={[[ApnSettingV3] T-Mobile US, 1, 310260, epc.tmobile.com, , http://mms.msg.eng.t-mobile.com/mms/wapenc, , , , -1, *, IP, IP, true, 0, 0, 0, false, 0, 0, 0, 0, , , false]} mApnSetting={[ApnSettingV3] T-Mobile US, 1, 310260, epc.tmobile.com, , http://mms.msg.eng.t-mobile.com/mms/wapenc, , , , -1, *, IP, IP, true, 0, 0, 0, false, 0, 0, 0, 0, , , false} mReason=dataEnabled mDataEnabled=true mDependencyMet=true}={mTag=2 mApnContext={mApnType=default mState=CONNECTING mWaitingApns={[[ApnSettingV3] T-Mobile US, 1, 310260, epc.tmobile.com, , http://mms.msg.eng.t-mobile.com/mms/wapenc, , , , -1, *, IP, IP, true, 0, 0, 0, false, 0, 0, 0, 0, , , false]} mApnSetting={[ApnSettingV3] T-Mobile US, 1, 310260, epc.tmobile.com, , http://mms.msg.eng.t-mobile.com/mms/wapenc, , , , -1, *, IP, IP, true, 0, 0, 0, false, 0, 0, 0, 0, , , false} mReason=dataEnabled mDataEnabled=true mDependencyMet=true} mProfileId=0 mRat=14 mOnCompletedMsg={what=0x42000 when=-23s147ms obj=Pair{{mApnType=default mState=CONNECTING mWaitingApns={[[ApnSettingV3] T-Mobile US, 1, 310260, epc.tmobile.com, , http://mms.msg.eng.t-mobile.com/mms/wapenc, , , , -1, *, IP, IP, true, 0, 0, 0, false, 0, 0, 0, 0, , , false]} mApnSetting={[ApnSettingV3] T-Mobile US, 1, 310260, epc.tmobile.com, , http://mms.msg.eng.t-mobile.com/mms/wapenc, , , , -1, *, IP, IP, true, 0, 0, 0, false, 0, 0, 0, 0, , , false} mReason=dataEnabled mDataEnabled=true mDependencyMet=true} 1} target=Handler (com.android.internal.telephony.dataconnection.DcTracker) {28bd7b7} replyTo=null}}}}
03-24 21:48:14.623  1989  2135 D DC-1    : DcActiveState: enter dc={DC-1: State=DcActiveState mApnSetting=[ApnSettingV3] T-Mobile US, 1, 310260, epc.tmobile.com, , http://mms.msg.eng.t-mobile.com/mms/wapenc, , , , -1, *, IP, IP, true, 0, 0, 0, false, 0, 0, 0, 0, , , false RefCount=1 mCid=1 mCreateTime=-1 mLastastFailTime=-1 mLastFailCause=NONE mTag=2 mLinkProperties={InterfaceName: radio0 LinkAddresses: [192.168.200.2/24,]  Routes: [0.0.0.0/0 -> 192.168.200.1 radio0,] DnsAddresses: [10.0.2.3,] Domains: null MTU: 1500 TcpBufferSizes: 524288,1048576,2097152,262144,524288,1048576} linkCapabilities=[ Transports: CELLULAR Capabilities: MMS&SUPL&FOTA&IMS&CBS&IA&INTERNET&NOT_RESTRICTED&TRUSTED&NOT_VPN LinkUpBandwidth>=51200Kbps LinkDnBandwidth>=102400Kbps Specifier: <1>] mRestrictedNetworkOverride=false mApnContexts={{mApnType=default mState=CONNECTING mWaitingApns={[[ApnSettingV3] T-Mobile US, 1, 310260, epc.tmobile.com, , http://mms.msg.eng.t-mobile.com/mms/wapenc, , , , -1, *, IP, IP, true, 0, 0, 0, false, 0, 0, 0, 0, , , false]} mApnSetting={[ApnSettingV3] T-Mobile US, 1, 310260, epc.tmobile.com, , http://mms.msg.eng.t-mobile.com/mms/wapenc, , , , -1, *, IP, IP, true, 0, 0, 0, false, 0, 0, 0, 0, , , false} mReason=dataEnabled mDataEnabled=true mDependencyMet=true}={mTag=2 mApnContext={mApnType=default mState=CONNECTING mWaitingApns={[[ApnSettingV3] T-Mobile US, 1, 310260, epc.tmobile.com, , http://mms.msg.eng.t-mobile.com/mms/wapenc, , , , -1, *, IP, IP, true, 0, 0, 0, false, 0, 0, 0, 0, , , false]} mApnSetting={[ApnSettingV3] T-Mobile US, 1, 310260, epc.tmobile.com, , http://mms.msg.eng.t-mobile.com/mms/wapenc, , , , -1, *, IP, IP, true, 0, 0, 0, false, 0, 0, 0, 0, , , false} mReason=dataEnabled mDataEnabled=true mDependencyMet=true} mProfileId=0 mRat=14 mOnCompletedMsg={what=0x42000 when=-23s147ms obj=Pair{{mApnType=default mState=CONNECTING mWaitingApns={[[ApnSettingV3] T-Mobile US, 1, 310260, epc.tmobile.com, , http://mms.msg.eng.t-mobile.com/mms/wapenc, , , , -1, *, IP, IP, true, 0, 0, 0, false, 0, 0, 0, 0, , , false]} mApnSetting={[ApnSettingV3] T-Mobile US, 1, 310260, epc.tmobile.com, , http://mms.msg.eng.t-mobile.com/mms/wapenc, , , , -1, *, IP, IP, true, 0, 0, 0, false, 0, 0, 0, 0, , , false} mReason=dataEnabled mDataEnabled=true mDependencyMet=true} 1} target=Handler (com.android.internal.telephony.dataconnection.DcTracker) {28bd7b7} replyTo=null}}}}
03-24 21:48:14.629  1989  1989 D DCT     : [0]trySetupData: X retValue=true
03-24 21:48:14.636  1989  1989 D DCT     : [0]setupDataOnConnectableApns: nwTypeChanged hipri:[state=IDLE,enabled=false] mms:[state=IDLE,enabled=false] supl:[state=IDLE,enabled=false] ia:[state=IDLE,enabled=false] fota:[state=IDLE,enabled=false] ims:[state=IDLE,enabled=false] cbs:[state=IDLE,enabled=false] default:[state=CONNECTING,enabled=true] emergency:[state=IDLE,enabled=false] 
03-24 21:48:14.636  1989  1989 D DCT     : [0]getValidApnContext (onDataSetupComplete) on {mApnType=default mState=CONNECTING mWaitingApns={[[ApnSettingV3] T-Mobile US, 1, 310260, epc.tmobile.com, , http://mms.msg.eng.t-mobile.com/mms/wapenc, , , , -1, *, IP, IP, true, 0, 0, 0, false, 0, 0, 0, 0, , , false]} mApnSetting={[ApnSettingV3] T-Mobile US, 1, 310260, epc.tmobile.com, , http://mms.msg.eng.t-mobile.com/mms/wapenc, , , , -1, *, IP, IP, true, 0, 0, 0, false, 0, 0, 0, 0, , , false} mReason=connected mDataEnabled=true mDependencyMet=true} got 1 vs 1
03-24 21:48:14.636  1989  1989 D DCT     : [0]onDataSetupComplete: success apn=epc.tmobile.com
03-24 21:48:14.637  1989  1989 D DCT     : [0]onDataSetupComplete: PREFERRED APN is null
03-24 21:48:14.637  1989  1989 D DCT     : [0]setPreferredApn: delete
03-24 21:48:14.638  1989  1989 D DCT     : [0]setPreferredApn: insert
03-24 21:48:14.639  1989  1989 D DCT     : [0]completeConnection: successful, notify the world apnContext={mApnType=default mState=CONNECTED mWaitingApns={[[ApnSettingV3] T-Mobile US, 1, 310260, epc.tmobile.com, , http://mms.msg.eng.t-mobile.com/mms/wapenc, , , , -1, *, IP, IP, true, 0, 0, 0, false, 0, 0, 0, 0, , , false]} mApnSetting={[ApnSettingV3] T-Mobile US, 1, 310260, epc.tmobile.com, , http://mms.msg.eng.t-mobile.com/mms/wapenc, , , , -1, *, IP, IP, true, 0, 0, 0, false, 0, 0, 0, 0, , , false} mReason=connected mDataEnabled=true mDependencyMet=true}
03-24 21:48:14.639  1989  1989 D GsmCdmaPhone: [GsmCdmaPhone] getDataConnectionState apnType=default ret=CONNECTED
03-24 21:48:14.639  1989  1989 D DCT     : [0]return link properites for default
03-24 21:48:14.639  1989  2135 D DC-1    : DcActiveState not handled msg.what=REQ_GET_LINK_PROPERTIES
03-24 21:48:14.639  1989  2135 D DC-1    : DcDefault msg=REQ_GET_LINK_PROPERTIES RefCount=1
03-24 21:48:14.639  1989  2135 D DC-1    : REQ_GET_LINK_PROPERTIES linkProperties{InterfaceName: radio0 LinkAddresses: [192.168.200.2/24,]  Routes: [0.0.0.0/0 -> 192.168.200.1 radio0,] DnsAddresses: [10.0.2.3,] Domains: null MTU: 1500 TcpBufferSizes: 524288,1048576,2097152,262144,524288,1048576}
03-24 21:48:14.639  1989  1989 D DCT     : [0]get active pdp is not null, return NetworkCapabilities for default
03-24 21:48:14.639  1989  2135 D DC-1    : DcActiveState not handled msg.what=REQ_GET_NETWORK_CAPABILITIES
03-24 21:48:14.639  1989  2135 D DC-1    : DcDefault msg=REQ_GET_NETWORK_CAPABILITIES RefCount=1
03-24 21:48:14.639  1989  2135 D DC-1    : REQ_GET_NETWORK_CAPABILITIES networkCapabilities[ Transports: CELLULAR Capabilities: MMS&SUPL&FOTA&IMS&CBS&IA&INTERNET&NOT_RESTRICTED&TRUSTED&NOT_VPN LinkUpBandwidth>=51200Kbps LinkDnBandwidth>=102400Kbps Specifier: <1>]
03-24 21:48:14.640  1700  1711 D TelephonyRegistry: Notify data connection state changed on sub: 1
03-24 21:48:14.640  1700  1711 D TelephonyRegistry: Notify data connection state changed on sub: 1
03-24 21:48:14.641  1989  1989 D DCT     : [0]startNetStatPoll
03-24 21:48:14.648  1989  1989 D DCT     : [0]onDataSetupComplete: SETUP complete type=default, reason:connected
03-24 21:48:14.735  1989  1989 D GsmCdmaPhone: mBroadcastReceiver: action android.telephony.action.CARRIER_CONFIG_CHANGED
03-24 21:48:14.740  1989  1989 D ImsManager: updateVolteFeatureValue: available = false, enabled = true, nonTTY = true
03-24 21:48:14.741  1989  1989 E ImsManager: updateImsServiceConfig: 
03-24 21:48:14.741  1989  1989 E ImsManager: com.android.ims.ImsException: Service is unavailable, code = 106
03-24 21:48:14.741  1989  1989 E ImsManager: 	at com.android.ims.ImsManager.checkAndThrowExceptionIfServiceUnavailable(ImsManager.java:1310)
03-24 21:48:14.741  1989  1989 E ImsManager: 	at com.android.ims.ImsManager.getConfigInterface(ImsManager.java:1192)
03-24 21:48:14.741  1989  1989 E ImsManager: 	at com.android.ims.ImsManager.updateVolteFeatureValue(ImsManager.java:777)
03-24 21:48:14.741  1989  1989 E ImsManager: 	at com.android.ims.ImsManager.updateImsServiceConfig(ImsManager.java:737)
03-24 21:48:14.741  1989  1989 E ImsManager: 	at com.android.internal.telephony.GsmCdmaPhone.handleMessage(GsmCdmaPhone.java:2063)
03-24 21:48:14.741  1989  1989 E ImsManager: 	at android.os.Handler.dispatchMessage(Handler.java:102)
03-24 21:48:14.741  1989  1989 E ImsManager: 	at android.os.Looper.loop(Looper.java:154)
03-24 21:48:14.741  1989  1989 E ImsManager: 	at android.app.ActivityThread.main(ActivityThread.java:6119)
03-24 21:48:14.741  1989  1989 E ImsManager: 	at java.lang.reflect.Method.invoke(Native Method)
03-24 21:48:14.741  1989  1989 E ImsManager: 	at com.android.internal.os.ZygoteInit$MethodAndArgsCaller.run(ZygoteInit.java:886)
03-24 21:48:14.741  1989  1989 E ImsManager: 	at com.android.internal.os.ZygoteInit.main(ZygoteInit.java:776)
03-24 21:48:14.741  1989  1989 D GsmCdmaPhone: [GsmCdmaPhone] broadcastEmergencyCallStateChanges = false
03-24 21:48:14.741  1989  1989 E GsmCdmaPhone: [GsmCdmaPhone] Invalid cdma_roaming_mode settings: -1
03-24 21:48:14.741  1989  1989 D EriManager: loadEriFileFromXml: check for alternate file
03-24 21:48:14.741  1989  1989 D EriManager: loadEriFileFromXml: no alternate file
03-24 21:48:14.741  1989  1989 D EriManager: eriFile = eri.xml
03-24 21:48:14.742  1989  1989 D EriManager: loadEriFileFromXml: eri parsing successful, file loaded. ver = 1357, # of entries = 176
03-24 21:48:14.742  1989  1989 D GsmCdmaPhone: [GsmCdmaPhone] ERI read, notify registrants
03-24 21:48:14.846  1989  1989 D WAP PUSH: Received broadcast android.intent.action.USER_UNLOCKED
03-24 21:48:14.846  1989  1989 D WAP PUSH: Received broadcast android.intent.action.USER_UNLOCKED
03-24 21:48:14.846  1989  1989 D SmsBroadcastUndelivered: Received broadcast android.intent.action.USER_UNLOCKED
03-24 21:48:14.846  1989  1989 D SubscriptionInfoUpdater: [Receiver]+
03-24 21:48:14.846  1989  1989 D SubscriptionInfoUpdater: Action: android.intent.action.USER_UNLOCKED
03-24 21:48:14.846  1989  1989 D SubscriptionInfoUpdater: Broadcasting intent ACTION_SIM_STATE_CHANGED for mCardIndex: 0
03-24 21:48:14.847  1989  1989 D SubscriptionInfoUpdater: [Receiver]-
03-24 21:48:14.852  1989  1989 D SubscriptionInfoUpdater: [Receiver]+
03-24 21:48:14.852  1989  1989 D SubscriptionInfoUpdater: Action: android.intent.action.SIM_STATE_CHANGED
03-24 21:48:14.852  1989  1989 D SubscriptionInfoUpdater: slotId: 0
03-24 21:48:14.852  1989  1989 D SubscriptionInfoUpdater: simStatus: LOADED
03-24 21:48:14.852  1989  1989 D SubscriptionInfoUpdater: Ignoring simStatus: LOADED
03-24 21:48:14.852  1989  1989 D SubscriptionInfoUpdater: [Receiver]-
03-24 21:48:14.866  1989  2307 E WAP PUSH: bindService() for wappush manager failed
03-24 21:48:14.867  1989  2309 D SmsBroadcastUndelivered: scanning raw table for undelivered messages
03-24 21:48:14.878  1989  2308 E WAP PUSH: bindService() for wappush manager failed
03-24 21:48:14.961  1989  2309 D SmsBroadcastUndelivered: finished scanning raw table in 94 ms
03-24 21:48:14.996  1989  2199 D DCT     : [0]setPolicyDataEnabled: true
03-24 21:48:15.003  1989  2199 D DCT     : [0]setPolicyDataEnabled: true
03-24 21:48:15.441  1989  2200 D DCT     : [0]getDataEnabled during provisioning retVal=true - (true, 1)
03-24 21:48:15.587  1989  2135 D DC-1    : DcActiveState not handled msg.what=REQ_GET_NETWORK_CAPABILITIES
03-24 21:48:15.587  1989  2135 D DC-1    : DcDefault msg=REQ_GET_NETWORK_CAPABILITIES RefCount=1
03-24 21:48:15.587  1989  2135 D DC-1    : REQ_GET_NETWORK_CAPABILITIES networkCapabilities[ Transports: CELLULAR Capabilities: MMS&SUPL&FOTA&IMS&CBS&IA&INTERNET&NOT_RESTRICTED&TRUSTED&NOT_VPN LinkUpBandwidth>=51200Kbps LinkDnBandwidth>=102400Kbps Specifier: <1>]
03-24 21:48:15.588  1989  1989 D DCT     : [0]not tearing down unrestricted metered net:{mApnType=default mState=CONNECTED mWaitingApns={[[ApnSettingV3] T-Mobile US, 1, 310260, epc.tmobile.com, , http://mms.msg.eng.t-mobile.com/mms/wapenc, , , , -1, *, IP, IP, true, 0, 0, 0, false, 0, 0, 0, 0, , , false]} mApnSetting={[ApnSettingV3] T-Mobile US, 1, 310260, epc.tmobile.com, , http://mms.msg.eng.t-mobile.com/mms/wapenc, , , , -1, *, IP, IP, true, 0, 0, 0, false, 0, 0, 0, 0, , , false} mReason=connected mDataEnabled=true mDependencyMet=true}
03-24 21:48:15.588  1989  1989 D DCT     : [0]onTrySetupData: reason=dataEnabled
03-24 21:48:15.588  1989  1989 D DCT     : [0]setupDataOnConnectableApns: dataEnabled hipri:[state=IDLE,enabled=false] mms:[state=IDLE,enabled=false] supl:[state=IDLE,enabled=false] ia:[state=IDLE,enabled=false] fota:[state=IDLE,enabled=false] ims:[state=IDLE,enabled=false] cbs:[state=IDLE,enabled=false] default:[state=CONNECTED,enabled=true] emergency:[state=IDLE,enabled=false] 
03-24 21:48:16.030  1989  1989 W SmsApplication: com.android.phone does not have OP_WRITE_SMS:  (fixing)
03-24 21:48:16.031  1989  1989 E SmsApplication: com.android.bluetooth does not have system signature
03-24 21:48:16.031  1989  1989 W SmsApplication: com.android.mms.service does not have OP_WRITE_SMS:  (fixing)
03-24 21:48:16.036  1989  1989 W SmsApplication: com.android.providers.telephony does not have OP_WRITE_SMS:  (fixing)
03-24 21:48:16.208  1989  1989 E SmsApplication: com.android.bluetooth does not have system signature
03-24 21:48:16.246  1700  1700 E SmsApplication: com.android.bluetooth does not have system signature
03-24 21:48:16.870  1989  2124 D GsmInboundSmsHandler: IdleState.processMessage:5
03-24 21:48:16.870  1989  2124 D GsmInboundSmsHandler: Idle state processing message type 5
03-24 21:48:16.875  1989  2128 D CdmaInboundSmsHandler: IdleState.processMessage:5
03-24 21:48:16.875  1989  2128 D CdmaInboundSmsHandler: Idle state processing message type 5
03-24 21:48:16.913  1989  2123 D GsmCellBroadcastHandler: mWakeLock released
03-24 21:48:16.913  1989  2127 D CellBroadcastHandler: mWakeLock released
03-24 21:48:16.913  1989  2124 D GsmInboundSmsHandler: mWakeLock released
03-24 21:48:16.914  1989  2128 D CdmaInboundSmsHandler: mWakeLock released
03-24 21:48:16.942  1989  1989 D DCT     : [0]NETWORK_STATE_CHANGED_ACTION: mIsWifiConnected=false
03-24 21:48:16.968  1989  2129 D CdmaServiceCategoryProgramHandler: mWakeLock released
03-24 21:48:17.353  1989  2199 D RILJ    : [3743]> RIL_REQUEST_CDMA_SET_BROADCAST_CONFIG with 1 configs :  [SUB0]
03-24 21:48:17.353  1989  2199 D RILJ    : CdmaSmsBroadcastConfigInfo: Id [4096, 4096] ENABLED [SUB0]
03-24 21:48:17.353  1406  1653 D RIL     : onRequest: CDMA_SET_BROADCAST_SMS_CONFIG
03-24 21:48:17.353  1406  1653 D RIL     : Request not supported. Tech: 0
03-24 21:48:17.354  1989  2114 D RilRequest: [3743]< RIL_REQUEST_CDMA_SET_BROADCAST_CONFIG error: com.android.internal.telephony.CommandException: REQUEST_NOT_SUPPORTED ret=
03-24 21:48:17.372  1989  1998 D RILJ    : [3744]> RIL_REQUEST_CDMA_SET_BROADCAST_CONFIG with 1 configs :  [SUB0]
03-24 21:48:17.372  1989  1998 D RILJ    : CdmaSmsBroadcastConfigInfo: Id [4097, 4097] ENABLED [SUB0]
03-24 21:48:17.372  1406  1653 D RIL     : onRequest: CDMA_SET_BROADCAST_SMS_CONFIG
03-24 21:48:17.372  1406  1653 D RIL     : Request not supported. Tech: 0
03-24 21:48:17.372  1989  2114 D RilRequest: [3744]< RIL_REQUEST_CDMA_SET_BROADCAST_CONFIG error: com.android.internal.telephony.CommandException: REQUEST_NOT_SUPPORTED ret=
03-24 21:48:17.401  1989  2200 D RILJ    : [3745]> RIL_REQUEST_CDMA_SET_BROADCAST_CONFIG with 1 configs :  [SUB0]
03-24 21:48:17.401  1989  2200 D RILJ    : CdmaSmsBroadcastConfigInfo: Id [4098, 4098] ENABLED [SUB0]
03-24 21:48:17.402  1406  1653 D RIL     : onRequest: CDMA_SET_BROADCAST_SMS_CONFIG
03-24 21:48:17.402  1406  1653 D RIL     : Request not supported. Tech: 0
03-24 21:48:17.402  1989  2114 D RilRequest: [3745]< RIL_REQUEST_CDMA_SET_BROADCAST_CONFIG error: com.android.internal.telephony.CommandException: REQUEST_NOT_SUPPORTED ret=
03-24 21:48:17.445  1989  1997 D RILJ    : [3746]> RIL_REQUEST_CDMA_SET_BROADCAST_CONFIG with 1 configs :  [SUB0]
03-24 21:48:17.445  1989  1997 D RILJ    : CdmaSmsBroadcastConfigInfo: Id [4099, 4099] ENABLED [SUB0]
03-24 21:48:17.446  1406  1653 D RIL     : onRequest: CDMA_SET_BROADCAST_SMS_CONFIG
03-24 21:48:17.446  1406  1653 D RIL     : Request not supported. Tech: 0
03-24 21:48:17.446  1989  2114 D RilRequest: [3746]< RIL_REQUEST_CDMA_SET_BROADCAST_CONFIG error: com.android.internal.telephony.CommandException: REQUEST_NOT_SUPPORTED ret=
03-24 21:48:17.499  1989  2186 D RILJ    : [3747]> RIL_REQUEST_GSM_SET_BROADCAST_CONFIG with 1 configs :  [SUB0]
03-24 21:48:17.499  1989  2186 D RILJ    : SmsBroadcastConfigInfo: Id [4352,4354] Code [0,255] ENABLED [SUB0]
03-24 21:48:17.499  1406  1653 D RIL     : onRequest: GSM_SET_BROADCAST_SMS_CONFIG
