03-24 21:48:14.041  1989  1989 D SST     : Broadcasting ServiceState : 0 0 voice home data home Android Android 310260 Android Android 310260  Unknown LTE CSS not supported -1 -1 RoamInd=-1 DefRoamInd=-1 EmergOnly=false IsDataRoamingFromRegistration=false IsUsingCarrierAggregation=false
03-24 21:48:14.041  1989  1989 D DefaultPhoneNotifier: nofityServiceState: mRegistry=com.android.internal.telephony.ITelephonyRegistry$Stub$Proxy@fb56079 ss=0 0 voice home data home Android Android 310260 Android Android 310260  Unknown LTE CSS not supported -1 -1 RoamInd=-1 DefRoamInd=-1 EmergOnly=false IsDataRoamingFromRegistration=false IsUsingCarrierAggregation=false sender=Handler (com.android.internal.telephony.GsmCdmaPhone) {15425b0} phondId=0 subId=-2
03-24 21:48:14.042  1989  1989 D SubscriptionController: [getSlotId]- subId invalid
03-24 21:48:14.042  1700  1729 D TelephonyManager: getSimState: default sim:-1, sim state for slotIdx=0 is 6, return state as unknown
03-24 21:48:14.043  1989  1989 D SST     : notifyDataRegStateRilRadioTechnologyChanged: drs=0 rat=14
03-24 21:48:14.043  1989  1989 D TelephonyManager: setTelephonyProperty: success phoneId=0 property=gsm.network.type value: LTE propVal=LTE
03-24 21:48:14.043  1989  1989 D DCT     : [0]get all active apn types
03-24 21:48:14.043  1989  1989 D SST     : getCellLocation(): X good mCellLoc=[3,91,-1]
03-24 21:48:14.043  1700  1712 D TelephonyRegistry: notifyCellLocationForSubscriber: subId=-2 cellLocation=Bundle[mParcelledData.dataSize=64]
03-24 21:48:14.043  1989  1989 D GsmCdmaCallTracker: Event EVENT_POLL_CALLS_RESULT Received
03-24 21:48:14.043  1989  1989 D GsmCdmaCallTracker: [GsmCdmaCallTracker] update phone state, old=IDLE new=IDLE
03-24 21:48:14.043  1989  1989 D RIL_ImsSms: IMS is NOT registered!
03-24 21:48:14.043  1989  1989 D CdmaSSM : CDMA_SUBSCRIPTION_SOURCE event = 2
03-24 21:48:14.043  1989  1989 W CdmaSSM : Unable to get CDMA Subscription Source, Exception: com.android.internal.telephony.CommandException: REQUEST_NOT_SUPPORTED, result: null
03-24 21:48:14.043  1989  1989 D GsmCdmaPhone: [GsmCdmaPhone] EVENT_REQUEST_VOICE_RADIO_TECH_DONE: newVoiceTech=1
03-24 21:48:14.043  1989  1989 D GsmCdmaPhone: [GsmCdmaPhone] phoneObjectUpdater: newVoiceRadioTech=1
03-24 21:48:14.043  1989  1989 D GsmCdmaPhone: [GsmCdmaPhone] phoneObjectUpdater: No change ignore, newVoiceRadioTech=1 mActivePhone=GSM
03-24 21:48:14.043  1989  1989 D UiccController: Received EVENT_GET_ICC_STATUS_DONE
03-24 21:48:14.043  1989  1989 D UiccCard: 2 applications
03-24 21:48:14.043  1989  1989 D UiccCardApplication: APPTYPE_SIM update. New {APPTYPE_SIM,APPSTATE_READY}
03-24 21:48:14.043  1989  1989 D UiccCardApplication: APPTYPE_SIM changed state: APPSTATE_DETECTED -> APPSTATE_READY
03-24 21:48:14.043  1989  1989 D RILJ    : [3683]> QUERY_FACILITY_LOCK [FD 7 null] [SUB0]
03-24 21:48:14.043  1406  1653 D RIL     : onRequest: QUERY_FACILITY_LOCK
03-24 21:48:14.043  1406  1653 D RIL     : Request not supported. Tech: 0
03-24 21:48:14.043  1989  2114 D RilRequest: [3683]< QUERY_FACILITY_LOCK error: com.android.internal.telephony.CommandException: REQUEST_NOT_SUPPORTED ret=
03-24 21:48:14.043  1989  1989 D RILJ    : [3684]> QUERY_FACILITY_LOCK [SC 7 null] [SUB0]
03-24 21:48:14.044  1406  1653 D RIL     : onRequest: QUERY_FACILITY_LOCK
03-24 21:48:14.044  1406  1653 D RIL     : Request not supported. Tech: 0
03-24 21:48:14.044  1989  2114 D RilRequest: [3684]< QUERY_FACILITY_LOCK error: com.android.internal.telephony.CommandException: REQUEST_NOT_SUPPORTED ret=
03-24 21:48:14.044  1989  1989 D UiccCardApplication: Notifying registrants: READY
03-24 21:48:14.044  1989  1989 D UiccCardApplication: APPTYPE_RUIM update. New {APPTYPE_RUIM,APPSTATE_READY}
03-24 21:48:14.044  1989  1989 D UiccCardApplication: APPTYPE_RUIM changed state: APPSTATE_DETECTED -> APPSTATE_READY
03-24 21:48:14.044  1989  1989 D RILJ    : [3685]> QUERY_FACILITY_LOCK [FD 7 null] [SUB0]
03-24 21:48:14.044  1406  1653 D RIL     : onRequest: QUERY_FACILITY_LOCK
03-24 21:48:14.044  1406  1653 D RIL     : Request not supported. Tech: 0
03-24 21:48:14.044  1989  2114 D RilRequest: [3685]< QUERY_FACILITY_LOCK error: com.android.internal.telephony.CommandException: REQUEST_NOT_SUPPORTED ret=
03-24 21:48:14.044  1989  1989 D RILJ    : [3686]> QUERY_FACILITY_LOCK [SC 7 null] [SUB0]
03-24 21:48:14.044  1406  1653 D RIL     : onRequest: QUERY_FACILITY_LOCK
03-24 21:48:14.044  1406  1653 D RIL     : Request not supported. Tech: 0
03-24 21:48:14.044  1989  2114 D RilRequest: [3686]< QUERY_FACILITY_LOCK error: com.android.internal.telephony.CommandException: REQUEST_NOT_SUPPORTED ret=
03-24 21:48:14.044  1989  1989 D UiccCardApplication: Notifying registrants: READY
03-24 21:48:14.044  1989  1989 D UiccCard: Before privilege rules: Handler (com.android.internal.telephony.uicc.UiccCarrierPrivilegeRules) {a3521be} : CARDSTATE_PRESENT
03-24 21:48:14.044  1989  1989 E UiccCard: App index 8 is invalid since there are no applications
03-24 21:48:14.044  1989  1989 D UiccCard: update: radioState=RADIO_ON mLastRadioState=RADIO_ON
03-24 21:48:14.044  1989  1989 D UiccController: Notifying IccChangedRegistrants
03-24 21:48:14.045  1989  1989 D RILJ    : [3687]> RIL_REQUEST_SIM_TRANSMIT_APDU_CHANNEL [SUB0]
03-24 21:48:14.045  1406  1653 D RIL     : onRequest: SIM_TRANSMIT_APDU_CHANNEL
03-24 21:48:14.045  1406  1653 D AT      : AT> AT+CGLA=1,10,80caff4000
03-24 21:48:14.045  1406  1655 D AT      : AT< +CGLA: 144,0,FF403eE23cE12eC11461ed377e85d386a8dfee6b864bd85b0bfaa5af81CA16616e64726f69642e636172726965726170692e637473E30aDB080000000000000000
03-24 21:48:14.045  1406  1655 D AT      : AT< OK
03-24 21:48:14.045  1989  2114 D RILJ    : [3687]< RIL_REQUEST_SIM_TRANSMIT_APDU_CHANNEL  [SUB0]
03-24 21:48:14.046  1989  1989 D GsmCdmaPhone: [GsmCdmaPhone] Event EVENT_REGISTERED_TO_NETWORK Received
03-24 21:48:14.046  1989  1989 D SST     : SubscriptionListener.onSubscriptionInfoChanged
03-24 21:48:14.046  1989  1989 E Phone   : getStoredVoiceMessageCount: invalid subId -2
03-24 21:48:14.046  1989  1989 D GsmCdmaPhone: [GsmCdmaPhone] updateVoiceMail countVoiceMessages = 0 subId -2
03-24 21:48:14.046  1989  1989 E Phone   : setVoiceMessageCount in sharedPreference: invalid subId -2
03-24 21:48:14.046  1989  1989 D DCT     : [0]SubscriptionListener.onSubscriptionInfoChanged
03-24 21:48:14.046  1989  1989 D SubscriptionController: [getActiveSubInfoList] Sub Controller not ready
03-24 21:48:14.046  1989  1989 D SubscriptionController: [getActiveSubInfoList] Sub Controller not ready
03-24 21:48:14.080  1989  1989 D DCT     : [0]onDataConnectionAttached
03-24 21:48:14.080  1989  1989 D DCT     : [0]isDataAllowed: No - defaultDataSelected= false - SIM not loaded
03-24 21:48:14.084  1989  1989 D DCT     : [0]setupDataOnConnectableApns: dataAttached hipri:[state=IDLE,enabled=false] mms:[state=IDLE,enabled=false] supl:[state=IDLE,enabled=false] ia:[state=IDLE,enabled=false] fota:[state=IDLE,enabled=false] ims:[state=IDLE,enabled=false] cbs:[state=IDLE,enabled=false] default:[state=IDLE,enabled=false] emergency:[state=IDLE,enabled=false] 
03-24 21:48:14.084  1989  1989 D DCT     : [0]setupDataOnConnectableApns: nwTypeChanged hipri:[state=IDLE,enabled=false] mms:[state=IDLE,enabled=false] supl:[state=IDLE,enabled=false] ia:[state=IDLE,enabled=false] fota:[state=IDLE,enabled=false] ims:[state=IDLE,enabled=false] cbs:[state=IDLE,enabled=false] default:[state=IDLE,enabled=false] emergency:[state=IDLE,enabled=false] 
03-24 21:48:14.084  1989  1989 D UiccCardApplication: Error in querying facility lock:com.android.internal.telephony.CommandException: REQUEST_NOT_SUPPORTED
03-24 21:48:14.084  1989  1989 D UiccCardApplication: Error in querying facility lock:com.android.internal.telephony.CommandException: REQUEST_NOT_SUPPORTED
03-24 21:48:14.084  1989  1989 D SIMRecords: [SIMRecords] fetchSimRecords 0
03-24 21:48:14.084  1989  1989 D RILJ    : [3688]> getIMSI: GET_IMSI aid: null [SUB0]
03-24 21:48:14.084  1406  1653 D RIL     : onRequest: GET_IMSI
03-24 21:48:14.084  1406  1653 D AT      : AT> AT+CIMI
03-24 21:48:14.084  1989  1989 D RILJ    : [3689]> iccIO: SIM_IO 0xc0 0x2fe2  path: 3F00,0,0,15 aid: null [SUB0]
03-24 21:48:14.084  1406  1655 D AT      : AT< 310260000000000
03-24 21:48:14.084  1406  1655 D AT      : AT< OK
03-24 21:48:14.085  1406  1653 D RIL     : onRequest: SIM_IO
03-24 21:48:14.085  1406  1653 D AT      : AT> AT+CRSM=192,12258,0,0,15
03-24 21:48:14.085  1989  2114 D RILJ    : [3688]< GET_IMSI  [SUB0]
03-24 21:48:14.085  1406  1655 D AT      : AT< +CRSM: 144,0,0000000a2fe204000fa0aa01020000
03-24 21:48:14.085  1406  1655 D AT      : AT< OK
03-24 21:48:14.085  1989  2114 D RILJ    : [3689]< SIM_IO IccIoResponse sw1:0x90 sw2:0x0 [SUB0]
03-24 21:48:14.085  1989  1989 D RILJ    : [3690]> iccIO: SIM_IO 0xc0 0x6f40  path: 3F007F10,0,0,15 aid: null [SUB0]
03-24 21:48:14.092  1406  1653 D RIL     : onRequest: SIM_IO
03-24 21:48:14.092  1406  1653 D AT      : AT> AT+CRSM=192,28480,0,0,15
03-24 21:48:14.092  1989  1989 D RILJ    : [3691]> iccIO: SIM_IO 0xc0 0x6fc9  path: 3F007F20,0,0,15 aid: null [SUB0]
03-24 21:48:14.092  1406  1655 D AT      : AT< +CRSM: 144,0,000000806f40040011a0aa01020120
03-24 21:48:14.092  1406  1655 D AT      : AT< OK
03-24 21:48:14.092  1989  2114 D RILJ    : [3690]< SIM_IO IccIoResponse sw1:0x90 sw2:0x0 [SUB0]
03-24 21:48:14.093  1989  1989 D RILJ    : [3692]> iccIO: SIM_IO 0xc0 0x6fad  path: 3F007F20,0,0,15 aid: null [SUB0]
03-24 21:48:14.093  1406  1653 D RIL     : onRequest: SIM_IO
03-24 21:48:14.093  1406  1653 D AT      : AT> AT+CRSM=192,28617,0,0,15
03-24 21:48:14.093  1406  1655 D AT      : AT< +CRSM: 144,0,000000086fc9040011a0aa01020104
03-24 21:48:14.093  1406  1655 D AT      : AT< OK
03-24 21:48:14.093  1989  2114 D RILJ    : [3691]< SIM_IO IccIoResponse sw1:0x90 sw2:0x0 [SUB0]
03-24 21:48:14.093  1989  1989 D RILJ    : [3693]> iccIO: SIM_IO 0xc0 0x6fca  path: 3F007F20,0,0,15 aid: null [SUB0]
03-24 21:48:14.093  1406  1653 D RIL     : onRequest: SIM_IO
03-24 21:48:14.093  1406  1653 D AT      : AT> AT+CRSM=192,28589,0,0,15
03-24 21:48:14.093  1406  1655 D AT      : AT< +CRSM: 144,0,000000046fad04000aa0aa01020000
03-24 21:48:14.093  1406  1655 D AT      : AT< OK
03-24 21:48:14.093  1989  1989 D RILJ    : [3694]> iccIO: SIM_IO 0xc0 0x6f11  path: 3F007F20,0,0,15 aid: null [SUB0]
03-24 21:48:14.093  1989  1989 D RILJ    : [3695]> iccIO: SIM_IO 0xc0 0x6fcb  path: 3F007F20,0,0,15 aid: null [SUB0]
03-24 21:48:14.093  1406  1653 D RIL     : onRequest: SIM_IO
03-24 21:48:14.093  1406  1653 D AT      : AT> AT+CRSM=192,28618,0,0,15
03-24 21:48:14.093  1989  1989 D RILJ    : [3696]> iccIO: SIM_IO 0xc0 0x6f13  path: 3F007F20,0,0,15 aid: null [SUB0]
03-24 21:48:14.093  1989  2114 D RILJ    : [3692]< SIM_IO IccIoResponse sw1:0x90 sw2:0x0 [SUB0]
03-24 21:48:14.094  1406  1655 D AT      : AT< +CRSM: 144,0,0000000a6fca040011a0aa01020105
03-24 21:48:14.094  1406  1655 D AT      : AT< OK
03-24 21:48:14.094  1406  1653 D RIL     : onRequest: SIM_IO
03-24 21:48:14.094  1406  1653 D AT      : AT> AT+CRSM=192,28433,0,0,15
03-24 21:48:14.094  1406  1655 D AT      : AT< +CRSM: 144,0,000000016f11040011a0aa01020000
03-24 21:48:14.094  1406  1655 D AT      : AT< OK
03-24 21:48:14.094  1989  2114 D RILJ    : [3693]< SIM_IO IccIoResponse sw1:0x90 sw2:0x0 [SUB0]
03-24 21:48:14.094  1406  1653 D RIL     : onRequest: SIM_IO
03-24 21:48:14.094  1406  1653 D AT      : AT> AT+CRSM=192,28619,0,0,15
03-24 21:48:14.094  1989  1989 D RILJ    : [3697]> iccIO: SIM_IO 0xc0 0x6f46  path: 3F007F20,0,0,15 aid: null [SUB0]
03-24 21:48:14.094  1406  1655 D AT      : AT< ERROR: BAD COMMAND
03-24 21:48:14.094  1406  1653 D RIL     : onRequest: SIM_IO
03-24 21:48:14.094  1406  1653 D AT      : AT> AT+CRSM=192,28435,0,0,15
03-24 21:48:14.095  1406  1655 D AT      : AT< +CRSM: 144,0,000000016f13040011a0aa01020000
03-24 21:48:14.095  1406  1655 D AT      : AT< OK
03-24 21:48:14.095  1406  1653 D RIL     : onRequest: SIM_IO
03-24 21:48:14.095  1406  1653 D AT      : AT> AT+CRSM=192,28486,0,0,15
03-24 21:48:14.095  1989  1989 D RILJ    : [3698]> iccIO: SIM_IO 0xc0 0x6fcd  path: 3F007F20,0,0,15 aid: null [SUB0]
03-24 21:48:14.095  1406  1655 D AT      : AT< +CRSM: 148,4
03-24 21:48:14.095  1406  1655 D AT      : AT< OK
03-24 21:48:14.095  1989  2114 D RILJ    : [3694]< SIM_IO IccIoResponse sw1:0x90 sw2:0x0 [SUB0]
03-24 21:48:14.095  1989  2114 D RilRequest: [3695]< SIM_IO error: com.android.internal.telephony.CommandException: GENERIC_FAILURE ret=
03-24 21:48:14.095  1989  1989 D RILJ    : [3699]> iccIO: SIM_IO 0xc0 0x6fc5  path: 3F007F20,0,0,15 aid: null [SUB0]
03-24 21:48:14.095  1989  2114 D RILJ    : [3696]< SIM_IO IccIoResponse sw1:0x90 sw2:0x0 [SUB0]
03-24 21:48:14.095  1406  1653 D RIL     : onRequest: SIM_IO
03-24 21:48:14.095  1406  1653 D AT      : AT> AT+CRSM=192,28621,0,0,15
03-24 21:48:14.095  1406  1655 D AT      : AT< +CRSM: 148,4
03-24 21:48:14.095  1406  1655 D AT      : AT< OK
03-24 21:48:14.095  1989  2114 D RILJ    : [3697]< SIM_IO IccIoResponse sw1:0x94 sw2:0x4 [SUB0]
03-24 21:48:14.095  1989  1989 D RILJ    : [3700]> iccIO: SIM_IO 0xc0 0x6f38  path: 3F007F20,0,0,15 aid: null [SUB0]
03-24 21:48:14.095  1989  1989 D RILJ    : [3701]> iccIO: SIM_IO 0xc0 0x6f16  path: 3F007F20,0,0,15 aid: null [SUB0]
03-24 21:48:14.095  1406  1653 D RIL     : onRequest: SIM_IO
03-24 21:48:14.095  1989  1989 D RILJ    : [3702]> iccIO: SIM_IO 0xc0 0x6f15  path: 3F007F20,0,0,15 aid: null [SUB0]
03-24 21:48:14.096  1406  1653 D AT      : AT> AT+CRSM=192,28613,0,0,15
03-24 21:48:14.096  1989  1989 D RILJ    : [3703]> iccIO: SIM_IO 0xc0 0x6f3e  path: 3F007F20,0,0,15 aid: null [SUB0]
03-24 21:48:14.096  1406  1655 D AT      : AT< +CRSM: 144,0,000000f06fc504000aa0aa01020118
03-24 21:48:14.096  1406  1655 D AT      : AT< OK
03-24 21:48:14.096  1989  1989 D RILJ    : [3704]> iccIO: SIM_IO 0xc0 0x6f3f  path: 3F007F20,0,0,15 aid: null [SUB0]
03-24 21:48:14.096  1406  1653 D RIL     : onRequest: SIM_IO
03-24 21:48:14.096  1406  1653 D AT      : AT> AT+CRSM=192,28472,0,0,15
03-24 21:48:14.096  1989  1989 D SIMRecords: [SIMRecords] fetchSimRecords 17 requested: true
03-24 21:48:14.096  1989  1989 E IccCardProxy: setExternalState: set mPhoneId=0 mExternalState=READY
03-24 21:48:14.096  1989  1989 D TelephonyManager: setTelephonyProperty: success phoneId=0 property=gsm.sim.state value: READY propVal=READY
03-24 21:48:14.096  1406  1655 D AT      : AT< +CRSM: 144,0,0000000f6f3804001aa0aa01020000
03-24 21:48:14.096  1406  1655 D AT      : AT< OK
03-24 21:48:14.096  1406  1653 D RIL     : onRequest: SIM_IO
03-24 21:48:14.096  1406  1653 D AT      : AT> AT+CRSM=192,28438,0,0,15
03-24 21:48:14.096  1406  1655 D AT      : AT< +CRSM: 144,0,000000026f1604001aa0aa01020000
03-24 21:48:14.096  1406  1655 D AT      : AT< OK
03-24 21:48:14.096  1406  1653 D RIL     : onRequest: SIM_IO
03-24 21:48:14.096  1406  1653 D AT      : AT> AT+CRSM=192,28437,0,0,15
03-24 21:48:14.096  1989  1989 D IccCardProxy: broadcastIccStateChangedIntent intent ACTION_SIM_STATE_CHANGED value=READY reason=null for mPhoneId=0
03-24 21:48:14.096  1406  1655 D AT      : AT< ERROR: BAD COMMAND
03-24 21:48:14.097  1406  1653 D RIL     : onRequest: SIM_IO
03-24 21:48:14.097  1406  1653 D AT      : AT> AT+CRSM=192,28478,0,0,15
03-24 21:48:14.097  1989  1989 D RILJ    : [3705]> OPERATOR [SUB0]
03-24 21:48:14.097  1989  1989 D RILJ    : [3706]> DATA_REGISTRATION_STATE [SUB0]
03-24 21:48:14.097  1989  1989 D RILJ    : [3707]> VOICE_REGISTRATION_STATE [SUB0]
03-24 21:48:14.097  1989  1989 D RILJ    : [3708]> QUERY_NETWORK_SELECTION_MODE [SUB0]
03-24 21:48:14.097  1406  1655 D AT      : AT< ERROR: BAD COMMAND
03-24 21:48:14.097  1406  1653 D RIL     : onRequest: SIM_IO
03-24 21:48:14.097  1406  1653 D AT      : AT> AT+CRSM=192,28479,0,0,15
03-24 21:48:14.097  1406  1655 D AT      : AT< ERROR: BAD COMMAND
03-24 21:48:14.098  1406  1653 D RIL     : onRequest: OPERATOR
03-24 21:48:14.098  1406  1653 D AT      : AT> AT+COPS=3,0;+COPS?;+COPS=3,1;+COPS?;+COPS=3,2;+COPS?
03-24 21:48:14.098  1406  1655 D AT      : AT< +COPS: 0,0,"Android"
03-24 21:48:14.098  1406  1655 D AT      : AT< +COPS: 0,1,"Android"
03-24 21:48:14.098  1406  1655 D AT      : AT< +COPS: 0,2,"310260"
03-24 21:48:14.098  1406  1655 D AT      : AT< OK
03-24 21:48:14.098  1406  1653 D RIL     : onRequest: DATA_REGISTRATION_STATE
03-24 21:48:14.098  1406  1653 D RIL     : requestRegistrationState
03-24 21:48:14.098  1406  1653 D AT      : AT> AT+CGREG?
03-24 21:48:14.098  1406  1655 D AT      : AT< +CGREG: 1,1,"0003","005b","000e"
03-24 21:48:14.098  1406  1655 D AT      : AT< OK
03-24 21:48:14.098  1406  1653 D RIL     : parseRegistrationState. Parsing: +CGREG: 1,1,"0003","005b","000e"
03-24 21:48:14.098  1406  1653 D RIL     : registration state type: 3GPP
03-24 21:48:14.098  1406  1653 D RIL     : onRequest: VOICE_REGISTRATION_STATE
03-24 21:48:14.098  1406  1653 D RIL     : requestRegistrationState
03-24 21:48:14.098  1406  1653 D AT      : AT> AT+CREG?
03-24 21:48:14.098  1406  1655 D AT      : AT< +CREG: 2,1, "0003", "005b"
03-24 21:48:14.098  1406  1655 D AT      : AT< OK
03-24 21:48:14.098  1406  1653 D RIL     : parseRegistrationState. Parsing: +CREG: 2,1, "0003", "005b"
03-24 21:48:14.098  1406  1653 D RIL     : registration state type: 3GPP
03-24 21:48:14.098  1989  2114 D RILJ    : [3698]< SIM_IO IccIoResponse sw1:0x94 sw2:0x4 [SUB0]
03-24 21:48:14.098  1989  2114 D RILJ    : [3699]< SIM_IO IccIoResponse sw1:0x90 sw2:0x0 [SUB0]
03-24 21:48:14.098  1989  2114 D RILJ    : [3700]< SIM_IO IccIoResponse sw1:0x90 sw2:0x0 [SUB0]
03-24 21:48:14.098  1989  2114 D RILJ    : [3701]< SIM_IO IccIoResponse sw1:0x90 sw2:0x0 [SUB0]
03-24 21:48:14.098  1989  2114 D RilRequest: [3702]< SIM_IO error: com.android.internal.telephony.CommandException: GENERIC_FAILURE ret=
03-24 21:48:14.098  1989  2114 D RilRequest: [3703]< SIM_IO error: com.android.internal.telephony.CommandException: GENERIC_FAILURE ret=
03-24 21:48:14.098  1989  2114 D RilRequest: [3704]< SIM_IO error: com.android.internal.telephony.CommandException: GENERIC_FAILURE ret=
03-24 21:48:14.098  1989  2114 D RILJ    : [3705]< OPERATOR {Android, Android, 310260} [SUB0]
03-24 21:48:14.098  1989  2114 D RILJ    : [3706]< DATA_REGISTRATION_STATE {1, 3, 5b, 14, null, null} [SUB0]
03-24 21:48:14.098  1989  2114 D RILJ    : [3707]< VOICE_REGISTRATION_STATE {1, 3, 5b, 0, null, null, null, null, null, null, null, null, null, null, null} [SUB0]
03-24 21:48:14.099  1989  1998 D SubscriptionController: [getActiveSubInfoList] Sub Controller not ready
03-24 21:48:14.101  1989  1997 D SubscriptionController: [getActiveSubInfoList] Sub Controller not ready
03-24 21:48:14.101  1989  1998 D SubscriptionController: [getActiveSubInfoList] Sub Controller not ready
03-24 21:48:14.103  1989  1989 D UiccCardApplication: Error in querying facility lock:com.android.internal.telephony.CommandException: REQUEST_NOT_SUPPORTED
03-24 21:48:14.103  1989  1989 D UiccCardApplication: Error in querying facility lock:com.android.internal.telephony.CommandException: REQUEST_NOT_SUPPORTED
03-24 21:48:14.103  1406  1653 D RIL     : onRequest: QUERY_NETWORK_SELECTION_MODE
03-24 21:48:14.103  1406  1653 D AT      : AT> AT+COPS?
03-24 21:48:14.103  1989  1989 D RuimRecords: [RuimRecords] fetchRuimRecords 0
03-24 21:48:14.103  1406  1655 D AT      : AT< +COPS: 0,2,310260
03-24 21:48:14.103  1406  1655 D AT      : AT< OK
03-24 21:48:14.103  1989  1989 D RILJ    : [3709]> getIMSI: GET_IMSI aid: null [SUB0]
03-24 21:48:14.103  1989  2114 D RILJ    : [3708]< QUERY_NETWORK_SELECTION_MODE {0} [SUB0]
03-24 21:48:14.103  1406  1653 D RIL     : onRequest: GET_IMSI
03-24 21:48:14.103  1406  1653 D AT      : AT> AT+CIMI
03-24 21:48:14.103  1989  1989 D RILJ    : [3710]> iccIO: SIM_IO 0xc0 0x2fe2  path: 3F00,0,0,15 aid: null [SUB0]
03-24 21:48:14.104  1406  1655 D AT      : AT< 310260000000000
03-24 21:48:14.104  1406  1655 D AT      : AT< OK
03-24 21:48:14.104  1406  1653 D RIL     : onRequest: SIM_IO
03-24 21:48:14.104  1406  1653 D AT      : AT> AT+CRSM=192,12258,0,0,15
03-24 21:48:14.104  1989  1989 D RILJ    : [3711]> iccIO: SIM_IO 0xc0 0x2f05  path: 3F00,0,0,15 aid: null [SUB0]
03-24 21:48:14.104  1989  2114 D RILJ    : [3709]< GET_IMSI  [SUB0]
03-24 21:48:14.104  1406  1655 D AT      : AT< +CRSM: 144,0,0000000a2fe204000fa0aa01020000
03-24 21:48:14.104  1406  1655 D AT      : AT< OK
03-24 21:48:14.104  1989  1989 D RILJ    : [3712]> iccIO: SIM_IO 0xc0 0x6f3a  path: 3F007F25,0,0,15 aid: null [SUB0]
03-24 21:48:14.104  1406  1653 D RIL     : onRequest: SIM_IO
03-24 21:48:14.104  1406  1653 D AT      : AT> AT+CRSM=192,12037,0,0,15
03-24 21:48:14.104  1989  2114 D RILJ    : [3710]< SIM_IO IccIoResponse sw1:0x90 sw2:0x0 [SUB0]
03-24 21:48:14.104  1989  1989 D RILJ    : [3713]> iccIO: SIM_IO 0xc0 0x6f41  path: 3F007F25,0,0,15 aid: null [SUB0]
03-24 21:48:14.104  1406  1655 D AT      : AT< ERROR: BAD COMMAND
03-24 21:48:14.104  1406  1653 D RIL     : onRequest: SIM_IO
03-24 21:48:14.104  1406  1653 D AT      : AT> AT+CRSM=192,28474,0,0,15
03-24 21:48:14.104  1989  1989 D RILJ    : [3714]> iccIO: SIM_IO 0xc0 0x6f44  path: 3F007F25,0,0,15 aid: null [SUB0]
03-24 21:48:14.104  1989  2114 D RilRequest: [3711]< SIM_IO error: com.android.internal.telephony.CommandException: GENERIC_FAILURE ret=
03-24 21:48:14.104  1406  1655 D AT      : AT< ERROR: BAD COMMAND
03-24 21:48:14.104  1406  1653 D RIL     : onRequest: SIM_IO
03-24 21:48:14.104  1406  1653 D AT      : AT> AT+CRSM=192,28481,0,0,15
03-24 21:48:14.104  1989  1989 D RILJ    : [3715]> iccIO: SIM_IO 0xc0 0x6f22  path: 3F007F25,0,0,15 aid: null [SUB0]
03-24 21:48:14.104  1989  2114 D RilRequest: [3712]< SIM_IO error: com.android.internal.telephony.CommandException: GENERIC_FAILURE ret=
03-24 21:48:14.104  1989  1989 D RILJ    : [3716]> iccIO: SIM_IO 0xc0 0x6f28  path: 3F007F25,0,0,15 aid: null [SUB0]
03-24 21:48:14.104  1406  1655 D AT      : AT< ERROR: BAD COMMAND
03-24 21:48:14.104  1406  1653 D RIL     : onRequest: SIM_IO
03-24 21:48:14.104  1406  1653 D AT      : AT> AT+CRSM=192,28484,0,0,15
03-24 21:48:14.104  1989  1989 D RILJ    : [3717]> iccIO: SIM_IO 0xb0 0x6f5a  path: 3F007F25,0,0,4 aid: null [SUB0]
03-24 21:48:14.104  1989  2114 D RilRequest: [3713]< SIM_IO error: com.android.internal.telephony.CommandException: GENERIC_FAILURE ret=
03-24 21:48:14.104  1406  1655 D AT      : AT< ERROR: BAD COMMAND
03-24 21:48:14.105  1406  1653 D RIL     : onRequest: SIM_IO
03-24 21:48:14.105  1406  1653 D AT      : AT> AT+CRSM=192,28450,0,0,15
03-24 21:48:14.105  1989  1989 D RILJ    : [3718]> iccIO: SIM_IO 0xc0 0x6f4d  path: 3F007F25,0,0,15 aid: null [SUB0]
03-24 21:48:14.105  1406  1655 D AT      : AT< ERROR: BAD COMMAND
03-24 21:48:14.105  1989  2114 D RilRequest: [3714]< SIM_IO error: com.android.internal.telephony.CommandException: GENERIC_FAILURE ret=
03-24 21:48:14.105  1406  1653 D RIL     : onRequest: SIM_IO
03-24 21:48:14.105  1406  1653 D AT      : AT> AT+CRSM=192,28456,0,0,15
03-24 21:48:14.105  1989  1989 D RuimRecords: [RuimRecords] fetchRuimRecords 10 requested: true
03-24 21:48:14.105  1989  1989 D RILJ    : [3719]> RIL_REQUEST_CDMA_SUBSCRIPTION [SUB0]
03-24 21:48:14.105  1406  1655 D AT      : AT< ERROR: BAD COMMAND
03-24 21:48:14.105  1989  1989 D GsmSMSDispatcher: GsmSMSDispatcher: subId = -2 slotId = 0
03-24 21:48:14.105  1989  1989 E IccCardProxy: setExternalState: !override and newstate unchanged from READY
03-24 21:48:14.105  1989  2114 D RilRequest: [3715]< SIM_IO error: com.android.internal.telephony.CommandException: GENERIC_FAILURE ret=
03-24 21:48:14.105  1989  1989 D CAT     : CatService: handleMessage[8]
03-24 21:48:14.105  1989  1989 D CAT     : CatService: MSG_ID_ICC_CHANGED
03-24 21:48:14.105  1989  1989 D CAT     : CatService: New Card State = CARDSTATE_PRESENT Old Card State = CARDSTATE_PRESENT
03-24 21:48:14.105  1406  1653 D RIL     : onRequest: SIM_IO
03-24 21:48:14.105  1406  1653 D AT      : AT> AT+CRSM=176,28506,0,0,4
03-24 21:48:14.105  1406  1655 D AT      : AT< ERROR: BAD COMMAND
03-24 21:48:14.105  1989  2114 D RilRequest: [3716]< SIM_IO error: com.android.internal.telephony.CommandException: GENERIC_FAILURE ret=
03-24 21:48:14.105  1406  1653 D RIL     : onRequest: SIM_IO
03-24 21:48:14.105  1406  1653 D AT      : AT> AT+CRSM=192,28493,0,0,15
03-24 21:48:14.105  1406  1655 D AT      : AT< ERROR: BAD COMMAND
03-24 21:48:14.105  1989  2114 D RilRequest: [3717]< SIM_IO error: com.android.internal.telephony.CommandException: GENERIC_FAILURE ret=
03-24 21:48:14.105  1406  1653 D RIL     : onRequest: CDMA_SUBSCRIPTION
03-24 21:48:14.105  1406  1653 D RIL     : Request not supported. Tech: 0
03-24 21:48:14.105  1989  2114 D RilRequest: [3718]< SIM_IO error: com.android.internal.telephony.CommandException: GENERIC_FAILURE ret=
03-24 21:48:14.106  1989  2114 D RilRequest: [3719]< RIL_REQUEST_CDMA_SUBSCRIPTION error: com.android.internal.telephony.CommandException: REQUEST_NOT_SUPPORTED ret=
03-24 21:48:14.120  1989  1989 D SIMRecords: [SIMRecords] IMSI: mMncLength=-1
03-24 21:48:14.120  1989  1989 D SIMRecords: [SIMRecords] IMSI: 310260[D1jVpVFfGoqdF5qliFi2ey-KM4g]
03-24 21:48:14.120  1989  1989 D SIMRecords: [SIMRecords] onRecordLoaded 16 requested: true
03-24 21:48:14.120  1989  1989 D RILJ    : [3720]> iccIO: SIM_IO 0xb0 0x2fe2  path: 3F00,0,0,10 aid: null [SUB0]
03-24 21:48:14.121  1989  1989 D RILJ    : [3721]> iccIO: SIM_IO 0xb2 0x6f40  path: 3F007F10,1,4,32 aid: null [SUB0]
03-24 21:48:14.121  1406  1653 D RIL     : onRequest: SIM_IO
03-24 21:48:14.121  1406  1653 D AT      : AT> AT+CRSM=176,12258,0,0,10
03-24 21:48:14.121  1406  1655 D AT      : AT< +CRSM: 144,0,98101430121181157002
03-24 21:48:14.121  1406  1655 D AT      : AT< OK
03-24 21:48:14.121  1989  2114 D RILJ    : [3720]< SIM_IO IccIoResponse sw1:0x90 sw2:0x0 [SUB0]
03-24 21:48:14.121  1989  1989 D RILJ    : [3722]> iccIO: SIM_IO 0xb2 0x6fc9  path: 3F007F20,1,4,4 aid: null [SUB0]
03-24 21:48:14.122  1989  1989 D RILJ    : [3723]> iccIO: SIM_IO 0xb0 0x6fad  path: 3F007F20,0,0,4 aid: null [SUB0]
03-24 21:48:14.122  1989  1989 D RILJ    : [3724]> iccIO: SIM_IO 0xb2 0x6fca  path: 3F007F20,1,4,5 aid: null [SUB0]
03-24 21:48:14.122  1406  1653 D RIL     : onRequest: SIM_IO
03-24 21:48:14.122  1406  1653 D AT      : AT> AT+CRSM=178,28480,1,4,32
03-24 21:48:14.122  1989  1989 D RILJ    : [3725]> iccIO: SIM_IO 0xb0 0x6f11  path: 3F007F20,0,0,1 aid: null [SUB0]
03-24 21:48:14.122  1406  1655 D AT      : AT< +CRSM: 144,0,ffffffffffffffffffffffffffffffffffff09915155255155f4ffffffffffff
03-24 21:48:14.122  1406  1655 D AT      : AT< OK
03-24 21:48:14.122  1406  1653 D RIL     : onRequest: SIM_IO
03-24 21:48:14.122  1406  1653 D AT      : AT> AT+CRSM=178,28617,1,4,4
03-24 21:48:14.122  1406  1655 D AT      : AT< +CRSM: 144,0,01000000
03-24 21:48:14.122  1406  1655 D AT      : AT< OK
03-24 21:48:14.123  1406  1653 D RIL     : onRequest: SIM_IO
03-24 21:48:14.123  1406  1653 D AT      : AT> AT+CRSM=176,28589,0,0,4
03-24 21:48:14.123  1406  1655 D AT      : AT< +CRSM: 144,0,00000003
03-24 21:48:14.123  1406  1655 D AT      : AT< OK
03-24 21:48:14.123  1406  1653 D RIL     : onRequest: SIM_IO
03-24 21:48:14.123  1406  1653 D AT      : AT> AT+CRSM=178,28618,1,4,5
03-24 21:48:14.123  1406  1655 D AT      : AT< +CRSM: 144,0,0000000000
03-24 21:48:14.123  1406  1655 D AT      : AT< OK
03-24 21:48:14.123  1989  1989 D RILJ    : [3726]> iccIO: SIM_IO 0xb0 0x6f13  path: 3F007F20,0,0,1 aid: null [SUB0]
03-24 21:48:14.123  1989  2114 D RILJ    : [3721]< SIM_IO IccIoResponse sw1:0x90 sw2:0x0 [SUB0]
03-24 21:48:14.123  1406  1653 D RIL     : onRequest: SIM_IO
03-24 21:48:14.123  1406  1653 D AT      : AT> AT+CRSM=176,28433,0,0,1
03-24 21:48:14.123  1406  1655 D AT      : AT< +CRSM: 144,0,55
03-24 21:48:14.123  1406  1655 D AT      : AT< OK
03-24 21:48:14.123  1989  1989 D SubscriptionInfoUpdater: [Receiver]+
03-24 21:48:14.123  1989  1989 D SubscriptionInfoUpdater: Action: android.intent.action.SIM_STATE_CHANGED
03-24 21:48:14.123  1989  1989 D SubscriptionInfoUpdater: slotId: 0
03-24 21:48:14.123  1989  1989 D SubscriptionInfoUpdater: simStatus: READY
03-24 21:48:14.123  1989  1989 D SubscriptionInfoUpdater: Ignoring simStatus: READY
03-24 21:48:14.123  1989  1989 D SubscriptionInfoUpdater: [Receiver]-
03-24 21:48:14.123  1989  1989 D RILJ    : [3727]> iccIO: SIM_IO 0xb2 0x6fc5  path: 3F007F20,1,4,24 aid: null [SUB0]
03-24 21:48:14.123  1406  1653 D RIL     : onRequest: SIM_IO
03-24 21:48:14.123  1406  1653 D AT      : AT> AT+CRSM=176,28435,0,0,1
03-24 21:48:14.124  1406  1655 D AT      : AT< +CRSM: 144,0,55
03-24 21:48:14.124  1989  1989 D RILJ    : [3728]> iccIO: SIM_IO 0xb0 0x6f38  path: 3F007F20,0,0,15 aid: null [SUB0]
03-24 21:48:14.124  1406  1655 D AT      : AT< OK
03-24 21:48:14.124  1406  1653 D RIL     : onRequest: SIM_IO
03-24 21:48:14.124  1406  1653 D AT      : AT> AT+CRSM=178,28613,1,4,24
03-24 21:48:14.124  1406  1655 D AT      : AT< +CRSM: 144,0,43058441aa890affffffffffffffffffffffffffffffffff
03-24 21:48:14.124  1406  1655 D AT      : AT< OK
03-24 21:48:14.124  1989  1989 D RILJ    : [3729]> iccIO: SIM_IO 0xb0 0x6f16  path: 3F007F20,0,0,2 aid: null [SUB0]
03-24 21:48:14.124  1989  1989 E SST     : error parsing GprsRegistrationState: java.lang.NumberFormatException: null
03-24 21:48:14.124  1989  1989 D SST     : handlPollStateResultMessage: GsmSST setDataRegState=0 regState=1 dataRadioTechnology=14
03-24 21:48:14.124  1989  1989 D SST     : EVENT_POLL_STATE_NETWORK_SELECTION_MODE
03-24 21:48:14.124  1989  2114 D RILJ    : [3722]< SIM_IO IccIoResponse sw1:0x90 sw2:0x0 [SUB0]
03-24 21:48:14.124  1989  2114 D RILJ    : [3723]< SIM_IO IccIoResponse sw1:0x90 sw2:0x0 [SUB0]
03-24 21:48:14.124  1989  2114 D RILJ    : [3724]< SIM_IO IccIoResponse sw1:0x90 sw2:0x0 [SUB0]
03-24 21:48:14.125  1989  2114 D RILJ    : [3725]< SIM_IO IccIoResponse sw1:0x90 sw2:0x0 [SUB0]
03-24 21:48:14.125  1989  2114 D RILJ    : [3726]< SIM_IO IccIoResponse sw1:0x90 sw2:0x0 [SUB0]
03-24 21:48:14.125  1989  1989 D SST     : Poll ServiceState done:  oldSS=[0 0 voice home data home Android Android 310260 Android Android 310260  Unknown LTE CSS not supported -1 -1 RoamInd=-1 DefRoamInd=-1 EmergOnly=false IsDataRoamingFromRegistration=false IsUsingCarrierAggregation=false] newSS=[0 0 voice home data home Android Android 310260 Android Android 310260  Unknown LTE CSS not supported -1 -1 RoamInd=-1 DefRoamInd=-1 EmergOnly=false IsDataRoamingFromRegistration=false IsUsingCarrierAggregation=false] oldMaxDataCalls=1 mNewMaxDataCalls=1 oldReasonDataDenied=-1 mNewReasonDataDenied=-1
03-24 21:48:14.125  1989  1989 D RuimRecords: [RuimRecords] NO update mccmnc=310260
03-24 21:48:14.125  1989  1989 D RuimRecords: [RuimRecords] onRecordLoaded 9 requested: true
03-24 21:48:14.125  1989  1989 D RILJ    : [3730]> iccIO: SIM_IO 0xb0 0x2fe2  path: 3F00,0,0,10 aid: null [SUB0]
03-24 21:48:14.125  1406  1653 D RIL     : onRequest: SIM_IO
03-24 21:48:14.125  1406  1653 D AT      : AT> AT+CRSM=176,28472,0,0,15
03-24 21:48:14.125  1406  1655 D AT      : AT< +CRSM: 144,0,ff30ffff3c003c03000c0000f03f00
03-24 21:48:14.125  1406  1655 D AT      : AT< OK
03-24 21:48:14.125  1989  2114 D RILJ    : [3727]< SIM_IO IccIoResponse sw1:0x90 sw2:0x0 [SUB0]
03-24 21:48:14.125  1406  1653 D RIL     : onRequest: SIM_IO
03-24 21:48:14.125  1406  1653 D AT      : AT> AT+CRSM=176,28438,0,0,2
03-24 21:48:14.125  1406  1655 D AT      : AT< +CRSM: 144,0,0233
03-24 21:48:14.125  1406  1655 D AT      : AT< OK
03-24 21:48:14.125  1989  1989 D RILJ    : [3731]> RIL_REQUEST_SIM_CLOSE_CHANNEL [SUB0]
03-24 21:48:14.126  1989  2114 D RILJ    : [3728]< SIM_IO IccIoResponse sw1:0x90 sw2:0x0 [SUB0]
03-24 21:48:14.126  1989  1998 D SubscriptionController: [getPhoneId] asked for default subId=-1
03-24 21:48:14.126  1406  1653 D RIL     : onRequest: SIM_IO
03-24 21:48:14.126  1406  1653 D AT      : AT> AT+CRSM=176,12258,0,0,10
03-24 21:48:14.126  1406  1655 D AT      : AT< +CRSM: 144,0,98101430121181157002
03-24 21:48:14.126  1406  1655 D AT      : AT< OK
03-24 21:48:14.127  1989  2114 D RILJ    : [3729]< SIM_IO IccIoResponse sw1:0x90 sw2:0x0 [SUB0]
03-24 21:48:14.127  1989  2114 D RILJ    : [3730]< SIM_IO IccIoResponse sw1:0x90 sw2:0x0 [SUB0]
03-24 21:48:14.127  1989  1989 D IccCardProxy: broadcastIccStateChangedIntent intent ACTION_SIM_STATE_CHANGED value=IMSI reason=null for mPhoneId=0
03-24 21:48:14.128  1406  1653 D RIL     : onRequest: SIM_CLOSE_CHANNEL
03-24 21:48:14.128  1406  1653 D AT      : AT> AT+CCHC=1
03-24 21:48:14.128  1406  1655 D AT      : AT< +CCHC
03-24 21:48:14.128  1406  1655 D AT      : AT< OK
03-24 21:48:14.128  1989  2114 D RILJ    : [3731]< RIL_REQUEST_SIM_CLOSE_CHANNEL  [SUB0]
03-24 21:48:14.128  1989  1989 D SIMRecords: [SIMRecords] onRecordLoaded 15 requested: true
03-24 21:48:14.128  1989  1989 D RILJ    : [3732]> iccIO: SIM_IO 0xc0 0x6f14  path: 3F007F20,0,0,15 aid: null [SUB0]
03-24 21:48:14.129  1406  1653 D RIL     : onRequest: SIM_IO
03-24 21:48:14.129  1406  1653 D AT      : AT> AT+CRSM=192,28436,0,0,15
03-24 21:48:14.129  1989  1989 D SIMRecords: [SIMRecords] onRecordLoaded 15 requested: true
03-24 21:48:14.129  1989  1989 D SIMRecords: [SIMRecords] onRecordLoaded 14 requested: true
03-24 21:48:14.129  1989  1989 E SIMRecords: [SIMRecords] Exception in fetching EF_CSP data com.android.internal.telephony.CommandException: GENERIC_FAILURE
03-24 21:48:14.129  1989  1989 D SIMRecords: [SIMRecords] onRecordLoaded 13 requested: true
03-24 21:48:14.129  1989  1989 E SIMRecords: [SIMRecords] Exception in get GID1 com.android.internal.telephony.CommandException: GENERIC_FAILURE
03-24 21:48:14.129  1989  1989 D SIMRecords: [SIMRecords] onRecordLoaded 12 requested: true
03-24 21:48:14.129  1989  1989 E SIMRecords: [SIMRecords] Exception in get GID2 com.android.internal.telephony.CommandException: GENERIC_FAILURE
03-24 21:48:14.129  1989  1989 D SIMRecords: [SIMRecords] onRecordLoaded 11 requested: true
03-24 21:48:14.129  1989  1989 D RuimRecords: [RuimRecords] EF_PL LOADED
03-24 21:48:14.129  1989  1989 E RuimRecords: [RuimRecords] Record Load Exception: com.android.internal.telephony.CommandException: GENERIC_FAILURE
03-24 21:48:14.129  1989  1989 D RuimRecords: [RuimRecords] onRecordLoaded 8 requested: true
03-24 21:48:14.129  1989  1989 D RuimRecords: [RuimRecords] EF_CSIM_LI LOADED
03-24 21:48:14.129  1989  1989 E RuimRecords: [RuimRecords] Record Load Exception: com.android.internal.telephony.CommandException: GENERIC_FAILURE
03-24 21:48:14.129  1989  1989 D RuimRecords: [RuimRecords] onRecordLoaded 7 requested: true
03-24 21:48:14.129  1989  1989 D RuimRecords: [RuimRecords] EF_CSIM_SPN LOADED
03-24 21:48:14.129  1989  1989 E RuimRecords: [RuimRecords] Record Load Exception: com.android.internal.telephony.CommandException: GENERIC_FAILURE
03-24 21:48:14.129  1989  1989 D RuimRecords: [RuimRecords] onRecordLoaded 6 requested: true
03-24 21:48:14.129  1989  1989 D RuimRecords: [RuimRecords] EF_CSIM_MDN LOADED
03-24 21:48:14.129  1989  1989 E RuimRecords: [RuimRecords] Record Load Exception: com.android.internal.telephony.CommandException: GENERIC_FAILURE
03-24 21:48:14.129  1989  1989 D RuimRecords: [RuimRecords] onRecordLoaded 5 requested: true
03-24 21:48:14.129  1989  1989 D RuimRecords: [RuimRecords] EF_CSIM_IMSIM LOADED
03-24 21:48:14.129  1989  1989 E RuimRecords: [RuimRecords] Record Load Exception: com.android.internal.telephony.CommandException: GENERIC_FAILURE
03-24 21:48:14.129  1989  1989 D RuimRecords: [RuimRecords] onRecordLoaded 4 requested: true
03-24 21:48:14.129  1406  1655 D AT      : AT< +CRSM: 144,0,000000146f1404001aa0aa01020000
03-24 21:48:14.129  1406  1655 D AT      : AT< OK
03-24 21:48:14.129  1989  2114 D RILJ    : [3732]< SIM_IO IccIoResponse sw1:0x90 sw2:0x0 [SUB0]
03-24 21:48:14.130  1989  1989 D RuimRecords: [RuimRecords] EF_CSIM_CDMAHOME LOADED
03-24 21:48:14.130  1989  1989 E RuimRecords: [RuimRecords] Record Load Exception: com.android.internal.telephony.CommandException: GENERIC_FAILURE
03-24 21:48:14.130  1989  1989 D RuimRecords: [RuimRecords] onRecordLoaded 3 requested: true
03-24 21:48:14.130  1989  1989 D RuimRecords: [RuimRecords] EF_CSIM_EPRL LOADED
03-24 21:48:14.130  1989  1989 E RuimRecords: [RuimRecords] Record Load Exception: com.android.internal.telephony.CommandException: GENERIC_FAILURE
03-24 21:48:14.130  1989  1989 D RuimRecords: [RuimRecords] onRecordLoaded 2 requested: true
03-24 21:48:14.130  1989  1989 D RuimRecords: [RuimRecords] EF_CSIM_MIPUPP LOADED
03-24 21:48:14.130  1989  1989 E RuimRecords: [RuimRecords] Record Load Exception: com.android.internal.telephony.CommandException: GENERIC_FAILURE
03-24 21:48:14.130  1989  1989 D RuimRecords: [RuimRecords] onRecordLoaded 1 requested: true
03-24 21:48:14.130  1989  1989 D SubscriptionInfoUpdater: [Receiver]+
03-24 21:48:14.130  1989  1989 D SubscriptionInfoUpdater: Action: android.intent.action.SIM_STATE_CHANGED
03-24 21:48:14.130  1989  1989 D SubscriptionInfoUpdater: slotId: 0
03-24 21:48:14.130  1989  1989 D SubscriptionInfoUpdater: simStatus: IMSI
03-24 21:48:14.130  1989  1989 D SubscriptionInfoUpdater: Ignoring simStatus: IMSI
03-24 21:48:14.130  1989  1989 D SubscriptionInfoUpdater: [Receiver]-
03-24 21:48:14.130  1989  1989 D SIMRecords: [SIMRecords] iccid: 89014103211118510720
03-24 21:48:14.130  1989  1989 D SIMRecords: [SIMRecords] onRecordLoaded 10 requested: true
03-24 21:48:14.134  1989  1989 D SIMRecords: [SIMRecords] EF_MBI: 01000000
03-24 21:48:14.134  1989  1989 D SIMRecords: [SIMRecords] Got valid mailbox number for MBDN
03-24 21:48:14.134  1989  1989 D RILJ    : [3733]> iccIO: SIM_IO 0xc0 0x6fc7  path: 3F007F20,0,0,15 aid: null [SUB0]
03-24 21:48:14.135  1406  1653 D RIL     : onRequest: SIM_IO
03-24 21:48:14.135  1989  1989 D SIMRecords: [SIMRecords] onRecordLoaded 10 requested: true
03-24 21:48:14.135  1406  1653 D AT      : AT> AT+CRSM=192,28615,0,0,15
03-24 21:48:14.135  1989  1989 D SIMRecords: [SIMRecords] EF_AD: 00000003
03-24 21:48:14.135  1989  1989 D SIMRecords: [SIMRecords] setting4 mMncLength=3
03-24 21:48:14.135  1989  1989 D SIMRecords: [SIMRecords] update mccmnc=310260
03-24 21:48:14.135  1406  1655 D AT      : AT< +CRSM: 144,0,000000406fc7040011a0aa01020120
03-24 21:48:14.135  1406  1655 D AT      : AT< OK
03-24 21:48:14.135  1989  2114 D RILJ    : [3733]< SIM_IO IccIoResponse sw1:0x90 sw2:0x0 [SUB0]
03-24 21:48:14.139  1989  1989 D SIMRecords: [SIMRecords] onRecordLoaded 9 requested: true
03-24 21:48:14.139  1989  1989 D SIMRecords: [SIMRecords] EF_MWIS : 0000000000
03-24 21:48:14.139  1989  1989 D SIMRecords: [SIMRecords] onRecordLoaded 8 requested: true
03-24 21:48:14.139  1989  1989 D SIMRecords: [SIMRecords] EF_CPHS_MWI: 55
03-24 21:48:14.139  1989  1989 D SIMRecords: [SIMRecords] onRecordLoaded 7 requested: true
03-24 21:48:14.139  1989  1989 D SIMRecords: [SIMRecords] EF_CFF_CPHS: 55
03-24 21:48:14.139  1989  1989 D SIMRecords: [SIMRecords] onRecordLoaded 6 requested: true
03-24 21:48:14.139  1989  1989 D SIMRecords: [SIMRecords] onRecordLoaded 5 requested: true
03-24 21:48:14.139  1989  1989 D RILJ    : [3734]> iccIO: SIM_IO 0xb0 0x6f14  path: 3F007F20,0,0,20 aid: null [SUB0]
03-24 21:48:14.140  1989  2182 D DCT     : [0]hasMatchedTetherApnSetting: APN=null
03-24 21:48:14.140  1406  1653 D RIL     : onRequest: SIM_IO
03-24 21:48:14.140  1406  1653 D AT      : AT> AT+CRSM=176,28436,0,0,20
03-24 21:48:14.141  1406  1655 D AT      : AT< +CRSM: 144,0,416e64726f6964ffffffffffffffffffffffffff
03-24 21:48:14.141  1406  1655 D AT      : AT< OK
03-24 21:48:14.141  1989  2114 D RILJ    : [3734]< SIM_IO IccIoResponse sw1:0x90 sw2:0x0 [SUB0]
03-24 21:48:14.141  1989  1989 D SIMRecords: [SIMRecords] SST: UsimServiceTable[120]={ PHONEBOOK, FDN, FDN_EXTENSION, SDN, SDN_EXTENSION, BDN, BDN_EXTENSION, OUTGOING_CALL_INFO, ADVICE_OF_CHARGE, CAP_CONFIG_PARAMS_2, GROUP_ID_LEVEL_1, GROUP_ID_LEVEL_2, SPN, USER_PLMN_SELECT, MSISDN, IMAGE, LOCALISED_SERVICE_AREAS, EMLPP, EMLPP_AUTO_ANSWER, RFU, GSM_ACCESS, DATA_DL_VIA_SMS_PP, DATA_DL_VIA_SMS_CB, CALL_CONTROL_BY_USIM, MO_SMS_CONTROL_BY_USIM, RUN_AT_COMMAND, APN_CONTROL_LIST, DEPERSONALISATION_CONTROL_KEYS, COOPERATIVE_NETWORK_LIST, GSM_SECURITY_CONTEXT, SERVICE_PROVIDER_DISPLAY_INFO, MMS_NOTIFICATION, MMS_NOTIFICATION_EXTENSION, GPRS_CALL_CONTROL_BY_USIM, VGCS_GROUP_ID_LIST, VBS_GROUP_ID_LIST, OMA_BCAST_PROFILE, GBA_LOCAL_KEY_ESTABLISHMENT, #101, #102, #103, #104, #105, #106, #107, #108, #109, #110 }
03-24 21:48:14.141  1989  1989 D SIMRecords: [SIMRecords] onRecordLoaded 4 requested: true
03-24 21:48:14.141  1989  1989 D SIMRecords: [SIMRecords] iCPHS: 0233
03-24 21:48:14.141  1989  1989 D SIMRecords: [SIMRecords] onRecordLoaded 3 requested: true
03-24 21:48:14.141  1989  1989 D RuimRecords: [RuimRecords] iccid: 89014103211118510720
03-24 21:48:14.141  1989  1989 D RuimRecords: [RuimRecords] onRecordLoaded 0 requested: true
03-24 21:48:14.141  1989  1989 D RuimRecords: [RuimRecords] record load complete
03-24 21:48:14.141  1989  1989 D SIMRecords: [SIMRecords] MSISDN: [S91Pkp86EGIlPk5Ja6-6C9-123U]
03-24 21:48:14.142  1989  1989 D SIMRecords: [SIMRecords] onRecordLoaded 2 requested: true
03-24 21:48:14.142  1989  1989 D RILJ    : [3735]> iccIO: SIM_IO 0xb2 0x6fc7  path: 3F007F20,1,4,32 aid: null [SUB0]
03-24 21:48:14.142  1406  1653 D RIL     : onRequest: SIM_IO
03-24 21:48:14.142  1406  1653 D AT      : AT> AT+CRSM=178,28615,1,4,32
03-24 21:48:14.142  1406  1655 D AT      : AT< +CRSM: 144,0,566f6963656d61696cffffffffffffffffff07915155125740f9ffffffffffff
03-24 21:48:14.142  1406  1655 D AT      : AT< OK
03-24 21:48:14.142  1989  2114 D RILJ    : [3735]< SIM_IO IccIoResponse sw1:0x90 sw2:0x0 [SUB0]
03-24 21:48:14.143  1989  1989 D SIMRecords: [SIMRecords] getServiceProviderName: no brandOverride, providerName=Android
03-24 21:48:14.143  1989  1989 D SIMRecords: [SIMRecords] Load EF_SPN_CPHS: Android
03-24 21:48:14.143  1989  1989 D TelephonyManager: setTelephonyProperty: success phoneId=0 property=gsm.sim.operator.alpha value: Android propVal=Android
03-24 21:48:14.143  1989  1989 D SIMRecords: [SIMRecords] onRecordLoaded 1 requested: true
03-24 21:48:14.143  1989  1989 D SIMRecords: [SIMRecords] VM: ADN Record 'Voicemail' '[-MWU1cAlDrkXUZ8dpHi_wU_YOpU] null' EF[MBDN]
03-24 21:48:14.143  1989  1989 D SIMRecords: [SIMRecords] onRecordLoaded 0 requested: true
03-24 21:48:14.143  1989  1989 D SIMRecords: [SIMRecords] record load complete
03-24 21:48:14.143  1989  1989 D SIMRecords: [SIMRecords] Not using EF LI/EF PL
03-24 21:48:14.143  1989  1989 D SIMRecords: [SIMRecords] EF_CFF: callForwardingEnabled=0
03-24 21:48:14.143  1989  1989 D SIMRecords: [SIMRecords] onAllRecordsLoaded set 'gsm.sim.operator.numeric' to operator='310260'
03-24 21:48:14.144  1989  1989 D SIMRecords: [SIMRecords] update icc_operator_numeric=310260
03-24 21:48:14.144  1989  1989 D TelephonyManager: setTelephonyProperty: success phoneId=0 property=gsm.sim.operator.numeric value: 310260 propVal=310260
03-24 21:48:14.145  1989  1989 D SubscriptionController: [setMccMnc]+ mcc/mnc:310/260 subId:-1
03-24 21:48:14.148  1989  1989 D SubscriptionController: notifySubscriptionInfoChanged:
03-24 21:48:14.148  1989  1998 D SubscriptionController: [getActiveSubInfoList] Sub Controller not ready
03-24 21:48:14.149  1989  1989 D SIMRecords: [SIMRecords] onAllRecordsLoaded set mcc imsi
03-24 21:48:14.149  1989  1989 D TelephonyManager: setTelephonyProperty: success phoneId=0 property=gsm.sim.operator.iso-country value: us propVal=us
03-24 21:48:14.150  1989  1989 D SST     : SubscriptionListener.onSubscriptionInfoChanged
03-24 21:48:14.150  1989  1989 D SIMRecords: [SIMRecords]  VoiceMessageCount from SIM MWIS = 0
03-24 21:48:14.150  1989  1989 E Phone   : getStoredVoiceMessageCount: invalid subId -2
03-24 21:48:14.150  1989  1989 D GsmCdmaPhone: [GsmCdmaPhone] updateVoiceMail countVoiceMessages = 0 subId -2
03-24 21:48:14.150  1989  1989 E Phone   : setVoiceMessageCount in sharedPreference: invalid subId -2
03-24 21:48:14.150  1989  1989 D DCT     : [0]SubscriptionListener.onSubscriptionInfoChanged
03-24 21:48:14.151  1989  1989 D SubscriptionController: [getActiveSubInfoList] Sub Controller not ready
03-24 21:48:14.151  1989  1989 D SubscriptionController: [getActiveSubInfoList] Sub Controller not ready
03-24 21:48:14.158  1989  1989 D CAT     : CatService: handleMessage[20]
03-24 21:48:14.158  1989  1989 D GsmCdmaPhone: [GsmCdmaPhone] updateCurrentCarrierInProvider: mSubId = -2 currentDds = -1 operatorNumeric = 310260
03-24 21:48:14.159  1989  1989 D IccCardProxy: operator=310260 mPhoneId=0
03-24 21:48:14.159  1989  1989 D TelephonyManager: setTelephonyProperty: success phoneId=0 property=gsm.sim.operator.numeric value: 310260 propVal=310260
03-24 21:48:14.159  1989  1989 D TelephonyManager: setTelephonyProperty: success phoneId=0 property=gsm.sim.operator.iso-country value: us propVal=us
03-24 21:48:14.159  1989  1989 D IccCardProxy: Sending intent ACTION_INTERNAL_SIM_STATE_CHANGED for mPhoneId : 0
03-24 21:48:14.159  1989  1989 D SST     : EVENT_SIM_RECORDS_LOADED: what=16
03-24 21:48:14.159  1989  1989 D GsmCdmaPhone: [GsmCdmaPhone] updatePhoneObject: radioTechnology=0
03-24 21:48:14.159  1989  1989 D SST     : getOtasp: otasp not needed for GSM
03-24 21:48:14.159  1989  1989 D SST     : updateOtaspState: call notifyOtaspChanged old otaspMode=0 new otaspMode=3
03-24 21:48:14.159  1989  1989 D SIMRecords: [SIMRecords] getServiceProviderName: no brandOverride, providerName=Android
03-24 21:48:14.159  1989  1989 D SIMRecords: [SIMRecords] getServiceProviderName: no brandOverride, providerName=Android
03-24 21:48:14.159  1989  1989 D SST     : updateSpnDisplay: changed sending intent rule=1 showPlmn='false' plmn='Android' showSpn='true' spn='Android' dataSpn='Android' subId='-2'
03-24 21:48:14.162  1989  1989 D SubscriptionController: [setPlmnSpn] No valid subscription to store info
03-24 21:48:14.162  1989  1989 D SubscriptionController: notifySubscriptionInfoChanged:
03-24 21:48:14.163  1989  2182 D SubscriptionController: [getActiveSubInfoList] Sub Controller not ready
03-24 21:48:14.169  1989  1989 D GsmCdmaPhone: [GsmCdmaPhone] phoneObjectUpdater: newVoiceRadioTech=0
03-24 21:48:14.170  1989  1989 D GsmCdmaPhone: [GsmCdmaPhone] phoneObjectUpdater: volteReplacementRat=0
03-24 21:48:14.170  1989  1989 E GsmCdmaPhone: [GsmCdmaPhone] phoneObjectUpdater: newVoiceRadioTech=0 doesn't match either CDMA or GSM - error! No phone change
03-24 21:48:14.170  1989  1989 D SubscriptionInfoUpdater: [Receiver]+
03-24 21:48:14.170  1989  1989 D SubscriptionInfoUpdater: Action: android.intent.action.internal_sim_state_changed
03-24 21:48:14.170  1989  1989 D SubscriptionInfoUpdater: slotId: 0
03-24 21:48:14.170  1989  1989 D SubscriptionInfoUpdater: simStatus: LOADED
03-24 21:48:14.170  1989  1989 D SubscriptionInfoUpdater: [Receiver]-
03-24 21:48:14.170  1989  1989 D SST     : SubscriptionListener.onSubscriptionInfoChanged
03-24 21:48:14.170  1989  1989 D DCT     : [0]SubscriptionListener.onSubscriptionInfoChanged
03-24 21:48:14.170  1989  1989 D SubscriptionController: [getActiveSubInfoList] Sub Controller not ready
03-24 21:48:14.171  1989  1989 D SubscriptionController: [getActiveSubInfoList] Sub Controller not ready
03-24 21:48:14.178  1989  1989 D SubscriptionInfoUpdater: handleSimStateLoadedInternal: slotId: 0
03-24 21:48:14.178  1989  1989 D SubscriptionInfoUpdater: All IccIds query complete
03-24 21:48:14.178  1989  1989 D SubscriptionInfoUpdater: updateSubscriptionInfoByIccId:+ Start
03-24 21:48:14.178  1989  1989 D SubscriptionController: [clearSubInfo]- no simInfo size=0
03-24 21:48:14.179  1989  1989 D SubscriptionInfoUpdater: insertedSimCount = 1
03-24 21:48:14.179  1989  1989 D SubscriptionController: [getSubInfoUsingSlotIdWithCheck]+ slotId:0
03-24 21:48:14.181  1989  1989 D SubscriptionController: [getSubInfoUsingSlotId]- null info return
03-24 21:48:14.181  1989  1989 D SubscriptionInfoUpdater: updateSubscriptionInfoByIccId: No SIM in slot 0 last time
03-24 21:48:14.181  1989  1989 D SubscriptionInfoUpdater: updateSubscriptionInfoByIccId: oldIccId[0] = , sIccId[0] = 89014103211118510720
03-24 21:48:14.181  1989  1989 D SubscriptionController: [addSubInfoRecord]+ iccId:89014103211118510720 slotId:0
03-24 21:48:14.183  1989  1989 D SubscriptionController: [getActiveSubInfoList] Sub Controller not ready
03-24 21:48:14.210  1989  1989 D SubscriptionController: [addSubInfoRecord] New record created: content://telephony/siminfo/1
03-24 21:48:14.217  1989  2186 D SubscriptionController: [getActiveSubInfoList] Sub Controller not ready
03-24 21:48:14.218  1989  1989 D SubscriptionController: [addSubInfoRecord] sSlotIdxToSubId.size=1 slotId=0 subId=1 defaultSubId=-1 simCount=1
03-24 21:48:14.218  1989  1989 D SubscriptionController: [setDefaultFallbackSubId] subId=1
03-24 21:48:14.218  1989  1989 D SubscriptionController: [setDefaultFallbackSubId] set mDefaultFallbackSubId=1
03-24 21:48:14.219  1989  1989 D SubscriptionController: [setDefaultFallbackSubId] broadcast default subId changed phoneId=0 subId=1
03-24 21:48:14.220  1989  1989 D SubscriptionController: [addSubInfoRecord] one sim set defaults to subId=1
03-24 21:48:14.220  1989  1989 D SubscriptionController: [setDefaultDataSubId] num phones=1, subId=1
03-24 21:48:14.220  1989  1989 D SubscriptionController: [setDefaultDataSubId] phoneId=0 subId=1 RAF=1
03-24 21:48:14.220  1989  1989 D ProxyController: setRadioCapability: Already in requested configuration, nothing to do.
03-24 21:48:14.220  1989  1989 D SubscriptionController: [updateAllDataConnectionTrackers] sPhones.length=1
03-24 21:48:14.220  1989  1989 D SubscriptionController: [updateAllDataConnectionTrackers] phoneId=0
03-24 21:48:14.220  1989  1989 D DCT     : [0]update sub = 1
03-24 21:48:14.220  1989  1989 D DCT     : [0]update(): Active DDS, register for all events now!
03-24 21:48:14.220  1989  1989 D DCT     : [0]New records found.
