03-24 21:47:59.254  1406  1406 D RILD    : **RIL Daemon Started**
03-24 21:47:59.255  1406  1406 D RILD    : **RILd param count=1**
03-24 21:48:00.255  1406  1406 D RILD    : overriding with -s /dev/socket/qemud
03-24 21:48:00.258  1406  1406 W RILD    : RIL_SAP_Init not defined or exported in libreference-ril.so: undefined symbol: RIL_SAP_Init
03-24 21:48:00.258  1406  1406 D RILD    : RIL_Init argc = 5 clientId = 0
03-24 21:48:00.258  1406  1406 I RIL     : Opening socket /dev/socket/qemud
03-24 21:48:00.258  1406  1406 I RIL     : Client id received 0
03-24 21:48:00.258  1406  1406 D RILD    : RIL_Init rilInit completed
03-24 21:48:00.258  1406  1406 I RILC    : SIM_COUNT: 1
03-24 21:48:00.258  1406  1406 E RILC    : RIL_register: RIL version 12
03-24 21:48:00.258  1406  1406 I RILC    : s_registerCalled flag set, 1
03-24 21:48:00.258  1406  1406 I RILC    : Start to listen RIL_SOCKET_1
03-24 21:48:00.258  1406  1406 D RILD    : RIL_Init RIL_register completed
03-24 21:48:00.258  1406  1406 D RILD    : RIL_register_socket completed
03-24 21:48:00.258  1406  1406 D RILD    : RIL_Init starting sleep loop
03-24 21:48:00.259  1406  1653 D RIL     : setRadioState(0)
03-24 21:48:00.259  1406  1653 D AT      : AT> ATE0Q0V1
03-24 21:48:00.260  1406  1655 D AT      : AT< OK
03-24 21:48:00.465  1395  1395 D TelephonyManager: No /proc/cmdline exception=java.io.FileNotFoundException: /proc/cmdline (Permission denied)
03-24 21:48:00.465  1395  1395 D TelephonyManager: /proc/cmdline=
03-24 21:48:00.522  1406  1653 D RIL     : query_ctec. current: 0xb047f744, preferred: 0xb047f740
03-24 21:48:00.522  1406  1653 D AT      : AT> AT+CTEC?
03-24 21:48:00.522  1406  1655 D AT      : AT< +CTEC: 0,f
03-24 21:48:00.522  1406  1655 D AT      : AT< OK
03-24 21:48:00.522  1406  1653 D RIL     : Response: +CTEC: 0,f
03-24 21:48:00.522  1406  1653 D RIL     : line remaining after int: f
03-24 21:48:00.522  1406  1653 D RIL     : query_supported_techs
03-24 21:48:00.522  1406  1653 D AT      : AT> AT+CTEC=?
03-24 21:48:00.522  1406  1655 D AT      : AT< +CTEC: 0,1,2,3
03-24 21:48:00.522  1406  1655 D AT      : AT< OK
03-24 21:48:00.522  1406  1653 I RIL     : Found Multimode Modem. Supported techs mask: 0000000f. Current tech: 0
03-24 21:48:00.522  1406  1653 D AT      : AT> ATE0Q0V1
03-24 21:48:00.522  1406  1655 D AT      : AT< OK
03-24 21:48:00.522  1406  1653 D AT      : AT> ATS0=0
03-24 21:48:00.522  1406  1655 D AT      : AT< OK
03-24 21:48:00.522  1406  1653 D AT      : AT> AT+CMEE=1
03-24 21:48:00.523  1406  1655 D AT      : AT< OK
03-24 21:48:00.523  1406  1653 D AT      : AT> AT+CREG=2
03-24 21:48:00.523  1406  1655 D AT      : AT< OK
03-24 21:48:00.523  1406  1653 D AT      : AT> AT+CGREG=1
03-24 21:48:00.523  1406  1655 D AT      : AT< OK
03-24 21:48:00.523  1406  1653 D AT      : AT> AT+CCWA=1
03-24 21:48:00.523  1406  1655 D AT      : AT< OK
03-24 21:48:00.523  1406  1653 D AT      : AT> AT+CMOD=0
03-24 21:48:00.523  1406  1655 D AT      : AT< OK
03-24 21:48:00.523  1406  1653 D AT      : AT> AT+CMUT=0
03-24 21:48:00.523  1406  1655 D AT      : AT< OK
03-24 21:48:00.523  1406  1653 D AT      : AT> AT+CSSN=0,1
03-24 21:48:00.523  1406  1655 D AT      : AT< OK
03-24 21:48:00.523  1406  1653 D AT      : AT> AT+COLP=0
03-24 21:48:00.523  1406  1655 D AT      : AT< OK
03-24 21:48:00.523  1406  1653 D AT      : AT> AT+CSCS="HEX"
03-24 21:48:00.523  1406  1655 D AT      : AT< OK
03-24 21:48:00.523  1406  1653 D AT      : AT> AT+CUSD=1
03-24 21:48:00.523  1406  1655 D AT      : AT< OK
03-24 21:48:00.523  1406  1653 D AT      : AT> AT+CGEREP=1,0
03-24 21:48:00.524  1406  1655 D AT      : AT< OK
03-24 21:48:00.524  1406  1653 D AT      : AT> AT+CMGF=0
03-24 21:48:00.524  1406  1655 D AT      : AT< %CTZV: 19/03/25:04:48:01+32:1:America!Vancouver
03-24 21:48:00.524  1406  1655 D AT      : AT< OK
03-24 21:48:00.524  1406  1653 D AT      : AT> AT+CFUN?
03-24 21:48:00.524  1406  1655 D AT      : AT< +CFUN: 0
03-24 21:48:00.524  1406  1655 D AT      : AT< OK
03-24 21:48:12.729  1700  1700 D TelephonyRegistry: listen oscl: hasNotifySubscriptionInfoChangedOccurred==false no callback
03-24 21:48:12.766  1700  1712 D TelephonyRegistry: listen oscl: hasNotifySubscriptionInfoChangedOccurred==false no callback
03-24 21:48:12.818  1700  1713 D TelephonyRegistry: listen oscl: hasNotifySubscriptionInfoChangedOccurred==false no callback
03-24 21:48:12.841  1700  1700 D TelephonyRegistry: systemRunning register for intents
03-24 21:48:13.244  1700  1700 W CarrierConfigManager: Error getting config for subId -1 ICarrierConfigLoader is null
03-24 21:48:13.263  1700  1700 D TelephonyRegistry: notifyCellLocationForSubscriber: subId=0 cellLocation=Bundle[{}]
03-24 21:48:13.312  1989  1989 D TDC     : updateOrInsert: inserting: Modem { uuid=modem, state=0, rilModel=0, rat={}, maxActiveVoiceCall=1, maxActiveDataCall=1, maxStandby=1 }
03-24 21:48:13.312  1989  1989 D TDC     : updateOrInsert: inserting: Sim { uuid=sim, modemUuid=modem, state=0 }
03-24 21:48:13.320  1989  1989 D CdmaSSM : subscriptionSource from settings: 0
03-24 21:48:13.320  1989  1989 I PhoneFactory: Cdma Subscription set to 0
03-24 21:48:13.329  1989  1989 I PhoneFactory: Network Mode set to 0
03-24 21:48:13.332  1989  1989 D RILJ    : RIL(context, preferredNetworkType=0 cdmaSubscription=0)
03-24 21:48:13.333  1989  1989 D RILJ    : Starting RILReceiver0 [SUB0]
03-24 21:48:13.336  1406  1653 I RILC    : libril: new connection to RIL_SOCKET_1
03-24 21:48:13.336  1406  1653 I RILC    : RIL Daemon version: android reference-ril 1.0
03-24 21:48:13.336  1989  2114 I RILJ    : (0) Connected to 'rild' socket
03-24 21:48:13.336  1989  2114 D RILJ    : [UNSL]< UNSOL_RIL_CONNECTED {12} [SUB0]
03-24 21:48:13.341  1989  1989 D RILJ    : [3649]> GET_HARDWARE_CONFIG [SUB0]
03-24 21:48:13.341  1989  2114 D RILJ    : [3648]> RADIO_POWER off [SUB0]
03-24 21:48:13.343  1989  1989 I PhoneFactory: Creating SubscriptionController
03-24 21:48:13.344  1406  1653 D RIL     : onRequest: GET_HARDWARE_CONFIG
03-24 21:48:13.344  1989  2114 D RILJ    : [3650]> RIL_REQUEST_CDMA_SET_SUBSCRIPTION_SOURCE : 0 [SUB0]
03-24 21:48:13.344  1406  1653 D RIL     : onRequest: RADIO_POWER
03-24 21:48:13.345  1989  2114 D RILJ    : setCellInfoListRate: 2147483647 [SUB0]
03-24 21:48:13.345  1406  1653 D RIL     : onRequest: CDMA_SET_SUBSCRIPTION_SOURCE
03-24 21:48:13.345  1989  2114 D RILJ    : [3651]> RIL_REQUEST_SET_CELL_INFO_LIST_RATE [SUB0]
03-24 21:48:13.346  1406  1653 D RIL     : onRequest: SET_UNSOL_CELL_INFO_LIST_RATE
03-24 21:48:13.346  1989  2114 D RILJ    : [UNSL]< UNSOL_RESPONSE_RADIO_STATE_CHANGED RADIO_OFF [SUB0]
03-24 21:48:13.346  1989  2114 D RILJ    : [3652]> SCREEN_STATE: true [SUB0]
03-24 21:48:13.347  1989  1989 D SubscriptionController: [SubscriptionController] init by Context
03-24 21:48:13.348  1989  2114 D RILJ    : [UNSL]< UNSOL_NITZ_TIME_RECEIVED 19/03/25:04:48:01+32:1:America!Vancouver [SUB0]
03-24 21:48:13.349  1989  2114 D RilRequest: [3649]< GET_HARDWARE_CONFIG error: com.android.internal.telephony.CommandException: RADIO_NOT_AVAILABLE ret=
03-24 21:48:13.349  1989  2114 D RILJ    : [3648]< RADIO_POWER  [SUB0]
03-24 21:48:13.349  1989  2114 D RilRequest: [3650]< RIL_REQUEST_CDMA_SET_SUBSCRIPTION_SOURCE error: com.android.internal.telephony.CommandException: RADIO_NOT_AVAILABLE ret=
03-24 21:48:13.349  1989  2114 D RilRequest: [3651]< RIL_REQUEST_SET_CELL_INFO_LIST_RATE error: com.android.internal.telephony.CommandException: RADIO_NOT_AVAILABLE ret=
03-24 21:48:13.349  1406  1653 D RIL     : onRequest: SCREEN_STATE
03-24 21:48:13.349  1989  2114 D RilRequest: [3652]< SCREEN_STATE error: com.android.internal.telephony.CommandException: RADIO_NOT_AVAILABLE ret=
03-24 21:48:13.350  1989  1989 D UiccController: Creating UiccController
03-24 21:48:13.351  1989  1989 D TelephonyTester: register for intent action=com.android.internal.telephony.action_detached
03-24 21:48:13.351  1989  1989 D TelephonyTester: register for intent action=com.android.internal.telephony.action_attached
03-24 21:48:13.353  1989  1989 D Phone   : mDoesRilSendMultipleCallRing=true
03-24 21:48:13.353  1989  1989 D Phone   : mCallRingDelay=3000
03-24 21:48:13.356  1989  1989 D RILJ    : [3653]> RIL_REQUEST_START_LCE [SUB0]
03-24 21:48:13.357  1406  1653 D RIL     : onRequest: <unknown request>
03-24 21:48:13.357  1989  2114 D RilRequest: [3653]< RIL_REQUEST_START_LCE error: com.android.internal.telephony.CommandException: RADIO_NOT_AVAILABLE ret=
03-24 21:48:13.361  1989  1989 E RIL_ImsSms: getFormat should never be called from here!
03-24 21:48:13.361  1989  1989 D SMSDispatcher: SMSDispatcher: ctor mSmsCapable=true format=unknown mSmsSendDisabled=false
03-24 21:48:13.361  1989  1989 D RIL_ImsSms: ImsSMSDispatcher created
03-24 21:48:13.365  1989  1989 D SMSDispatcher: SMSDispatcher: ctor mSmsCapable=true format=3gpp2 mSmsSendDisabled=false
03-24 21:48:13.365  1989  1989 D CdmaSMSDispatcher: CdmaSMSDispatcher created
03-24 21:48:13.381  1989  1989 D GsmInboundSmsHandler: created InboundSmsHandler
03-24 21:48:13.389  1989  1989 D CdmaInboundSmsHandler: created InboundSmsHandler
03-24 21:48:13.390  1989  1989 D SMSDispatcher: SMSDispatcher: ctor mSmsCapable=true format=3gpp mSmsSendDisabled=false
03-24 21:48:13.390  1989  1989 D GsmSMSDispatcher: GsmSMSDispatcher created
03-24 21:48:13.391  1989  2124 D GsmInboundSmsHandler: StartupState.processMessage:6
03-24 21:48:13.391  1989  2128 D CdmaInboundSmsHandler: StartupState.processMessage:6
03-24 21:48:13.391  1989  2124 D GsmInboundSmsHandler: entering Idle state
03-24 21:48:13.391  1989  2128 D CdmaInboundSmsHandler: entering Idle state
03-24 21:48:13.393  1989  1989 D IccCardProxy: ctor: ci=com.android.internal.telephony.RIL@f6cc1b2 phoneId=0
03-24 21:48:13.393  1989  1989 D CdmaSSM : subscriptionSource from settings: 0
03-24 21:48:13.393  1989  1989 D CdmaSSM : cdmaSSM constructor: 0
03-24 21:48:13.393  1989  1989 D IccCardProxy: update icc_operator_numeric=
03-24 21:48:13.393  1989  1989 D TelephonyManager: setTelephonyProperty: success phoneId=0 property=gsm.sim.operator.numeric value:  propVal=
03-24 21:48:13.393  1989  1989 D TelephonyManager: setTelephonyProperty: success phoneId=0 property=gsm.sim.operator.iso-country value:  propVal=
03-24 21:48:13.393  1989  1989 D TelephonyManager: setTelephonyProperty: success phoneId=0 property=gsm.sim.operator.alpha value:  propVal=
03-24 21:48:13.393  1989  1989 E IccCardProxy: setExternalState: set mPhoneId=0 mExternalState=NOT_READY
03-24 21:48:13.393  1989  1989 D TelephonyManager: setTelephonyProperty: success phoneId=0 property=gsm.sim.state value: NOT_READY propVal=NOT_READY
03-24 21:48:13.393  1989  1989 D IccCardProxy: broadcastIccStateChangedIntent intent ACTION_SIM_STATE_CHANGED value=NOT_READY reason=null for mPhoneId=0
03-24 21:48:13.398  1989  1989 D RILJ    : setPhoneType=1 old value=0 [SUB0]
03-24 21:48:13.398  1989  1989 D TelephonyManager: setTelephonyProperty: success phoneId=0 property=gsm.current.phone-type value: 1 propVal=1
03-24 21:48:13.398  1989  1989 D IccCardProxy: Setting radio tech UMTS
03-24 21:48:13.398  1989  1989 D IccCardProxy: updateQuietMode: 3GPP subscription -> newQuietMode=false
03-24 21:48:13.398  1989  1989 D IccCardProxy: updateQuietMode: no changes don't setExternalState
03-24 21:48:13.398  1989  1989 D IccCardProxy: updateQuietMode: QuietMode is false (app_type=1 cdmaSource=-1)
03-24 21:48:13.400  1989  1989 W CarrierConfigManager: Error getting config for subId -1 ICarrierConfigLoader is null
03-24 21:48:13.400  1700  1729 D TelephonyRegistry: listen oscl: hasNotifySubscriptionInfoChangedOccurred==false no callback
03-24 21:48:13.402  1989  1989 D TelephonyManager: setTelephonyProperty: success phoneId=0 property=gsm.network.type value: Unknown propVal=Unknown
03-24 21:48:13.403  1989  1989 D RILJ    : [3654]> SIGNAL_STRENGTH [SUB0]
03-24 21:48:13.403  1406  1653 D RIL     : onRequest: SIGNAL_STRENGTH
03-24 21:48:13.403  1989  2114 D RilRequest: [3654]< SIGNAL_STRENGTH error: com.android.internal.telephony.CommandException: RADIO_NOT_AVAILABLE ret=
03-24 21:48:13.404  1989  1989 D SST     : notifyDataRegStateRilRadioTechnologyChanged: drs=1 rat=0
03-24 21:48:13.404  1989  1989 D TelephonyManager: setTelephonyProperty: success phoneId=0 property=gsm.network.type value: Unknown propVal=Unknown
03-24 21:48:13.408  1989  1989 D DCT     : [0]DCT.constructor
03-24 21:48:13.408  1989  1989 D DCT     : [0]getDataEnabled during provisioning retVal=true - (true, 1)
03-24 21:48:13.409  1700  1711 D TelephonyRegistry: listen oscl: hasNotifySubscriptionInfoChangedOccurred==false no callback
03-24 21:48:13.411  1989  1989 D Dcc     : E ctor
03-24 21:48:13.411  1989  1989 D Dcc     : X ctor
03-24 21:48:13.411  1989  1989 D SubscriptionController: [getPhoneId] asked for default subId=-1
03-24 21:48:13.412  1989  2135 D DcTesterDeacativateAll: register for intent action=com.android.internal.telephony.dataconnection.action_deactivate_all
03-24 21:48:13.412  1989  2135 D DcTesterDeacativateAll: register for intent action=com.android.internal.telephony.action_detached
03-24 21:48:13.412  1989  2135 D Dcc     : DccDefaultState: msg.what=EVENT_RIL_CONNECTED mRilVersion=12
03-24 21:48:13.423  1989  1989 D DcTesterFailBrinupAll: register for intent action=com.android.internal.telephony.dataconnection.action_fail_bringup
03-24 21:48:13.423  1989  1989 D DcTesterFailBrinupAll: register for intent action=com.android.internal.telephony.action_detached
03-24 21:48:13.423  1989  1989 D DcTesterFailBrinupAll: register for intent action=com.android.internal.telephony.action_attached
03-24 21:48:13.427  1989  1989 D SST     : notifyDataRegStateRilRadioTechnologyChanged: drs=1 rat=0
03-24 21:48:13.427  1989  1989 D TelephonyManager: setTelephonyProperty: success phoneId=0 property=gsm.network.type value: Unknown propVal=Unknown
03-24 21:48:13.428  1989  1989 D DCT     : [0]update sub = -2
03-24 21:48:13.428  1989  1989 D DCT     : [0]update(): Active DDS, register for all events now!
03-24 21:48:13.428  1989  1989 D DCT     : [0]getDataEnabled during provisioning retVal=true - (true, 1)
03-24 21:48:13.428  1989  1989 D GsmCdmaPhone: [GsmCdmaPhone] updateCurrentCarrierInProvider: mSubId = -2 currentDds = -1 operatorNumeric = null
03-24 21:48:13.428  1989  1989 D DCT     : [0]initApnContexts: E
03-24 21:48:13.428  1989  1989 D DCT     : [0]initApnContexts: skipping unknown type=1
03-24 21:48:13.429  1989  1989 D DCT     : [0]initApnContexts: apnContext={mApnType=default mState=IDLE mWaitingApns={null} mApnSetting={null} mReason=dataEnabled mDataEnabled=false mDependencyMet=true}
03-24 21:48:13.429  1989  1989 D DCT     : [0]initApnContexts: apnContext={mApnType=mms mState=IDLE mWaitingApns={null} mApnSetting={null} mReason=dataEnabled mDataEnabled=false mDependencyMet=true}
03-24 21:48:13.429  1989  1989 D DCT     : [0]initApnContexts: apnContext={mApnType=supl mState=IDLE mWaitingApns={null} mApnSetting={null} mReason=dataEnabled mDataEnabled=false mDependencyMet=true}
03-24 21:48:13.429  1989  1989 D DCT     : [0]initApnContexts: apnContext={mApnType=hipri mState=IDLE mWaitingApns={null} mApnSetting={null} mReason=dataEnabled mDataEnabled=false mDependencyMet=true}
03-24 21:48:13.429  1989  1989 D DCT     : [0]initApnContexts: apnContext={mApnType=fota mState=IDLE mWaitingApns={null} mApnSetting={null} mReason=dataEnabled mDataEnabled=false mDependencyMet=true}
03-24 21:48:13.429  1989  1989 D DCT     : [0]initApnContexts: apnContext={mApnType=ims mState=IDLE mWaitingApns={null} mApnSetting={null} mReason=dataEnabled mDataEnabled=false mDependencyMet=true}
03-24 21:48:13.429  1989  1989 D DCT     : [0]initApnContexts: apnContext={mApnType=cbs mState=IDLE mWaitingApns={null} mApnSetting={null} mReason=dataEnabled mDataEnabled=false mDependencyMet=true}
03-24 21:48:13.429  1989  1989 D DCT     : [0]initApnContexts: skipping unknown type=13
03-24 21:48:13.429  1989  1989 D DCT     : [0]initApnContexts: apnContext={mApnType=ia mState=IDLE mWaitingApns={null} mApnSetting={null} mReason=dataEnabled mDataEnabled=false mDependencyMet=true}
03-24 21:48:13.429  1989  1989 D DCT     : [0]initApnContexts: apnContext={mApnType=emergency mState=IDLE mWaitingApns={null} mApnSetting={null} mReason=dataEnabled mDataEnabled=false mDependencyMet=true}
03-24 21:48:13.433  1989  1989 D GsmCdmaPhone: [GsmCdmaPhone] GsmCdmaPhone: constructor: sub = 0
03-24 21:48:13.433  1989  1989 I PhoneFactory: Creating Phone with type = 1 sub = 0
03-24 21:48:13.436  1989  1989 I PhoneFactory: defaultSmsApplication: NONE
03-24 21:48:13.437  1989  1989 I PhoneFactory: Creating SubInfoRecordUpdater 
03-24 21:48:13.437  1989  1989 D SubscriptionInfoUpdater: Constructor invoked
03-24 21:48:13.451  1700  1712 D TelephonyRegistry: listen oscl: hasNotifySubscriptionInfoChangedOccurred==false no callback
03-24 21:48:13.451  1700  1711 D TelephonyRegistry: listen oscl: hasNotifySubscriptionInfoChangedOccurred==false no callback
03-24 21:48:13.452  1989  1989 D PhoneSwitcher: PhoneSwitcher started
03-24 21:48:13.452  1989  1989 D ProxyController: Constructor - Enter
03-24 21:48:13.453  1989  1989 D ProxyController: clearTransaction
03-24 21:48:13.453  1989  1989 D ProxyController: clearTransaction: phoneId=0 status=IDLE
03-24 21:48:13.453  1989  1989 D ProxyController: Constructor - Exit
03-24 21:48:13.453  1989  1989 D TelephonyNetworkFactory[0]: Registering NetworkFactory
03-24 21:48:13.454  1989  1989 D CallManager: registerPhone(GSM Handler (com.android.internal.telephony.GsmCdmaPhone) {15425b0})
03-24 21:48:13.456  1700  2014 D TelephonyRegistry: listen oscl: hasNotifySubscriptionInfoChangedOccurred==false no callback
03-24 21:48:13.462  1700  2014 D TelephonyRegistry: listen oscl: hasNotifySubscriptionInfoChangedOccurred==false no callback
03-24 21:48:13.472  1989  1989 D RILJ    : [3655]> RIL_REQUEST_SET_TTY_MODE : 0 [SUB0]
03-24 21:48:13.473  1406  1653 D RIL     : onRequest: SET_TTY_MODE
03-24 21:48:13.474  1989  2114 D RilRequest: [3655]< RIL_REQUEST_SET_TTY_MODE error: com.android.internal.telephony.CommandException: RADIO_NOT_AVAILABLE ret=
03-24 21:48:13.475  1700  1729 D TelephonyRegistry: listen oscl: hasNotifySubscriptionInfoChangedOccurred==false no callback
03-24 21:48:13.475  1989  1989 D SubscriptionController: [getPhoneId] asked for default subId=-1
03-24 21:48:13.476  1989  1989 D UiccController: Received EVENT_ICC_STATUS_CHANGED, calling getIccCardStatus
03-24 21:48:13.476  1989  1989 D RILJ    : [3656]> GET_SIM_STATUS [SUB0]
03-24 21:48:13.476  1989  1989 D Phone   : config LCE service failed: com.android.internal.telephony.CommandException: RADIO_NOT_AVAILABLE
03-24 21:48:13.476  1989  1989 D GsmSMSDispatcher: GsmSMSDispatcher: subId = -2 slotId = 0
03-24 21:48:13.476  1989  1989 E IccCardProxy: setExternalState: !override and newstate unchanged from NOT_READY
03-24 21:48:13.476  1989  1989 D RILJ    : [3657]> BASEBAND_VERSION [SUB0]
03-24 21:48:13.476  1406  1653 D RIL     : onRequest: GET_SIM_STATUS
03-24 21:48:13.476  1406  1653 D RIL     : getSIMStatus(). sState: 0
03-24 21:48:13.477  1989  2114 D RILJ    : [3656]< GET_SIM_STATUS IccCardState {CARDSTATE_PRESENT,PINSTATE_UNKNOWN,num_apps=2,gsm_id=0{APPTYPE_SIM,APPSTATE_DETECTED},cdma_id=1{APPTYPE_RUIM,APPSTATE_DETECTED},ims_id=8} [SUB0]
03-24 21:48:13.477  1989  1989 D RILJ    : [3658]> GET_IMEI [SUB0]
03-24 21:48:13.477  1406  1653 D RIL     : onRequest: BASEBAND_VERSION
03-24 21:48:13.477  1989  1989 D RILJ    : [3659]> GET_IMEISV [SUB0]
03-24 21:48:13.477  1406  1653 D RIL     : onRequest: GET_IMEI
03-24 21:48:13.477  1406  1653 D AT      : AT> AT+CGSN
03-24 21:48:13.477  1989  1989 D RILJ    : [3660]> RIL_REQUEST_GET_RADIO_CAPABILITY [SUB0]
03-24 21:48:13.477  1406  1655 D AT      : AT< 358240051111110
03-24 21:48:13.477  1406  1655 D AT      : AT< OK
03-24 21:48:13.477  1406  1653 D RIL     : onRequest: GET_IMEISV
03-24 21:48:13.477  1989  1989 D RILJ    : [3661]> RIL_REQUEST_START_LCE [SUB0]
03-24 21:48:13.477  1406  1653 D RIL     : onRequest: RIL_REQUEST_GET_RADIO_CAPABILITY
03-24 21:48:13.478  1989  1989 D GsmCdmaPhone: [GsmCdmaPhone] Event EVENT_RADIO_OFF_OR_NOT_AVAILABLE Received
03-24 21:48:13.478  1406  1653 D RIL     : onRequest: <unknown request>
03-24 21:48:13.478  1989  1989 E IccCardProxy: setExternalState: !override and newstate unchanged from NOT_READY
03-24 21:48:13.478  1989  1989 D SST     : mDeviceShuttingDown=false, mDesiredPowerState=true, getRadioState=RADIO_OFF, mPowerOffDelayNeed=true, mAlarmSwitch=false, mRadioDisabledByCarrier=false
03-24 21:48:13.478  1989  1989 D RILJ    : [3662]> RADIO_POWER on [SUB0]
03-24 21:48:13.478  1406  1653 D RIL     : onRequest: RADIO_POWER
03-24 21:48:13.478  1406  1653 D AT      : AT> AT+CFUN=1
03-24 21:48:13.478  1989  1989 D RILJ    : [3663]> OPERATOR [SUB0]
03-24 21:48:13.478  1406  1655 D AT      : AT< OK
03-24 21:48:13.478  1406  1653 D RIL     : setRadioState(10)
03-24 21:48:13.478  1989  2114 D RilRequest: [3657]< BASEBAND_VERSION error: com.android.internal.telephony.CommandException: RADIO_NOT_AVAILABLE ret=
03-24 21:48:13.478  1989  2114 D RILJ    : [3658]< GET_IMEI  [SUB0]
03-24 21:48:13.478  1989  2114 D RilRequest: [3659]< GET_IMEISV error: com.android.internal.telephony.CommandException: RADIO_NOT_AVAILABLE ret=
03-24 21:48:13.478  1989  2114 D RilRequest: [3660]< RIL_REQUEST_GET_RADIO_CAPABILITY error: com.android.internal.telephony.CommandException: RADIO_NOT_AVAILABLE ret=
03-24 21:48:13.478  1989  2114 D RilRequest: [3661]< RIL_REQUEST_START_LCE error: com.android.internal.telephony.CommandException: RADIO_NOT_AVAILABLE ret=
03-24 21:48:13.478  1989  2114 D RILJ    : [UNSL]< UNSOL_RESPONSE_RADIO_STATE_CHANGED RADIO_ON [SUB0]
03-24 21:48:13.478  1989  2114 D RILJ    : [UNSL]< UNSOL_RESPONSE_SIM_STATUS_CHANGED [SUB0]
03-24 21:48:13.478  1989  2114 D RILJ    : [3662]< RADIO_POWER  [SUB0]
03-24 21:48:13.478  1406  1653 D RIL     : onRequest: OPERATOR
03-24 21:48:13.478  1406  1653 D AT      : AT> AT+COPS=3,0;+COPS?;+COPS=3,1;+COPS?;+COPS=3,2;+COPS?
03-24 21:48:13.478  1989  1989 D RILJ    : [3664]> DATA_REGISTRATION_STATE [SUB0]
03-24 21:48:13.479  1406  1655 D AT      : AT< +COPS: 0,0,"Android"
03-24 21:48:13.479  1406  1655 D AT      : AT< +COPS: 0,1,"Android"
03-24 21:48:13.479  1406  1655 D AT      : AT< +COPS: 0,2,"310260"
03-24 21:48:13.479  1406  1655 D AT      : AT< OK
03-24 21:48:13.480  1989  2114 D RILJ    : [3663]< OPERATOR {Android, Android, 310260} [SUB0]
03-24 21:48:13.480  1406  1653 D RIL     : onRequest: DATA_REGISTRATION_STATE
03-24 21:48:13.480  1406  1653 D RIL     : requestRegistrationState
03-24 21:48:13.480  1406  1653 D AT      : AT> AT+CGREG?
03-24 21:48:13.481  1406  1655 D AT      : AT< +CGREG: 1,1,"0003","005b","000e"
03-24 21:48:13.481  1406  1655 D AT      : AT< OK
03-24 21:48:13.481  1406  1653 D RIL     : parseRegistrationState. Parsing: +CGREG: 1,1,"0003","005b","000e"
03-24 21:48:13.481  1406  1653 D RIL     : registration state type: 3GPP
03-24 21:48:13.481  1989  2114 D RILJ    : [3664]< DATA_REGISTRATION_STATE {1, 3, 5b, 14, null, null} [SUB0]
03-24 21:48:13.481  1989  1989 D RILJ    : [3665]> VOICE_REGISTRATION_STATE [SUB0]
03-24 21:48:13.482  1406  1653 D RIL     : onRequest: VOICE_REGISTRATION_STATE
03-24 21:48:13.482  1406  1653 D RIL     : requestRegistrationState
03-24 21:48:13.482  1406  1653 D AT      : AT> AT+CREG?
03-24 21:48:13.482  1406  1655 D AT      : AT< +CREG: 2,1, "0003", "005b"
03-24 21:48:13.482  1406  1655 D AT      : AT< OK
03-24 21:48:13.482  1406  1653 D RIL     : parseRegistrationState. Parsing: +CREG: 2,1, "0003", "005b"
03-24 21:48:13.482  1406  1653 D RIL     : registration state type: 3GPP
03-24 21:48:13.482  1989  2114 D RILJ    : [3665]< VOICE_REGISTRATION_STATE {1, 3, 5b, 0, null, null, null, null, null, null, null, null, null, null, null} [SUB0]
03-24 21:48:13.483  1989  1989 D RILJ    : [3666]> QUERY_NETWORK_SELECTION_MODE [SUB0]
03-24 21:48:13.483  1406  1653 D RIL     : onRequest: QUERY_NETWORK_SELECTION_MODE
03-24 21:48:13.483  1406  1653 D AT      : AT> AT+COPS?
03-24 21:48:13.483  1406  1655 D AT      : AT< +COPS: 0,2,310260
03-24 21:48:13.483  1406  1655 D AT      : AT< OK
03-24 21:48:13.483  1989  2114 D RILJ    : [3666]< QUERY_NETWORK_SELECTION_MODE {0} [SUB0]
03-24 21:48:13.483  1989  1989 D SST     : NITZ: 19/03/25:04:48:01+32:1:America!Vancouver,9524 start=22483 delay=12959
03-24 21:48:13.484  1989  1989 D SST     : NITZ: tzOffset=28800000 dst=1 zone=America/Vancouver iso= mGotCountryCode=false mNeedFixZoneAfterNitz=true
03-24 21:48:13.484  1989  1989 D SST     : setAndBroadcastNetworkSetTimeZone: setTimeZone=America/Vancouver
03-24 21:48:13.488  1989  1989 D SST     : setAndBroadcastNetworkSetTimeZone: call alarm.setTimeZone and broadcast zoneId=America/Vancouver
03-24 21:48:13.489  1989  1989 D SST     : NITZ: Setting time of day to Sun Mar 24 21:48:13 PDT 2019 NITZ receive delay(ms): 12965 gained(ms): 476 from 19/03/25:04:48:01+32:1:America!Vancouver
03-24 21:48:13.489  1989  1989 D SST     : setAndBroadcastNetworkSetTime: time=1553489293965ms
03-24 21:48:13.967  1989  1989 I SST     : NITZ: after Setting time of day
03-24 21:48:13.971  1989  1989 D SST     : NITZ: end=22495 dur=12
03-24 21:48:13.971  1989  1989 D SST     : mDeviceShuttingDown=false, mDesiredPowerState=true, getRadioState=RADIO_ON, mPowerOffDelayNeed=true, mAlarmSwitch=false, mRadioDisabledByCarrier=false
03-24 21:48:13.971  1989  1989 D RILJ    : [3667]> OPERATOR [SUB0]
03-24 21:48:13.971  1989  1989 D RILJ    : [3668]> DATA_REGISTRATION_STATE [SUB0]
03-24 21:48:13.971  1406  1653 D RIL     : onRequest: OPERATOR
03-24 21:48:13.971  1406  1653 D AT      : AT> AT+COPS=3,0;+COPS?;+COPS=3,1;+COPS?;+COPS=3,2;+COPS?
03-24 21:48:13.971  1406  1655 D AT      : AT< +COPS: 0,0,"Android"
03-24 21:48:13.971  1406  1655 D AT      : AT< +COPS: 0,1,"Android"
03-24 21:48:13.971  1406  1655 D AT      : AT< +COPS: 0,2,"310260"
03-24 21:48:13.971  1406  1655 D AT      : AT< OK
03-24 21:48:13.972  1989  2114 D RILJ    : [3667]< OPERATOR {Android, Android, 310260} [SUB0]
03-24 21:48:13.972  1989  1989 D RILJ    : [3669]> VOICE_REGISTRATION_STATE [SUB0]
03-24 21:48:13.972  1406  1653 D RIL     : onRequest: DATA_REGISTRATION_STATE
03-24 21:48:13.972  1406  1653 D RIL     : requestRegistrationState
03-24 21:48:13.972  1406  1653 D AT      : AT> AT+CGREG?
03-24 21:48:13.972  1406  1655 D AT      : AT< +CGREG: 1,1,"0003","005b","000e"
03-24 21:48:13.972  1406  1655 D AT      : AT< OK
03-24 21:48:13.972  1406  1653 D RIL     : parseRegistrationState. Parsing: +CGREG: 1,1,"0003","005b","000e"
03-24 21:48:13.972  1406  1653 D RIL     : registration state type: 3GPP
03-24 21:48:13.972  1989  1989 D RILJ    : [3670]> QUERY_NETWORK_SELECTION_MODE [SUB0]
03-24 21:48:13.972  1406  1653 D RIL     : onRequest: VOICE_REGISTRATION_STATE
03-24 21:48:13.972  1406  1653 D RIL     : requestRegistrationState
03-24 21:48:13.972  1406  1653 D AT      : AT> AT+CREG?
03-24 21:48:13.973  1406  1655 D AT      : AT< +CREG: 2,1, "0003", "005b"
03-24 21:48:13.973  1406  1655 D AT      : AT< OK
03-24 21:48:13.973  1406  1653 D RIL     : parseRegistrationState. Parsing: +CREG: 2,1, "0003", "005b"
03-24 21:48:13.973  1406  1653 D RIL     : registration state type: 3GPP
03-24 21:48:13.973  1989  1989 D SST     : onSignalStrengthResult() Exception from RIL : com.android.internal.telephony.CommandException: RADIO_NOT_AVAILABLE
03-24 21:48:13.973  1989  2114 D RILJ    : [3668]< DATA_REGISTRATION_STATE {1, 3, 5b, 14, null, null} [SUB0]
03-24 21:48:13.973  1989  2114 D RILJ    : [3669]< VOICE_REGISTRATION_STATE {1, 3, 5b, 0, null, null, null, null, null, null, null, null, null, null, null} [SUB0]
03-24 21:48:13.973  1406  1653 D RIL     : onRequest: QUERY_NETWORK_SELECTION_MODE
03-24 21:48:13.973  1406  1653 D AT      : AT> AT+COPS?
03-24 21:48:13.973  1406  1655 D AT      : AT< +COPS: 0,2,310260
03-24 21:48:13.973  1406  1655 D AT      : AT< OK
03-24 21:48:13.973  1989  2114 D RILJ    : [3670]< QUERY_NETWORK_SELECTION_MODE {0} [SUB0]
03-24 21:48:13.973  1989  1989 D DCT     : [0]Wifi state changed
03-24 21:48:13.973  1989  1989 D DCT     : [0]WIFI_STATE_CHANGED_ACTION: enabled=false mIsWifiConnected=false
03-24 21:48:13.973  1989  1989 D DCT     : [0]onRadioAvailable
03-24 21:48:13.973  1989  1989 D DCT     : [0]onRadioOffOrNotAvailable: is off and clean up all connections
03-24 21:48:13.973  1989  1989 D DCT     : [0]cleanUpAllConnections: tearDown=false reason=radioTurnedOff
03-24 21:48:13.974  1989  1989 D GsmCdmaPhone: [GsmCdmaPhone] getDataConnectionState apnType=default ret=DISCONNECTED
03-24 21:48:13.975  1989  1989 D DCT     : [0]cleanUpConnection: X tearDown=false reason=radioTurnedOff apnContext={mApnType=default mState=IDLE mWaitingApns={null} mApnSetting={null} mReason=radioTurnedOff mDataEnabled=false mDependencyMet=true} dcac=null
03-24 21:48:13.975  1989  1989 D GsmCdmaPhone: [GsmCdmaPhone] getDataConnectionState apnType=mms ret=DISCONNECTED
03-24 21:48:13.977  1989  1989 D DCT     : [0]cleanUpConnection: X tearDown=false reason=radioTurnedOff apnContext={mApnType=mms mState=IDLE mWaitingApns={null} mApnSetting={null} mReason=radioTurnedOff mDataEnabled=false mDependencyMet=true} dcac=null
03-24 21:48:13.977  1989  1989 D GsmCdmaPhone: [GsmCdmaPhone] getDataConnectionState apnType=cbs ret=DISCONNECTED
03-24 21:48:13.977  1989  1989 D DCT     : [0]cleanUpConnection: X tearDown=false reason=radioTurnedOff apnContext={mApnType=cbs mState=IDLE mWaitingApns={null} mApnSetting={null} mReason=radioTurnedOff mDataEnabled=false mDependencyMet=true} dcac=null
03-24 21:48:13.977  1989  1989 D GsmCdmaPhone: [GsmCdmaPhone] getDataConnectionState apnType=fota ret=DISCONNECTED
03-24 21:48:13.978  1989  1989 D DCT     : [0]cleanUpConnection: X tearDown=false reason=radioTurnedOff apnContext={mApnType=fota mState=IDLE mWaitingApns={null} mApnSetting={null} mReason=radioTurnedOff mDataEnabled=false mDependencyMet=true} dcac=null
03-24 21:48:13.978  1989  1989 D GsmCdmaPhone: [GsmCdmaPhone] getDataConnectionState apnType=supl ret=DISCONNECTED
03-24 21:48:13.979  1989  1989 D DCT     : [0]cleanUpConnection: X tearDown=false reason=radioTurnedOff apnContext={mApnType=supl mState=IDLE mWaitingApns={null} mApnSetting={null} mReason=radioTurnedOff mDataEnabled=false mDependencyMet=true} dcac=null
03-24 21:48:13.979  1989  1989 D GsmCdmaPhone: [GsmCdmaPhone] getDataConnectionState apnType=ia ret=DISCONNECTED
03-24 21:48:13.980  1989  1989 D DCT     : [0]cleanUpConnection: X tearDown=false reason=radioTurnedOff apnContext={mApnType=ia mState=IDLE mWaitingApns={null} mApnSetting={null} mReason=radioTurnedOff mDataEnabled=false mDependencyMet=true} dcac=null
03-24 21:48:13.980  1989  1989 D GsmCdmaPhone: [GsmCdmaPhone] getDataConnectionState apnType=emergency ret=DISCONNECTED
03-24 21:48:13.981  1989  1989 D DCT     : [0]cleanUpConnection: X tearDown=false reason=radioTurnedOff apnContext={mApnType=emergency mState=IDLE mWaitingApns={null} mApnSetting={null} mReason=radioTurnedOff mDataEnabled=false mDependencyMet=true} dcac=null
03-24 21:48:13.981  1989  1989 D GsmCdmaPhone: [GsmCdmaPhone] getDataConnectionState apnType=hipri ret=DISCONNECTED
03-24 21:48:13.982  1989  1989 D DCT     : [0]cleanUpConnection: X tearDown=false reason=radioTurnedOff apnContext={mApnType=hipri mState=IDLE mWaitingApns={null} mApnSetting={null} mReason=radioTurnedOff mDataEnabled=false mDependencyMet=true} dcac=null
03-24 21:48:13.982  1989  1989 D GsmCdmaPhone: [GsmCdmaPhone] getDataConnectionState apnType=ims ret=DISCONNECTED
03-24 21:48:13.983  1989  1989 D DCT     : [0]cleanUpConnection: X tearDown=false reason=radioTurnedOff apnContext={mApnType=ims mState=IDLE mWaitingApns={null} mApnSetting={null} mReason=radioTurnedOff mDataEnabled=false mDependencyMet=true} dcac=null
03-24 21:48:13.983  1989  1989 D DCT     : [0]stopNetStatPoll
03-24 21:48:13.983  1989  1989 D DCT     : [0]cleanUpConnection: mDisconnectPendingCount = 0
03-24 21:48:13.984  1989  1989 D DCT     : [0]isDataAllowed: No - defaultDataSelected= false - Not attached - SIM not loaded
03-24 21:48:13.990  1989  1989 D DCT     : [0]onDataConnectionDetached: stop polling and notify detached
03-24 21:48:13.990  1989  1989 D DCT     : [0]stopNetStatPoll
03-24 21:48:13.990  1989  1989 D DCT     : [0]notifyDataConnection: reason=dataDetached
03-24 21:48:13.990  1989  1989 D DCT     : [0]isDataAllowed: No - defaultDataSelected= false - Not attached - SIM not loaded
03-24 21:48:13.996  1989  1989 D DCT     : [0]onRoamingOff
03-24 21:48:13.997  1989  1989 D DCT     : [0]isDataAllowed: No - defaultDataSelected= false - Not attached - SIM not loaded
03-24 21:48:14.000  1989  1989 D DCT     : [0]setupDataOnConnectableApns: roamingOff hipri:[state=IDLE,enabled=false] mms:[state=IDLE,enabled=false] supl:[state=IDLE,enabled=false] ia:[state=IDLE,enabled=false] fota:[state=IDLE,enabled=false] ims:[state=IDLE,enabled=false] cbs:[state=IDLE,enabled=false] default:[state=IDLE,enabled=false] emergency:[state=IDLE,enabled=false] 
03-24 21:48:14.000  1989  1989 D DCT     : [0]setupDataOnConnectableApns: nwTypeChanged hipri:[state=IDLE,enabled=false] mms:[state=IDLE,enabled=false] supl:[state=IDLE,enabled=false] ia:[state=IDLE,enabled=false] fota:[state=IDLE,enabled=false] ims:[state=IDLE,enabled=false] cbs:[state=IDLE,enabled=false] default:[state=IDLE,enabled=false] emergency:[state=IDLE,enabled=false] 
03-24 21:48:14.001  1989  1989 D SubscriptionInfoUpdater: [Receiver]+
03-24 21:48:14.001  1989  1989 D SubscriptionInfoUpdater: Action: android.intent.action.SIM_STATE_CHANGED
03-24 21:48:14.001  1989  1989 D SubscriptionInfoUpdater: slotId: 0
03-24 21:48:14.001  1989  1989 D SubscriptionInfoUpdater: simStatus: NOT_READY
03-24 21:48:14.001  1989  1989 D SubscriptionInfoUpdater: Ignoring simStatus: NOT_READY
03-24 21:48:14.001  1989  1989 D SubscriptionInfoUpdater: [Receiver]-
03-24 21:48:14.001  1989  1989 D TelephonyNetworkFactory[0]: onSubIdChange -1->-2
03-24 21:48:14.001  1989  1989 D TelephonyNetworkFactory[0]: got request NetworkRequest [ REQUEST id=1, [ Capabilities: INTERNET&NOT_RESTRICTED&TRUSTED&NOT_VPN] ] with score 0
03-24 21:48:14.001  1989  1989 D DebugService: DebugService DebugService:
03-24 21:48:14.006  1989  1989 D RILJ    : [3671]> RIL_REQUEST_QUERY_TTY_MODE [SUB0]
03-24 21:48:14.007  1989  1989 D UiccController: Received EVENT_GET_ICC_STATUS_DONE
03-24 21:48:14.007  1406  1653 D RIL     : onRequest: QUERY_TTY_MODE
03-24 21:48:14.007  1406  1653 D RIL     : Request not supported. Tech: 0
03-24 21:48:14.007  1989  2114 D RilRequest: [3671]< RIL_REQUEST_QUERY_TTY_MODE error: com.android.internal.telephony.CommandException: REQUEST_NOT_SUPPORTED ret=
03-24 21:48:14.007  1989  1989 D UiccCard: 2 applications
03-24 21:48:14.007  1989  1989 D UiccCardApplication: Creating UiccApp: {APPTYPE_SIM,APPSTATE_DETECTED}
03-24 21:48:14.009  1989  1989 W VoiceMailConstants: Can't open /system/etc/voicemail-conf.xml
03-24 21:48:14.010  1989  1989 D SpnOverride: No SPN in OEM image = /oem/telephony/spn-conf.xml Load SPN from system image
03-24 21:48:14.010  1989  1989 W SpnOverride: Can not open /system/etc/spn-conf.xml
03-24 21:48:14.010  1989  1989 D SIMRecords: [SIMRecords] setting0 mMncLength-1
03-24 21:48:14.010  1989  1989 D SIMRecords: [SIMRecords] SIMRecords: onRadioOffOrNotAvailable set 'gsm.sim.operator.numeric' to operator=null
03-24 21:48:14.010  1989  1989 D SIMRecords: [SIMRecords] update icc_operator_numeric=null
03-24 21:48:14.010  1989  1989 D TelephonyManager: setTelephonyProperty: success phoneId=0 property=gsm.sim.operator.numeric value:  propVal=
03-24 21:48:14.011  1989  1989 D TelephonyManager: setTelephonyProperty: success phoneId=0 property=gsm.sim.operator.alpha value:  propVal=
03-24 21:48:14.011  1989  1989 D TelephonyManager: setTelephonyProperty: success phoneId=0 property=gsm.sim.operator.iso-country value:  propVal=
03-24 21:48:14.011  1989  1989 D SIMRecords: [SIMRecords] getOperatorNumeric: IMSI == null
03-24 21:48:14.011  1989  1989 D SIMRecords: [SIMRecords] SIMRecords X ctor this=SimRecords: mDestroyed=false mContext=com.android.phone.PhoneGlobals@c29c95b mCi=com.android.internal.telephony.RIL@f6cc1b2 mFh=Handler (com.android.internal.telephony.uicc.SIMFileHandler) {86a5f8} mParentApp=com.android.internal.telephony.uicc.UiccCardApplication@5b66ad1 recordsLoadedRegistrants=android.os.RegistrantList@1dd5936 mImsiReadyRegistrants=android.os.RegistrantList@231a037 mRecordsEventsRegistrants=android.os.RegistrantList@f7c29a4 mNewSmsRegistrants=android.os.RegistrantList@565e30d mNetworkSelectionModeAutomaticRegistrants=android.os.RegistrantList@9dd2c2 recordsToLoad=0 adnCache=Handler (com.android.internal.telephony.uicc.AdnRecordCache) {d7608d3} recordsRequested=false iccid=null msisdnTag=null voiceMailNum=null voiceMailTag=null voiceMailNum=null newVoiceMailTag=null isVoiceMailFixed=false mImsi=null mncLength=-1 mailboxIndex=0 spn=null mVmConfigcom.android.internal.telephony.uicc.VoiceMailConstants@8243c10 mSpnOverride=mSpnOverride callForwardingEnabled=0 spnState=null mCphsInfo=null mCspPlmnEnabled=true efMWIS=null efCPHS_MWI=null mEfCff=null mEfCfis=null getOperatorNumeric=null
03-24 21:48:14.011  1989  1989 D UiccCardApplication: Creating UiccApp: {APPTYPE_RUIM,APPSTATE_DETECTED}
03-24 21:48:14.012  1989  1989 D RuimRecords: [RuimRecords] setting0 mMncLength-1
03-24 21:48:14.012  1989  1989 D RuimRecords: [RuimRecords] RuimRecords X ctor this=RuimRecords: mDestroyed=false mContext=com.android.phone.PhoneGlobals@c29c95b mCi=com.android.internal.telephony.RIL@f6cc1b2 mFh=Handler (com.android.internal.telephony.uicc.RuimFileHandler) {8fa590e} mParentApp=com.android.internal.telephony.uicc.UiccCardApplication@88e5f2f recordsLoadedRegistrants=android.os.RegistrantList@2f9093c mImsiReadyRegistrants=android.os.RegistrantList@54166c5 mRecordsEventsRegistrants=android.os.RegistrantList@b86f81a mNewSmsRegistrants=android.os.RegistrantList@62bbf4b mNetworkSelectionModeAutomaticRegistrants=android.os.RegistrantList@3eb7d28 recordsToLoad=0 adnCache=Handler (com.android.internal.telephony.uicc.AdnRecordCache) {56aa41} recordsRequested=false iccid=null msisdnTag=null voiceMailNum=null voiceMailTag=null voiceMailNum=null newVoiceMailTag=null isVoiceMailFixed=false mImsi=null mncLength=-1 mailboxIndex=0 spn=null m_ota_commitedfalse mMyMobileNumber=xxxx mMin2Min1=null mPrlVersion=null mEFpl=null mEFli=null mCsimSpnDisplayCondition=false mMdn=null mMin=null mHomeSystemId=null mHomeNetworkId=null
03-24 21:48:14.020  1989  1989 D CAT     : CatService: registerForRecordsLoaded slotid=0 instance:Handler (com.android.internal.telephony.cat.CatService) {147072}
03-24 21:48:14.020  1989  1989 D CAT     : CatService: Running CAT service on Slotid: 0. STK app installed:false
03-24 21:48:14.020  1989  1989 D UiccCard: Before privilege rules: null : CARDSTATE_PRESENT
03-24 21:48:14.021  1989  1989 D RILJ    : [3672]> RIL_REQUEST_SIM_OPEN_CHANNEL [SUB0]
03-24 21:48:14.021  1989  1989 E UiccCard: App index 8 is invalid since there are no applications
03-24 21:48:14.021  1989  1989 D UiccCard: update: radioState=RADIO_ON mLastRadioState=RADIO_UNAVAILABLE
03-24 21:48:14.021  1989  1989 D UiccController: Notifying IccChangedRegistrants
03-24 21:48:14.021  1406  1653 D RIL     : onRequest: SIM_OPEN_CHANNEL
03-24 21:48:14.021  1406  1653 D AT      : AT> AT+CCHO=A00000015141434C00
03-24 21:48:14.021  1406  1655 D AT      : AT< 1
03-24 21:48:14.021  1406  1655 D AT      : AT< OK
03-24 21:48:14.022  1989  2114 D RILJ    : [3672]< RIL_REQUEST_SIM_OPEN_CHANNEL  [SUB0]
03-24 21:48:14.022  1989  1989 D GsmCdmaPhone: get phone radio capability fail, no need to change mRadioCapability
03-24 21:48:14.022  1989  1989 D GsmCdmaPhone: EVENT_GET_RADIO_CAPABILITY: phone rc: null
03-24 21:48:14.022  1989  1989 D Phone   : config LCE service failed: com.android.internal.telephony.CommandException: RADIO_NOT_AVAILABLE
03-24 21:48:14.022  1989  1989 D SST     : mDeviceShuttingDown=false, mDesiredPowerState=true, getRadioState=RADIO_ON, mPowerOffDelayNeed=true, mAlarmSwitch=false, mRadioDisabledByCarrier=false
03-24 21:48:14.022  1989  1989 D RILJ    : [3673]> OPERATOR [SUB0]
03-24 21:48:14.023  1989  1989 D RILJ    : [3674]> DATA_REGISTRATION_STATE [SUB0]
03-24 21:48:14.023  1406  1653 D RIL     : onRequest: OPERATOR
03-24 21:48:14.023  1406  1653 D AT      : AT> AT+COPS=3,0;+COPS?;+COPS=3,1;+COPS?;+COPS=3,2;+COPS?
03-24 21:48:14.023  1989  1989 D RILJ    : [3675]> VOICE_REGISTRATION_STATE [SUB0]
03-24 21:48:14.023  1406  1655 D AT      : AT< +COPS: 0,0,"Android"
03-24 21:48:14.023  1406  1655 D AT      : AT< +COPS: 0,1,"Android"
03-24 21:48:14.023  1406  1655 D AT      : AT< +COPS: 0,2,"310260"
03-24 21:48:14.023  1406  1655 D AT      : AT< OK
03-24 21:48:14.023  1406  1653 D RIL     : onRequest: DATA_REGISTRATION_STATE
03-24 21:48:14.023  1406  1653 D RIL     : requestRegistrationState
03-24 21:48:14.023  1406  1653 D AT      : AT> AT+CGREG?
03-24 21:48:14.023  1406  1655 D AT      : AT< +CGREG: 1,1,"0003","005b","000e"
03-24 21:48:14.023  1406  1655 D AT      : AT< OK
03-24 21:48:14.023  1989  2114 D RILJ    : [3673]< OPERATOR {Android, Android, 310260} [SUB0]
03-24 21:48:14.023  1406  1653 D RIL     : parseRegistrationState. Parsing: +CGREG: 1,1,"0003","005b","000e"
03-24 21:48:14.023  1406  1653 D RIL     : registration state type: 3GPP
03-24 21:48:14.023  1989  1989 D RILJ    : [3676]> QUERY_NETWORK_SELECTION_MODE [SUB0]
03-24 21:48:14.024  1406  1653 D RIL     : onRequest: VOICE_REGISTRATION_STATE
03-24 21:48:14.024  1406  1653 D RIL     : requestRegistrationState
03-24 21:48:14.024  1406  1653 D AT      : AT> AT+CREG?
03-24 21:48:14.024  1406  1655 D AT      : AT< +CREG: 2,1, "0003", "005b"
03-24 21:48:14.024  1406  1655 D AT      : AT< OK
03-24 21:48:14.024  1406  1653 D RIL     : parseRegistrationState. Parsing: +CREG: 2,1, "0003", "005b"
03-24 21:48:14.024  1406  1653 D RIL     : registration state type: 3GPP
03-24 21:48:14.024  1989  1989 D RILJ    : [3677]> GET_CURRENT_CALLS [SUB0]
03-24 21:48:14.024  1406  1653 D RIL     : onRequest: QUERY_NETWORK_SELECTION_MODE
03-24 21:48:14.024  1406  1653 D AT      : AT> AT+COPS?
03-24 21:48:14.024  1406  1655 D AT      : AT< +COPS: 0,2,310260
03-24 21:48:14.024  1406  1655 D AT      : AT< OK
03-24 21:48:14.024  1989  1989 D RILJ    : [3678]> RIL_REQUEST_IMS_REGISTRATION_STATE [SUB0]
03-24 21:48:14.024  1406  1653 D RIL     : onRequest: GET_CURRENT_CALLS
03-24 21:48:14.024  1406  1653 D AT      : AT> AT+CLCC
03-24 21:48:14.024  1989  1989 D RILJ    : [3679]> RIL_REQUEST_CDMA_GET_SUBSCRIPTION_SOURCE [SUB0]
03-24 21:48:14.025  1989  1989 D GsmCdmaPhone: [GsmCdmaPhone] Event EVENT_RADIO_ON Received
03-24 21:48:14.025  1989  1989 D RILJ    : [3680]> RIL_REQUEST_VOICE_RADIO_TECH [SUB0]
03-24 21:48:14.025  1406  1655 D AT      : AT< OK
03-24 21:48:14.025  1406  1653 D RIL     : onRequest: IMS_REGISTRATION_STATE
03-24 21:48:14.025  1406  1653 D RIL     : IMS_REGISTRATION=0, format=1 
03-24 21:48:14.025  1406  1653 D RIL     : onRequest: CDMA_GET_SUBSCRIPTION_SOURCE
03-24 21:48:14.025  1406  1653 D RIL     : Request not supported. Tech: 0
03-24 21:48:14.025  1989  1989 D UiccController: Received EVENT_ICC_STATUS_CHANGED, calling getIccCardStatus
03-24 21:48:14.025  1989  1989 D RILJ    : [3681]> GET_SIM_STATUS [SUB0]
03-24 21:48:14.025  1406  1653 D RIL     : onRequest: VOICE_RADIO_TECH
03-24 21:48:14.025  1989  2114 D RILJ    : [3674]< DATA_REGISTRATION_STATE {1, 3, 5b, 14, null, null} [SUB0]
03-24 21:48:14.025  1989  2114 D RILJ    : [3675]< VOICE_REGISTRATION_STATE {1, 3, 5b, 0, null, null, null, null, null, null, null, null, null, null, null} [SUB0]
03-24 21:48:14.025  1989  2114 D RILJ    : [3676]< QUERY_NETWORK_SELECTION_MODE {0} [SUB0]
03-24 21:48:14.025  1989  2114 D RILJ    : [3677]< GET_CURRENT_CALLS {} [SUB0]
03-24 21:48:14.025  1989  2114 D RILJ    : [3678]< RIL_REQUEST_IMS_REGISTRATION_STATE {0, 1} [SUB0]
03-24 21:48:14.026  1989  2114 D RilRequest: [3679]< RIL_REQUEST_CDMA_GET_SUBSCRIPTION_SOURCE error: com.android.internal.telephony.CommandException: REQUEST_NOT_SUPPORTED ret=
03-24 21:48:14.026  1989  2114 D RILJ    : [3680]< RIL_REQUEST_VOICE_RADIO_TECH {1} [SUB0]
03-24 21:48:14.026  1406  1653 D RIL     : onRequest: GET_SIM_STATUS
03-24 21:48:14.026  1406  1653 D RIL     : getSIMStatus(). sState: 10
03-24 21:48:14.026  1406  1653 D AT      : AT> AT+CPIN?
03-24 21:48:14.026  1989  1989 D SST     : EVENT_POLL_STATE_NETWORK_SELECTION_MODE
03-24 21:48:14.026  1989  1989 D SST     : EVENT_POLL_STATE_NETWORK_SELECTION_MODE
03-24 21:48:14.026  1406  1655 D AT      : AT< +CPIN: READY
03-24 21:48:14.026  1406  1655 D AT      : AT< OK
03-24 21:48:14.027  1989  2114 D RILJ    : [3681]< GET_SIM_STATUS IccCardState {CARDSTATE_PRESENT,PINSTATE_UNKNOWN,num_apps=2,gsm_id=0{APPTYPE_SIM,APPSTATE_READY},cdma_id=1{APPTYPE_RUIM,APPSTATE_READY},ims_id=8} [SUB0]
03-24 21:48:14.027  1989  1989 D PhoneSwitcher: evaluating due to netRequest default 0->-1 phone[0] 0->-2
03-24 21:48:14.028  1989  1989 D TelephonyNetworkFactory[0]: not acting - isApp=false, isAct=false NetworkRequest [ REQUEST id=1, [ Capabilities: INTERNET&NOT_RESTRICTED&TRUSTED&NOT_VPN] ]
03-24 21:48:14.028  1989  1989 D CAT     : CatService: handleMessage[8]
03-24 21:48:14.028  1989  1989 D CAT     : CatService: MSG_ID_ICC_CHANGED
03-24 21:48:14.028  1989  1989 D CAT     : CatService: New Card State = CARDSTATE_PRESENT Old Card State = CARDSTATE_ABSENT
03-24 21:48:14.028  1989  1989 D RILJ    : [3682]> RIL_REQUEST_REPORT_STK_SERVICE_IS_RUNNING [SUB0]
03-24 21:48:14.028  1406  1653 D RIL     : onRequest: REPORT_STK_SERVICE_IS_RUNNING
03-24 21:48:14.028  1406  1653 D RIL     : Request not supported. Tech: 0
03-24 21:48:14.028  1989  2114 D RilRequest: [3682]< RIL_REQUEST_REPORT_STK_SERVICE_IS_RUNNING error: com.android.internal.telephony.CommandException: REQUEST_NOT_SUPPORTED ret=
03-24 21:48:14.028  1989  1989 D GsmCdmaPhone: [GsmCdmaPhone] New Uicc application found. type = APPTYPE_SIM
03-24 21:48:14.028  1989  1989 D GsmSMSDispatcher: GsmSMSDispatcher: subId = -2 slotId = 0
03-24 21:48:14.028  1989  1989 D GsmSMSDispatcher: New Uicc application found
03-24 21:48:14.028  1989  1989 D IccCardProxy: Icc changed. Reregestering.
03-24 21:48:14.028  1989  1989 D SST     : New card found
03-24 21:48:14.028  1989  1989 D CAT     : CatService: handleMessage[8]
03-24 21:48:14.028  1989  1989 D CAT     : CatService: MSG_ID_ICC_CHANGED
03-24 21:48:14.028  1989  1989 D CAT     : CatService: New Card State = CARDSTATE_PRESENT Old Card State = CARDSTATE_PRESENT
03-24 21:48:14.028  1989  1989 E SST     : error parsing GprsRegistrationState: java.lang.NumberFormatException: null
03-24 21:48:14.028  1989  1989 D SST     : handlPollStateResultMessage: GsmSST setDataRegState=0 regState=1 dataRadioTechnology=14
03-24 21:48:14.028  1989  1989 D SST     : EVENT_POLL_STATE_NETWORK_SELECTION_MODE
03-24 21:48:14.029  1989  1989 D SST     : Poll ServiceState done:  oldSS=[1 1 voice home data home null null null null null null  Unknown Unknown CSS not supported 0 0 RoamInd=0 DefRoamInd=0 EmergOnly=false IsDataRoamingFromRegistration=false IsUsingCarrierAggregation=false] newSS=[0 0 voice home data home Android Android 310260 Android Android 310260  Unknown LTE CSS not supported -1 -1 RoamInd=-1 DefRoamInd=-1 EmergOnly=false IsDataRoamingFromRegistration=false IsUsingCarrierAggregation=false] oldMaxDataCalls=1 mNewMaxDataCalls=1 oldReasonDataDenied=-1 mNewReasonDataDenied=-1
03-24 21:48:14.029  1989  1989 D TelephonyManager: setTelephonyProperty: success phoneId=0 property=gsm.network.type value: LTE propVal=LTE
03-24 21:48:14.029  1989  1989 D SST     : pollStateDone: registering current mNitzUpdatedTime=true changing to false
03-24 21:48:14.029  1989  1989 D SIMRecords: [SIMRecords] getServiceProviderName: no brandOverride, providerName=null
03-24 21:48:14.029  1989  1989 D SIMRecords: [SIMRecords] getServiceProviderName: no brandOverride, providerName=null
03-24 21:48:14.029  1989  1989 D SST     : updateSpnDisplay: changed sending intent rule=2 showPlmn='true' plmn='Android' showSpn='false' spn='null' dataSpn='null' subId='-2'
03-24 21:48:14.029  1989  1989 D SubscriptionController: [setPlmnSpn] No valid subscription to store info
03-24 21:48:14.029  1989  1989 D SubscriptionController: notifySubscriptionInfoChanged:
03-24 21:48:14.029  1700  1711 D TelephonyRegistry: notifySubscriptionInfoChanged: first invocation mRecords.size=16
03-24 21:48:14.033  1989  1989 D TelephonyManager: setTelephonyProperty: success phoneId=0 property=gsm.operator.alpha value: Android propVal=Android
03-24 21:48:14.034  1989  1989 D TelephonyManager: setTelephonyProperty: success phoneId=0 property=gsm.operator.numeric value: 310260 propVal=310260
03-24 21:48:14.034  1989  1989 D SST     : update mccmnc=310260 fromServiceState=true
03-24 21:48:14.034  1989  1997 D SubscriptionController: [getActiveSubInfoList] Sub Controller not ready
03-24 21:48:14.036  1989  1989 D TelephonyManager: setTelephonyProperty: success phoneId=0 property=gsm.operator.iso-country value: us propVal=us
03-24 21:48:14.040  1989  1989 D SST     : pollStateDone: there are 6 unique offsets for iso-cc='us testOneUniqueOffsetPath=false', do nothing
03-24 21:48:14.040  1989  1989 D SST     : shouldFixTimeZoneNow: retVal=true iccCardExist=true operatorNumeric=310260 mcc=310 prevOperatorNumeric= prevMcc=311 needToFixTimeZone=true ltod=03-24 21:48:14.040
03-24 21:48:14.040  1989  1989 D SST     : fixTimeZone zoneName='America/Vancouver' mZoneOffset=28800000 mZoneDst=true iso-cc='us' iso-cc-idx=-21
03-24 21:48:14.040  1989  1989 D SST     : fixTimeZone: using getTimeZone(off, dst, time, iso)
03-24 21:48:14.040  1989  1989 D SST     : fixTimeZone: zone == null, do nothing for zone
03-24 21:48:14.041  1989  1989 D TelephonyManager: setTelephonyProperty: success phoneId=0 property=gsm.operator.isroaming value: false propVal=false
